This is pdfTeX, Version 3.141592653-2.6-1.40.25 (MiKTeX 24.1) (preloaded format=pdflatex 2025.7.27)  9 JAN 2026 08:22
entering extended mode
 restricted \write18 enabled.
 %&-line parsing enabled.
**./partition-based-equations-of-state-hybrid-microfluidic-circuits.tex
(partition-based-equations-of-state-hybrid-microfluidic-circuits.tex
LaTeX2e <2023-11-01> patch level 1
L3 programming layer <2024-01-04>
(C:\Users\kundai\AppData\Local\Programs\MiKTeX\tex/latex/base\article.cls
Document Class: article 2023/05/17 v1.4n Standard LaTeX document class
(C:\Users\kundai\AppData\Local\Programs\MiKTeX\tex/latex/base\size12.clo
File: size12.clo 2023/05/17 v1.4n Standard LaTeX file (size option)
)
\c@part=\count187
\c@section=\count188
\c@subsection=\count189
\c@subsubsection=\count190
\c@paragraph=\count191
\c@subparagraph=\count192
\c@figure=\count193
\c@table=\count194
\abovecaptionskip=\skip48
\belowcaptionskip=\skip49
\bibindent=\dimen140
)
(C:\Users\kundai\AppData\Local\Programs\MiKTeX\tex/latex/base\inputenc.sty
Package: inputenc 2021/02/14 v1.3d Input encoding file
\inpenc@prehook=\toks17
\inpenc@posthook=\toks18
)
(C:\Users\kundai\AppData\Local\Programs\MiKTeX\tex/latex/base\fontenc.sty
Package: fontenc 2021/04/29 v2.0v Standard LaTeX package
)
(C:\Users\kundai\AppData\Local\Programs\MiKTeX\tex/latex/amsmath\amsmath.sty
Package: amsmath 2023/05/13 v2.17o AMS math features
\@mathmargin=\skip50

For additional information on amsmath, use the `?' option.
(C:\Users\kundai\AppData\Local\Programs\MiKTeX\tex/latex/amsmath\amstext.sty
Package: amstext 2021/08/26 v2.01 AMS text

(C:\Users\kundai\AppData\Local\Programs\MiKTeX\tex/latex/amsmath\amsgen.sty
File: amsgen.sty 1999/11/30 v2.0 generic functions
\@emptytoks=\toks19
\ex@=\dimen141
))
(C:\Users\kundai\AppData\Local\Programs\MiKTeX\tex/latex/amsmath\amsbsy.sty
Package: amsbsy 1999/11/29 v1.2d Bold Symbols
\pmbraise@=\dimen142
)
(C:\Users\kundai\AppData\Local\Programs\MiKTeX\tex/latex/amsmath\amsopn.sty
Package: amsopn 2022/04/08 v2.04 operator names
)
\inf@bad=\count195
LaTeX Info: Redefining \frac on input line 234.
\uproot@=\count196
\leftroot@=\count197
LaTeX Info: Redefining \overline on input line 399.
LaTeX Info: Redefining \colon on input line 410.
\classnum@=\count198
\DOTSCASE@=\count199
LaTeX Info: Redefining \ldots on input line 496.
LaTeX Info: Redefining \dots on input line 499.
LaTeX Info: Redefining \cdots on input line 620.
\Mathstrutbox@=\box51
\strutbox@=\box52
LaTeX Info: Redefining \big on input line 722.
LaTeX Info: Redefining \Big on input line 723.
LaTeX Info: Redefining \bigg on input line 724.
LaTeX Info: Redefining \Bigg on input line 725.
\big@size=\dimen143
LaTeX Font Info:    Redeclaring font encoding OML on input line 743.
LaTeX Font Info:    Redeclaring font encoding OMS on input line 744.
\macc@depth=\count266
LaTeX Info: Redefining \bmod on input line 905.
LaTeX Info: Redefining \pmod on input line 910.
LaTeX Info: Redefining \smash on input line 940.
LaTeX Info: Redefining \relbar on input line 970.
LaTeX Info: Redefining \Relbar on input line 971.
\c@MaxMatrixCols=\count267
\dotsspace@=\muskip16
\c@parentequation=\count268
\dspbrk@lvl=\count269
\tag@help=\toks20
\row@=\count270
\column@=\count271
\maxfields@=\count272
\andhelp@=\toks21
\eqnshift@=\dimen144
\alignsep@=\dimen145
\tagshift@=\dimen146
\tagwidth@=\dimen147
\totwidth@=\dimen148
\lineht@=\dimen149
\@envbody=\toks22
\multlinegap=\skip51
\multlinetaggap=\skip52
\mathdisplay@stack=\toks23
LaTeX Info: Redefining \[ on input line 2953.
LaTeX Info: Redefining \] on input line 2954.
)
(C:\Users\kundai\AppData\Local\Programs\MiKTeX\tex/latex/amsfonts\amssymb.sty
Package: amssymb 2013/01/14 v3.01 AMS font symbols

(C:\Users\kundai\AppData\Local\Programs\MiKTeX\tex/latex/amsfonts\amsfonts.sty
Package: amsfonts 2013/01/14 v3.01 Basic AMSFonts support
\symAMSa=\mathgroup4
\symAMSb=\mathgroup5
LaTeX Font Info:    Redeclaring math symbol \hbar on input line 98.
LaTeX Font Info:    Overwriting math alphabet `\mathfrak' in version `bold'
(Font)                  U/euf/m/n --> U/euf/b/n on input line 106.
)) (C:\Users\kundai\AppData\Local\Programs\MiKTeX\tex/latex/amscls\amsthm.sty
Package: amsthm 2020/05/29 v2.20.6
\thm@style=\toks24
\thm@bodyfont=\toks25
\thm@headfont=\toks26
\thm@notefont=\toks27
\thm@headpunct=\toks28
\thm@preskip=\skip53
\thm@postskip=\skip54
\thm@headsep=\skip55
\dth@everypar=\toks29
)
(C:\Users\kundai\AppData\Local\Programs\MiKTeX\tex/latex/mathtools\mathtools.st
y
Package: mathtools 2024/10/04 v1.31 mathematical typesetting tools
 (C:\Users\kundai\AppData\Local\Programs\MiKTeX\tex/latex/graphics\keyval.sty
Package: keyval 2022/05/29 v1.15 key=value parser (DPC)
\KV@toks@=\toks30
) (C:\Users\kundai\AppData\Local\Programs\MiKTeX\tex/latex/tools\calc.sty
Package: calc 2023/07/08 v4.3 Infix arithmetic (KKT,FJ)
\calc@Acount=\count273
\calc@Bcount=\count274
\calc@Adimen=\dimen150
\calc@Bdimen=\dimen151
\calc@Askip=\skip56
\calc@Bskip=\skip57
LaTeX Info: Redefining \setlength on input line 80.
LaTeX Info: Redefining \addtolength on input line 81.
\calc@Ccount=\count275
\calc@Cskip=\skip58
)
(C:\Users\kundai\AppData\Local\Programs\MiKTeX\tex/latex/mathtools\mhsetup.sty
Package: mhsetup 2021/03/18 v1.4 programming setup (MH)
)
\g_MT_multlinerow_int=\count276
\l_MT_multwidth_dim=\dimen152
\origjot=\skip59
\l_MT_shortvdotswithinadjustabove_dim=\dimen153
\l_MT_shortvdotswithinadjustbelow_dim=\dimen154
\l_MT_above_intertext_sep=\dimen155
\l_MT_below_intertext_sep=\dimen156
\l_MT_above_shortintertext_sep=\dimen157
\l_MT_below_shortintertext_sep=\dimen158
\xmathstrut@box=\box53
\xmathstrut@dim=\dimen159
) (C:\Users\kundai\AppData\Local\Programs\MiKTeX\tex/latex/physics\physics.sty
Package: physics 

(C:\Users\kundai\AppData\Local\Programs\MiKTeX\tex/latex/l3packages/xparse\xpar
se.sty
(C:\Users\kundai\AppData\Local\Programs\MiKTeX\tex/latex/l3kernel\expl3.sty
Package: expl3 2024-01-04 L3 programming layer (loader) 

(C:\Users\kundai\AppData\Local\Programs\MiKTeX\tex/latex/l3backend\l3backend-pd
ftex.def
File: l3backend-pdftex.def 2024-01-04 L3 backend support: PDF output (pdfTeX)
\l__color_backend_stack_int=\count277
\l__pdf_internal_box=\box54
))
Package: xparse 2023-10-10 L3 Experimental document command parser
))
(C:\Users\kundai\AppData\Local\Programs\MiKTeX\tex/latex/graphics\graphicx.sty
Package: graphicx 2021/09/16 v1.2d Enhanced LaTeX Graphics (DPC,SPQR)

(C:\Users\kundai\AppData\Local\Programs\MiKTeX\tex/latex/graphics\graphics.sty
Package: graphics 2022/03/10 v1.4e Standard LaTeX Graphics (DPC,SPQR)

(C:\Users\kundai\AppData\Local\Programs\MiKTeX\tex/latex/graphics\trig.sty
Package: trig 2021/08/11 v1.11 sin cos tan (DPC)
)
(C:\Users\kundai\AppData\Local\Programs\MiKTeX\tex/latex/graphics-cfg\graphics.
cfg
File: graphics.cfg 2016/06/04 v1.11 sample graphics configuration
)
Package graphics Info: Driver file: pdftex.def on input line 107.

(C:\Users\kundai\AppData\Local\Programs\MiKTeX\tex/latex/graphics-def\pdftex.de
f
File: pdftex.def 2022/09/22 v1.2b Graphics/color driver for pdftex
))
\Gin@req@height=\dimen160
\Gin@req@width=\dimen161
)
(C:\Users\kundai\AppData\Local\Programs\MiKTeX\tex/latex/hyperref\hyperref.sty
Package: hyperref 2023-11-26 v7.01g Hypertext links for LaTeX

(C:\Users\kundai\AppData\Local\Programs\MiKTeX\tex/generic/iftex\iftex.sty
Package: iftex 2022/02/03 v1.0f TeX engine tests
)
(C:\Users\kundai\AppData\Local\Programs\MiKTeX\tex/generic/infwarerr\infwarerr.
sty
Package: infwarerr 2019/12/03 v1.5 Providing info/warning/error messages (HO)
)
(C:\Users\kundai\AppData\Local\Programs\MiKTeX\tex/latex/kvsetkeys\kvsetkeys.st
y
Package: kvsetkeys 2022-10-05 v1.19 Key value parser (HO)
)
(C:\Users\kundai\AppData\Local\Programs\MiKTeX\tex/generic/kvdefinekeys\kvdefin
ekeys.sty
Package: kvdefinekeys 2019-12-19 v1.6 Define keys (HO)
)
(C:\Users\kundai\AppData\Local\Programs\MiKTeX\tex/generic/pdfescape\pdfescape.
sty
Package: pdfescape 2019/12/09 v1.15 Implements pdfTeX's escape features (HO)

(C:\Users\kundai\AppData\Local\Programs\MiKTeX\tex/generic/ltxcmds\ltxcmds.sty
Package: ltxcmds 2023-12-04 v1.26 LaTeX kernel commands for general use (HO)
)
(C:\Users\kundai\AppData\Local\Programs\MiKTeX\tex/generic/pdftexcmds\pdftexcmd
s.sty
Package: pdftexcmds 2020-06-27 v0.33 Utility functions of pdfTeX for LuaTeX (HO
)
Package pdftexcmds Info: \pdf@primitive is available.
Package pdftexcmds Info: \pdf@ifprimitive is available.
Package pdftexcmds Info: \pdfdraftmode found.
))
(C:\Users\kundai\AppData\Local\Programs\MiKTeX\tex/latex/hycolor\hycolor.sty
Package: hycolor 2020-01-27 v1.10 Color options for hyperref/bookmark (HO)
)
(C:\Users\kundai\AppData\Local\Programs\MiKTeX\tex/latex/letltxmacro\letltxmacr
o.sty
Package: letltxmacro 2019/12/03 v1.6 Let assignment for LaTeX macros (HO)
)
(C:\Users\kundai\AppData\Local\Programs\MiKTeX\tex/latex/auxhook\auxhook.sty
Package: auxhook 2019-12-17 v1.6 Hooks for auxiliary files (HO)
)
(C:\Users\kundai\AppData\Local\Programs\MiKTeX\tex/latex/hyperref\nameref.sty
Package: nameref 2023-11-26 v2.56 Cross-referencing by name of section

(C:\Users\kundai\AppData\Local\Programs\MiKTeX\tex/latex/refcount\refcount.sty
Package: refcount 2019/12/15 v3.6 Data extraction from label references (HO)
)
(C:\Users\kundai\AppData\Local\Programs\MiKTeX\tex/generic/gettitlestring\getti
tlestring.sty
Package: gettitlestring 2019/12/15 v1.6 Cleanup title references (HO)

(C:\Users\kundai\AppData\Local\Programs\MiKTeX\tex/latex/kvoptions\kvoptions.st
y
Package: kvoptions 2022-06-15 v3.15 Key value format for package options (HO)
))
\c@section@level=\count278
)
(C:\Users\kundai\AppData\Local\Programs\MiKTeX\tex/latex/etoolbox\etoolbox.sty
Package: etoolbox 2020/10/05 v2.5k e-TeX tools for LaTeX (JAW)
\etb@tempcnta=\count279
)
\@linkdim=\dimen162
\Hy@linkcounter=\count280
\Hy@pagecounter=\count281
(C:\Users\kundai\AppData\Local\Programs\MiKTeX\tex/latex/hyperref\pd1enc.def
File: pd1enc.def 2023-11-26 v7.01g Hyperref: PDFDocEncoding definition (HO)
Now handling font encoding PD1 ...
... no UTF-8 mapping file for font encoding PD1
)
(C:\Users\kundai\AppData\Local\Programs\MiKTeX\tex/generic/intcalc\intcalc.sty
Package: intcalc 2019/12/15 v1.3 Expandable calculations with integers (HO)
)
\Hy@SavedSpaceFactor=\count282
(C:\Users\kundai\AppData\Local\Programs\MiKTeX\tex/latex/hyperref\puenc.def
File: puenc.def 2023-11-26 v7.01g Hyperref: PDF Unicode definition (HO)
Now handling font encoding PU ...
... no UTF-8 mapping file for font encoding PU
)
Package hyperref Info: Hyper figures OFF on input line 4181.
Package hyperref Info: Link nesting OFF on input line 4186.
Package hyperref Info: Hyper index ON on input line 4189.
Package hyperref Info: Plain pages OFF on input line 4196.
Package hyperref Info: Backreferencing OFF on input line 4201.
Package hyperref Info: Implicit mode ON; LaTeX internals redefined.
Package hyperref Info: Bookmarks ON on input line 4448.
\c@Hy@tempcnt=\count283

(C:\Users\kundai\AppData\Local\Programs\MiKTeX\tex/latex/url\url.sty
\Urlmuskip=\muskip17
Package: url 2013/09/16  ver 3.4  Verb mode for urls, etc.
)
LaTeX Info: Redefining \url on input line 4786.
\XeTeXLinkMargin=\dimen163

(C:\Users\kundai\AppData\Local\Programs\MiKTeX\tex/generic/bitset\bitset.sty
Package: bitset 2019/12/09 v1.3 Handle bit-vector datatype (HO)

(C:\Users\kundai\AppData\Local\Programs\MiKTeX\tex/generic/bigintcalc\bigintcal
c.sty
Package: bigintcalc 2019/12/15 v1.5 Expandable calculations on big integers (HO
)
))
\Fld@menulength=\count284
\Field@Width=\dimen164
\Fld@charsize=\dimen165
Package hyperref Info: Hyper figures OFF on input line 6065.
Package hyperref Info: Link nesting OFF on input line 6070.
Package hyperref Info: Hyper index ON on input line 6073.
Package hyperref Info: backreferencing OFF on input line 6080.
Package hyperref Info: Link coloring OFF on input line 6085.
Package hyperref Info: Link coloring with OCG OFF on input line 6090.
Package hyperref Info: PDF/A mode OFF on input line 6095.

(C:\Users\kundai\AppData\Local\Programs\MiKTeX\tex/latex/base\atbegshi-ltx.sty
Package: atbegshi-ltx 2021/01/10 v1.0c Emulation of the original atbegshi
package with kernel methods
)
\Hy@abspage=\count285
\c@Item=\count286
\c@Hfootnote=\count287
)
Package hyperref Info: Driver (autodetected): hpdftex.
 (C:\Users\kundai\AppData\Local\Programs\MiKTeX\tex/latex/hyperref\hpdftex.def
File: hpdftex.def 2023-11-26 v7.01g Hyperref driver for pdfTeX

(C:\Users\kundai\AppData\Local\Programs\MiKTeX\tex/latex/base\atveryend-ltx.sty
Package: atveryend-ltx 2020/08/19 v1.0a Emulation of the original atveryend pac
kage
with kernel methods
)
\Fld@listcount=\count288
\c@bookmark@seq@number=\count289

(C:\Users\kundai\AppData\Local\Programs\MiKTeX\tex/latex/rerunfilecheck\rerunfi
lecheck.sty
Package: rerunfilecheck 2025-06-21 v1.11 Rerun checks for auxiliary files (HO)

(C:\Users\kundai\AppData\Local\Programs\MiKTeX\tex/generic/uniquecounter\unique
counter.sty
Package: uniquecounter 2019/12/15 v1.4 Provide unlimited unique counter (HO)
)
Package uniquecounter Info: New unique counter `rerunfilecheck' on input line 2
84.
)
\Hy@SectionHShift=\skip60
)
(C:\Users\kundai\AppData\Local\Programs\MiKTeX\tex/latex/cleveref\cleveref.sty
Package: cleveref 2018/03/27 v0.21.4 Intelligent cross-referencing
Package cleveref Info: `hyperref' support loaded on input line 2370.
LaTeX Info: Redefining \cref on input line 2370.
LaTeX Info: Redefining \Cref on input line 2370.
LaTeX Info: Redefining \crefrange on input line 2370.
LaTeX Info: Redefining \Crefrange on input line 2370.
LaTeX Info: Redefining \cpageref on input line 2370.
LaTeX Info: Redefining \Cpageref on input line 2370.
LaTeX Info: Redefining \cpagerefrange on input line 2370.
LaTeX Info: Redefining \Cpagerefrange on input line 2370.
LaTeX Info: Redefining \labelcref on input line 2370.
LaTeX Info: Redefining \labelcpageref on input line 2370.
Package cleveref Info: `amsthm' support loaded on input line 3026.
) (C:\Users\kundai\AppData\Local\Programs\MiKTeX\tex/latex/geometry\geometry.st
y
Package: geometry 2020/01/02 v5.9 Page Geometry
(C:\Users\kundai\AppData\Local\Programs\MiKTeX\tex/generic/iftex\ifvtex.sty
Package: ifvtex 2019/10/25 v1.7 ifvtex legacy package. Use iftex instead.
)
\Gm@cnth=\count290
\Gm@cntv=\count291
\c@Gm@tempcnt=\count292
\Gm@bindingoffset=\dimen166
\Gm@wd@mp=\dimen167
\Gm@odd@mp=\dimen168
\Gm@even@mp=\dimen169
\Gm@layoutwidth=\dimen170
\Gm@layoutheight=\dimen171
\Gm@layouthoffset=\dimen172
\Gm@layoutvoffset=\dimen173
\Gm@dimlist=\toks31

(C:\Users\kundai\AppData\Local\Programs\MiKTeX\tex/latex/geometry\geometry.cfg)
)
(C:\Users\kundai\AppData\Local\Programs\MiKTeX\tex/latex/booktabs\booktabs.sty
Package: booktabs 2020/01/12 v1.61803398 Publication quality tables
\heavyrulewidth=\dimen174
\lightrulewidth=\dimen175
\cmidrulewidth=\dimen176
\belowrulesep=\dimen177
\belowbottomsep=\dimen178
\aboverulesep=\dimen179
\abovetopsep=\dimen180
\cmidrulesep=\dimen181
\cmidrulekern=\dimen182
\defaultaddspace=\dimen183
\@cmidla=\count293
\@cmidlb=\count294
\@aboverulesep=\dimen184
\@belowrulesep=\dimen185
\@thisruleclass=\count295
\@lastruleclass=\count296
\@thisrulewidth=\dimen186
) (C:\Users\kundai\AppData\Local\Programs\MiKTeX\tex/latex/siunitx\siunitx.sty
Package: siunitx 2025-07-09 v3.4.14 A comprehensive (SI) units package
\l__siunitx_number_uncert_offset_int=\count297
\l__siunitx_number_exponent_fixed_int=\count298
\l__siunitx_number_min_decimal_int=\count299
\l__siunitx_number_min_integer_int=\count300
\l__siunitx_number_round_precision_int=\count301
\l__siunitx_number_lower_threshold_int=\count302
\l__siunitx_number_upper_threshold_int=\count303
\l__siunitx_number_group_first_int=\count304
\l__siunitx_number_group_size_int=\count305
\l__siunitx_number_group_minimum_int=\count306
\l__siunitx_angle_tmp_dim=\dimen187
\l__siunitx_angle_marker_box=\box55
\l__siunitx_angle_unit_box=\box56
\l__siunitx_compound_count_int=\count307

(C:\Users\kundai\AppData\Local\Programs\MiKTeX\tex/latex/translations\translati
ons.sty
Package: translations 2022/02/05 v1.12 internationalization of LaTeX2e packages
 (CN)
)
\l__siunitx_table_tmp_box=\box57
\l__siunitx_table_tmp_dim=\dimen188
\l__siunitx_table_column_width_dim=\dimen189
\l__siunitx_table_integer_box=\box58
\l__siunitx_table_decimal_box=\box59
\l__siunitx_table_uncert_box=\box60
\l__siunitx_table_before_box=\box61
\l__siunitx_table_after_box=\box62
\l__siunitx_table_before_dim=\dimen190
\l__siunitx_table_carry_dim=\dimen191
\l__siunitx_unit_tmp_int=\count308
\l__siunitx_unit_position_int=\count309
\l__siunitx_unit_total_int=\count310

(C:\Users\kundai\AppData\Local\Programs\MiKTeX\tex/latex/tools\array.sty
Package: array 2023/10/16 v2.5g Tabular extension package (FMi)
\col@sep=\dimen192
\ar@mcellbox=\box63
\extrarowheight=\dimen193
\NC@list=\toks32
\extratabsurround=\skip61
\backup@length=\skip62
\ar@cellbox=\box64
))
(C:\Users\kundai\AppData\Local\Programs\MiKTeX\tex/latex/enumitem\enumitem.sty
Package: enumitem 2025/02/06 v3.11 Customized lists
\labelindent=\skip63
\enit@outerparindent=\dimen194
\enit@toks=\toks33
\enit@inbox=\box65
\enit@count@id=\count311
\enitdp@description=\count312
) (C:\Users\kundai\AppData\Local\Programs\MiKTeX\tex/latex/natbib\natbib.sty
Package: natbib 2010/09/13 8.31b (PWD, AO)
\bibhang=\skip64
\bibsep=\skip65
LaTeX Info: Redefining \cite on input line 694.
\c@NAT@ctr=\count313
)
\c@theorem=\count314
Package translations Info: No language package found. I am going to use `englis
h' as default language. on input line 57.

(C:\Users\kundai\AppData\Local\Programs\MiKTeX\tex/latex/graphics\color.sty
Package: color 2022/01/06 v1.3d Standard LaTeX Color (DPC)

(C:\Users\kundai\AppData\Local\Programs\MiKTeX\tex/latex/graphics-cfg\color.cfg
File: color.cfg 2016/01/02 v1.6 sample color configuration
)
Package color Info: Driver file: pdftex.def on input line 149.

(C:\Users\kundai\AppData\Local\Programs\MiKTeX\tex/latex/graphics\mathcolor.ltx
)) (partition-based-equations-of-state-hybrid-microfluidic-circuits.aux

LaTeX Warning: Label `thm:triple_equivalence' multiply defined.


LaTeX Warning: Label `thm:triple_equivalence@cref' multiply defined.

)
\openout1 = `partition-based-equations-of-state-hybrid-microfluidic-circuits.au
x'.

LaTeX Font Info:    Checking defaults for OML/cmm/m/it on input line 57.
LaTeX Font Info:    ... okay on input line 57.
LaTeX Font Info:    Checking defaults for OMS/cmsy/m/n on input line 57.
LaTeX Font Info:    ... okay on input line 57.
LaTeX Font Info:    Checking defaults for OT1/cmr/m/n on input line 57.
LaTeX Font Info:    ... okay on input line 57.
LaTeX Font Info:    Checking defaults for T1/cmr/m/n on input line 57.
LaTeX Font Info:    ... okay on input line 57.
LaTeX Font Info:    Checking defaults for TS1/cmr/m/n on input line 57.
LaTeX Font Info:    ... okay on input line 57.
LaTeX Font Info:    Checking defaults for OMX/cmex/m/n on input line 57.
LaTeX Font Info:    ... okay on input line 57.
LaTeX Font Info:    Checking defaults for U/cmr/m/n on input line 57.
LaTeX Font Info:    ... okay on input line 57.
LaTeX Font Info:    Checking defaults for PD1/pdf/m/n on input line 57.
LaTeX Font Info:    ... okay on input line 57.
LaTeX Font Info:    Checking defaults for PU/pdf/m/n on input line 57.
LaTeX Font Info:    ... okay on input line 57.

(C:\Users\kundai\AppData\Local\Programs\MiKTeX\tex/context/base/mkii\supp-pdf.m
kii
[Loading MPS to PDF converter (version 2006.09.02).]
\scratchcounter=\count315
\scratchdimen=\dimen195
\scratchbox=\box66
\nofMPsegments=\count316
\nofMParguments=\count317
\everyMPshowfont=\toks34
\MPscratchCnt=\count318
\MPscratchDim=\dimen196
\MPnumerator=\count319
\makeMPintoPDFobject=\count320
\everyMPtoPDFconversion=\toks35
)
(C:\Users\kundai\AppData\Local\Programs\MiKTeX\tex/latex/epstopdf-pkg\epstopdf-
base.sty
Package: epstopdf-base 2020-01-24 v2.11 Base part for package epstopdf
Package epstopdf-base Info: Redefining graphics rule for `.eps' on input line 4
85.

(C:\Users\kundai\AppData\Local\Programs\MiKTeX\tex/latex/00miktex\epstopdf-sys.
cfg
File: epstopdf-sys.cfg 2021/03/18 v2.0 Configuration of epstopdf for MiKTeX
))
Package hyperref Info: Link coloring OFF on input line 57.
 (partition-based-equations-of-state-hybrid-microfluidic-circuits.out)
(partition-based-equations-of-state-hybrid-microfluidic-circuits.out)
\@outlinefile=\write3
\openout3 = `partition-based-equations-of-state-hybrid-microfluidic-circuits.ou
t'.


*geometry* driver: auto-detecting
*geometry* detected driver: pdftex
*geometry* verbose mode - [ preamble ] result:
* driver: pdftex
* paper: a4paper
* layout: <same size as paper>
* layoutoffset:(h,v)=(0.0pt,0.0pt)
* modes: 
* h-part:(L,W,R)=(71.13188pt, 455.24411pt, 71.13188pt)
* v-part:(T,H,B)=(71.13188pt, 702.78308pt, 71.13188pt)
* \paperwidth=597.50787pt
* \paperheight=845.04684pt
* \textwidth=455.24411pt
* \textheight=702.78308pt
* \oddsidemargin=-1.1381pt
* \evensidemargin=-1.1381pt
* \topmargin=-38.1381pt
* \headheight=12.0pt
* \headsep=25.0pt
* \topskip=12.0pt
* \footskip=30.0pt
* \marginparwidth=35.0pt
* \marginparsep=10.0pt
* \columnsep=10.0pt
* \skip\footins=10.8pt plus 4.0pt minus 2.0pt
* \hoffset=0.0pt
* \voffset=0.0pt
* \mag=1000
* \@twocolumnfalse
* \@twosidefalse
* \@mparswitchfalse
* \@reversemarginfalse
* (1in=72.27pt=25.4mm, 1cm=28.453pt)


Package siunitx Warning: Detected the "physics" package:
(siunitx)                omitting definition of \qty.
(siunitx)                
(siunitx)                If you want to use \qty with the siunitx definition,
(siunitx)                add 
(siunitx)                
(siunitx)                    \AtBeginDocument{\RenewCommandCopy\qty\SI}
(siunitx)                
(siunitx)                to your preamble.


(C:\Users\kundai\AppData\Local\Programs\MiKTeX\tex/latex/translations/dicts\tra
nslations-basic-dictionary-english.trsl
File: translations-basic-dictionary-english.trsl (english translation file `tra
nslations-basic-dictionary')
)
Package translations Info: loading dictionary `translations-basic-dictionary' f
or `english'. on input line 57.
LaTeX Font Info:    Trying to load font information for U+msa on input line 60.


(C:\Users\kundai\AppData\Local\Programs\MiKTeX\tex/latex/amsfonts\umsa.fd
File: umsa.fd 2013/01/14 v3.01 AMS symbols A
)
LaTeX Font Info:    Trying to load font information for U+msb on input line 60.


(C:\Users\kundai\AppData\Local\Programs\MiKTeX\tex/latex/amsfonts\umsb.fd
File: umsb.fd 2013/01/14 v3.01 AMS symbols B
)
! Double subscript.
l.66 ...$\xi = \mathcal{N}^{-1} \sum_{ij} \taulag_
                                                  {ij} g_{ij}$, categorical ...
I treat `x_1_2' essentially like `x_1{}_2'.

[1

{C:/Users/kundai/AppData/Local/MiKTeX/fonts/map/pdftex/pdftex.map}]
(partition-based-equations-of-state-hybrid-microfluidic-circuits.toc [2]
[3] [4] [5] [6] [7] [8])
\tf@toc=\write4
\openout4 = `partition-based-equations-of-state-hybrid-microfluidic-circuits.to
c'.

 [9] [10]
Overfull \hbox (4.7361pt too wide) in paragraph at lines 132--133
[]\T1/cmr/bx/n/12 Theorem 1.5 \T1/cmr/m/n/12 (Par-ti-tion Co-or-di-nate Ex-is-t
ence)\T1/cmr/bx/n/12 . []\T1/cmr/m/it/12 Cat-e-gor-i-cal par-ti-tion-ing of bou
nded spher-
 []


Overfull \hbox (1.71074pt too wide) in paragraph at lines 135--136
[]\T1/cmr/m/n/12 The ca-pac-ity se-quence $\OT1/cmr/m/n/12 2\OML/cmm/m/it/12 ; 
\OT1/cmr/m/n/12 8\OML/cmm/m/it/12 ; \OT1/cmr/m/n/12 18\OML/cmm/m/it/12 ; \OT1/c
mr/m/n/12 32\OML/cmm/m/it/12 ; \OT1/cmr/m/n/12 50\OML/cmm/m/it/12 ; \OT1/cmr/m/
n/12 72\OML/cmm/m/it/12 ; \OT1/cmr/m/n/12 98\OML/cmm/m/it/12 ; []$ \T1/cmr/m/n/
12 arises from ge-o-met-ric ne-ces-sity: $\OML/cmm/m/it/12 C\OT1/cmr/m/n/12 (\O
ML/cmm/m/it/12 n\OT1/cmr/m/n/12 ) =
 []

[11]

LaTeX Warning: Reference `sec:dynamic_equations' on page 12 undefined on input 
line 187.

(sections/categorical-necessity.tex [12] [13] [14] [15]

! LaTeX Error: Environment protocol undefined.

See the LaTeX manual or LaTeX Companion for explanation.
Type  H <return>  for immediate help.
 ...                                              
                                                  
l.275 \begin{protocol}
                      [Categorical Necessity Verification]
Your command was ignored.
Type  I <command> <return>  to replace it with another command,
or  <return>  to continue without it.

[16]

! LaTeX Error: \begin{document} ended by \end{protocol}.

See the LaTeX manual or LaTeX Companion for explanation.
Type  H <return>  for immediate help.
 ...                                              
                                                  
l.289 \end{protocol}
                    
Your command was ignored.
Type  I <command> <return>  to replace it with another command,
or  <return>  to continue without it.


! LaTeX Error: Environment protocol undefined.

See the LaTeX manual or LaTeX Companion for explanation.
Type  H <return>  for immediate help.
 ...                                              
                                                  
l.291 \begin{protocol}
                      [Tap Analogy Experimental Realization]
Your command was ignored.
Type  I <command> <return>  to replace it with another command,
or  <return>  to continue without it.


! LaTeX Error: Unicode character μ (U+03BC)
               not set up for use with LaTeX.

See the LaTeX manual or LaTeX Companion for explanation.
Type  H <return>  for immediate help.
 ...                                              
                                                  
l.303 ...) = 0.94 \pm 0.03$ for $\Delta t = 10$ μ
                                                  s, $\tau_{\text{info}} = 1...

You may provide a definition with
\DeclareUnicodeCharacter 


! LaTeX Error: Unicode character μ (U+03BC)
               not set up for use with LaTeX.

See the LaTeX manual or LaTeX Companion for explanation.
Type  H <return>  for immediate help.
 ...                                              
                                                  
l.303 ... = 10$ μs, $\tau_{\text{info}} = 100$ μ
                                                  s.
You may provide a definition with
\DeclareUnicodeCharacter 


! LaTeX Error: \begin{document} ended by \end{protocol}.

See the LaTeX manual or LaTeX Companion for explanation.
Type  H <return>  for immediate help.
 ...                                              
                                                  
l.306 \end{protocol}
                    
Your command was ignored.
Type  I <command> <return>  to replace it with another command,
or  <return>  to continue without it.

[17]) (sections/triple-equivalence-proof.tex
Overfull \hbox (2.27559pt too wide) in paragraph at lines 1--1
[]\T1/cmr/bx/n/17.28 Triple Equiv-a-lence: Os-cil-la-tory, Cat-e-gor-i-cal, and
 Par-
 []

[18] [19]

Package natbib Warning: Citation `boltzmann1877beziehung' on page 20 undefined 
on input line 124.

[20]

Package natbib Warning: Citation `sackur1911anwendung' on page 21 undefined on 
input line 231.


Package natbib Warning: Citation `tetrode1912chemische' on page 21 undefined on
 input line 231.

[21] [22]

Package natbib Warning: Citation `jaynes1957information' on page 23 undefined o
n input line 328.

) (sections/partition-coordinates.tex [23] [24]
Overfull \hbox (15.80116pt too wide) in paragraph at lines 139--140
[]\T1/cmr/m/n/12 For hy-brid mi-croflu-idic cir-cuits with molec-u-lar con-stit
uents (fermions), $\OML/cmm/m/it/12 s \OMS/cmsy/m/n/12 2 f^^@\OT1/cmr/m/n/12 1\
OML/cmm/m/it/12 =\OT1/cmr/m/n/12 2\OML/cmm/m/it/12 ; \OT1/cmr/m/n/12 +1\OML/cmm
/m/it/12 =\OT1/cmr/m/n/12 2\OMS/cmsy/m/n/12 g$\T1/cmr/m/n/12 . 
 []

[25] [26]) (sections/s-entropy-space.tex [27]

Package hyperref Warning: Token not allowed in a PDF string (Unicode):
(hyperref)                removing `math shift' on input line 44.


Package hyperref Warning: Token not allowed in a PDF string (Unicode):
(hyperref)                removing `subscript' on input line 44.


Package hyperref Warning: Token not allowed in a PDF string (Unicode):
(hyperref)                removing `math shift' on input line 44.

[28]

Package hyperref Warning: Token not allowed in a PDF string (Unicode):
(hyperref)                removing `math shift' on input line 86.


Package hyperref Warning: Token not allowed in a PDF string (Unicode):
(hyperref)                removing `subscript' on input line 86.


Package hyperref Warning: Token not allowed in a PDF string (Unicode):
(hyperref)                removing `math shift' on input line 86.


Package hyperref Warning: Token not allowed in a PDF string (Unicode):
(hyperref)                removing `math shift' on input line 124.


Package hyperref Warning: Token not allowed in a PDF string (Unicode):
(hyperref)                removing `subscript' on input line 124.


Package hyperref Warning: Token not allowed in a PDF string (Unicode):
(hyperref)                removing `math shift' on input line 124.

[29] [30] [31]
Overfull \hbox (26.57277pt too wide) in paragraph at lines 300--301
\T1/cmr/bx/n/12 (1) Ki-netic en-tropy\T1/cmr/m/n/12 : Mea-sure ve-loc-ity dis-t
ri-bu-tion $\OML/cmm/m/it/12 f\OT1/cmr/m/n/12 (\OT1/cmr/bx/n/12 v\OT1/cmr/m/n/1
2 )$\T1/cmr/m/n/12 , com-pute $\OML/cmm/m/it/12 S[] \OT1/cmr/m/n/12 = \OML/cmm/
m/it/12 S[]=S[]$\T1/cmr/m/n/12 . 
 []

) (sections/ternary-encoding.tex [32]

LaTeX Warning: Reference `thm:ternary' on page 33 undefined on input line 17.

[33]
Overfull \hbox (9.94638pt too wide) in paragraph at lines 83--84
[]\T1/cmr/m/n/12 These op-er-a-tions en-able com-pu-ta-tional al-go-rithms op-e
r-at-ing di-rectly on ternary-encoded
 []

) (sections/circuit-regimes.tex [34] [35] [36] [37] [38] [39] [40] [41])
(sections/dynamic-equations.tex [42] [43]

LaTeX Warning: Reference `thm:meaninglessness_accessibility' on page 44 undefin
ed on input line 79.


Package hyperref Warning: Token not allowed in a PDF string (Unicode):
(hyperref)                removing `math shift' on input line 82.


Package hyperref Warning: Token not allowed in a PDF string (Unicode):
(hyperref)                removing `math shift' on input line 82.

[44] [45] [46] [47] [48]

Package hyperref Warning: Token not allowed in a PDF string (Unicode):
(hyperref)                removing `math shift' on input line 336.


Package hyperref Warning: Token not allowed in a PDF string (Unicode):
(hyperref)                removing `math shift' on input line 336.

[49] [50] [51]

LaTeX Warning: Reference `thm:meaninglessness_accessibility' on page 52 undefin
ed on input line 521.

[52]

! LaTeX Error: Environment protocol undefined.

See the LaTeX manual or LaTeX Companion for explanation.
Type  H <return>  for immediate help.
 ...                                              
                                                  
l.605 \begin{protocol}
                      [Meaninglessness Validation]
Your command was ignored.
Type  I <command> <return>  to replace it with another command,
or  <return>  to continue without it.


! LaTeX Error: \begin{document} ended by \end{protocol}.

See the LaTeX manual or LaTeX Companion for explanation.
Type  H <return>  for immediate help.
 ...                                              
                                                  
l.622 \end{protocol}
                    
Your command was ignored.
Type  I <command> <return>  to replace it with another command,
or  <return>  to continue without it.


! LaTeX Error: Environment protocol undefined.

See the LaTeX manual or LaTeX Companion for explanation.
Type  H <return>  for immediate help.
 ...                                              
                                                  
l.624 \begin{protocol}
                      [Gyrometric Dynamics Validation]
Your command was ignored.
Type  I <command> <return>  to replace it with another command,
or  <return>  to continue without it.

[53]

! LaTeX Error: \begin{document} ended by \end{protocol}.

See the LaTeX manual or LaTeX Companion for explanation.
Type  H <return>  for immediate help.
 ...                                              
                                                  
l.638 \end{protocol}
                    
Your command was ignored.
Type  I <command> <return>  to replace it with another command,
or  <return>  to continue without it.

) (sections/geometric-apertures.tex [54]) (sections/phase-lock-propagation.tex
Overfull \hbox (6.5029pt too wide) in paragraph at lines 4--5
\T1/cmr/m/n/12 Phase-lock prop-a-ga-tion en-ables in-for-ma-tion trans-fer acro
ss cir-cuit scales with speed $\OML/cmm/m/it/12 v[] \OT1/cmr/m/n/12 =
 []

) (sections/kuramoto-oscillators.tex [55]
Overfull \hbox (8.79945pt too wide) in paragraph at lines 47--48
[]\T1/cmr/m/n/12 Near the syn-chro-niza-tion tran-si-tion, the or-der pa-ram-e-
ter sat-is-fies the self-consistency
 []


Package natbib Warning: Citation `kuramoto1984chemical' on page 56 undefined on
 input line 59.


Package natbib Warning: Citation `strogatz2000kuramoto' on page 56 undefined on
 input line 59.

[56]

Package natbib Warning: Citation `strogatz2000kuramoto' on page 57 undefined on
 input line 85.


Overfull \hbox (9.70198pt too wide) in paragraph at lines 109--110
[]\T1/cmr/bx/n/12 Corollary 11.7 \T1/cmr/m/n/12 (Gaus-sian Dis-tri-bu-tion)\T1/
cmr/bx/n/12 . []\T1/cmr/m/it/12 For Gaus-sian $\OML/cmm/m/it/12 g\OT1/cmr/m/n/1
2 (\OML/cmm/m/it/12 !\OT1/cmr/m/n/12 ) = (2\OML/cmm/m/it/12 ^^Y^^[[]\OT1/cmr/m/
n/12 )[] [][][]$\T1/cmr/m/it/12 : 
 []

[57]

Package natbib Warning: Citation `moreno2004synchronization' on page 58 undefin
ed on input line 141.


Package natbib Warning: Citation `abrams2004chimera' on page 58 undefined on in
put line 164.


Package natbib Warning: Citation `kuramoto2002coexistence' on page 58 undefined
 on input line 164.


Package natbib Warning: Citation `gomez2011explosive' on page 58 undefined on i
nput line 186.

[58]

Package natbib Warning: Citation `ren2010adaptive' on page 59 undefined on inpu
t line 205.


Package natbib Warning: Citation `sakaguchi1988soluble' on page 59 undefined on
 input line 227.

[59]

Package natbib Warning: Citation `strogatz2000kuramoto' on page 60 undefined on
 input line 264.


Overfull \hbox (2.42728pt too wide) in paragraph at lines 273--274
\T1/cmr/bx/n/12 (1) Or-der pa-ram-e-ter mea-sure-ment\T1/cmr/m/n/12 : Phase-res
olved spec-troscopy mea-sures $\OML/cmm/m/it/12 R$ \T1/cmr/m/n/12 through: 
 []


Overfull \hbox (20.23807pt too wide) in paragraph at lines 282--283
[]\T1/cmr/bx/n/12 (4) Chimera de-tec-tion\T1/cmr/m/n/12 : Spa-tial imag-ing re-
veals co-ex-ist-ing syn-chro-nized/desynchronized
 []

) (sections/hierarchical-compression.tex [60] [61]

Package natbib Warning: Citation `kitano2004biological' on page 62 undefined on
 input line 92.


Package natbib Warning: Citation `cover2006elements' on page 62 undefined on in
put line 113.

[62] [63]
Overfull \hbox (21.51115pt too wide) in paragraph at lines 209--210
[]\T1/cmr/bx/n/12 Proposition 12.19 \T1/cmr/m/n/12 (Hi-er-ar-chi-cal Timescales
)\T1/cmr/bx/n/12 . []\T1/cmr/m/it/12 Each level op-er-ates on char-ac-ter-is-ti
c timescale: 
 []

[64]

Package natbib Warning: Citation `kuramoto1984chemical' on page 65 undefined on
 input line 291.

[65]
LaTeX Font Info:    Trying to load font information for U+euf on input line 309
.
 (C:\Users\kundai\AppData\Local\Programs\MiKTeX\tex/latex/amsfonts\ueuf.fd
File: ueuf.fd 2013/01/14 v3.01 Euler Fraktur
)) (sections/poincare-computing.tex [66] [67]
! Undefined control sequence.
l.82 \gamma_{\text{eq}} = \argmin
                                 _{\gamma \in \Gamma} F[\gamma]
The control sequence at the end of the top line
of your error message was never \def'ed. If you have
misspelled it (e.g., `\hobx'), type `I' and the correct
spelling (e.g., `I\hbox'). Otherwise just continue,
and I'll forget about whatever was undefined.

[68] [69]) (sections/variance-minimisation-dynamics.tex [70]

Package natbib Warning: Citation `landau1980statistical' on page 71 undefined o
n input line 25.


Package natbib Warning: Citation `onsager1931reciprocal' on page 71 undefined o
n input line 48.

[71]

Package natbib Warning: Citation `landau1980statistical' on page 72 undefined o
n input line 79.

[72]
Overfull \hbox (8.73991pt too wide) in paragraph at lines 153--154
[]\T1/cmr/bx/n/12 Corollary 14.13 \T1/cmr/m/n/12 (En-zy-matic Vari-ance Re-duc-
tion)\T1/cmr/bx/n/12 . []\T1/cmr/m/it/12 For en-zy-matic aper-tures with $\OMS/
cmsy/m/n/12 jAj\OML/cmm/m/it/12 =\OMS/cmsy/m/n/12 jSj ^^X
 []

[73]

Package natbib Warning: Citation `landauer1961irreversibility' on page 74 undef
ined on input line 210.

[74]

Package natbib Warning: Citation `jaynes1957information' on page 75 undefined o
n input line 285.


Package natbib Warning: Citation `kubo1966fluctuation' on page 75 undefined on 
input line 312.

[75]) (sections/trajectory-completion.tex
Overfull \hbox (14.11894pt too wide) in paragraph at lines 332--1
\T1/cmr/m/n/12 ing ex-po-nen-tial vari-ance re-duc-tion via se-quen-tial aper-t
ure fil-ter-ing while re-spect-ing metabolic
 []

[76] [77] [78]
Overfull \hbox (2.8654pt too wide) in paragraph at lines 147--149
[]\T1/cmr/bx/n/12 Definition 15.6 \T1/cmr/m/n/12 (Non-E-qui-lib-rium Steady Sta
te (NESS))\T1/cmr/bx/n/12 . []\T1/cmr/m/n/12 A NESS is a tra-jec-tory $\OML/cmm
/m/it/12 ^^M[]\OT1/cmr/m/n/12 (\OML/cmm/m/it/12 t\OT1/cmr/m/n/12 )$
 []


Overfull \hbox (3.38791pt too wide) in paragraph at lines 155--156
[]\T1/cmr/bx/n/12 Examples\T1/cmr/m/n/12 : Os-cil-la-tory chem-i-cal re-ac-tion
s (Belousov-Zhabotinsky), cir-ca-dian rhythms,
 []

) (sections/metabolic-constraints.tex

Package natbib Warning: Citation `landauer1961irreversibility' on page 79 undef
ined on input line 26.

[79] [80] [81]

! LaTeX Error: Environment algorithm undefined.

See the LaTeX manual or LaTeX Companion for explanation.
Type  H <return>  for immediate help.
 ...                                              
                                                  
l.174 \begin{algorithm}
                       [Oxygen Triangulation]
Your command was ignored.
Type  I <command> <return>  to replace it with another command,
or  <return>  to continue without it.


! LaTeX Error: \begin{document} ended by \end{algorithm}.

See the LaTeX manual or LaTeX Companion for explanation.
Type  H <return>  for immediate help.
 ...                                              
                                                  
l.187 \end{algorithm}
                     
Your command was ignored.
Type  I <command> <return>  to replace it with another command,
or  <return>  to continue without it.


Overfull \hbox (14.35599pt too wide) in paragraph at lines 192--193
[]\T1/cmr/bx/n/12 Proposition 16.12 \T1/cmr/m/n/12 (State Ex-trac-tion)\T1/cmr/
bx/n/12 . []\T1/cmr/m/it/12 Given spa-tial po-si-tion $\OT1/cmr/bx/n/12 r$ \T1/
cmr/m/it/12 from three oxy-gen molecules,
 []

[82]

! LaTeX Error: Unicode character μ (U+03BC)
               not set up for use with LaTeX.

See the LaTeX manual or LaTeX Companion for explanation.
Type  H <return>  for immediate help.
 ...                                              
                                                  
l.235 ...{\sqrt{97}} \sim \frac{1 \text{ μm}}{10}
                                                   \sim 100 \text{ nm}
You may provide a definition with
\DeclareUnicodeCharacter 

[83]) (sections/categorical-thermometry.tex [84])
(sections/quintupartite-microscopy.tex

Package natbib Warning: Citation `abbe1873beitrage' on page 85 undefined on inp
ut line 18.


Package natbib Warning: Citation `born2013principles' on page 85 undefined on i
nput line 18.

[85] [86]

Package natbib Warning: Citation `pavia2008introduction' on page 87 undefined o
n input line 117.


Overfull \hbox (7.88138pt too wide) in paragraph at lines 117--118
[]\T1/cmr/m/n/12 Each molecule has char-ac-ter-is-tic elec-tronic tran-si-tions
. Ab-sorp-tion spec-trum $\OML/cmm/m/it/12 A\OT1/cmr/m/n/12 (\OML/cmm/m/it/12 ^
^U\OT1/cmr/m/n/12 ) =
 []


Package natbib Warning: Citation `colthup2012introduction' on page 87 undefined
 on input line 135.


Overfull \hbox (3.7003pt too wide) in paragraph at lines 158--159
[]\T1/cmr/m/n/12 See The-o-rem []15.8[] in Sec-tion []15[]. Four con-straints d
e-ter-mine four un-knowns uniquely
 []

[87]

Package natbib Warning: Citation `jackson1999classical' on page 88 undefined on
 input line 183.


Overfull \hbox (5.28587pt too wide) in paragraph at lines 190--191
[]\T1/cmr/bx/n/12 Theorem 18.11 \T1/cmr/m/n/12 (Mul-ti---Modal Res-o-lu-tion)\T
1/cmr/bx/n/12 . []$\OML/cmm/m/it/12 M$ \T1/cmr/m/it/12 modal-i-ties with uni-fo
rm ex-clu-sion $\OML/cmm/m/it/12 ^^O$ \T1/cmr/m/it/12 achieve
 []


! LaTeX Error: Unicode character μ (U+03BC)
               not set up for use with LaTeX.

See the LaTeX manual or LaTeX Companion for explanation.
Type  H <return>  for immediate help.
 ...                                              
                                                  
l.221 ...es 10^{-7} \text{ m} \sim 0.3 \text{ μm}
                                                  
You may provide a definition with
\DeclareUnicodeCharacter 

[88]

! LaTeX Error: Environment algorithm undefined.

See the LaTeX manual or LaTeX Companion for explanation.
Type  H <return>  for immediate help.
 ...                                              
                                                  
l.239 \begin{algorithm}
                       [Quintupartite Measurement]
Your command was ignored.
Type  I <command> <return>  to replace it with another command,
or  <return>  to continue without it.


! LaTeX Error: \begin{document} ended by \end{algorithm}.

See the LaTeX manual or LaTeX Companion for explanation.
Type  H <return>  for immediate help.
 ...                                              
                                                  
l.253 \end{algorithm}
                     
Your command was ignored.
Type  I <command> <return>  to replace it with another command,
or  <return>  to continue without it.


! LaTeX Error: Environment algorithm undefined.

See the LaTeX manual or LaTeX Companion for explanation.
Type  H <return>  for immediate help.
 ...                                              
                                                  
l.274 \begin{algorithm}
                       [Hierarchical Filtering]
Your command was ignored.
Type  I <command> <return>  to replace it with another command,
or  <return>  to continue without it.


! LaTeX Error: \begin{document} ended by \end{algorithm}.

See the LaTeX manual or LaTeX Companion for explanation.
Type  H <return>  for immediate help.
 ...                                              
                                                  
l.282 \end{algorithm}
                     
Your command was ignored.
Type  I <command> <return>  to replace it with another command,
or  <return>  to continue without it.

[89]) (sections/external-sanity-tests.tex
Overfull \hbox (22.54163pt too wide) in paragraph at lines 1--1
[]\T1/cmr/bx/n/17.28 Resolution Val-i-da-tion Through Perturbation-Response
 []


Overfull \hbox (4.45596pt too wide) in paragraph at lines 4--5
\T1/cmr/m/n/12 We es-tab-lish val-i-da-tion pro-to-cols for ver-i-fy-ing the-o-
ret-i-cal pre-dic-tions through perturbation-
 []

[90]

! LaTeX Error: Environment protocol undefined.

See the LaTeX manual or LaTeX Companion for explanation.
Type  H <return>  for immediate help.
 ...                                              
                                                  
l.25 \begin{protocol}
                     [Pressure-Volume Response]
Your command was ignored.
Type  I <command> <return>  to replace it with another command,
or  <return>  to continue without it.


! LaTeX Error: \begin{document} ended by \end{protocol}.

See the LaTeX manual or LaTeX Companion for explanation.
Type  H <return>  for immediate help.
 ...                                              
                                                  
l.36 \end{protocol}
                   
Your command was ignored.
Type  I <command> <return>  to replace it with another command,
or  <return>  to continue without it.


! LaTeX Error: Environment protocol undefined.

See the LaTeX manual or LaTeX Companion for explanation.
Type  H <return>  for immediate help.
 ...                                              
                                                  
l.64 \begin{protocol}
                     [Temperature-Pressure Response]
Your command was ignored.
Type  I <command> <return>  to replace it with another command,
or  <return>  to continue without it.


! LaTeX Error: \begin{document} ended by \end{protocol}.

See the LaTeX manual or LaTeX Companion for explanation.
Type  H <return>  for immediate help.
 ...                                              
                                                  
l.75 \end{protocol}
                   
Your command was ignored.
Type  I <command> <return>  to replace it with another command,
or  <return>  to continue without it.

[91]

! LaTeX Error: Environment protocol undefined.

See the LaTeX manual or LaTeX Companion for explanation.
Type  H <return>  for immediate help.
 ...                                              
                                                  
l.97 \begin{protocol}
                     [Chemical Potential Response]
Your command was ignored.
Type  I <command> <return>  to replace it with another command,
or  <return>  to continue without it.


! LaTeX Error: \begin{document} ended by \end{protocol}.

See the LaTeX manual or LaTeX Companion for explanation.
Type  H <return>  for immediate help.
 ...                                              
                                                  
l.110 \end{protocol}
                    
Your command was ignored.
Type  I <command> <return>  to replace it with another command,
or  <return>  to continue without it.


! LaTeX Error: Environment protocol undefined.

See the LaTeX manual or LaTeX Companion for explanation.
Type  H <return>  for immediate help.
 ...                                              
                                                  
l.114 \begin{protocol}
                      [Coupling-Order Parameter Response]
Your command was ignored.
Type  I <command> <return>  to replace it with another command,
or  <return>  to continue without it.


! LaTeX Error: \begin{document} ended by \end{protocol}.

See the LaTeX manual or LaTeX Companion for explanation.
Type  H <return>  for immediate help.
 ...                                              
                                                  
l.126 \end{protocol}
                    
Your command was ignored.
Type  I <command> <return>  to replace it with another command,
or  <return>  to continue without it.


! LaTeX Error: Environment protocol undefined.

See the LaTeX manual or LaTeX Companion for explanation.
Type  H <return>  for immediate help.
 ...                                              
                                                  
l.143 \begin{protocol}
                      [Flux-Depth Response]
Your command was ignored.
Type  I <command> <return>  to replace it with another command,
or  <return>  to continue without it.


! LaTeX Error: \begin{document} ended by \end{protocol}.

See the LaTeX manual or LaTeX Companion for explanation.
Type  H <return>  for immediate help.
 ...                                              
                                                  
l.156 \end{protocol}
                    
Your command was ignored.
Type  I <command> <return>  to replace it with another command,
or  <return>  to continue without it.


! LaTeX Error: Environment protocol undefined.

See the LaTeX manual or LaTeX Companion for explanation.
Type  H <return>  for immediate help.
 ...                                              
                                                  
l.160 \begin{protocol}
                      [Aperture-Variance Response]
Your command was ignored.
Type  I <command> <return>  to replace it with another command,
or  <return>  to continue without it.

[92]

! LaTeX Error: \begin{document} ended by \end{protocol}.

See the LaTeX manual or LaTeX Companion for explanation.
Type  H <return>  for immediate help.
 ...                                              
                                                  
l.171 \end{protocol}
                    
Your command was ignored.
Type  I <command> <return>  to replace it with another command,
or  <return>  to continue without it.


! LaTeX Error: Environment protocol undefined.

See the LaTeX manual or LaTeX Companion for explanation.
Type  H <return>  for immediate help.
 ...                                              
                                                  
l.175 \begin{protocol}
                      [Position-Distance Response]
Your command was ignored.
Type  I <command> <return>  to replace it with another command,
or  <return>  to continue without it.


Overfull \hbox (6.884pt too wide) in paragraph at lines 178--179
[]\T1/cmr/bx/n/12 Measurement\T1/cmr/m/n/12 : Mea-sure cat-e-gor-i-cal dis-tanc
e changes $\OMS/cmsy/m/n/12 f\OML/cmm/m/it/12 ^^Nd[]\OMS/cmsy/m/n/12 g[]$ \T1/c
mr/m/n/12 to four oxy-gen molecules 
 []


! LaTeX Error: \begin{document} ended by \end{protocol}.

See the LaTeX manual or LaTeX Companion for explanation.
Type  H <return>  for immediate help.
 ...                                              
                                                  
l.188 \end{protocol}
                    
Your command was ignored.
Type  I <command> <return>  to replace it with another command,
or  <return>  to continue without it.


! LaTeX Error: Environment protocol undefined.

See the LaTeX manual or LaTeX Companion for explanation.
Type  H <return>  for immediate help.
 ...                                              
                                                  
l.206 \begin{protocol}
                      [Multi-Modal Exclusion]
Your command was ignored.
Type  I <command> <return>  to replace it with another command,
or  <return>  to continue without it.


! LaTeX Error: \begin{document} ended by \end{protocol}.

See the LaTeX manual or LaTeX Companion for explanation.
Type  H <return>  for immediate help.
 ...                                              
                                                  
l.219 \end{protocol}
                    
Your command was ignored.
Type  I <command> <return>  to replace it with another command,
or  <return>  to continue without it.


! LaTeX Error: Environment protocol undefined.

See the LaTeX manual or LaTeX Companion for explanation.
Type  H <return>  for immediate help.
 ...                                              
                                                  
l.237 \begin{protocol}
                      [Recurrence Verification]
Your command was ignored.
Type  I <command> <return>  to replace it with another command,
or  <return>  to continue without it.

[93]

! LaTeX Error: \begin{document} ended by \end{protocol}.

See the LaTeX manual or LaTeX Companion for explanation.
Type  H <return>  for immediate help.
 ...                                              
                                                  
l.250 \end{protocol}
                    
Your command was ignored.
Type  I <command> <return>  to replace it with another command,
or  <return>  to continue without it.


! LaTeX Error: Environment protocol undefined.

See the LaTeX manual or LaTeX Companion for explanation.
Type  H <return>  for immediate help.
 ...                                              
                                                  
l.254 \begin{protocol}
                      [Encoding-Decoding Consistency]
Your command was ignored.
Type  I <command> <return>  to replace it with another command,
or  <return>  to continue without it.


Overfull \hbox (10.7951pt too wide) in paragraph at lines 254--256
\T1/cmr/m/n/12 [Encoding-Decoding Con-sis-tency] \T1/cmr/bx/n/12 Per-tur-ba-tio
n\T1/cmr/m/n/12 : En-code S-entropy co-or-di-nate $\OT1/cmr/bx/n/12 S$ \T1/cmr/
m/n/12 as ternary
 []


! LaTeX Error: \begin{document} ended by \end{protocol}.

See the LaTeX manual or LaTeX Companion for explanation.
Type  H <return>  for immediate help.
 ...                                              
                                                  
l.262 \end{protocol}
                    
Your command was ignored.
Type  I <command> <return>  to replace it with another command,
or  <return>  to continue without it.


! LaTeX Error: Environment protocol undefined.

See the LaTeX manual or LaTeX Companion for explanation.
Type  H <return>  for immediate help.
 ...                                              
                                                  
l.301 \begin{protocol}
                      [Resolution Threshold]
Your command was ignored.
Type  I <command> <return>  to replace it with another command,
or  <return>  to continue without it.

[94]

! LaTeX Error: \begin{document} ended by \end{protocol}.

See the LaTeX manual or LaTeX Companion for explanation.
Type  H <return>  for immediate help.
 ...                                              
                                                  
l.311 \end{protocol}
                    
Your command was ignored.
Type  I <command> <return>  to replace it with another command,
or  <return>  to continue without it.

) (sections/experimental-validation.tex [95] [96] [97]
Overfull \hbox (19.5372pt too wide) in paragraph at lines 187--188
[]\T1/cmr/bx/n/12 Calculation\T1/cmr/m/n/12 : OID $\OT1/cmr/m/n/12 = \OML/cmm/m
/it/12 ^^W[] \OMS/cmsy/m/n/12 ^^B [][]\OT1/cmr/m/n/12 (\OML/cmm/m/it/12 N[]\OT1
/cmr/m/n/12 ) \OMS/cmsy/m/n/12 ^^B []$ 
 []

[98] [99]
Overfull \hbox (28.27539pt too wide) in paragraph at lines 322--345
 [][] 
 []

[100]) [101]
Overfull \hbox (2.24121pt too wide) in paragraph at lines 225--226
\T1/cmr/m/n/12 Computational ex-per-i-ments val-i-date the-o-ret-i-cal pre-dic-
tions across mul-ti-ple cir-cuit regimes.
 []


Overfull \hbox (17.08348pt too wide) in paragraph at lines 225--226
[]$ \T1/cmr/m/n/12 matches the-o-ret-i-cal pre-dic-tions within $\OT1/cmr/m/n/1
2 5%$ \T1/cmr/m/n/12 across cou-pling strengths $\OML/cmm/m/it/12 K[] \OMS/cmsy
/m/n/12 2
 []


Overfull \hbox (2.9376pt too wide) in paragraph at lines 227--228
[]\T1/cmr/m/n/12 Variance min-i-miza-tion dy-nam-ics achieve min-i-mum phase va
ri-ance $\OML/cmm/m/it/12 ^^[[] \OT1/cmr/m/n/12 = \OML/cmm/m/it/12 k[]T=K[]$
 []


Overfull \hbox (7.37581pt too wide) in paragraph at lines 229--230
[]\T1/cmr/m/n/12 Categorical ther-mom-e-try mea-sure-ments via evo-lu-tion en-t
ropy dis-tance $\OML/cmm/m/it/12 T \OT1/cmr/m/n/12 = \OML/cmm/m/it/12 T[] [][][
]$
 []

[102] [103] [104]
! Double subscript.
l.298 ...\xi = \mathcal{N}^{-1} \sum_{ij} \taulag_
                                                  {ij} g_{ij}$.
I treat `x_1_2' essentially like `x_1{}_2'.

(partition-based-equations-of-state-hybrid-microfluidic-circuits.bbl [105])

Package natbib Warning: There were undefined citations.

[106] (partition-based-equations-of-state-hybrid-microfluidic-circuits.aux)
 ***********
LaTeX2e <2023-11-01> patch level 1
L3 programming layer <2024-01-04>
 ***********


LaTeX Warning: There were undefined references.


LaTeX Warning: There were multiply-defined labels.


Package rerunfilecheck Warning: File `partition-based-equations-of-state-hybrid
-microfluidic-circuits.out' has changed.
(rerunfilecheck)                Rerun to get outlines right
(rerunfilecheck)                or use package `bookmark'.

Package rerunfilecheck Info: Checksums for `partition-based-equations-of-state-
hybrid-microfluidic-circuits.out':
(rerunfilecheck)             Before: 4291B0448FB4AEF517930AC108D73E48;60804
(rerunfilecheck)             After:  F27410B9A8BE48B174F962566EBCC96A;65044.
 ) 
Here is how much of TeX's memory you used:
 20147 strings out of 474486
 391367 string characters out of 5743283
 1944542 words of memory out of 5000000
 40864 multiletter control sequences out of 15000+600000
 583006 words of font info for 100 fonts, out of 8000000 for 9000
 1141 hyphenation exceptions out of 8191
 79i,13n,93p,1849b,1255s stack positions out of 10000i,1000n,20000p,200000b,200000s

pdfTeX warning (dest): name{theorem.17.5} has been referenced but does not exis
t, replaced by a fixed one


pdfTeX warning (dest): name{theorem.15.8} has been referenced but does not exis
t, replaced by a fixed one


pdfTeX warning (dest): name{theorem.13.17} has been referenced but does not exi
st, replaced by a fixed one


pdfTeX warning (dest): name{subsubsection.19.10.1} has been referenced but does
 not exist, replaced by a fixed one


pdfTeX warning (dest): name{subsubsection.19.9.1} has been referenced but does 
not exist, replaced by a fixed one


pdfTeX warning (dest): name{subsubsection.19.8.1} has been referenced but does 
not exist, replaced by a fixed one


pdfTeX warning (dest): name{subsubsection.19.7.1} has been referenced but does 
not exist, replaced by a fixed one


pdfTeX warning (dest): name{subsubsection.19.6.2} has been referenced but does 
not exist, replaced by a fixed one


pdfTeX warning (dest): name{subsubsection.19.6.1} has been referenced but does 
not exist, replaced by a fixed one


pdfTeX warning (dest): name{subsubsection.19.5.2} has been referenced but does 
not exist, replaced by a fixed one


pdfTeX warning (dest): name{subsubsection.19.5.1} has been referenced but does 
not exist, replaced by a fixed one


pdfTeX warning (dest): name{subsubsection.19.4.2} has been referenced but does 
not exist, replaced by a fixed one


pdfTeX warning (dest): name{subsubsection.19.4.1} has been referenced but does 
not exist, replaced by a fixed one


pdfTeX warning (dest): name{subsubsection.19.3.2} has been referenced but does 
not exist, replaced by a fixed one


pdfTeX warning (dest): name{subsubsection.19.3.1} has been referenced but does 
not exist, replaced by a fixed one


pdfTeX warning (dest): name{subsubsection.19.2.2} has been referenced but does 
not exist, replaced by a fixed one


pdfTeX warning (dest): name{subsubsection.19.2.1} has been referenced but does 
not exist, replaced by a fixed one


pdfTeX warning (dest): name{subsubsection.19.1.3} has been referenced but does 
not exist, replaced by a fixed one


pdfTeX warning (dest): name{subsubsection.19.1.2} has been referenced but does 
not exist, replaced by a fixed one


pdfTeX warning (dest): name{subsubsection.19.1.1} has been referenced but does 
not exist, replaced by a fixed one


pdfTeX warning (dest): name{subsection.18.15} has been referenced but does not 
exist, replaced by a fixed one


pdfTeX warning (dest): name{subsection.18.14} has been referenced but does not 
exist, replaced by a fixed one


pdfTeX warning (dest): name{subsection.18.13} has been referenced but does not 
exist, replaced by a fixed one


pdfTeX warning (dest): name{subsection.18.12} has been referenced but does not 
exist, replaced by a fixed one


pdfTeX warning (dest): name{subsection.18.11} has been referenced but does not 
exist, replaced by a fixed one


pdfTeX warning (dest): name{subsection.17.10} has been referenced but does not 
exist, replaced by a fixed one


pdfTeX warning (dest): name{subsection.17.9} has been referenced but does not e
xist, replaced by a fixed one


pdfTeX warning (dest): name{subsection.17.8} has been referenced but does not e
xist, replaced by a fixed one


pdfTeX warning (dest): name{subsection.17.7} has been referenced but does not e
xist, replaced by a fixed one


pdfTeX warning (dest): name{subsection.17.6} has been referenced but does not e
xist, replaced by a fixed one


pdfTeX warning (dest): name{subsection.17.5} has been referenced but does not e
xist, replaced by a fixed one


pdfTeX warning (dest): name{subsubsection.17.4.5} has been referenced but does 
not exist, replaced by a fixed one


pdfTeX warning (dest): name{subsubsection.17.4.4} has been referenced but does 
not exist, replaced by a fixed one


pdfTeX warning (dest): name{subsubsection.17.4.3} has been referenced but does 
not exist, replaced by a fixed one


pdfTeX warning (dest): name{subsubsection.17.4.2} has been referenced but does 
not exist, replaced by a fixed one


pdfTeX warning (dest): name{subsubsection.17.4.1} has been referenced but does 
not exist, replaced by a fixed one


pdfTeX warning (dest): name{subsection.15.14} has been referenced but does not 
exist, replaced by a fixed one


pdfTeX warning (dest): name{subsection.15.13} has been referenced but does not 
exist, replaced by a fixed one


pdfTeX warning (dest): name{subsection.15.12} has been referenced but does not 
exist, replaced by a fixed one


pdfTeX warning (dest): name{subsection.15.11} has been referenced but does not 
exist, replaced by a fixed one


pdfTeX warning (dest): name{subsection.15.10} has been referenced but does not 
exist, replaced by a fixed one


pdfTeX warning (dest): name{subsection.15.9} has been referenced but does not e
xist, replaced by a fixed one


pdfTeX warning (dest): name{subsection.13.13} has been referenced but does not 
exist, replaced by a fixed one


pdfTeX warning (dest): name{subsection.13.12} has been referenced but does not 
exist, replaced by a fixed one


pdfTeX warning (dest): name{subsection.13.11} has been referenced but does not 
exist, replaced by a fixed one


pdfTeX warning (dest): name{subsection.13.10} has been referenced but does not 
exist, replaced by a fixed one


pdfTeX warning (dest): name{subsection.11.16} has been referenced but does not 
exist, replaced by a fixed one


pdfTeX warning (dest): name{subsection.11.15} has been referenced but does not 
exist, replaced by a fixed one


pdfTeX warning (dest): name{subsection.10.14} has been referenced but does not 
exist, replaced by a fixed one


pdfTeX warning (dest): name{subsection.10.13} has been referenced but does not 
exist, replaced by a fixed one


pdfTeX warning (dest): name{subsection.10.12} has been referenced but does not 
exist, replaced by a fixed one


pdfTeX warning (dest): name{subsection.10.11} has been referenced but does not 
exist, replaced by a fixed one


pdfTeX warning (dest): name{subsection.10.10} has been referenced but does not 
exist, replaced by a fixed one


pdfTeX warning (dest): name{subsection.10.9} has been referenced but does not e
xist, replaced by a fixed one


pdfTeX warning (dest): name{subsection.10.8} has been referenced but does not e
xist, replaced by a fixed one


pdfTeX warning (dest): name{subsection.10.7} has been referenced but does not e
xist, replaced by a fixed one


pdfTeX warning (dest): name{subsection.10.6} has been referenced but does not e
xist, replaced by a fixed one


pdfTeX warning (dest): name{subsection.10.5} has been referenced but does not e
xist, replaced by a fixed one


pdfTeX warning (dest): name{subsection.10.4} has been referenced but does not e
xist, replaced by a fixed one

 <C:\Users\kundai\AppData\Local\MiKTeX\fonts/pk/ljfour/jknappen/ec/dpi600\ecti0
600.pk> <C:\Users\kundai\AppData\Local\MiKTeX\fonts/pk/ljfour/jknappen/ec/dpi60
0\ecbi1200.pk> <C:\Users\kundai\AppData\Local\MiKTeX\fonts/pk/ljfour/jknappen/e
c/dpi600\ecrm0600.pk> <C:\Users\kundai\AppData\Local\MiKTeX\fonts/pk/ljfour/jkn
appen/ec/dpi600\ecti0800.pk> <C:\Users\kundai\AppData\Local\MiKTeX\fonts/pk/ljf
our/jknappen/ec/dpi600\tcrm1200.pk> <C:\Users\kundai\AppData\Local\MiKTeX\fonts
/pk/ljfour/jknappen/ec/dpi600\ecti1200.pk> <C:\Users\kundai\AppData\Local\MiKTe
X\fonts/pk/ljfour/jknappen/ec/dpi600\ecbx1440.pk> <C:\Users\kundai\AppData\Loca
l\MiKTeX\fonts/pk/ljfour/jknappen/ec/dpi600\ecbx1200.pk> <C:\Users\kundai\AppDa
ta\Local\MiKTeX\fonts/pk/ljfour/jknappen/ec/dpi600\ecbx1728.pk> <C:\Users\kunda
i\AppData\Local\MiKTeX\fonts/pk/ljfour/jknappen/ec/dpi600\ecrm1200.pk> <C:\User
s\kundai\AppData\Local\MiKTeX\fonts/pk/ljfour/jknappen/ec/dpi600\ecrm0800.pk> <
C:\Users\kundai\AppData\Local\MiKTeX\fonts/pk/ljfour/jknappen/ec/dpi600\ecrm109
5.pk> <C:\Users\kundai\AppData\Local\MiKTeX\fonts/pk/ljfour/jknappen/ec/dpi600\
ecbx1095.pk> <C:\Users\kundai\AppData\Local\MiKTeX\fonts/pk/ljfour/jknappen/ec/
dpi600\ecti1440.pk> <C:\Users\kundai\AppData\Local\MiKTeX\fonts/pk/ljfour/jknap
pen/ec/dpi600\ecrm1440.pk> <C:\Users\kundai\AppData\Local\MiKTeX\fonts/pk/ljfou
r/jknappen/ec/dpi600\ecbx2074.pk><C:/Users/kundai/AppData/Local/Programs/MiKTeX
/fonts/type1/public/amsfonts/cm/cmbx10.pfb><C:/Users/kundai/AppData/Local/Progr
ams/MiKTeX/fonts/type1/public/amsfonts/cm/cmbx12.pfb><C:/Users/kundai/AppData/L
ocal/Programs/MiKTeX/fonts/type1/public/amsfonts/cm/cmbx8.pfb><C:/Users/kundai/
AppData/Local/Programs/MiKTeX/fonts/type1/public/amsfonts/cm/cmex10.pfb><C:/Use
rs/kundai/AppData/Local/Programs/MiKTeX/fonts/type1/public/amsfonts/cm/cmmi10.p
fb><C:/Users/kundai/AppData/Local/Programs/MiKTeX/fonts/type1/public/amsfonts/c
m/cmmi12.pfb><C:/Users/kundai/AppData/Local/Programs/MiKTeX/fonts/type1/public/
amsfonts/cm/cmmi6.pfb><C:/Users/kundai/AppData/Local/Programs/MiKTeX/fonts/type
1/public/amsfonts/cm/cmmi8.pfb><C:/Users/kundai/AppData/Local/Programs/MiKTeX/f
onts/type1/public/amsfonts/cm/cmr10.pfb><C:/Users/kundai/AppData/Local/Programs
/MiKTeX/fonts/type1/public/amsfonts/cm/cmr12.pfb><C:/Users/kundai/AppData/Local
/Programs/MiKTeX/fonts/type1/public/amsfonts/cm/cmr6.pfb><C:/Users/kundai/AppDa
ta/Local/Programs/MiKTeX/fonts/type1/public/amsfonts/cm/cmr8.pfb><C:/Users/kund
ai/AppData/Local/Programs/MiKTeX/fonts/type1/public/amsfonts/cm/cmsy10.pfb><C:/
Users/kundai/AppData/Local/Programs/MiKTeX/fonts/type1/public/amsfonts/cm/cmsy6
.pfb><C:/Users/kundai/AppData/Local/Programs/MiKTeX/fonts/type1/public/amsfonts
/cm/cmsy8.pfb><C:/Users/kundai/AppData/Local/Programs/MiKTeX/fonts/type1/public
/amsfonts/euler/eufm10.pfb><C:/Users/kundai/AppData/Local/Programs/MiKTeX/fonts
/type1/public/amsfonts/symbols/msbm10.pfb>
Output written on partition-based-equations-of-state-hybrid-microfluidic-circui
ts.pdf (106 pages, 1124299 bytes).
PDF statistics:
 3862 PDF objects out of 4296 (max. 8388607)
 1296 named destinations out of 1440 (max. 500000)
 2329 words of extra memory for PDF output out of 10000 (max. 10000000)

