This is pdfTeX, Version 3.141592653-2.6-1.40.25 (MiKTeX 24.1) (preloaded format=pdflatex 2025.7.27)  7 FEB 2026 03:19
entering extended mode
 restricted \write18 enabled.
 %&-line parsing enabled.
**./carbonic-anhydrase-II-mechanism.tex
(carbonic-anhydrase-II-mechanism.tex
LaTeX2e <2023-11-01> patch level 1
L3 programming layer <2024-01-04>
(C:\Users\kundai\AppData\Local\Programs\MiKTeX\tex/latex/revtex\revtex4-2.cls
Document Class: revtex4-2 2022/06/05 4.2f (https://journals.aps.org/revtex/ for
 documentation)
 Copyright (c) 2019 American Physical Society.
 mailto:revtex@aps.org
 Licensed under the LPPL:
http://www.ctan.org/tex-archive/macros/latex/base/lppl.txt
 Arthur Ogawa <arthur_ogawa at sbcglobal dot net>
 Based on work by David Carlisle <david at dcarlisle.demon.co.uk>
 Version (4.2d--4.2f): Modified by Mark Doyle and Phelype Oleinik
 .
ltxutil[2022/06/05 4.2f utilities package (portions licensed from W. E. Baxter 
web at superscript.com)]
LaTeX Info: Redefining \@centercr on input line 356.
Class revtex4-2 Info: Repairing broken LaTeX eqnarray on input line 417.
\eqncolsep=\skip48
Class revtex4-2 Info: Repairing hyperref-unfriendly LaTeX definition of \mpfoot
note on input line 492.
Class revtex4-2 Info: Repairing broken LateX \@sect on input line 814.
\intertabularlinepenalty=\count187
\@tbpen=\count188
\@arstrutbox@hline=\box51
Class revtex4-2 Info: Repairing broken LaTeX \@xbitor on input line 1845.
Class revtex4-2 Info: Making \typeout \long on input line 2110.
ltxfront[2022/06/05 4.2f frontmatter package (AO,DPC,MD)]
\c@affil=\count189
\c@collab=\count190
\absbox=\box52
ltxgrid[2022/06/05 4.2f page grid package (portions licensed from W. E. Baxter 
web at superscript.com)]
\c@linecount=\count191
\output@latex=\toks17
\box@size@1=\box53
\box@size@2=\box54
\@protection@box=\box55
\@topmark@saved=\toks18
\footins@saved=\box56
\footins@recovered=\box57
\column@recovered=\box58
\pagesofar=\box59
\footsofar=\box60
\pagegrid@col=\count192
Class revtex4-2 Info: Overriding \@vspace, \@vspacer, \@no@pgbk, \@newline, and
 \\  on input line 5676.
\c@part=\count193
\c@section=\count194
\c@subsection=\count195
\c@subsubsection=\count196
\c@paragraph=\count197
\c@subparagraph=\count198
\abovecaptionskip=\skip49
\belowcaptionskip=\skip50
\c@figure=\count199
\fbox@1=\box61
\c@table=\count266
\fbox@2=\box62
\c@video=\count267
\fbox@4=\box63
\@bibdataout=\write3
\widetext@top=\box64
\widetext@bot=\box65
Class revtex4-2 Info: Selecting society aps on input line 7669.
(C:\Users\kundai\AppData\Local\Programs\MiKTeX\tex/latex/revtex\aps4-2.rtx
File: aps4-2 2022/06/05 4.2f (https://journals.aps.org/revtex/ for documentatio
n)
Class revtex4-2 Info: RevTeX society APS selected on input line 40.
)
Class revtex4-2 Info: Selecting journal prb on input line 7671.
Class revtex4-2 Info: APS journal PRB selected on input line 7672.


Class revtex4-2 Warning: No type size specified, using default 10.

(C:\Users\kundai\AppData\Local\Programs\MiKTeX\tex/latex/revtex\aps10pt4-2.rtx
File: aps10pt4-2 2022/06/05 4.2f (https://journals.aps.org/revtex/ for document
ation)
Class revtex4-2 Info: RevTeX pointsize 10pt selected on input line 39.
) (C:\Users\kundai\AppData\Local\Programs\MiKTeX\tex/latex/textcase\textcase.st
y
Package: textcase 2025/02/16 v1.05 Text only upper/lower case changing (DPC)
Package textcase Info: Defining Legacy names on input line 20.
) (C:\Users\kundai\AppData\Local\Programs\MiKTeX\tex/latex/amsfonts\amssymb.sty
Package: amssymb 2013/01/14 v3.01 AMS font symbols
(C:\Users\kundai\AppData\Local\Programs\MiKTeX\tex/latex/amsfonts\amsfonts.sty
Package: amsfonts 2013/01/14 v3.01 Basic AMSFonts support
\@emptytoks=\toks19
\symAMSa=\mathgroup4
\symAMSb=\mathgroup5
LaTeX Font Info:    Redeclaring math symbol \hbar on input line 98.
LaTeX Font Info:    Overwriting math alphabet `\mathfrak' in version `bold'
(Font)                  U/euf/m/n --> U/euf/b/n on input line 106.
)) (C:\Users\kundai\AppData\Local\Programs\MiKTeX\tex/latex/amsmath\amsmath.sty
Package: amsmath 2023/05/13 v2.17o AMS math features
\@mathmargin=\skip51

For additional information on amsmath, use the `?' option.
(C:\Users\kundai\AppData\Local\Programs\MiKTeX\tex/latex/amsmath\amstext.sty
Package: amstext 2021/08/26 v2.01 AMS text

(C:\Users\kundai\AppData\Local\Programs\MiKTeX\tex/latex/amsmath\amsgen.sty
File: amsgen.sty 1999/11/30 v2.0 generic functions
\@emptytoks=\toks20
\ex@=\dimen140
)
LaTeX Info: Redefining \text on input line 28.
)
(C:\Users\kundai\AppData\Local\Programs\MiKTeX\tex/latex/amsmath\amsbsy.sty
Package: amsbsy 1999/11/29 v1.2d Bold Symbols
\pmbraise@=\dimen141
)
(C:\Users\kundai\AppData\Local\Programs\MiKTeX\tex/latex/amsmath\amsopn.sty
Package: amsopn 2022/04/08 v2.04 operator names
)
\inf@bad=\count268
LaTeX Info: Redefining \frac on input line 234.
\uproot@=\count269
\leftroot@=\count270
LaTeX Info: Redefining \overline on input line 399.
LaTeX Info: Redefining \colon on input line 410.
\classnum@=\count271
\DOTSCASE@=\count272
LaTeX Info: Redefining \ldots on input line 496.
LaTeX Info: Redefining \dots on input line 499.
LaTeX Info: Redefining \cdots on input line 620.
\Mathstrutbox@=\box66
\strutbox@=\box67
LaTeX Info: Redefining \big on input line 722.
LaTeX Info: Redefining \Big on input line 723.
LaTeX Info: Redefining \bigg on input line 724.
LaTeX Info: Redefining \Bigg on input line 725.
\big@size=\dimen142
LaTeX Font Info:    Redeclaring font encoding OML on input line 743.
LaTeX Font Info:    Redeclaring font encoding OMS on input line 744.
\macc@depth=\count273
LaTeX Info: Redefining \bmod on input line 905.
LaTeX Info: Redefining \pmod on input line 910.
LaTeX Info: Redefining \smash on input line 940.
LaTeX Info: Redefining \relbar on input line 970.
LaTeX Info: Redefining \Relbar on input line 971.
\c@MaxMatrixCols=\count274
\dotsspace@=\muskip16
\c@parentequation=\count275
\dspbrk@lvl=\count276
\tag@help=\toks21
\row@=\count277
\column@=\count278
\maxfields@=\count279
\andhelp@=\toks22
\eqnshift@=\dimen143
\alignsep@=\dimen144
\tagshift@=\dimen145
\tagwidth@=\dimen146
\totwidth@=\dimen147
\lineht@=\dimen148
\@envbody=\toks23
\multlinegap=\skip52
\multlinetaggap=\skip53
\mathdisplay@stack=\toks24
LaTeX Info: Redefining \[ on input line 2953.
LaTeX Info: Redefining \] on input line 2954.
)
(C:\Users\kundai\AppData\Local\Programs\MiKTeX\tex/latex/url\url.sty
\Urlmuskip=\muskip17
Package: url 2013/09/16  ver 3.4  Verb mode for urls, etc.
)
(C:\Users\kundai\AppData\Local\Programs\MiKTeX\tex/latex/natbib\natbib.sty
Package: natbib 2010/09/13 8.31b (PWD, AO)
\bibhang=\skip54
\bibsep=\skip55
LaTeX Info: Redefining \cite on input line 694.
\c@NAT@ctr=\count280
)
Class revtex4-2 Info: Repairing natbib's \BibitemShut on input line 7676.

(C:\Users\kundai\AppData\Local\Programs\MiKTeX\tex/latex/revtex\revsymb4-2.sty
Package: revsymb4-2 2022/06/05 4.2f (https://journals.aps.org/revtex/ for docum
entation)
LaTeX Info: Redefining \frak on input line 104.
LaTeX Info: Redefining \Bbb on input line 120.
LaTeX Info: Redefining \REV@mathfrak on input line 128.
))
(C:\Users\kundai\AppData\Local\Programs\MiKTeX\tex/latex/graphics\graphicx.sty
Package: graphicx 2021/09/16 v1.2d Enhanced LaTeX Graphics (DPC,SPQR)

(C:\Users\kundai\AppData\Local\Programs\MiKTeX\tex/latex/graphics\keyval.sty
Package: keyval 2022/05/29 v1.15 key=value parser (DPC)
\KV@toks@=\toks25
)
(C:\Users\kundai\AppData\Local\Programs\MiKTeX\tex/latex/graphics\graphics.sty
Package: graphics 2022/03/10 v1.4e Standard LaTeX Graphics (DPC,SPQR)

(C:\Users\kundai\AppData\Local\Programs\MiKTeX\tex/latex/graphics\trig.sty
Package: trig 2021/08/11 v1.11 sin cos tan (DPC)
)
(C:\Users\kundai\AppData\Local\Programs\MiKTeX\tex/latex/graphics-cfg\graphics.
cfg
File: graphics.cfg 2016/06/04 v1.11 sample graphics configuration
)
Package graphics Info: Driver file: pdftex.def on input line 107.

(C:\Users\kundai\AppData\Local\Programs\MiKTeX\tex/latex/graphics-def\pdftex.de
f
File: pdftex.def 2022/09/22 v1.2b Graphics/color driver for pdftex
))
\Gin@req@height=\dimen149
\Gin@req@width=\dimen150
) (C:\Users\kundai\AppData\Local\Programs\MiKTeX\tex/latex/tools\bm.sty
Package: bm 2023/07/08 v1.2f Bold Symbol Support (DPC/FMi)
\symboldoperators=\mathgroup6
\symboldletters=\mathgroup7
\symboldsymbols=\mathgroup8
Package bm Info: No bold for \OMX/cmex/m/n, using \pmb.
Package bm Info: No bold for \U/msa/m/n, using \pmb.
Package bm Info: No bold for \U/msb/m/n, using \pmb.
LaTeX Font Info:    Redeclaring math alphabet \mathbf on input line 149.
LaTeX Info: Redefining \bm on input line 219.
)
(C:\Users\kundai\AppData\Local\Programs\MiKTeX\tex/latex/hyperref\hyperref.sty
Package: hyperref 2023-11-26 v7.01g Hypertext links for LaTeX

(C:\Users\kundai\AppData\Local\Programs\MiKTeX\tex/generic/iftex\iftex.sty
Package: iftex 2022/02/03 v1.0f TeX engine tests
)
(C:\Users\kundai\AppData\Local\Programs\MiKTeX\tex/generic/infwarerr\infwarerr.
sty
Package: infwarerr 2019/12/03 v1.5 Providing info/warning/error messages (HO)
)
(C:\Users\kundai\AppData\Local\Programs\MiKTeX\tex/latex/kvsetkeys\kvsetkeys.st
y
Package: kvsetkeys 2022-10-05 v1.19 Key value parser (HO)
)
(C:\Users\kundai\AppData\Local\Programs\MiKTeX\tex/generic/kvdefinekeys\kvdefin
ekeys.sty
Package: kvdefinekeys 2019-12-19 v1.6 Define keys (HO)
)
(C:\Users\kundai\AppData\Local\Programs\MiKTeX\tex/generic/pdfescape\pdfescape.
sty
Package: pdfescape 2019/12/09 v1.15 Implements pdfTeX's escape features (HO)

(C:\Users\kundai\AppData\Local\Programs\MiKTeX\tex/generic/ltxcmds\ltxcmds.sty
Package: ltxcmds 2023-12-04 v1.26 LaTeX kernel commands for general use (HO)
)
(C:\Users\kundai\AppData\Local\Programs\MiKTeX\tex/generic/pdftexcmds\pdftexcmd
s.sty
Package: pdftexcmds 2020-06-27 v0.33 Utility functions of pdfTeX for LuaTeX (HO
)
Package pdftexcmds Info: \pdf@primitive is available.
Package pdftexcmds Info: \pdf@ifprimitive is available.
Package pdftexcmds Info: \pdfdraftmode found.
))
(C:\Users\kundai\AppData\Local\Programs\MiKTeX\tex/latex/hycolor\hycolor.sty
Package: hycolor 2020-01-27 v1.10 Color options for hyperref/bookmark (HO)
)
(C:\Users\kundai\AppData\Local\Programs\MiKTeX\tex/latex/letltxmacro\letltxmacr
o.sty
Package: letltxmacro 2019/12/03 v1.6 Let assignment for LaTeX macros (HO)
)
(C:\Users\kundai\AppData\Local\Programs\MiKTeX\tex/latex/auxhook\auxhook.sty
Package: auxhook 2019-12-17 v1.6 Hooks for auxiliary files (HO)
)
(C:\Users\kundai\AppData\Local\Programs\MiKTeX\tex/latex/hyperref\nameref.sty
Package: nameref 2023-11-26 v2.56 Cross-referencing by name of section

(C:\Users\kundai\AppData\Local\Programs\MiKTeX\tex/latex/refcount\refcount.sty
Package: refcount 2019/12/15 v3.6 Data extraction from label references (HO)
)
(C:\Users\kundai\AppData\Local\Programs\MiKTeX\tex/generic/gettitlestring\getti
tlestring.sty
Package: gettitlestring 2019/12/15 v1.6 Cleanup title references (HO)

(C:\Users\kundai\AppData\Local\Programs\MiKTeX\tex/latex/kvoptions\kvoptions.st
y
Package: kvoptions 2022-06-15 v3.15 Key value format for package options (HO)
))

Package nameref Warning: The definition of \label has changed! 
(nameref)                Check your packages! 
(nameref)                Replacing it with the kernel definition on input line 
149.

\c@section@level=\count281
)
(C:\Users\kundai\AppData\Local\Programs\MiKTeX\tex/latex/etoolbox\etoolbox.sty
Package: etoolbox 2020/10/05 v2.5k e-TeX tools for LaTeX (JAW)
\etb@tempcnta=\count282
)
\@linkdim=\dimen151
\Hy@linkcounter=\count283
\Hy@pagecounter=\count284
(C:\Users\kundai\AppData\Local\Programs\MiKTeX\tex/latex/hyperref\pd1enc.def
File: pd1enc.def 2023-11-26 v7.01g Hyperref: PDFDocEncoding definition (HO)
Now handling font encoding PD1 ...
... no UTF-8 mapping file for font encoding PD1
)
(C:\Users\kundai\AppData\Local\Programs\MiKTeX\tex/generic/intcalc\intcalc.sty
Package: intcalc 2019/12/15 v1.3 Expandable calculations with integers (HO)
)
\Hy@SavedSpaceFactor=\count285
(C:\Users\kundai\AppData\Local\Programs\MiKTeX\tex/latex/hyperref\puenc.def
File: puenc.def 2023-11-26 v7.01g Hyperref: PDF Unicode definition (HO)
Now handling font encoding PU ...
... no UTF-8 mapping file for font encoding PU
)
Package hyperref Info: Hyper figures OFF on input line 4181.
Package hyperref Info: Link nesting OFF on input line 4186.
Package hyperref Info: Hyper index ON on input line 4189.
Package hyperref Info: Plain pages OFF on input line 4196.
Package hyperref Info: Backreferencing OFF on input line 4201.
Package hyperref Info: Implicit mode ON; LaTeX internals redefined.
Package hyperref Info: Bookmarks ON on input line 4448.
LaTeX Info: Redefining \href on input line 4697.
\c@Hy@tempcnt=\count286
LaTeX Info: Redefining \url on input line 4786.
\XeTeXLinkMargin=\dimen152

(C:\Users\kundai\AppData\Local\Programs\MiKTeX\tex/generic/bitset\bitset.sty
Package: bitset 2019/12/09 v1.3 Handle bit-vector datatype (HO)

(C:\Users\kundai\AppData\Local\Programs\MiKTeX\tex/generic/bigintcalc\bigintcal
c.sty
Package: bigintcalc 2019/12/15 v1.5 Expandable calculations on big integers (HO
)
))
\Fld@menulength=\count287
\Field@Width=\dimen153
\Fld@charsize=\dimen154
Package hyperref Info: Hyper figures OFF on input line 6065.
Package hyperref Info: Link nesting OFF on input line 6070.
Package hyperref Info: Hyper index ON on input line 6073.
Package hyperref Info: backreferencing OFF on input line 6080.
Package hyperref Info: Link coloring OFF on input line 6085.
Package hyperref Info: Link coloring with OCG OFF on input line 6090.
Package hyperref Info: PDF/A mode OFF on input line 6095.

(C:\Users\kundai\AppData\Local\Programs\MiKTeX\tex/latex/base\atbegshi-ltx.sty
Package: atbegshi-ltx 2021/01/10 v1.0c Emulation of the original atbegshi
package with kernel methods
)
\Hy@abspage=\count288
\c@Item=\count289
\c@Hfootnote=\count290
)
Package hyperref Info: Driver (autodetected): hpdftex.
 (C:\Users\kundai\AppData\Local\Programs\MiKTeX\tex/latex/hyperref\hpdftex.def
File: hpdftex.def 2023-11-26 v7.01g Hyperref driver for pdfTeX

(C:\Users\kundai\AppData\Local\Programs\MiKTeX\tex/latex/base\atveryend-ltx.sty
Package: atveryend-ltx 2020/08/19 v1.0a Emulation of the original atveryend pac
kage
with kernel methods
)
\Fld@listcount=\count291
\c@bookmark@seq@number=\count292

(C:\Users\kundai\AppData\Local\Programs\MiKTeX\tex/latex/rerunfilecheck\rerunfi
lecheck.sty
Package: rerunfilecheck 2025-06-21 v1.11 Rerun checks for auxiliary files (HO)

(C:\Users\kundai\AppData\Local\Programs\MiKTeX\tex/generic/uniquecounter\unique
counter.sty
Package: uniquecounter 2019/12/15 v1.4 Provide unlimited unique counter (HO)
)
Package uniquecounter Info: New unique counter `rerunfilecheck' on input line 2
84.
)
\Hy@SectionHShift=\skip56
)
(C:\Users\kundai\AppData\Local\Programs\MiKTeX\tex/latex/xcolor\xcolor.sty
Package: xcolor 2023/11/15 v3.01 LaTeX color extensions (UK)

(C:\Users\kundai\AppData\Local\Programs\MiKTeX\tex/latex/graphics-cfg\color.cfg
File: color.cfg 2016/01/02 v1.6 sample color configuration
)
Package xcolor Info: Driver file: pdftex.def on input line 274.

(C:\Users\kundai\AppData\Local\Programs\MiKTeX\tex/latex/graphics\mathcolor.ltx
)
Package xcolor Info: Model `cmy' substituted by `cmy0' on input line 1350.
Package xcolor Info: Model `hsb' substituted by `rgb' on input line 1354.
Package xcolor Info: Model `RGB' extended on input line 1366.
Package xcolor Info: Model `HTML' substituted by `rgb' on input line 1368.
Package xcolor Info: Model `Hsb' substituted by `hsb' on input line 1369.
Package xcolor Info: Model `tHsb' substituted by `hsb' on input line 1370.
Package xcolor Info: Model `HSB' substituted by `hsb' on input line 1371.
Package xcolor Info: Model `Gray' substituted by `gray' on input line 1372.
Package xcolor Info: Model `wave' substituted by `hsb' on input line 1373.
)
(C:\Users\kundai\AppData\Local\Programs\MiKTeX\tex/latex/booktabs\booktabs.sty
Package: booktabs 2020/01/12 v1.61803398 Publication quality tables
\heavyrulewidth=\dimen155
\lightrulewidth=\dimen156
\cmidrulewidth=\dimen157
\belowrulesep=\dimen158
\belowbottomsep=\dimen159
\aboverulesep=\dimen160
\abovetopsep=\dimen161
\cmidrulesep=\dimen162
\cmidrulekern=\dimen163
\defaultaddspace=\dimen164
\@cmidla=\count293
\@cmidlb=\count294
\@aboverulesep=\dimen165
\@belowrulesep=\dimen166
\@thisruleclass=\count295
\@lastruleclass=\count296
\@thisrulewidth=\dimen167
) (C:\Users\kundai\AppData\Local\Programs\MiKTeX\tex/latex/siunitx\siunitx.sty
Package: siunitx 2025-07-09 v3.4.14 A comprehensive (SI) units package
\l__siunitx_number_uncert_offset_int=\count297
\l__siunitx_number_exponent_fixed_int=\count298
\l__siunitx_number_min_decimal_int=\count299
\l__siunitx_number_min_integer_int=\count300
\l__siunitx_number_round_precision_int=\count301
\l__siunitx_number_lower_threshold_int=\count302
\l__siunitx_number_upper_threshold_int=\count303
\l__siunitx_number_group_first_int=\count304
\l__siunitx_number_group_size_int=\count305
\l__siunitx_number_group_minimum_int=\count306
\l__siunitx_angle_tmp_dim=\dimen168
\l__siunitx_angle_marker_box=\box68
\l__siunitx_angle_unit_box=\box69
\l__siunitx_compound_count_int=\count307

(C:\Users\kundai\AppData\Local\Programs\MiKTeX\tex/latex/translations\translati
ons.sty
Package: translations 2022/02/05 v1.12 internationalization of LaTeX2e packages
 (CN)
)
\l__siunitx_table_tmp_box=\box70
\l__siunitx_table_tmp_dim=\dimen169
\l__siunitx_table_column_width_dim=\dimen170
\l__siunitx_table_integer_box=\box71
\l__siunitx_table_decimal_box=\box72
\l__siunitx_table_uncert_box=\box73
\l__siunitx_table_before_box=\box74
\l__siunitx_table_after_box=\box75
\l__siunitx_table_before_dim=\dimen171
\l__siunitx_table_carry_dim=\dimen172
\l__siunitx_unit_tmp_int=\count308
\l__siunitx_unit_position_int=\count309
\l__siunitx_unit_total_int=\count310

(C:\Users\kundai\AppData\Local\Programs\MiKTeX\tex/latex/tools\array.sty
Package: array 2023/10/16 v2.5g Tabular extension package (FMi)
\col@sep=\dimen173
\ar@mcellbox=\box76
\extrarowheight=\dimen174
\NC@list=\toks26
\extratabsurround=\skip57
\backup@length=\skip58
\ar@cellbox=\box77
))
(C:\Users\kundai\AppData\Local\Programs\MiKTeX\tex/latex/mhchem\mhchem.sty
Package: mhchem 2024/01/29 v4.10 for typesetting chemical formulae

(C:\Users\kundai\AppData\Local\Programs\MiKTeX\tex/latex/l3kernel\expl3.sty
Package: expl3 2024-01-04 L3 programming layer (loader) 

(C:\Users\kundai\AppData\Local\Programs\MiKTeX\tex/latex/l3backend\l3backend-pd
ftex.def
File: l3backend-pdftex.def 2024-01-04 L3 backend support: PDF output (pdfTeX)
\l__color_backend_stack_int=\count311
\l__pdf_internal_box=\box78
))
(C:\Users\kundai\AppData\Local\Programs\MiKTeX\tex/latex/l3packages/l3keys2e\l3
keys2e.sty
Package: l3keys2e 2023-10-10 LaTeX2e option processing using LaTeX3 keys
)
(C:\Users\kundai\AppData\Local\Programs\MiKTeX\tex/latex/tools\calc.sty
Package: calc 2023/07/08 v4.3 Infix arithmetic (KKT,FJ)
\calc@Acount=\count312
\calc@Bcount=\count313
\calc@Adimen=\dimen175
\calc@Bdimen=\dimen176
\calc@Askip=\skip59
\calc@Bskip=\skip60
LaTeX Info: Redefining \setlength on input line 80.
LaTeX Info: Redefining \addtolength on input line 81.
\calc@Ccount=\count314
\calc@Cskip=\skip61
)
(C:\Users\kundai\AppData\Local\Programs\MiKTeX\tex/latex/chemgreek\chemgreek.st
y
(C:\Users\kundai\AppData\Local\Programs\MiKTeX\tex/latex/l3packages/xparse\xpar
se.sty
Package: xparse 2023-10-10 L3 Experimental document command parser
)
Package: chemgreek 2020/01/16 v1.1a interface for upright Greek letters for use
 in chemistry (CN)
\l__chemgreek_tmpa_int=\count315
\g__chemgreek_tmpa_int=\count316
)
\l__mhchem_ce_distanceFromLastComma_int=\count317
\__mhchem_arrow_extPgfLength_skip=\skip62
\mhchem@minispace@tmp=\skip63
\mhchem@minibackspace@tmp=\skip64
\mhchem@bondwidth=\skip65
\mhchem@bondheight=\skip66
\mhchem@smallbondwidth@tmpA=\skip67
\mhchem@smallbondwidth@tmpB=\skip68
\mhchem@smallbondwidth=\skip69
\mhchem@bondtmp@minussidebearingleft=\skip70
\mhchem@bondtmp@minussidebearingright=\skip71
\l__mhchem_option_version_int=\count318
\mhchem@option@minusmathsidebearingleft=\dimen177
\mhchem@option@minusmathsidebearingright=\dimen178
\mhchem@option@minustextsidebearingleft=\dimen179
\mhchem@option@minustextsidebearingright=\dimen180
)
(C:\Users\kundai\AppData\Local\Programs\MiKTeX\tex/latex/mathtools\mathtools.st
y
Package: mathtools 2024/10/04 v1.31 mathematical typesetting tools

(C:\Users\kundai\AppData\Local\Programs\MiKTeX\tex/latex/mathtools\mhsetup.sty
Package: mhsetup 2021/03/18 v1.4 programming setup (MH)
)
\g_MT_multlinerow_int=\count319
\l_MT_multwidth_dim=\dimen181
\origjot=\skip72
\l_MT_shortvdotswithinadjustabove_dim=\dimen182
\l_MT_shortvdotswithinadjustbelow_dim=\dimen183
\l_MT_above_intertext_sep=\dimen184
\l_MT_below_intertext_sep=\dimen185
\l_MT_above_shortintertext_sep=\dimen186
\l_MT_below_shortintertext_sep=\dimen187
\xmathstrut@box=\box79
\xmathstrut@dim=\dimen188
) (C:\Users\kundai\AppData\Local\Programs\MiKTeX\tex/latex/physics\physics.sty
Package: physics 
)
Class revtex4-2 Info: Unrecognized array package. Please update this document c
lass! (Proceeding with fingers crossed.) on input line 30.
Class revtex4-2 Info: cite was not loaded (OK!) on input line 30.
Class revtex4-2 Info: mcite was not loaded (OK!) on input line 30.
Class revtex4-2 Info: multicol was not loaded (OK!) on input line 30.
Package translations Info: No language package found. I am going to use `englis
h' as default language. on input line 30.
(carbonic-anhydrase-II-mechanism.aux)
\openout1 = `carbonic-anhydrase-II-mechanism.aux'.

LaTeX Font Info:    Checking defaults for OML/cmm/m/it on input line 30.
LaTeX Font Info:    ... okay on input line 30.
LaTeX Font Info:    Checking defaults for OMS/cmsy/m/n on input line 30.
LaTeX Font Info:    ... okay on input line 30.
LaTeX Font Info:    Checking defaults for OT1/cmr/m/n on input line 30.
LaTeX Font Info:    ... okay on input line 30.
LaTeX Font Info:    Checking defaults for T1/cmr/m/n on input line 30.
LaTeX Font Info:    ... okay on input line 30.
LaTeX Font Info:    Checking defaults for TS1/cmr/m/n on input line 30.
LaTeX Font Info:    ... okay on input line 30.
LaTeX Font Info:    Checking defaults for OMX/cmex/m/n on input line 30.
LaTeX Font Info:    ... okay on input line 30.
LaTeX Font Info:    Checking defaults for U/cmr/m/n on input line 30.
LaTeX Font Info:    ... okay on input line 30.
LaTeX Font Info:    Checking defaults for PD1/pdf/m/n on input line 30.
LaTeX Font Info:    ... okay on input line 30.
LaTeX Font Info:    Checking defaults for PU/pdf/m/n on input line 30.
LaTeX Font Info:    ... okay on input line 30.

(C:\Users\kundai\AppData\Local\Programs\MiKTeX\tex/context/base/mkii\supp-pdf.m
kii
[Loading MPS to PDF converter (version 2006.09.02).]
\scratchcounter=\count320
\scratchdimen=\dimen189
\scratchbox=\box80
\nofMPsegments=\count321
\nofMParguments=\count322
\everyMPshowfont=\toks27
\MPscratchCnt=\count323
\MPscratchDim=\dimen190
\MPnumerator=\count324
\makeMPintoPDFobject=\count325
\everyMPtoPDFconversion=\toks28
)
(C:\Users\kundai\AppData\Local\Programs\MiKTeX\tex/latex/epstopdf-pkg\epstopdf-
base.sty
Package: epstopdf-base 2020-01-24 v2.11 Base part for package epstopdf
Package epstopdf-base Info: Redefining graphics rule for `.eps' on input line 4
85.

(C:\Users\kundai\AppData\Local\Programs\MiKTeX\tex/latex/00miktex\epstopdf-sys.
cfg
File: epstopdf-sys.cfg 2021/03/18 v2.0 Configuration of epstopdf for MiKTeX
))
Package hyperref Info: Link coloring OFF on input line 30.
 (carbonic-anhydrase-II-mechanism.out)
(carbonic-anhydrase-II-mechanism.out)
\@outlinefile=\write4
\openout4 = `carbonic-anhydrase-II-mechanism.out'.



Package siunitx Warning: Detected the "physics" package:
(siunitx)                omitting definition of \qty.
(siunitx)                
(siunitx)                If you want to use \qty with the siunitx definition,
(siunitx)                add 
(siunitx)                
(siunitx)                    \AtBeginDocument{\RenewCommandCopy\qty\SI}
(siunitx)                
(siunitx)                to your preamble.


(C:\Users\kundai\AppData\Local\Programs\MiKTeX\tex/latex/translations/dicts\tra
nslations-basic-dictionary-english.trsl
File: translations-basic-dictionary-english.trsl (english translation file `tra
nslations-basic-dictionary')
)
Package translations Info: loading dictionary `translations-basic-dictionary' f
or `english'. on input line 30.

Package chemgreek Info: Activating mapping `default' on line 30.

Class revtex4-2 Info: Taking \maketitle back from hyperref on input line 30.
\openout3 = `carbonic-anhydrase-II-mechanismNotes.bib'.

LaTeX Font Info:    Trying to load font information for U+msa on input line 42.


(C:\Users\kundai\AppData\Local\Programs\MiKTeX\tex/latex/amsfonts\umsa.fd
File: umsa.fd 2013/01/14 v3.01 AMS symbols A
)
LaTeX Font Info:    Trying to load font information for U+msb on input line 42.


(C:\Users\kundai\AppData\Local\Programs\MiKTeX\tex/latex/amsfonts\umsb.fd
File: umsb.fd 2013/01/14 v3.01 AMS symbols B
)

Package hyperref Warning: Token not allowed in a PDF string (Unicode):
(hyperref)                removing `\\' on input line 46.


Package natbib Warning: Citation `Wolfenden1999' on page 1 undefined on input l
ine 55.


Package natbib Warning: Citation `Pauling1946' on page 1 undefined on input lin
e 55.


Package natbib Warning: Citation `Fersht1999' on page 1 undefined on input line
 55.


Package natbib Warning: Citation `Warshel1998' on page 1 undefined on input lin
e 67.


Package natbib Warning: Citation `Garcia-Viloca2004' on page 1 undefined on inp
ut line 67.


Package natbib Warning: Citation `Kamerlin2010' on page 1 undefined on input li
ne 67.


Package natbib Warning: Citation `Warshel1998' on page 1 undefined on input lin
e 69.


Package natbib Warning: Citation `Kamerlin2010' on page 1 undefined on input li
ne 69.


Package natbib Warning: Citation `Kohen2015' on page 1 undefined on input line 
69.


Package natbib Warning: Citation `Nagel2006' on page 1 undefined on input line 
69.


Package natbib Warning: Citation `Krishnamurthy2008' on page 1 undefined on inp
ut line 78.


Package natbib Warning: Citation `Liljas1972' on page 1 undefined on input line
 78.


Package natbib Warning: Citation `Krishnamurthy2008' on page 1 undefined on inp
ut line 80.


Package natbib Warning: Citation `Tu1989' on page 1 undefined on input line 86.



Package natbib Warning: Citation `Maupin2009' on page 1 undefined on input line
 86.


Package natbib Warning: Citation `Mikulski2010' on page 1 undefined on input li
ne 86.

[1{C:/Users/kundai/AppData/Local/MiKTeX/fonts/map/pdftex/pdftex.map}]

Package natbib Warning: Citation `Sachikonye2025' on page 2 undefined on input 
line 92.


Package natbib Warning: Citation `Sachikonye2025' on page 2 undefined on input 
line 104.

<enzyme_categorical_panel.png, id=196, 1022.6205pt x 1020.4524pt>
File: enzyme_categorical_panel.png Graphic file (type png)
<use enzyme_categorical_panel.png>
Package pdftex.def Info: enzyme_categorical_panel.png  used on input line 122.
(pdftex.def)             Requested size: 484.49844pt x 483.47426pt.

Package natbib Warning: Citation `Heisenberg1927' on page 2 undefined on input 
line 129.


Package natbib Warning: Citation `Aharonov1988' on page 2 undefined on input li
ne 139.


Package natbib Warning: Citation `Dressel2014' on page 2 undefined on input lin
e 139.


Package natbib Warning: Citation `Ozawa2003' on page 2 undefined on input line 
139.


Package natbib Warning: Citation `Rozema2012' on page 2 undefined on input line
 139.


Package natbib Warning: Citation `Erhart2012' on page 2 undefined on input line
 139.

! Undefined control sequence.
l.154 \calM = \mathbb{R}^{3N} \times \calQ
                                           \times \calF
The control sequence at the end of the top line
of your error message was never \def'ed. If you have
misspelled it (e.g., `\hobx'), type `I' and the correct
spelling (e.g., `I\hbox'). Otherwise just continue,
and I'll forget about whatever was undefined.

! Undefined control sequence.
l.154 ...\mathbb{R}^{3N} \times \calQ \times \calF
                                                  
The control sequence at the end of the top line
of your error message was never \def'ed. If you have
misspelled it (e.g., `\hobx'), type `I' and the correct
spelling (e.g., `I\hbox'). Otherwise just continue,
and I'll forget about whatever was undefined.

[2] [3 <./enzyme_categorical_panel.png>]
! Undefined control sequence.
<recently read> \calQ 
                      
l.157 ... spatial coordinates of $N$ atoms, $\calQ
                                                  $ represents charge distri...
The control sequence at the end of the top line
of your error message was never \def'ed. If you have
misspelled it (e.g., `\hobx'), type `I' and the correct
spelling (e.g., `I\hbox'). Otherwise just continue,
and I'll forget about whatever was undefined.

! Undefined control sequence.
<recently read> \calF 
                      
l.157 ...nd order and oxidation state), and $\calF
                                                  $ represents functional gr...
The control sequence at the end of the top line
of your error message was never \def'ed. If you have
misspelled it (e.g., `\hobx'), type `I' and the correct
spelling (e.g., `I\hbox'). Otherwise just continue,
and I'll forget about whatever was undefined.


Underfull \hbox (badness 1248) in paragraph at lines 171--172
\OT1/cmr/m/n/10 that par-ti-tions con-fig-u-ra-tion space into ``pass'' and
 []

<aperture_as_field_panel.png, id=218, 1148.6112pt x 857.604pt>
File: aperture_as_field_panel.png Graphic file (type png)
<use aperture_as_field_panel.png>
Package pdftex.def Info: aperture_as_field_panel.png  used on input line 191.
(pdftex.def)             Requested size: 484.49844pt x 361.74846pt.

Package natbib Warning: Citation `Pikovsky2001' on page 4 undefined on input li
ne 199.


Package natbib Warning: Citation `Strogatz2000' on page 4 undefined on input li
ne 199.


Overfull \hbox (17.22769pt too wide) detected at line 210
[]
 []

<figure6_phase_locked_selection_detailed.png, id=219, 1149.093pt x 715.2321pt>
File: figure6_phase_locked_selection_detailed.png Graphic file (type png)
<use figure6_phase_locked_selection_detailed.png>
Package pdftex.def Info: figure6_phase_locked_selection_detailed.png  used on i
nput line 218.
(pdftex.def)             Requested size: 484.49844pt x 301.5741pt.

Package natbib Warning: Citation `Gao2010' on page 4 undefined on input line 23
3.


Underfull \hbox (badness 3009) in paragraph at lines 237--238
 []$\OML/cmm/m/it/10 C[] \OMS/cmsy/m/n/10 ! \OML/cmm/m/it/10 C[]$\OT1/cmr/m/n/1
0 : $[][][]$ bind-ing (add
 []

[4] [5 <./aperture_as_field_panel.png>]

Package natbib Warning: Citation `Maupin2009' on page 6 undefined on input line
 279.


Package natbib Warning: Citation `Ozawa2003' on page 6 undefined on input line 
284.


Underfull \hbox (badness 1286) in paragraph at lines 284--285
\OT1/cmr/m/n/10 Heisen-berg un-cer-tainty re-la-tion (Eq. []7[]). How-ever,
 []

[6 <./figure6_phase_locked_selection_detailed.png>]

Package natbib Warning: Citation `Kuramoto1984' on page 7 undefined on input li
ne 374.


Overfull \hbox (2.9769pt too wide) in paragraph at lines 391--404
 []$[]$ 
 []

[7]
<sufficient_inclusions_panel.png, id=284, 1147.6476pt x 858.3267pt>
File: sufficient_inclusions_panel.png Graphic file (type png)
<use sufficient_inclusions_panel.png>
Package pdftex.def Info: sufficient_inclusions_panel.png  used on input line 48
0.
(pdftex.def)             Requested size: 484.49844pt x 362.35452pt.


LaTeX Warning: Reference `fig:trajectory' on page 8 undefined on input line 492
.


LaTeX Warning: `h' float specifier changed to `ht'.

<figure1_trajectory.png, id=286, 500.5902pt x 428.3202pt>
File: figure1_trajectory.png Graphic file (type png)
<use figure1_trajectory.png>
Package pdftex.def Info: figure1_trajectory.png  used on input line 532.
(pdftex.def)             Requested size: 484.49844pt x 414.56818pt.

Overfull \hbox (9.34167pt too wide) in paragraph at lines 545--555
 []$[]$ 
 []

[8] [9 <./sufficient_inclusions_panel.png>]
Overfull \hbox (16.76646pt too wide) detected at line 604
[][][][] \OT1/cmr/m/n/10 = \OML/cmm/m/it/10 n[] \OMS/cmsy/m/n/10 ^^B [] \OT1/cm
r/m/n/10 = 25 \OMS/cmsy/m/n/10 ^^B \OT1/cmr/m/n/10 349 \OMS/cmsy/m/n/10 ^^Y \OT
1/cmr/m/n/10 8[]700
 []

<figure2_backaction.png, id=308, 500.5902pt x 428.3202pt>
File: figure2_backaction.png Graphic file (type png)
<use figure2_backaction.png>
Package pdftex.def Info: figure2_backaction.png  used on input line 608.
(pdftex.def)             Requested size: 484.49844pt x 414.56818pt.

Overfull \hbox (53.68057pt too wide) in paragraph at lines 627--640
 []$[]$ 
 []


LaTeX Warning: `h' float specifier changed to `ht'.

[10 <./figure1_trajectory.png>]
<figure3_coherence.png, id=318, 500.5902pt x 428.3202pt>
File: figure3_coherence.png Graphic file (type png)
<use figure3_coherence.png>
Package pdftex.def Info: figure3_coherence.png  used on input line 648.
(pdftex.def)             Requested size: 484.49844pt x 414.56818pt.

Overfull \hbox (19.09367pt too wide) in paragraph at lines 671--683
 []$[]$ 
 []

[11 <./figure2_backaction.png>]

LaTeX Warning: `h' float specifier changed to `ht'.


Package natbib Warning: Citation `Tu1989' on page 12 undefined on input line 68
5.


Package natbib Warning: Citation `Maupin2009' on page 12 undefined on input lin
e 685.

<figure4_aperture.png, id=330, 500.5902pt x 428.3202pt>
File: figure4_aperture.png Graphic file (type png)
<use figure4_aperture.png>
Package pdftex.def Info: figure4_aperture.png  used on input line 689.
(pdftex.def)             Requested size: 484.49844pt x 414.56818pt.

Overfull \hbox (65.9476pt too wide) in paragraph at lines 702--713
 []$[]$ 
 []


LaTeX Warning: `h' float specifier changed to `ht'.

[12 <./figure3_coherence.png>]
<isoform_paradox_panel.png, id=338, 1147.6476pt x 858.5676pt>
File: isoform_paradox_panel.png Graphic file (type png)
<use isoform_paradox_panel.png>
Package pdftex.def Info: isoform_paradox_panel.png  used on input line 724.
(pdftex.def)             Requested size: 484.49844pt x 362.45622pt.


! LaTeX Error: Unicode character ≈ (U+2248)
               not set up for use with LaTeX.

See the LaTeX manual or LaTeX Companion for explanation.
Type  H <return>  for immediate help.
 ...                                              
                                                  
l.725 ...000 confirms charge-function decoupling.}
                                                  
You may provide a definition with
\DeclareUnicodeCharacter 


! LaTeX Error: Unicode character ≈ (U+2248)
               not set up for use with LaTeX.

See the LaTeX manual or LaTeX Companion for explanation.
Type  H <return>  for immediate help.
 ...                                              
                                                  
l.725 ...000 confirms charge-function decoupling.}
                                                  
You may provide a definition with
\DeclareUnicodeCharacter 


Package natbib Warning: Citation `Pauling1946' on page 13 undefined on input li
ne 736.


Package natbib Warning: Citation `Fersht1999' on page 13 undefined on input lin
e 736.


Underfull \hbox (badness 1708) in paragraph at lines 738--739
[]\OT1/cmr/m/n/10 Our re-sults sug-gest an al-ter-na-tive in-ter-pre-ta-tion:
 []

[13 <./figure4_aperture.png>] [14 <./isoform_paradox_panel.png>]

LaTeX Warning: A float is stuck (cannot be placed); try class option [floatfix]
 on input line 752.


Underfull \hbox (badness 1087) in paragraph at lines 792--793
\OT1/cmr/m/n/10 those that don't are blocked. There is no ``de-ci-
 []


Package natbib Warning: Citation `Warshel1998' on page 15 undefined on input li
ne 798.


Package natbib Warning: Citation `Kamerlin2010' on page 15 undefined on input l
ine 800.


Package natbib Warning: Citation `Kohen2015' on page 15 undefined on input line
 800.

[15]
<unified_function_panel.png, id=366, 1147.6476pt x 858.3267pt>
File: unified_function_panel.png Graphic file (type png)
<use unified_function_panel.png>
Package pdftex.def Info: unified_function_panel.png  used on input line 824.
(pdftex.def)             Requested size: 484.49844pt x 362.35452pt.

Underfull \hbox (badness 1946) in paragraph at lines 864--865
[]\OT1/cmr/bx/n/10 (6) De-sign im-pli-ca-tions: \OT1/cmr/m/n/10 En-zyme en-gi-n
eer-ing
 []


Underfull \hbox (badness 4291) in paragraph at lines 877--879
[]\OT1/cmr/m/n/10 All com-pu-ta-tional im-ple-men-ta-tions, ex-per-i-men-tal
 []


Overfull \hbox (80.03949pt too wide) in paragraph at lines 882--883
 []\OT1/cmtt/m/n/14.4 https://github.com/fullscreen-triangle/hegel[] 
 []

(carbonic-anhydrase-II-mechanism.bbl [16])

Package natbib Warning: There were undefined citations.

[17 <./unified_function_panel.png>] (carbonic-anhydrase-II-mechanism.aux)
 ***********
LaTeX2e <2023-11-01> patch level 1
L3 programming layer <2024-01-04>
 ***********


LaTeX Warning: There were undefined references.


LaTeX Warning: Label(s) may have changed. Rerun to get cross-references right.


Package rerunfilecheck Warning: File `carbonic-anhydrase-II-mechanism.out' has 
changed.
(rerunfilecheck)                Rerun to get outlines right
(rerunfilecheck)                or use package `bookmark'.

Package rerunfilecheck Info: Checksums for `carbonic-anhydrase-II-mechanism.out
':
(rerunfilecheck)             Before: 6C47FDCCD150C74189ECD61AE8F85D86;7399
(rerunfilecheck)             After:  1FC4793F3468F6D53F76F12984054BB4;7594.
 ) 
Here is how much of TeX's memory you used:
 18609 strings out of 474486
 352403 string characters out of 5743283
 1965542 words of memory out of 5000000
 40545 multiletter control sequences out of 15000+600000
 572375 words of font info for 88 fonts, out of 8000000 for 9000
 1141 hyphenation exceptions out of 8191
 75i,22n,79p,1860b,1203s stack positions out of 10000i,1000n,20000p,200000b,200000s
 <C:\Users\kundai\AppData\Local\MiKTeX\fonts/pk/ljfour/jknappen/ec/dpi600\tcr
m0900.pk> <C:\Users\kundai\AppData\Local\MiKTeX\fonts/pk/ljfour/jknappen/ec/dpi
600\tcrm1000.pk><C:/Users/kundai/AppData/Local/Programs/MiKTeX/fonts/type1/publ
ic/amsfonts/cm/cmbx10.pfb><C:/Users/kundai/AppData/Local/Programs/MiKTeX/fonts/
type1/public/amsfonts/cm/cmbx12.pfb><C:/Users/kundai/AppData/Local/Programs/MiK
TeX/fonts/type1/public/amsfonts/cm/cmbx6.pfb><C:/Users/kundai/AppData/Local/Pro
grams/MiKTeX/fonts/type1/public/amsfonts/cm/cmbx9.pfb><C:/Users/kundai/AppData/
Local/Programs/MiKTeX/fonts/type1/public/amsfonts/cm/cmex10.pfb><C:/Users/kunda
i/AppData/Local/Programs/MiKTeX/fonts/type1/public/amsfonts/cm/cmmi10.pfb><C:/U
sers/kundai/AppData/Local/Programs/MiKTeX/fonts/type1/public/amsfonts/cm/cmmi5.
pfb><C:/Users/kundai/AppData/Local/Programs/MiKTeX/fonts/type1/public/amsfonts/
cm/cmmi6.pfb><C:/Users/kundai/AppData/Local/Programs/MiKTeX/fonts/type1/public/
amsfonts/cm/cmmi7.pfb><C:/Users/kundai/AppData/Local/Programs/MiKTeX/fonts/type
1/public/amsfonts/cm/cmmi9.pfb><C:/Users/kundai/AppData/Local/Programs/MiKTeX/f
onts/type1/public/amsfonts/cm/cmr10.pfb><C:/Users/kundai/AppData/Local/Programs
/MiKTeX/fonts/type1/public/amsfonts/cm/cmr6.pfb><C:/Users/kundai/AppData/Local/
Programs/MiKTeX/fonts/type1/public/amsfonts/cm/cmr7.pfb><C:/Users/kundai/AppDat
a/Local/Programs/MiKTeX/fonts/type1/public/amsfonts/cm/cmr8.pfb><C:/Users/kunda
i/AppData/Local/Programs/MiKTeX/fonts/type1/public/amsfonts/cm/cmr9.pfb><C:/Use
rs/kundai/AppData/Local/Programs/MiKTeX/fonts/type1/public/amsfonts/cm/cmsy10.p
fb><C:/Users/kundai/AppData/Local/Programs/MiKTeX/fonts/type1/public/amsfonts/c
m/cmsy6.pfb><C:/Users/kundai/AppData/Local/Programs/MiKTeX/fonts/type1/public/a
msfonts/cm/cmsy7.pfb><C:/Users/kundai/AppData/Local/Programs/MiKTeX/fonts/type1
/public/amsfonts/cm/cmsy9.pfb><C:/Users/kundai/AppData/Local/Programs/MiKTeX/fo
nts/type1/public/amsfonts/cm/cmti10.pfb><C:/Users/kundai/AppData/Local/Programs
/MiKTeX/fonts/type1/public/amsfonts/cm/cmti9.pfb><C:/Users/kundai/AppData/Local
/Programs/MiKTeX/fonts/type1/public/amsfonts/cm/cmtt12.pfb><C:/Users/kundai/App
Data/Local/Programs/MiKTeX/fonts/type1/public/amsfonts/symbols/msbm10.pfb>
Output written on carbonic-anhydrase-II-mechanism.pdf (17 pages, 6248007 bytes)
.
PDF statistics:
 523 PDF objects out of 1000 (max. 8388607)
 137 named destinations out of 1000 (max. 500000)
 363 words of extra memory for PDF output out of 10000 (max. 10000000)

