This is pdfTeX, Version 3.141592653-2.6-1.40.25 (MiKTeX 24.1) (preloaded format=pdflatex 2025.7.27)  19 DEC 2025 17:09
entering extended mode
 restricted \write18 enabled.
 %&-line parsing enabled.
**./derivation-of-physics-from-principles.tex
(derivation-of-physics-from-principles.tex
LaTeX2e <2023-11-01> patch level 1
L3 programming layer <2024-01-04>
(C:\Users\kundai\AppData\Local\Programs\MiKTeX\tex/latex/base\article.cls
Document Class: article 2023/05/17 v1.4n Standard LaTeX document class
(C:\Users\kundai\AppData\Local\Programs\MiKTeX\tex/latex/base\size11.clo
File: size11.clo 2023/05/17 v1.4n Standard LaTeX file (size option)
)
\c@part=\count187
\c@section=\count188
\c@subsection=\count189
\c@subsubsection=\count190
\c@paragraph=\count191
\c@subparagraph=\count192
\c@figure=\count193
\c@table=\count194
\abovecaptionskip=\skip48
\belowcaptionskip=\skip49
\bibindent=\dimen140
)
(C:\Users\kundai\AppData\Local\Programs\MiKTeX\tex/latex/base\inputenc.sty
Package: inputenc 2021/02/14 v1.3d Input encoding file
\inpenc@prehook=\toks17
\inpenc@posthook=\toks18
)
(C:\Users\kundai\AppData\Local\Programs\MiKTeX\tex/latex/base\fontenc.sty
Package: fontenc 2021/04/29 v2.0v Standard LaTeX package
)
(C:\Users\kundai\AppData\Local\Programs\MiKTeX\tex/latex/amsmath\amsmath.sty
Package: amsmath 2023/05/13 v2.17o AMS math features
\@mathmargin=\skip50

For additional information on amsmath, use the `?' option.
(C:\Users\kundai\AppData\Local\Programs\MiKTeX\tex/latex/amsmath\amstext.sty
Package: amstext 2021/08/26 v2.01 AMS text

(C:\Users\kundai\AppData\Local\Programs\MiKTeX\tex/latex/amsmath\amsgen.sty
File: amsgen.sty 1999/11/30 v2.0 generic functions
\@emptytoks=\toks19
\ex@=\dimen141
))
(C:\Users\kundai\AppData\Local\Programs\MiKTeX\tex/latex/amsmath\amsbsy.sty
Package: amsbsy 1999/11/29 v1.2d Bold Symbols
\pmbraise@=\dimen142
)
(C:\Users\kundai\AppData\Local\Programs\MiKTeX\tex/latex/amsmath\amsopn.sty
Package: amsopn 2022/04/08 v2.04 operator names
)
\inf@bad=\count195
LaTeX Info: Redefining \frac on input line 234.
\uproot@=\count196
\leftroot@=\count197
LaTeX Info: Redefining \overline on input line 399.
LaTeX Info: Redefining \colon on input line 410.
\classnum@=\count198
\DOTSCASE@=\count199
LaTeX Info: Redefining \ldots on input line 496.
LaTeX Info: Redefining \dots on input line 499.
LaTeX Info: Redefining \cdots on input line 620.
\Mathstrutbox@=\box51
\strutbox@=\box52
LaTeX Info: Redefining \big on input line 722.
LaTeX Info: Redefining \Big on input line 723.
LaTeX Info: Redefining \bigg on input line 724.
LaTeX Info: Redefining \Bigg on input line 725.
\big@size=\dimen143
LaTeX Font Info:    Redeclaring font encoding OML on input line 743.
LaTeX Font Info:    Redeclaring font encoding OMS on input line 744.
\macc@depth=\count266
LaTeX Info: Redefining \bmod on input line 905.
LaTeX Info: Redefining \pmod on input line 910.
LaTeX Info: Redefining \smash on input line 940.
LaTeX Info: Redefining \relbar on input line 970.
LaTeX Info: Redefining \Relbar on input line 971.
\c@MaxMatrixCols=\count267
\dotsspace@=\muskip16
\c@parentequation=\count268
\dspbrk@lvl=\count269
\tag@help=\toks20
\row@=\count270
\column@=\count271
\maxfields@=\count272
\andhelp@=\toks21
\eqnshift@=\dimen144
\alignsep@=\dimen145
\tagshift@=\dimen146
\tagwidth@=\dimen147
\totwidth@=\dimen148
\lineht@=\dimen149
\@envbody=\toks22
\multlinegap=\skip51
\multlinetaggap=\skip52
\mathdisplay@stack=\toks23
LaTeX Info: Redefining \[ on input line 2953.
LaTeX Info: Redefining \] on input line 2954.
)
(C:\Users\kundai\AppData\Local\Programs\MiKTeX\tex/latex/amsfonts\amssymb.sty
Package: amssymb 2013/01/14 v3.01 AMS font symbols

(C:\Users\kundai\AppData\Local\Programs\MiKTeX\tex/latex/amsfonts\amsfonts.sty
Package: amsfonts 2013/01/14 v3.01 Basic AMSFonts support
\symAMSa=\mathgroup4
\symAMSb=\mathgroup5
LaTeX Font Info:    Redeclaring math symbol \hbar on input line 98.
LaTeX Font Info:    Overwriting math alphabet `\mathfrak' in version `bold'
(Font)                  U/euf/m/n --> U/euf/b/n on input line 106.
)) (C:\Users\kundai\AppData\Local\Programs\MiKTeX\tex/latex/amscls\amsthm.sty
Package: amsthm 2020/05/29 v2.20.6
\thm@style=\toks24
\thm@bodyfont=\toks25
\thm@headfont=\toks26
\thm@notefont=\toks27
\thm@headpunct=\toks28
\thm@preskip=\skip53
\thm@postskip=\skip54
\thm@headsep=\skip55
\dth@everypar=\toks29
)
(C:\Users\kundai\AppData\Local\Programs\MiKTeX\tex/latex/geometry\geometry.sty
Package: geometry 2020/01/02 v5.9 Page Geometry

(C:\Users\kundai\AppData\Local\Programs\MiKTeX\tex/latex/graphics\keyval.sty
Package: keyval 2022/05/29 v1.15 key=value parser (DPC)
\KV@toks@=\toks30
)
(C:\Users\kundai\AppData\Local\Programs\MiKTeX\tex/generic/iftex\ifvtex.sty
Package: ifvtex 2019/10/25 v1.7 ifvtex legacy package. Use iftex instead.

(C:\Users\kundai\AppData\Local\Programs\MiKTeX\tex/generic/iftex\iftex.sty
Package: iftex 2022/02/03 v1.0f TeX engine tests
))
\Gm@cnth=\count273
\Gm@cntv=\count274
\c@Gm@tempcnt=\count275
\Gm@bindingoffset=\dimen150
\Gm@wd@mp=\dimen151
\Gm@odd@mp=\dimen152
\Gm@even@mp=\dimen153
\Gm@layoutwidth=\dimen154
\Gm@layoutheight=\dimen155
\Gm@layouthoffset=\dimen156
\Gm@layoutvoffset=\dimen157
\Gm@dimlist=\toks31

(C:\Users\kundai\AppData\Local\Programs\MiKTeX\tex/latex/geometry\geometry.cfg)
)
(C:\Users\kundai\AppData\Local\Programs\MiKTeX\tex/latex/graphics\graphicx.sty
Package: graphicx 2021/09/16 v1.2d Enhanced LaTeX Graphics (DPC,SPQR)

(C:\Users\kundai\AppData\Local\Programs\MiKTeX\tex/latex/graphics\graphics.sty
Package: graphics 2022/03/10 v1.4e Standard LaTeX Graphics (DPC,SPQR)

(C:\Users\kundai\AppData\Local\Programs\MiKTeX\tex/latex/graphics\trig.sty
Package: trig 2021/08/11 v1.11 sin cos tan (DPC)
)
(C:\Users\kundai\AppData\Local\Programs\MiKTeX\tex/latex/graphics-cfg\graphics.
cfg
File: graphics.cfg 2016/06/04 v1.11 sample graphics configuration
)
Package graphics Info: Driver file: pdftex.def on input line 107.

(C:\Users\kundai\AppData\Local\Programs\MiKTeX\tex/latex/graphics-def\pdftex.de
f
File: pdftex.def 2022/09/22 v1.2b Graphics/color driver for pdftex
))
\Gin@req@height=\dimen158
\Gin@req@width=\dimen159
) (C:\Users\kundai\AppData\Local\Programs\MiKTeX\tex/latex/float\float.sty
Package: float 2001/11/08 v1.3d Float enhancements (AL)
\c@float@type=\count276
\float@exts=\toks32
\float@box=\box53
\@float@everytoks=\toks33
\@floatcapt=\box54
)
(C:\Users\kundai\AppData\Local\Programs\MiKTeX\tex/latex/booktabs\booktabs.sty
Package: booktabs 2020/01/12 v1.61803398 Publication quality tables
\heavyrulewidth=\dimen160
\lightrulewidth=\dimen161
\cmidrulewidth=\dimen162
\belowrulesep=\dimen163
\belowbottomsep=\dimen164
\aboverulesep=\dimen165
\abovetopsep=\dimen166
\cmidrulesep=\dimen167
\cmidrulekern=\dimen168
\defaultaddspace=\dimen169
\@cmidla=\count277
\@cmidlb=\count278
\@aboverulesep=\dimen170
\@belowrulesep=\dimen171
\@thisruleclass=\count279
\@lastruleclass=\count280
\@thisrulewidth=\dimen172
) (C:\Users\kundai\AppData\Local\Programs\MiKTeX\tex/latex/tools\array.sty
Package: array 2023/10/16 v2.5g Tabular extension package (FMi)
\col@sep=\dimen173
\ar@mcellbox=\box55
\extrarowheight=\dimen174
\NC@list=\toks34
\extratabsurround=\skip56
\backup@length=\skip57
\ar@cellbox=\box56
)
(C:\Users\kundai\AppData\Local\Programs\MiKTeX\tex/latex/hyperref\hyperref.sty
Package: hyperref 2023-11-26 v7.01g Hypertext links for LaTeX

(C:\Users\kundai\AppData\Local\Programs\MiKTeX\tex/generic/infwarerr\infwarerr.
sty
Package: infwarerr 2019/12/03 v1.5 Providing info/warning/error messages (HO)
)
(C:\Users\kundai\AppData\Local\Programs\MiKTeX\tex/latex/kvsetkeys\kvsetkeys.st
y
Package: kvsetkeys 2022-10-05 v1.19 Key value parser (HO)
)
(C:\Users\kundai\AppData\Local\Programs\MiKTeX\tex/generic/kvdefinekeys\kvdefin
ekeys.sty
Package: kvdefinekeys 2019-12-19 v1.6 Define keys (HO)
)
(C:\Users\kundai\AppData\Local\Programs\MiKTeX\tex/generic/pdfescape\pdfescape.
sty
Package: pdfescape 2019/12/09 v1.15 Implements pdfTeX's escape features (HO)

(C:\Users\kundai\AppData\Local\Programs\MiKTeX\tex/generic/ltxcmds\ltxcmds.sty
Package: ltxcmds 2023-12-04 v1.26 LaTeX kernel commands for general use (HO)
)
(C:\Users\kundai\AppData\Local\Programs\MiKTeX\tex/generic/pdftexcmds\pdftexcmd
s.sty
Package: pdftexcmds 2020-06-27 v0.33 Utility functions of pdfTeX for LuaTeX (HO
)
Package pdftexcmds Info: \pdf@primitive is available.
Package pdftexcmds Info: \pdf@ifprimitive is available.
Package pdftexcmds Info: \pdfdraftmode found.
))
(C:\Users\kundai\AppData\Local\Programs\MiKTeX\tex/latex/hycolor\hycolor.sty
Package: hycolor 2020-01-27 v1.10 Color options for hyperref/bookmark (HO)
)
(C:\Users\kundai\AppData\Local\Programs\MiKTeX\tex/latex/letltxmacro\letltxmacr
o.sty
Package: letltxmacro 2019/12/03 v1.6 Let assignment for LaTeX macros (HO)
)
(C:\Users\kundai\AppData\Local\Programs\MiKTeX\tex/latex/auxhook\auxhook.sty
Package: auxhook 2019-12-17 v1.6 Hooks for auxiliary files (HO)
)
(C:\Users\kundai\AppData\Local\Programs\MiKTeX\tex/latex/hyperref\nameref.sty
Package: nameref 2023-11-26 v2.56 Cross-referencing by name of section

(C:\Users\kundai\AppData\Local\Programs\MiKTeX\tex/latex/refcount\refcount.sty
Package: refcount 2019/12/15 v3.6 Data extraction from label references (HO)
)
(C:\Users\kundai\AppData\Local\Programs\MiKTeX\tex/generic/gettitlestring\getti
tlestring.sty
Package: gettitlestring 2019/12/15 v1.6 Cleanup title references (HO)

(C:\Users\kundai\AppData\Local\Programs\MiKTeX\tex/latex/kvoptions\kvoptions.st
y
Package: kvoptions 2022-06-15 v3.15 Key value format for package options (HO)
))
\c@section@level=\count281
)
(C:\Users\kundai\AppData\Local\Programs\MiKTeX\tex/latex/etoolbox\etoolbox.sty
Package: etoolbox 2020/10/05 v2.5k e-TeX tools for LaTeX (JAW)
\etb@tempcnta=\count282
)
\@linkdim=\dimen175
\Hy@linkcounter=\count283
\Hy@pagecounter=\count284
(C:\Users\kundai\AppData\Local\Programs\MiKTeX\tex/latex/hyperref\pd1enc.def
File: pd1enc.def 2023-11-26 v7.01g Hyperref: PDFDocEncoding definition (HO)
Now handling font encoding PD1 ...
... no UTF-8 mapping file for font encoding PD1
)
(C:\Users\kundai\AppData\Local\Programs\MiKTeX\tex/generic/intcalc\intcalc.sty
Package: intcalc 2019/12/15 v1.3 Expandable calculations with integers (HO)
)
\Hy@SavedSpaceFactor=\count285
(C:\Users\kundai\AppData\Local\Programs\MiKTeX\tex/latex/hyperref\puenc.def
File: puenc.def 2023-11-26 v7.01g Hyperref: PDF Unicode definition (HO)
Now handling font encoding PU ...
... no UTF-8 mapping file for font encoding PU
)
Package hyperref Info: Hyper figures OFF on input line 4181.
Package hyperref Info: Link nesting OFF on input line 4186.
Package hyperref Info: Hyper index ON on input line 4189.
Package hyperref Info: Plain pages OFF on input line 4196.
Package hyperref Info: Backreferencing OFF on input line 4201.
Package hyperref Info: Implicit mode ON; LaTeX internals redefined.
Package hyperref Info: Bookmarks ON on input line 4448.
\c@Hy@tempcnt=\count286

(C:\Users\kundai\AppData\Local\Programs\MiKTeX\tex/latex/url\url.sty
\Urlmuskip=\muskip17
Package: url 2013/09/16  ver 3.4  Verb mode for urls, etc.
)
LaTeX Info: Redefining \url on input line 4786.
\XeTeXLinkMargin=\dimen176

(C:\Users\kundai\AppData\Local\Programs\MiKTeX\tex/generic/bitset\bitset.sty
Package: bitset 2019/12/09 v1.3 Handle bit-vector datatype (HO)

(C:\Users\kundai\AppData\Local\Programs\MiKTeX\tex/generic/bigintcalc\bigintcal
c.sty
Package: bigintcalc 2019/12/15 v1.5 Expandable calculations on big integers (HO
)
))
\Fld@menulength=\count287
\Field@Width=\dimen177
\Fld@charsize=\dimen178
Package hyperref Info: Hyper figures OFF on input line 6065.
Package hyperref Info: Link nesting OFF on input line 6070.
Package hyperref Info: Hyper index ON on input line 6073.
Package hyperref Info: backreferencing OFF on input line 6080.
Package hyperref Info: Link coloring OFF on input line 6085.
Package hyperref Info: Link coloring with OCG OFF on input line 6090.
Package hyperref Info: PDF/A mode OFF on input line 6095.

(C:\Users\kundai\AppData\Local\Programs\MiKTeX\tex/latex/base\atbegshi-ltx.sty
Package: atbegshi-ltx 2021/01/10 v1.0c Emulation of the original atbegshi
package with kernel methods
)
\Hy@abspage=\count288
\c@Item=\count289
\c@Hfootnote=\count290
)
Package hyperref Info: Driver (autodetected): hpdftex.
 (C:\Users\kundai\AppData\Local\Programs\MiKTeX\tex/latex/hyperref\hpdftex.def
File: hpdftex.def 2023-11-26 v7.01g Hyperref driver for pdfTeX

(C:\Users\kundai\AppData\Local\Programs\MiKTeX\tex/latex/base\atveryend-ltx.sty
Package: atveryend-ltx 2020/08/19 v1.0a Emulation of the original atveryend pac
kage
with kernel methods
)
\Fld@listcount=\count291
\c@bookmark@seq@number=\count292

(C:\Users\kundai\AppData\Local\Programs\MiKTeX\tex/latex/rerunfilecheck\rerunfi
lecheck.sty
Package: rerunfilecheck 2025-06-21 v1.11 Rerun checks for auxiliary files (HO)

(C:\Users\kundai\AppData\Local\Programs\MiKTeX\tex/generic/uniquecounter\unique
counter.sty
Package: uniquecounter 2019/12/15 v1.4 Provide unlimited unique counter (HO)
)
Package uniquecounter Info: New unique counter `rerunfilecheck' on input line 2
84.
)
\Hy@SectionHShift=\skip58
)
(C:\Users\kundai\AppData\Local\Programs\MiKTeX\tex/latex/natbib\natbib.sty
Package: natbib 2010/09/13 8.31b (PWD, AO)
\bibhang=\skip59
\bibsep=\skip60
LaTeX Info: Redefining \cite on input line 694.
\c@NAT@ctr=\count293
)
(C:\Users\kundai\AppData\Local\Programs\MiKTeX\tex/latex/physics\physics.sty
Package: physics 

(C:\Users\kundai\AppData\Local\Programs\MiKTeX\tex/latex/l3packages/xparse\xpar
se.sty
(C:\Users\kundai\AppData\Local\Programs\MiKTeX\tex/latex/l3kernel\expl3.sty
Package: expl3 2024-01-04 L3 programming layer (loader) 

(C:\Users\kundai\AppData\Local\Programs\MiKTeX\tex/latex/l3backend\l3backend-pd
ftex.def
File: l3backend-pdftex.def 2024-01-04 L3 backend support: PDF output (pdfTeX)
\l__color_backend_stack_int=\count294
\l__pdf_internal_box=\box57
))
Package: xparse 2023-10-10 L3 Experimental document command parser
))
(C:\Users\kundai\AppData\Local\Programs\MiKTeX\tex/latex/siunitx\siunitx.sty
Package: siunitx 2025-07-09 v3.4.14 A comprehensive (SI) units package
\l__siunitx_number_uncert_offset_int=\count295
\l__siunitx_number_exponent_fixed_int=\count296
\l__siunitx_number_min_decimal_int=\count297
\l__siunitx_number_min_integer_int=\count298
\l__siunitx_number_round_precision_int=\count299
\l__siunitx_number_lower_threshold_int=\count300
\l__siunitx_number_upper_threshold_int=\count301
\l__siunitx_number_group_first_int=\count302
\l__siunitx_number_group_size_int=\count303
\l__siunitx_number_group_minimum_int=\count304
\l__siunitx_angle_tmp_dim=\dimen179
\l__siunitx_angle_marker_box=\box58
\l__siunitx_angle_unit_box=\box59
\l__siunitx_compound_count_int=\count305

(C:\Users\kundai\AppData\Local\Programs\MiKTeX\tex/latex/translations\translati
ons.sty
Package: translations 2022/02/05 v1.12 internationalization of LaTeX2e packages
 (CN)
)
\l__siunitx_table_tmp_box=\box60
\l__siunitx_table_tmp_dim=\dimen180
\l__siunitx_table_column_width_dim=\dimen181
\l__siunitx_table_integer_box=\box61
\l__siunitx_table_decimal_box=\box62
\l__siunitx_table_uncert_box=\box63
\l__siunitx_table_before_box=\box64
\l__siunitx_table_after_box=\box65
\l__siunitx_table_before_dim=\dimen182
\l__siunitx_table_carry_dim=\dimen183
\l__siunitx_unit_tmp_int=\count306
\l__siunitx_unit_position_int=\count307
\l__siunitx_unit_total_int=\count308
)
(C:\Users\kundai\AppData\Local\Programs\MiKTeX\tex/latex/import\import.sty
Package: import 2020/04/01  v 6.2
)
(C:\Users\kundai\AppData\Local\Programs\MiKTeX\tex/latex/mathtools\mathtools.st
y
Package: mathtools 2024/10/04 v1.31 mathematical typesetting tools
 (C:\Users\kundai\AppData\Local\Programs\MiKTeX\tex/latex/tools\calc.sty
Package: calc 2023/07/08 v4.3 Infix arithmetic (KKT,FJ)
\calc@Acount=\count309
\calc@Bcount=\count310
\calc@Adimen=\dimen184
\calc@Bdimen=\dimen185
\calc@Askip=\skip61
\calc@Bskip=\skip62
LaTeX Info: Redefining \setlength on input line 80.
LaTeX Info: Redefining \addtolength on input line 81.
\calc@Ccount=\count311
\calc@Cskip=\skip63
)
(C:\Users\kundai\AppData\Local\Programs\MiKTeX\tex/latex/mathtools\mhsetup.sty
Package: mhsetup 2021/03/18 v1.4 programming setup (MH)
)
\g_MT_multlinerow_int=\count312
\l_MT_multwidth_dim=\dimen186
\origjot=\skip64
\l_MT_shortvdotswithinadjustabove_dim=\dimen187
\l_MT_shortvdotswithinadjustbelow_dim=\dimen188
\l_MT_above_intertext_sep=\dimen189
\l_MT_below_intertext_sep=\dimen190
\l_MT_above_shortintertext_sep=\dimen191
\l_MT_below_shortintertext_sep=\dimen192
\xmathstrut@box=\box66
\xmathstrut@dim=\dimen193
) (C:\Users\kundai\AppData\Local\Programs\MiKTeX\tex/latex/caption\caption.sty
Package: caption 2023/08/05 v3.6o Customizing captions (AR)

(C:\Users\kundai\AppData\Local\Programs\MiKTeX\tex/latex/caption\caption3.sty
Package: caption3 2023/07/31 v2.4d caption3 kernel (AR)
\caption@tempdima=\dimen194
\captionmargin=\dimen195
\caption@leftmargin=\dimen196
\caption@rightmargin=\dimen197
\caption@width=\dimen198
\caption@indent=\dimen199
\caption@parindent=\dimen256
\caption@hangindent=\dimen257
Package caption Info: Standard document class detected.
)
\c@caption@flags=\count313
\c@continuedfloat=\count314
Package caption Info: float package is loaded.
Package caption Info: hyperref package is loaded.
)
\c@theorem=\count315
Package translations Info: No language package found. I am going to use `englis
h' as default language. on input line 42.
(C:\Users\kundai\AppData\Local\Programs\MiKTeX\tex/latex/graphics\color.sty
Package: color 2022/01/06 v1.3d Standard LaTeX Color (DPC)

(C:\Users\kundai\AppData\Local\Programs\MiKTeX\tex/latex/graphics-cfg\color.cfg
File: color.cfg 2016/01/02 v1.6 sample color configuration
)
Package color Info: Driver file: pdftex.def on input line 149.

(C:\Users\kundai\AppData\Local\Programs\MiKTeX\tex/latex/graphics\mathcolor.ltx
)) (derivation-of-physics-from-principles.aux

LaTeX Warning: Label `thm:poincare' multiply defined.

)
\openout1 = `derivation-of-physics-from-principles.aux'.

LaTeX Font Info:    Checking defaults for OML/cmm/m/it on input line 42.
LaTeX Font Info:    ... okay on input line 42.
LaTeX Font Info:    Checking defaults for OMS/cmsy/m/n on input line 42.
LaTeX Font Info:    ... okay on input line 42.
LaTeX Font Info:    Checking defaults for OT1/cmr/m/n on input line 42.
LaTeX Font Info:    ... okay on input line 42.
LaTeX Font Info:    Checking defaults for T1/cmr/m/n on input line 42.
LaTeX Font Info:    ... okay on input line 42.
LaTeX Font Info:    Checking defaults for TS1/cmr/m/n on input line 42.
LaTeX Font Info:    ... okay on input line 42.
LaTeX Font Info:    Checking defaults for OMX/cmex/m/n on input line 42.
LaTeX Font Info:    ... okay on input line 42.
LaTeX Font Info:    Checking defaults for U/cmr/m/n on input line 42.
LaTeX Font Info:    ... okay on input line 42.
LaTeX Font Info:    Checking defaults for PD1/pdf/m/n on input line 42.
LaTeX Font Info:    ... okay on input line 42.
LaTeX Font Info:    Checking defaults for PU/pdf/m/n on input line 42.
LaTeX Font Info:    ... okay on input line 42.

*geometry* driver: auto-detecting
*geometry* detected driver: pdftex
*geometry* verbose mode - [ preamble ] result:
* driver: pdftex
* paper: a4paper
* layout: <same size as paper>
* layoutoffset:(h,v)=(0.0pt,0.0pt)
* modes: 
* h-part:(L,W,R)=(72.26999pt, 452.9679pt, 72.26999pt)
* v-part:(T,H,B)=(72.26999pt, 700.50687pt, 72.26999pt)
* \paperwidth=597.50787pt
* \paperheight=845.04684pt
* \textwidth=452.9679pt
* \textheight=700.50687pt
* \oddsidemargin=0.0pt
* \evensidemargin=0.0pt
* \topmargin=-37.0pt
* \headheight=12.0pt
* \headsep=25.0pt
* \topskip=11.0pt
* \footskip=30.0pt
* \marginparwidth=50.0pt
* \marginparsep=10.0pt
* \columnsep=10.0pt
* \skip\footins=10.0pt plus 4.0pt minus 2.0pt
* \hoffset=0.0pt
* \voffset=0.0pt
* \mag=1000
* \@twocolumnfalse
* \@twosidefalse
* \@mparswitchfalse
* \@reversemarginfalse
* (1in=72.27pt=25.4mm, 1cm=28.453pt)


(C:\Users\kundai\AppData\Local\Programs\MiKTeX\tex/context/base/mkii\supp-pdf.m
kii
[Loading MPS to PDF converter (version 2006.09.02).]
\scratchcounter=\count316
\scratchdimen=\dimen258
\scratchbox=\box67
\nofMPsegments=\count317
\nofMParguments=\count318
\everyMPshowfont=\toks35
\MPscratchCnt=\count319
\MPscratchDim=\dimen259
\MPnumerator=\count320
\makeMPintoPDFobject=\count321
\everyMPtoPDFconversion=\toks36
)
(C:\Users\kundai\AppData\Local\Programs\MiKTeX\tex/latex/epstopdf-pkg\epstopdf-
base.sty
Package: epstopdf-base 2020-01-24 v2.11 Base part for package epstopdf
Package epstopdf-base Info: Redefining graphics rule for `.eps' on input line 4
85.

(C:\Users\kundai\AppData\Local\Programs\MiKTeX\tex/latex/00miktex\epstopdf-sys.
cfg
File: epstopdf-sys.cfg 2021/03/18 v2.0 Configuration of epstopdf for MiKTeX
))
Package hyperref Info: Link coloring OFF on input line 42.
 (derivation-of-physics-from-principles.out)
(derivation-of-physics-from-principles.out)
\@outlinefile=\write3
\openout3 = `derivation-of-physics-from-principles.out'.



Package siunitx Warning: Detected the "physics" package:
(siunitx)                omitting definition of \qty.
(siunitx)                
(siunitx)                If you want to use \qty with the siunitx definition,
(siunitx)                add 
(siunitx)                
(siunitx)                    \AtBeginDocument{\RenewCommandCopy\qty\SI}
(siunitx)                
(siunitx)                to your preamble.


(C:\Users\kundai\AppData\Local\Programs\MiKTeX\tex/latex/translations/dicts\tra
nslations-basic-dictionary-english.trsl
File: translations-basic-dictionary-english.trsl (english translation file `tra
nslations-basic-dictionary')
)
Package translations Info: loading dictionary `translations-basic-dictionary' f
or `english'. on input line 42.
Package caption Info: Begin \AtBeginDocument code.
Package caption Info: End \AtBeginDocument code.
LaTeX Font Info:    Trying to load font information for U+msa on input line 45.


(C:\Users\kundai\AppData\Local\Programs\MiKTeX\tex/latex/amsfonts\umsa.fd
File: umsa.fd 2013/01/14 v3.01 AMS symbols A
)
LaTeX Font Info:    Trying to load font information for U+msb on input line 45.


(C:\Users\kundai\AppData\Local\Programs\MiKTeX\tex/latex/amsfonts\umsb.fd
File: umsb.fd 2013/01/14 v3.01 AMS symbols B
)
LaTeX Font Info:    Trying to load font information for T1+cmtt on input line 4
5.

(C:\Users\kundai\AppData\Local\Programs\MiKTeX\tex/latex/base\t1cmtt.fd
File: t1cmtt.fd 2023/04/13 v2.5m Standard LaTeX font definitions
)
(derivation-of-physics-from-principles.toc [1

{C:/Users/kundai/AppData/Local/MiKTeX/fonts/map/pdftex/pdftex.map}] [2])
\tf@toc=\write4
\openout4 = `derivation-of-physics-from-principles.toc'.

 [3]
Overfull \hbox (31.0935pt too wide) in paragraph at lines 62--63
\T1/cmr/m/n/10.95 Contemporary phys-i-cal the-o-ries^^Vquantum me-chan-ics, gen
-eral rel-a-tiv-ity, and the Stan-dard Model^^Vrest
 []


Overfull \hbox (11.98218pt too wide) in paragraph at lines 79--80
[]\T1/cmr/bx/n/10.95 Coordinate struc-ture\T1/cmr/m/n/10.95 : Nested os-cil-la-
tory modes ad-mit nat-u-ral pa-ram-e-ter-i-za-tion $\OT1/cmr/m/n/10.95 (\OML/cm
m/m/it/10.95 n; l; m; s\OT1/cmr/m/n/10.95 )$
 []

[4] (sections/existence-necessity.tex [5]
<figures/nothingness_analysis.png, id=587, 1300.3782pt x 1075.8594pt>
File: figures/nothingness_analysis.png Graphic file (type png)
<use figures/nothingness_analysis.png>
Package pdftex.def Info: figures/nothingness_analysis.png  used on input line 9
1.
(pdftex.def)             Requested size: 452.9679pt x 374.75064pt.


LaTeX Warning: Float too large for page by 14.24377pt on input line 102.

[6] [7 <./figures/nothingness_analysis.png>] [8]
<figures/boundary_free_efficiency_analysis.png, id=644, 1075.8594pt x 855.6768p
t>
File: figures/boundary_free_efficiency_analysis.png Graphic file (type png)
<use figures/boundary_free_efficiency_analysis.png>
Package pdftex.def Info: figures/boundary_free_efficiency_analysis.png  used on
 input line 233.
(pdftex.def)             Requested size: 452.9679pt x 360.25659pt.
 [9] [10 <./figures/boundary_free_efficiency_analysis.png>]
Overfull \hbox (8.37589pt too wide) in paragraph at lines 256--257
[]\T1/cmr/m/n/10.95 Since Cases 1 and 2 have mea-sure zero, generic tra-jec-to-
ries ex-hibit Case 3: re-cur-rent/oscillatory
 []

) (sections/oscillatory-foundation.tex
Overfull \hbox (3.11084pt too wide) in paragraph at lines 9--10
[]\T1/cmr/m/n/10.95 Every os-cil-la-tor we build^^Vfrom quartz crys-tals to ato
mic clocks to op-ti-cal cav-i-ties\T1/cmr/bx/n/10.95 ^^Vconfirms
 []

[11]

LaTeX Warning: Reference `sec:bounded' on page 12 undefined on input line 34.

<figures/fig1_poincare_oscillation.png, id=686, 862.1811pt x 574.3056pt>
File: figures/fig1_poincare_oscillation.png Graphic file (type png)
<use figures/fig1_poincare_oscillation.png>
Package pdftex.def Info: figures/fig1_poincare_oscillation.png  used on input l
ine 67.
(pdftex.def)             Requested size: 452.9679pt x 301.72527pt.
[12] [13 <./figures/fig1_poincare_oscillation.png>] [14]
<figures/hw1_oscillation_hardware.png, id=712, 942.8826pt x 657.8979pt>
File: figures/hw1_oscillation_hardware.png Graphic file (type png)
<use figures/hw1_oscillation_hardware.png>
Package pdftex.def Info: figures/hw1_oscillation_hardware.png  used on input li
ne 204.
(pdftex.def)             Requested size: 452.9679pt x 316.05846pt.
 [15] [16 <./figures/hw1_oscillation_hardware.png>] [17] [18] [19]
<figures/oscillatory_dynamics_panel.png, id=778, 971.0679pt x 835.6821pt>
File: figures/oscillatory_dynamics_panel.png Graphic file (type png)
<use figures/oscillatory_dynamics_panel.png>
Package pdftex.def Info: figures/oscillatory_dynamics_panel.png  used on input 
line 469.
(pdftex.def)             Requested size: 452.9679pt x 389.8123pt.


LaTeX Warning: Reference `fig:hardware-oscillation' on page 20 undefined on inp
ut line 499.

[20] [21 <./figures/oscillatory_dynamics_panel.png>])
(sections/categorical-structure.tex [22]
Overfull \hbox (3.65742pt too wide) in paragraph at lines 33--34
[]\T1/cmr/bx/n/10.95 This is not ``choos-ing'' to dis-cre-tise^^Vphysical mea-s
ure-ment ap-pa-ra-tus RE-QUIRES
 []

LaTeX Font Info:    Trying to load font information for U+euf on input line 70.

(C:\Users\kundai\AppData\Local\Programs\MiKTeX\tex/latex/amsfonts\ueuf.fd
File: ueuf.fd 2013/01/14 v3.01 Euler Fraktur
)
[23]
<figures/hw2_categorical_hardware.png, id=823, 961.6728pt x 670.9065pt>
File: figures/hw2_categorical_hardware.png Graphic file (type png)
<use figures/hw2_categorical_hardware.png>
Package pdftex.def Info: figures/hw2_categorical_hardware.png  used on input li
ne 105.
(pdftex.def)             Requested size: 452.9679pt x 316.01198pt.
 [24] [25 <./figures/hw2_categorical_hardware.png>] [26]
<figures/fig2_categorical_temporal.png, id=862, 848.2089pt x 574.3056pt>
File: figures/fig2_categorical_temporal.png Graphic file (type png)
<use figures/fig2_categorical_temporal.png>
Package pdftex.def Info: figures/fig2_categorical_temporal.png  used on input l
ine 244.
(pdftex.def)             Requested size: 452.9679pt x 306.694pt.
 [27] [28 <./figures/fig2_categorical_temporal.png>] [29] [30]
<figures/categorical_partition_panel.png, id=912, 1005.0348pt x 835.6821pt>
File: figures/categorical_partition_panel.png Graphic file (type png)
<use figures/categorical_partition_panel.png>
Package pdftex.def Info: figures/categorical_partition_panel.png  used on input
 line 470.
(pdftex.def)             Requested size: 452.9679pt x 376.64003pt.


LaTeX Warning: Float too large for page by 71.13316pt on input line 485.

[31] [32 <./figures/categorical_partition_panel.png>] [33]
Overfull \hbox (16.81177pt too wide) in paragraph at lines 546--547
[]\T1/cmr/bx/n/10.95 Thermodynamic ir-re-versibil-ity emerges from cat-e-gor-i-
cal ob-ser-va-tion \T1/cmr/m/n/10.95 (The-o-rem []4.24[]) 
 []

) (sections/partition-geometry.tex [34]
<figures/hw3_partition_hardware.png, id=970, 954.9276pt x 670.6656pt>
File: figures/hw3_partition_hardware.png Graphic file (type png)
<use figures/hw3_partition_hardware.png>
Package pdftex.def Info: figures/hw3_partition_hardware.png  used on input line
 92.
(pdftex.def)             Requested size: 452.9679pt x 318.12943pt.
 [35] [36 <./figures/hw3_partition_hardware.png>] [37]
Overfull \hbox (11.4974pt too wide) in paragraph at lines 212--213
[]\T1/cmr/bx/n/10.95 Injectivity (Unique-ness): \T1/cmr/m/n/10.95 Sup-pose two 
states have iden-ti-cal co-or-di-nates $\OT1/cmr/m/n/10.95 (\OML/cmm/m/it/10.95
 n[]; l[]; m[]; s[]\OT1/cmr/m/n/10.95 ) =
 []

[38] [39] [40] [41]
Overfull \hbox (8.53792pt too wide) in paragraph at lines 455--456
\T1/cmr/bx/n/10.95 for-bid-den \T1/cmr/m/n/10.95 for elec-tric dipole ra-di-a-t
ion (though they may oc-cur via higher mul-ti-poles^^Vquadrupole,
 []

[42]

LaTeX Warning: Reference `sec:atomic-structure' on page 43 undefined on input l
ine 502.

) (sections/spatial-emergence.tex [43]
<figures/fig3_partition_spatial.png, id=1112, 807.7377pt x 574.3056pt>
File: figures/fig3_partition_spatial.png Graphic file (type png)
<use figures/fig3_partition_spatial.png>
Package pdftex.def Info: figures/fig3_partition_spatial.png  used on input line
 66.
(pdftex.def)             Requested size: 452.9679pt x 322.06462pt.
 [44] [45 <./figures/fig3_partition_spatial.png>] [46]
Overfull \hbox (18.44405pt too wide) in paragraph at lines 200--201
[][]\T1/cmr/bx/n/10.95 Theorem 6.10 \T1/cmr/m/n/10.95 (Di-men-sional Ne-ces-sit
y)\T1/cmr/bx/n/10.95 . []\T1/cmr/m/it/10.95 The con-straint struc-ture of par-t
i-tion co-or-di-nates $\OT1/cmr/m/n/10.95 (\OML/cmm/m/it/10.95 n; l; m; s\OT1/c
mr/m/n/10.95 )$
 []

[47]
<figures/spatial_matter_panel.png, id=1167, 971.3088pt x 835.6821pt>
File: figures/spatial_matter_panel.png Graphic file (type png)
<use figures/spatial_matter_panel.png>
Package pdftex.def Info: figures/spatial_matter_panel.png  used on input line 2
54.
(pdftex.def)             Requested size: 452.9679pt x 389.72304pt.
 [48] [49 <./figures/spatial_matter_panel.png>])
(sections/matter-and-energy.tex

LaTeX Warning: Reference `fig:validation-chain' on page 50 undefined on input l
ine 6.

[50]
Overfull \hbox (10.00539pt too wide) in paragraph at lines 44--45
[]\T1/cmr/bx/n/10.95 Periodic ta-ble: \T1/cmr/m/n/10.95 Each el-e-ment is a spe
-cific oc-cu-pa-tion pat-tern (e.g., car-bon: $\OT1/cmr/m/n/10.95 (1\OML/cmm/m/
it/10.95 s\OT1/cmr/m/n/10.95 )[](2\OML/cmm/m/it/10.95 s\OT1/cmr/m/n/10.95 )[](2
\OML/cmm/m/it/10.95 p\OT1/cmr/m/n/10.95 )[]$\T1/cmr/m/n/10.95 ) 
 []

<figures/fig4_mode_occupation.png, id=1209, 834.2367pt x 574.3056pt>
File: figures/fig4_mode_occupation.png Graphic file (type png)
<use figures/fig4_mode_occupation.png>
Package pdftex.def Info: figures/fig4_mode_occupation.png  used on input line 5
3.
(pdftex.def)             Requested size: 452.9679pt x 311.83798pt.

Overfull \hbox (17.81636pt too wide) in paragraph at lines 72--84
 [][] 
 []

[51] [52 <./figures/fig4_mode_occupation.png>]

LaTeX Warning: Reference `sec:partition-geometry' on page 53 undefined on input
 line 121.

[53] [54] [55]
<figures/panel_oscillatory_persistence.png, id=1276, 967.9362pt x 794.97pt>
File: figures/panel_oscillatory_persistence.png Graphic file (type png)
<use figures/panel_oscillatory_persistence.png>
Package pdftex.def Info: figures/panel_oscillatory_persistence.png  used on inp
ut line 284.
(pdftex.def)             Requested size: 452.9679pt x 372.03476pt.

Overfull \hbox (22.03345pt too wide) in paragraph at lines 306--318
 [][] 
 []

[56] [57 <./figures/panel_oscillatory_persistence.png>]

LaTeX Warning: Reference `sec:partition-geometry' on page 58 undefined on input
 line 355.


Overfull \hbox (27.87189pt too wide) in paragraph at lines 361--372
 [][] 
 []


Overfull \hbox (15.08351pt too wide) in paragraph at lines 375--376
[][]\T1/cmr/bx/n/10.95 Definition 7.15 \T1/cmr/m/n/10.95 (Spec-tro-scopic Par-t
i-tion Mea-sure-ment)\T1/cmr/bx/n/10.95 . []\T1/cmr/m/it/10.95 The par-ti-tion 
co-or-di-nate vec-tor $\OT1/cmr/m/n/10.95 (\OML/cmm/m/it/10.95 n; l; m; s\OT1/c
mr/m/n/10.95 )$
 []


Package hyperref Warning: Token not allowed in a PDF string (Unicode):
(hyperref)                removing `math shift' on input line 382.


Package hyperref Warning: Token not allowed in a PDF string (Unicode):
(hyperref)                removing `math shift' on input line 382.

[58]

Package hyperref Warning: Token not allowed in a PDF string (Unicode):
(hyperref)                removing `math shift' on input line 406.


Package hyperref Warning: Token not allowed in a PDF string (Unicode):
(hyperref)                removing `math shift' on input line 406.


Package hyperref Warning: Token not allowed in a PDF string (Unicode):
(hyperref)                removing `math shift' on input line 414.


Package hyperref Warning: Token not allowed in a PDF string (Unicode):
(hyperref)                removing `math shift' on input line 414.

<figures/panel_virtual_spectrometry.png, id=1303, 949.146pt x 777.3843pt>
File: figures/panel_virtual_spectrometry.png Graphic file (type png)
<use figures/panel_virtual_spectrometry.png>
Package pdftex.def Info: figures/panel_virtual_spectrometry.png  used on input 
line 424.
(pdftex.def)             Requested size: 452.9679pt x 370.99321pt.
<figures/vibration_field_mapper_panel.png, id=1304, 1148.6112pt x 713.5458pt>
File: figures/vibration_field_mapper_panel.png Graphic file (type png)
<use figures/vibration_field_mapper_panel.png>
Package pdftex.def Info: figures/vibration_field_mapper_panel.png  used on inpu
t line 476.
(pdftex.def)             Requested size: 452.9679pt x 281.39566pt.
[59] [60 <./figures/panel_virtual_spectrometry.png>] [61 <./figures/vibration_f
ield_mapper_panel.png>] [62]

LaTeX Warning: File `figures/hw4_cosmology.png' not found on input line 582.


! Package pdftex.def Error: File `figures/hw4_cosmology.png' not found: using d
raft setting.

See the pdftex.def package documentation for explanation.
Type  H <return>  for immediate help.
 ...                                              
                                                  
l.582 ...th=\textwidth]{figures/hw4_cosmology.png}
                                                  
Try typing  <return>  to proceed.
If that doesn't work, type  X <return>  to quit.


LaTeX Warning: Float too large for page by 4.58546pt on input line 593.

[63] [64]
Overfull \hbox (56.24992pt too wide) in paragraph at lines 654--664
 [][] 
 []

[65]
Underfull \hbox (badness 10000) in paragraph at lines 688--688
[]|\T1/cmr/bx/n/10.95 Theoretical
 []


Underfull \hbox (badness 10000) in paragraph at lines 690--690
[]|\T1/cmr/m/n/10.95 Bounded phase
 []


Underfull \hbox (badness 10000) in paragraph at lines 690--690
[]|\T1/cmr/m/n/10.95 Particle traps,
 []


Underfull \hbox (badness 3635) in paragraph at lines 690--691
[]|\T1/cmr/m/n/10.95 Finite mode count
 []


Underfull \hbox (badness 10000) in paragraph at lines 691--691
[]|\T1/cmr/m/n/10.95 Poincaré re-cur-
 []


Underfull \hbox (badness 6188) in paragraph at lines 691--691
[]|\T1/cmr/m/n/10.95 Frequency coun-
 []


Underfull \hbox (badness 10000) in paragraph at lines 692--692
[]|\T1/cmr/m/n/10.95 Every os-cil-la-tor
 []


Underfull \hbox (badness 6032) in paragraph at lines 692--693
[]|\T1/cmr/m/n/10.95 No ex-cep-tions ob-
 []


Underfull \hbox (badness 10000) in paragraph at lines 694--694
[]|\T1/cmr/m/n/10.95 Partition
 []


Underfull \hbox (badness 10000) in paragraph at lines 694--694
[]|\T1/cmr/m/n/10.95 Binding en-er-gies,
 []


Underfull \hbox (badness 10000) in paragraph at lines 697--697
[]|\T1/cmr/m/n/10.95 Compton, mass
 []


Underfull \hbox (badness 1142) in paragraph at lines 698--698
[]|\T1/cmr/m/n/10.95 Energy con-ser-va-
 []


Underfull \hbox (badness 2080) in paragraph at lines 699--699
[]|\T1/cmr/m/n/10.95 Exclusion prin-ci-
 []

[66]) (sections/forces-and-coupling.tex [67]
Overfull \hbox (6.5852pt too wide) in paragraph at lines 50--51
[][]\T1/cmr/bx/n/10.95 Definition 8.3 \T1/cmr/m/n/10.95 (Mode Cou-pling)\T1/cmr
/bx/n/10.95 . []\T1/cmr/m/it/10.95 Two os-cil-la-tory modes with par-ti-tion co
-or-di-nates $\OT1/cmr/m/n/10.95 (\OML/cmm/m/it/10.95 n[]; l[]; m[]; s[]\OT1/cm
r/m/n/10.95 )$
 []

<figures/panel_vibrational_mode_analysis.png, id=1386, 963.6pt x 798.5835pt>
File: figures/panel_vibrational_mode_analysis.png Graphic file (type png)
<use figures/panel_vibrational_mode_analysis.png>
Package pdftex.def Info: figures/panel_vibrational_mode_analysis.png  used on i
nput line 61.
(pdftex.def)             Requested size: 452.9679pt x 375.39523pt.
[68] [69 <./figures/panel_vibrational_mode_analysis.png>] [70] [71]
<figures/panel_force_field_mapping.png, id=1438, 956.373pt x 799.3062pt>
File: figures/panel_force_field_mapping.png Graphic file (type png)
<use figures/panel_force_field_mapping.png>
Package pdftex.def Info: figures/panel_force_field_mapping.png  used on input l
ine 263.
(pdftex.def)             Requested size: 452.9679pt x 378.5767pt.
 [72]
[73 <./figures/panel_force_field_mapping.png>] [74] [75]
<figures/fig5_force_hierarchy.png, id=1489, 862.9038pt x 574.5465pt>
File: figures/fig5_force_hierarchy.png Graphic file (type png)
<use figures/fig5_force_hierarchy.png>
Package pdftex.def Info: figures/fig5_force_hierarchy.png  used on input line 4
89.
(pdftex.def)             Requested size: 452.9679pt x 301.60635pt.
 [76] [77 <./figures/fig5_force_hierarchy.png>]) (sections/cosmological-structu
re.tex [78]

Package natbib Warning: Citation `Egan2010' on page 79 undefined on input line 
79.

[79]
<figures/fig6_cyclic_cosmology.png, id=1547, 839.0547pt x 574.5465pt>
File: figures/fig6_cyclic_cosmology.png Graphic file (type png)
<use figures/fig6_cyclic_cosmology.png>
Package pdftex.def Info: figures/fig6_cyclic_cosmology.png  used on input line 
142.
(pdftex.def)             Requested size: 452.9679pt x 310.17159pt.

Overfull \hbox (3.08603pt too wide) in paragraph at lines 181--182
[]\T1/cmr/bx/n/10.95 Phase III (Con-trac-tion): \T1/cmr/m/n/10.95 To ex-plore l
ow-entropy con-fig-u-ra-tions (re-quired by The-o-rem []9.6[]),
 []

[80] [81 <./figures/fig6_cyclic_cosmology.png>]
Overfull \hbox (8.25485pt too wide) in paragraph at lines 188--189
[]\T1/cmr/m/n/10.95 This is con-sis-tent with the sec-ond law be-cause the uni-
verse is no longer adi-a-batic^^Vgravitational
 []


Package natbib Warning: Citation `Penrose2006' on page 82 undefined on input li
ne 218.


Package natbib Warning: Citation `Tolman1934' on page 82 undefined on input lin
e 218.

[82]
Overfull \hbox (10.91844pt too wide) in paragraph at lines 284--285
[]\T1/cmr/m/n/10.95 Therefore, heat death is not ter-mi-nal but merely one phas
e of the ex-plo-ration cy-cle^^Vspecifically,
 []


Overfull \hbox (6.30255pt too wide) in paragraph at lines 290--291
[]\T1/cmr/m/n/10.95 The an-swer: Heat death ex-plores only a re-stricted sub-se
t of con-fig-u-ra-tion space (the maximum-
 []

[83]

Package natbib Warning: Citation `Penrose1979' on page 84 undefined on input li
ne 340.


Package natbib Warning: Citation `Albert2000' on page 84 undefined on input lin
e 340.

[84]

LaTeX Warning: Reference `sec:mode_occupation' on page 85 undefined on input li
ne 394.


LaTeX Warning: Reference `sec:hierarchy' on page 85 undefined on input line 425
.

[85]

LaTeX Warning: Reference `thm:hierarchy' on page 86 undefined on input line 493
.

[86]

LaTeX Warning: Reference `thm:hierarchy' on page 87 undefined on input line 509
.

<figures/forces_cosmology_panel.png, id=1638, 973.7178pt x 835.923pt>
File: figures/forces_cosmology_panel.png Graphic file (type png)
<use figures/forces_cosmology_panel.png>
Package pdftex.def Info: figures/forces_cosmology_panel.png  used on input line
 516.
(pdftex.def)             Requested size: 452.9679pt x 388.866pt.
[87] [88 <./figures/forces_cosmology_panel.png>])
(sections/atomic-structure.tex

LaTeX Warning: Reference `fig:hydrogen-derivation' on page 89 undefined on inpu
t line 32.

[89]
! Undefined control sequence.
l.74 \centreing
               
The control sequence at the end of the top line
of your error message was never \def'ed. If you have
misspelled it (e.g., `\hobx'), type `I' and the correct
spelling (e.g., `I\hbox'). Otherwise just continue,
and I'll forget about whatever was undefined.

<figures/hydrogen_derivation_panel.png, id=1671, 1265.2068pt x 852.3042pt>
File: figures/hydrogen_derivation_panel.png Graphic file (type png)
<use figures/hydrogen_derivation_panel.png>
Package pdftex.def Info: figures/hydrogen_derivation_panel.png  used on input l
ine 75.
(pdftex.def)             Requested size: 452.9679pt x 305.13861pt.
[90] [91 <./figures/hydrogen_derivation_panel.png>]

! LaTeX Error: Environment centre undefined.

See the LaTeX manual or LaTeX Companion for explanation.
Type  H <return>  for immediate help.
 ...                                              
                                                  
l.123 \begin{centre}
                    
Your command was ignored.
Type  I <command> <return>  to replace it with another command,
or  <return>  to continue without it.


! LaTeX Error: \begin{proof} on input line 115 ended by \end{centre}.

See the LaTeX manual or LaTeX Companion for explanation.
Type  H <return>  for immediate help.
 ...                                              
                                                  
l.135 \end{centre}
                  
Your command was ignored.
Type  I <command> <return>  to replace it with another command,
or  <return>  to continue without it.


! LaTeX Error: Environment centre undefined.

See the LaTeX manual or LaTeX Companion for explanation.
Type  H <return>  for immediate help.
 ...                                              
                                                  
l.162 \begin{centre}
                    
Your command was ignored.
Type  I <command> <return>  to replace it with another command,
or  <return>  to continue without it.


! LaTeX Error: \begin{proof} on input line 155 ended by \end{centre}.

See the LaTeX manual or LaTeX Companion for explanation.
Type  H <return>  for immediate help.
 ...                                              
                                                  
l.185 \end{centre}
                  
Your command was ignored.
Type  I <command> <return>  to replace it with another command,
or  <return>  to continue without it.

[92]

! LaTeX Error: Environment centre undefined.

See the LaTeX manual or LaTeX Companion for explanation.
Type  H <return>  for immediate help.
 ...                                              
                                                  
l.229 \begin{centre}
                    
Your command was ignored.
Type  I <command> <return>  to replace it with another command,
or  <return>  to continue without it.


! LaTeX Error: \begin{proof} on input line 214 ended by \end{centre}.

See the LaTeX manual or LaTeX Companion for explanation.
Type  H <return>  for immediate help.
 ...                                              
                                                  
l.241 \end{centre}
                  
Your command was ignored.
Type  I <command> <return>  to replace it with another command,
or  <return>  to continue without it.

[93]

! LaTeX Error: Environment centre undefined.

See the LaTeX manual or LaTeX Companion for explanation.
Type  H <return>  for immediate help.
 ...                                              
                                                  
l.254 \begin{centre}
                    
Your command was ignored.
Type  I <command> <return>  to replace it with another command,
or  <return>  to continue without it.


! LaTeX Error: \begin{proof} on input line 214 ended by \end{centre}.

See the LaTeX manual or LaTeX Companion for explanation.
Type  H <return>  for immediate help.
 ...                                              
                                                  
l.266 \end{centre}
                  
Your command was ignored.
Type  I <command> <return>  to replace it with another command,
or  <return>  to continue without it.

[94]
<figures/atomic_structure_panel.png, id=1723, 986.7264pt x 957.0957pt>
File: figures/atomic_structure_panel.png Graphic file (type png)
<use figures/atomic_structure_panel.png>
Package pdftex.def Info: figures/atomic_structure_panel.png  used on input line
 344.
(pdftex.def)             Requested size: 452.9679pt x 439.3639pt.
 [95] [96 <./figures/atomic_structure_panel.png>]

! LaTeX Error: Environment centre undefined.

See the LaTeX manual or LaTeX Companion for explanation.
Type  H <return>  for immediate help.
 ...                                              
                                                  
l.464 \begin{centre}
                    
Your command was ignored.
Type  I <command> <return>  to replace it with another command,
or  <return>  to continue without it.


! LaTeX Error: \begin{proof} on input line 453 ended by \end{centre}.

See the LaTeX manual or LaTeX Companion for explanation.
Type  H <return>  for immediate help.
 ...                                              
                                                  
l.476 \end{centre}
                  
Your command was ignored.
Type  I <command> <return>  to replace it with another command,
or  <return>  to continue without it.

[97]

! LaTeX Error: Environment centre undefined.

See the LaTeX manual or LaTeX Companion for explanation.
Type  H <return>  for immediate help.
 ...                                              
                                                  
l.483 \begin{centre}
                    
Your command was ignored.
Type  I <command> <return>  to replace it with another command,
or  <return>  to continue without it.


! LaTeX Error: \begin{proof} on input line 453 ended by \end{centre}.

See the LaTeX manual or LaTeX Companion for explanation.
Type  H <return>  for immediate help.
 ...                                              
                                                  
l.498 \end{centre}
                  
Your command was ignored.
Type  I <command> <return>  to replace it with another command,
or  <return>  to continue without it.


! LaTeX Error: Environment centre undefined.

See the LaTeX manual or LaTeX Companion for explanation.
Type  H <return>  for immediate help.
 ...                                              
                                                  
l.522 \begin{centre}
                    
Your command was ignored.
Type  I <command> <return>  to replace it with another command,
or  <return>  to continue without it.


! LaTeX Error: \begin{document} ended by \end{centre}.

See the LaTeX manual or LaTeX Companion for explanation.
Type  H <return>  for immediate help.
 ...                                              
                                                  
l.536 \end{centre}
                  
Your command was ignored.
Type  I <command> <return>  to replace it with another command,
or  <return>  to continue without it.

[98]

LaTeX Warning: Reference `sec:bounded' on page 99 undefined on input line 543.


LaTeX Warning: Reference `sec:matter' on page 99 undefined on input line 553.

)
Overfull \hbox (0.53308pt too wide) in paragraph at lines 129--130
\T1/cmr/m/n/10.95 nec-es-sar-ily from min-i-mal as-sump-tions about dy-nam-i-ca
l sys-tems in bounded phase spaces. Rather
 []

[99] [100] [101] [102] [103] (derivation-of-physics-from-principles.bbl
[104])

Package natbib Warning: There were undefined citations.

[105] (derivation-of-physics-from-principles.aux)
 ***********
LaTeX2e <2023-11-01> patch level 1
L3 programming layer <2024-01-04>
 ***********


LaTeX Warning: There were undefined references.


LaTeX Warning: There were multiply-defined labels.

Package rerunfilecheck Info: File `derivation-of-physics-from-principles.out' h
as not changed.
(rerunfilecheck)             Checksum: 9749B4AECF8DD6BBB37519555E378A53;23703.
 ) 
Here is how much of TeX's memory you used:
 19033 strings out of 474486
 364538 string characters out of 5743283
 1945542 words of memory out of 5000000
 40177 multiletter control sequences out of 15000+600000
 587413 words of font info for 109 fonts, out of 8000000 for 9000
 1141 hyphenation exceptions out of 8191
 79i,13n,93p,4348b,1260s stack positions out of 10000i,1000n,20000p,200000b,200000s
 <C:\Users\kundai\AppData\Local\MiKTeX\fonts/pk/ljfour/jknappen/ec/dpi600\ecr
m0500.pk> <C:\Users\kundai\AppData\Local\MiKTeX\fonts/pk/ljfour/jknappen/ec/dpi
600\ectt1095.pk> <C:\Users\kundai\AppData\Local\MiKTeX\fonts/pk/ljfour/jknappen
/ec/dpi600\ecrm0800.pk> <C:\Users\kundai\AppData\Local\MiKTeX\fonts/pk/ljfour/j
knappen/ec/dpi600\ecti0800.pk> <C:\Users\kundai\AppData\Local\MiKTeX\fonts/pk/l
jfour/jknappen/ec/dpi600\tcrm0900.pk> <C:\Users\kundai\AppData\Local\MiKTeX\fon
ts/pk/ljfour/jknappen/ec/dpi600\ecrm0600.pk> <C:\Users\kundai\AppData\Local\MiK
TeX\fonts/pk/ljfour/jknappen/ec/dpi600\ecbx0900.pk> <C:\Users\kundai\AppData\Lo
cal\MiKTeX\fonts/pk/ljfour/jknappen/ec/dpi600\ecrm0900.pk> <C:\Users\kundai\App
Data\Local\MiKTeX\fonts/pk/ljfour/jknappen/ec/dpi600\ecbi1095.pk> <C:\Users\kun
dai\AppData\Local\MiKTeX\fonts/pk/ljfour/jknappen/ec/dpi600\ecti1095.pk> <C:\Us
ers\kundai\AppData\Local\MiKTeX\fonts/pk/ljfour/jknappen/ec/dpi600\tcrm1095.pk>
 <C:\Users\kundai\AppData\Local\MiKTeX\fonts/pk/ljfour/jknappen/ec/dpi600\ecbx1
200.pk> <C:\Users\kundai\AppData\Local\MiKTeX\fonts/pk/ljfour/jknappen/ec/dpi60
0\ecrm1095.pk> <C:\Users\kundai\AppData\Local\MiKTeX\fonts/pk/ljfour/jknappen/e
c/dpi600\ecbx1095.pk> <C:\Users\kundai\AppData\Local\MiKTeX\fonts/pk/ljfour/jkn
appen/ec/dpi600\ecbx1440.pk> <C:\Users\kundai\AppData\Local\MiKTeX\fonts/pk/ljf
our/jknappen/ec/dpi600\ecrm1000.pk> <C:\Users\kundai\AppData\Local\MiKTeX\fonts
/pk/ljfour/jknappen/ec/dpi600\ecbx1000.pk> <C:\Users\kundai\AppData\Local\MiKTe
X\fonts/pk/ljfour/jknappen/ec/dpi600\ectt1200.pk> <C:\Users\kundai\AppData\Loca
l\MiKTeX\fonts/pk/ljfour/jknappen/ec/dpi600\ecrm1200.pk> <C:\Users\kundai\AppDa
ta\Local\MiKTeX\fonts/pk/ljfour/jknappen/ec/dpi600\ecbx1728.pk><C:/Users/kundai
/AppData/Local/Programs/MiKTeX/fonts/type1/public/amsfonts/cm/cmbx10.pfb><C:/Us
ers/kundai/AppData/Local/Programs/MiKTeX/fonts/type1/public/amsfonts/cm/cmbx8.p
fb><C:/Users/kundai/AppData/Local/Programs/MiKTeX/fonts/type1/public/amsfonts/c
m/cmex10.pfb><C:/Users/kundai/AppData/Local/Programs/MiKTeX/fonts/type1/public/
amsfonts/cmextra/cmex9.pfb><C:/Users/kundai/AppData/Local/Programs/MiKTeX/fonts
/type1/public/amsfonts/cm/cmmi10.pfb><C:/Users/kundai/AppData/Local/Programs/Mi
KTeX/fonts/type1/public/amsfonts/cm/cmmi5.pfb><C:/Users/kundai/AppData/Local/Pr
ograms/MiKTeX/fonts/type1/public/amsfonts/cm/cmmi6.pfb><C:/Users/kundai/AppData
/Local/Programs/MiKTeX/fonts/type1/public/amsfonts/cm/cmmi8.pfb><C:/Users/kunda
i/AppData/Local/Programs/MiKTeX/fonts/type1/public/amsfonts/cm/cmmi9.pfb><C:/Us
ers/kundai/AppData/Local/Programs/MiKTeX/fonts/type1/public/amsfonts/cm/cmr10.p
fb><C:/Users/kundai/AppData/Local/Programs/MiKTeX/fonts/type1/public/amsfonts/c
m/cmr6.pfb><C:/Users/kundai/AppData/Local/Programs/MiKTeX/fonts/type1/public/am
sfonts/cm/cmr7.pfb><C:/Users/kundai/AppData/Local/Programs/MiKTeX/fonts/type1/p
ublic/amsfonts/cm/cmr8.pfb><C:/Users/kundai/AppData/Local/Programs/MiKTeX/fonts
/type1/public/amsfonts/cm/cmr9.pfb><C:/Users/kundai/AppData/Local/Programs/MiKT
eX/fonts/type1/public/amsfonts/cm/cmsy10.pfb><C:/Users/kundai/AppData/Local/Pro
grams/MiKTeX/fonts/type1/public/amsfonts/cm/cmsy6.pfb><C:/Users/kundai/AppData/
Local/Programs/MiKTeX/fonts/type1/public/amsfonts/cm/cmsy7.pfb><C:/Users/kundai
/AppData/Local/Programs/MiKTeX/fonts/type1/public/amsfonts/cm/cmsy8.pfb><C:/Use
rs/kundai/AppData/Local/Programs/MiKTeX/fonts/type1/public/amsfonts/cm/cmsy9.pf
b><C:/Users/kundai/AppData/Local/Programs/MiKTeX/fonts/type1/public/amsfonts/eu
ler/eufm10.pfb><C:/Users/kundai/AppData/Local/Programs/MiKTeX/fonts/type1/publi
c/amsfonts/symbols/msam10.pfb><C:/Users/kundai/AppData/Local/Programs/MiKTeX/fo
nts/type1/public/amsfonts/symbols/msbm10.pfb>
Output written on derivation-of-physics-from-principles.pdf (105 pages, 1869917
5 bytes).
PDF statistics:
 2910 PDF objects out of 2984 (max. 8388607)
 836 named destinations out of 1000 (max. 500000)
 951 words of extra memory for PDF output out of 10000 (max. 10000000)

