This is pdfTeX, Version 3.141592653-2.6-1.40.25 (MiKTeX 24.1) (preloaded format=pdflatex 2025.7.27)  25 NOV 2025 11:22
entering extended mode
 restricted \write18 enabled.
 %&-line parsing enabled.
**./ensemble-membrane-transporter-maxwell-demons.tex
(ensemble-membrane-transporter-maxwell-demons.tex
LaTeX2e <2023-11-01> patch level 1
L3 programming layer <2024-01-04>
(C:\Users\kundai\AppData\Local\Programs\MiKTeX\tex/latex/base\article.cls
Document Class: article 2023/05/17 v1.4n Standard LaTeX document class
(C:\Users\kundai\AppData\Local\Programs\MiKTeX\tex/latex/base\size11.clo
File: size11.clo 2023/05/17 v1.4n Standard LaTeX file (size option)
)
\c@part=\count187
\c@section=\count188
\c@subsection=\count189
\c@subsubsection=\count190
\c@paragraph=\count191
\c@subparagraph=\count192
\c@figure=\count193
\c@table=\count194
\abovecaptionskip=\skip48
\belowcaptionskip=\skip49
\bibindent=\dimen140
)
(C:\Users\kundai\AppData\Local\Programs\MiKTeX\tex/latex/amsmath\amsmath.sty
Package: amsmath 2023/05/13 v2.17o AMS math features
\@mathmargin=\skip50

For additional information on amsmath, use the `?' option.
(C:\Users\kundai\AppData\Local\Programs\MiKTeX\tex/latex/amsmath\amstext.sty
Package: amstext 2021/08/26 v2.01 AMS text

(C:\Users\kundai\AppData\Local\Programs\MiKTeX\tex/latex/amsmath\amsgen.sty
File: amsgen.sty 1999/11/30 v2.0 generic functions
\@emptytoks=\toks17
\ex@=\dimen141
))
(C:\Users\kundai\AppData\Local\Programs\MiKTeX\tex/latex/amsmath\amsbsy.sty
Package: amsbsy 1999/11/29 v1.2d Bold Symbols
\pmbraise@=\dimen142
)
(C:\Users\kundai\AppData\Local\Programs\MiKTeX\tex/latex/amsmath\amsopn.sty
Package: amsopn 2022/04/08 v2.04 operator names
)
\inf@bad=\count195
LaTeX Info: Redefining \frac on input line 234.
\uproot@=\count196
\leftroot@=\count197
LaTeX Info: Redefining \overline on input line 399.
LaTeX Info: Redefining \colon on input line 410.
\classnum@=\count198
\DOTSCASE@=\count199
LaTeX Info: Redefining \ldots on input line 496.
LaTeX Info: Redefining \dots on input line 499.
LaTeX Info: Redefining \cdots on input line 620.
\Mathstrutbox@=\box51
\strutbox@=\box52
LaTeX Info: Redefining \big on input line 722.
LaTeX Info: Redefining \Big on input line 723.
LaTeX Info: Redefining \bigg on input line 724.
LaTeX Info: Redefining \Bigg on input line 725.
\big@size=\dimen143
LaTeX Font Info:    Redeclaring font encoding OML on input line 743.
LaTeX Font Info:    Redeclaring font encoding OMS on input line 744.
\macc@depth=\count266
LaTeX Info: Redefining \bmod on input line 905.
LaTeX Info: Redefining \pmod on input line 910.
LaTeX Info: Redefining \smash on input line 940.
LaTeX Info: Redefining \relbar on input line 970.
LaTeX Info: Redefining \Relbar on input line 971.
\c@MaxMatrixCols=\count267
\dotsspace@=\muskip16
\c@parentequation=\count268
\dspbrk@lvl=\count269
\tag@help=\toks18
\row@=\count270
\column@=\count271
\maxfields@=\count272
\andhelp@=\toks19
\eqnshift@=\dimen144
\alignsep@=\dimen145
\tagshift@=\dimen146
\tagwidth@=\dimen147
\totwidth@=\dimen148
\lineht@=\dimen149
\@envbody=\toks20
\multlinegap=\skip51
\multlinetaggap=\skip52
\mathdisplay@stack=\toks21
LaTeX Info: Redefining \[ on input line 2953.
LaTeX Info: Redefining \] on input line 2954.
)
(C:\Users\kundai\AppData\Local\Programs\MiKTeX\tex/latex/amsfonts\amssymb.sty
Package: amssymb 2013/01/14 v3.01 AMS font symbols

(C:\Users\kundai\AppData\Local\Programs\MiKTeX\tex/latex/amsfonts\amsfonts.sty
Package: amsfonts 2013/01/14 v3.01 Basic AMSFonts support
\symAMSa=\mathgroup4
\symAMSb=\mathgroup5
LaTeX Font Info:    Redeclaring math symbol \hbar on input line 98.
LaTeX Font Info:    Overwriting math alphabet `\mathfrak' in version `bold'
(Font)                  U/euf/m/n --> U/euf/b/n on input line 106.
)) (C:\Users\kundai\AppData\Local\Programs\MiKTeX\tex/latex/amscls\amsthm.sty
Package: amsthm 2020/05/29 v2.20.6
\thm@style=\toks22
\thm@bodyfont=\toks23
\thm@headfont=\toks24
\thm@notefont=\toks25
\thm@headpunct=\toks26
\thm@preskip=\skip53
\thm@postskip=\skip54
\thm@headsep=\skip55
\dth@everypar=\toks27
)
(C:\Users\kundai\AppData\Local\Programs\MiKTeX\tex/latex/graphics\graphicx.sty
Package: graphicx 2021/09/16 v1.2d Enhanced LaTeX Graphics (DPC,SPQR)

(C:\Users\kundai\AppData\Local\Programs\MiKTeX\tex/latex/graphics\keyval.sty
Package: keyval 2022/05/29 v1.15 key=value parser (DPC)
\KV@toks@=\toks28
)
(C:\Users\kundai\AppData\Local\Programs\MiKTeX\tex/latex/graphics\graphics.sty
Package: graphics 2022/03/10 v1.4e Standard LaTeX Graphics (DPC,SPQR)

(C:\Users\kundai\AppData\Local\Programs\MiKTeX\tex/latex/graphics\trig.sty
Package: trig 2021/08/11 v1.11 sin cos tan (DPC)
)
(C:\Users\kundai\AppData\Local\Programs\MiKTeX\tex/latex/graphics-cfg\graphics.
cfg
File: graphics.cfg 2016/06/04 v1.11 sample graphics configuration
)
Package graphics Info: Driver file: pdftex.def on input line 107.

(C:\Users\kundai\AppData\Local\Programs\MiKTeX\tex/latex/graphics-def\pdftex.de
f
File: pdftex.def 2022/09/22 v1.2b Graphics/color driver for pdftex
))
\Gin@req@height=\dimen150
\Gin@req@width=\dimen151
)
(C:\Users\kundai\AppData\Local\Programs\MiKTeX\tex/latex/hyperref\hyperref.sty
Package: hyperref 2023-11-26 v7.01g Hypertext links for LaTeX

(C:\Users\kundai\AppData\Local\Programs\MiKTeX\tex/generic/iftex\iftex.sty
Package: iftex 2022/02/03 v1.0f TeX engine tests
)
(C:\Users\kundai\AppData\Local\Programs\MiKTeX\tex/generic/infwarerr\infwarerr.
sty
Package: infwarerr 2019/12/03 v1.5 Providing info/warning/error messages (HO)
)
(C:\Users\kundai\AppData\Local\Programs\MiKTeX\tex/latex/kvsetkeys\kvsetkeys.st
y
Package: kvsetkeys 2022-10-05 v1.19 Key value parser (HO)
)
(C:\Users\kundai\AppData\Local\Programs\MiKTeX\tex/generic/kvdefinekeys\kvdefin
ekeys.sty
Package: kvdefinekeys 2019-12-19 v1.6 Define keys (HO)
)
(C:\Users\kundai\AppData\Local\Programs\MiKTeX\tex/generic/pdfescape\pdfescape.
sty
Package: pdfescape 2019/12/09 v1.15 Implements pdfTeX's escape features (HO)

(C:\Users\kundai\AppData\Local\Programs\MiKTeX\tex/generic/ltxcmds\ltxcmds.sty
Package: ltxcmds 2023-12-04 v1.26 LaTeX kernel commands for general use (HO)
)
(C:\Users\kundai\AppData\Local\Programs\MiKTeX\tex/generic/pdftexcmds\pdftexcmd
s.sty
Package: pdftexcmds 2020-06-27 v0.33 Utility functions of pdfTeX for LuaTeX (HO
)
Package pdftexcmds Info: \pdf@primitive is available.
Package pdftexcmds Info: \pdf@ifprimitive is available.
Package pdftexcmds Info: \pdfdraftmode found.
))
(C:\Users\kundai\AppData\Local\Programs\MiKTeX\tex/latex/hycolor\hycolor.sty
Package: hycolor 2020-01-27 v1.10 Color options for hyperref/bookmark (HO)
)
(C:\Users\kundai\AppData\Local\Programs\MiKTeX\tex/latex/letltxmacro\letltxmacr
o.sty
Package: letltxmacro 2019/12/03 v1.6 Let assignment for LaTeX macros (HO)
)
(C:\Users\kundai\AppData\Local\Programs\MiKTeX\tex/latex/auxhook\auxhook.sty
Package: auxhook 2019-12-17 v1.6 Hooks for auxiliary files (HO)
)
(C:\Users\kundai\AppData\Local\Programs\MiKTeX\tex/latex/hyperref\nameref.sty
Package: nameref 2023-11-26 v2.56 Cross-referencing by name of section

(C:\Users\kundai\AppData\Local\Programs\MiKTeX\tex/latex/refcount\refcount.sty
Package: refcount 2019/12/15 v3.6 Data extraction from label references (HO)
)
(C:\Users\kundai\AppData\Local\Programs\MiKTeX\tex/generic/gettitlestring\getti
tlestring.sty
Package: gettitlestring 2019/12/15 v1.6 Cleanup title references (HO)

(C:\Users\kundai\AppData\Local\Programs\MiKTeX\tex/latex/kvoptions\kvoptions.st
y
Package: kvoptions 2022-06-15 v3.15 Key value format for package options (HO)
))
\c@section@level=\count273
)
(C:\Users\kundai\AppData\Local\Programs\MiKTeX\tex/latex/etoolbox\etoolbox.sty
Package: etoolbox 2020/10/05 v2.5k e-TeX tools for LaTeX (JAW)
\etb@tempcnta=\count274
)
\@linkdim=\dimen152
\Hy@linkcounter=\count275
\Hy@pagecounter=\count276
(C:\Users\kundai\AppData\Local\Programs\MiKTeX\tex/latex/hyperref\pd1enc.def
File: pd1enc.def 2023-11-26 v7.01g Hyperref: PDFDocEncoding definition (HO)
Now handling font encoding PD1 ...
... no UTF-8 mapping file for font encoding PD1
)
(C:\Users\kundai\AppData\Local\Programs\MiKTeX\tex/generic/intcalc\intcalc.sty
Package: intcalc 2019/12/15 v1.3 Expandable calculations with integers (HO)
)
\Hy@SavedSpaceFactor=\count277
(C:\Users\kundai\AppData\Local\Programs\MiKTeX\tex/latex/hyperref\puenc.def
File: puenc.def 2023-11-26 v7.01g Hyperref: PDF Unicode definition (HO)
Now handling font encoding PU ...
... no UTF-8 mapping file for font encoding PU
)
Package hyperref Info: Hyper figures OFF on input line 4181.
Package hyperref Info: Link nesting OFF on input line 4186.
Package hyperref Info: Hyper index ON on input line 4189.
Package hyperref Info: Plain pages OFF on input line 4196.
Package hyperref Info: Backreferencing OFF on input line 4201.
Package hyperref Info: Implicit mode ON; LaTeX internals redefined.
Package hyperref Info: Bookmarks ON on input line 4448.
\c@Hy@tempcnt=\count278

(C:\Users\kundai\AppData\Local\Programs\MiKTeX\tex/latex/url\url.sty
\Urlmuskip=\muskip17
Package: url 2013/09/16  ver 3.4  Verb mode for urls, etc.
)
LaTeX Info: Redefining \url on input line 4786.
\XeTeXLinkMargin=\dimen153

(C:\Users\kundai\AppData\Local\Programs\MiKTeX\tex/generic/bitset\bitset.sty
Package: bitset 2019/12/09 v1.3 Handle bit-vector datatype (HO)

(C:\Users\kundai\AppData\Local\Programs\MiKTeX\tex/generic/bigintcalc\bigintcal
c.sty
Package: bigintcalc 2019/12/15 v1.5 Expandable calculations on big integers (HO
)
))
\Fld@menulength=\count279
\Field@Width=\dimen154
\Fld@charsize=\dimen155
Package hyperref Info: Hyper figures OFF on input line 6065.
Package hyperref Info: Link nesting OFF on input line 6070.
Package hyperref Info: Hyper index ON on input line 6073.
Package hyperref Info: backreferencing OFF on input line 6080.
Package hyperref Info: Link coloring OFF on input line 6085.
Package hyperref Info: Link coloring with OCG OFF on input line 6090.
Package hyperref Info: PDF/A mode OFF on input line 6095.

(C:\Users\kundai\AppData\Local\Programs\MiKTeX\tex/latex/base\atbegshi-ltx.sty
Package: atbegshi-ltx 2021/01/10 v1.0c Emulation of the original atbegshi
package with kernel methods
)
\Hy@abspage=\count280
\c@Item=\count281
\c@Hfootnote=\count282
)
Package hyperref Info: Driver (autodetected): hpdftex.
 (C:\Users\kundai\AppData\Local\Programs\MiKTeX\tex/latex/hyperref\hpdftex.def
File: hpdftex.def 2023-11-26 v7.01g Hyperref driver for pdfTeX

(C:\Users\kundai\AppData\Local\Programs\MiKTeX\tex/latex/base\atveryend-ltx.sty
Package: atveryend-ltx 2020/08/19 v1.0a Emulation of the original atveryend pac
kage
with kernel methods
)
\Fld@listcount=\count283
\c@bookmark@seq@number=\count284

(C:\Users\kundai\AppData\Local\Programs\MiKTeX\tex/latex/rerunfilecheck\rerunfi
lecheck.sty
Package: rerunfilecheck 2025-06-21 v1.11 Rerun checks for auxiliary files (HO)

(C:\Users\kundai\AppData\Local\Programs\MiKTeX\tex/generic/uniquecounter\unique
counter.sty
Package: uniquecounter 2019/12/15 v1.4 Provide unlimited unique counter (HO)
)
Package uniquecounter Info: New unique counter `rerunfilecheck' on input line 2
84.
)
\Hy@SectionHShift=\skip56
)
(C:\Users\kundai\AppData\Local\Programs\MiKTeX\tex/latex/physics\physics.sty
Package: physics 

(C:\Users\kundai\AppData\Local\Programs\MiKTeX\tex/latex/l3packages/xparse\xpar
se.sty
(C:\Users\kundai\AppData\Local\Programs\MiKTeX\tex/latex/l3kernel\expl3.sty
Package: expl3 2024-01-04 L3 programming layer (loader) 

(C:\Users\kundai\AppData\Local\Programs\MiKTeX\tex/latex/l3backend\l3backend-pd
ftex.def
File: l3backend-pdftex.def 2024-01-04 L3 backend support: PDF output (pdfTeX)
\l__color_backend_stack_int=\count285
\l__pdf_internal_box=\box53
))
Package: xparse 2023-10-10 L3 Experimental document command parser
))
(C:\Users\kundai\AppData\Local\Programs\MiKTeX\tex/latex/jknappen\mathrsfs.sty
Package: mathrsfs 1996/01/01 Math RSFS package v1.0 (jk)
\symrsfs=\mathgroup6
) (C:\Users\kundai\AppData\Local\Programs\MiKTeX\tex/latex/xcolor\xcolor.sty
Package: xcolor 2023/11/15 v3.01 LaTeX color extensions (UK)

(C:\Users\kundai\AppData\Local\Programs\MiKTeX\tex/latex/graphics-cfg\color.cfg
File: color.cfg 2016/01/02 v1.6 sample color configuration
)
Package xcolor Info: Driver file: pdftex.def on input line 274.

(C:\Users\kundai\AppData\Local\Programs\MiKTeX\tex/latex/graphics\mathcolor.ltx
)
Package xcolor Info: Model `cmy' substituted by `cmy0' on input line 1350.
Package xcolor Info: Model `hsb' substituted by `rgb' on input line 1354.
Package xcolor Info: Model `RGB' extended on input line 1366.
Package xcolor Info: Model `HTML' substituted by `rgb' on input line 1368.
Package xcolor Info: Model `Hsb' substituted by `hsb' on input line 1369.
Package xcolor Info: Model `tHsb' substituted by `hsb' on input line 1370.
Package xcolor Info: Model `HSB' substituted by `hsb' on input line 1371.
Package xcolor Info: Model `Gray' substituted by `gray' on input line 1372.
Package xcolor Info: Model `wave' substituted by `hsb' on input line 1373.
) (C:\Users\kundai\AppData\Local\Programs\MiKTeX\tex/latex/siunitx\siunitx.sty
Package: siunitx 2025-07-09 v3.4.14 A comprehensive (SI) units package
\l__siunitx_number_uncert_offset_int=\count286
\l__siunitx_number_exponent_fixed_int=\count287
\l__siunitx_number_min_decimal_int=\count288
\l__siunitx_number_min_integer_int=\count289
\l__siunitx_number_round_precision_int=\count290
\l__siunitx_number_lower_threshold_int=\count291
\l__siunitx_number_upper_threshold_int=\count292
\l__siunitx_number_group_first_int=\count293
\l__siunitx_number_group_size_int=\count294
\l__siunitx_number_group_minimum_int=\count295
\l__siunitx_angle_tmp_dim=\dimen156
\l__siunitx_angle_marker_box=\box54
\l__siunitx_angle_unit_box=\box55
\l__siunitx_compound_count_int=\count296

(C:\Users\kundai\AppData\Local\Programs\MiKTeX\tex/latex/translations\translati
ons.sty
Package: translations 2022/02/05 v1.12 internationalization of LaTeX2e packages
 (CN)
)
\l__siunitx_table_tmp_box=\box56
\l__siunitx_table_tmp_dim=\dimen157
\l__siunitx_table_column_width_dim=\dimen158
\l__siunitx_table_integer_box=\box57
\l__siunitx_table_decimal_box=\box58
\l__siunitx_table_uncert_box=\box59
\l__siunitx_table_before_box=\box60
\l__siunitx_table_after_box=\box61
\l__siunitx_table_before_dim=\dimen159
\l__siunitx_table_carry_dim=\dimen160
\l__siunitx_unit_tmp_int=\count297
\l__siunitx_unit_position_int=\count298
\l__siunitx_unit_total_int=\count299

(C:\Users\kundai\AppData\Local\Programs\MiKTeX\tex/latex/tools\array.sty
Package: array 2023/10/16 v2.5g Tabular extension package (FMi)
\col@sep=\dimen161
\ar@mcellbox=\box62
\extrarowheight=\dimen162
\NC@list=\toks29
\extratabsurround=\skip57
\backup@length=\skip58
\ar@cellbox=\box63
))
(C:\Users\kundai\AppData\Local\Programs\MiKTeX\tex/latex/float\float.sty
Package: float 2001/11/08 v1.3d Float enhancements (AL)
\c@float@type=\count300
\float@exts=\toks30
\float@box=\box64
\@float@everytoks=\toks31
\@floatcapt=\box65
)
(C:\Users\kundai\AppData\Local\Programs\MiKTeX\tex/latex/caption\caption.sty
Package: caption 2023/08/05 v3.6o Customizing captions (AR)

(C:\Users\kundai\AppData\Local\Programs\MiKTeX\tex/latex/caption\caption3.sty
Package: caption3 2023/07/31 v2.4d caption3 kernel (AR)
\caption@tempdima=\dimen163
\captionmargin=\dimen164
\caption@leftmargin=\dimen165
\caption@rightmargin=\dimen166
\caption@width=\dimen167
\caption@indent=\dimen168
\caption@parindent=\dimen169
\caption@hangindent=\dimen170
Package caption Info: Standard document class detected.
)
\c@caption@flags=\count301
\c@continuedfloat=\count302
Package caption Info: float package is loaded.
Package caption Info: hyperref package is loaded.
)
(C:\Users\kundai\AppData\Local\Programs\MiKTeX\tex/latex/caption\subcaption.sty
Package: subcaption 2023/07/28 v1.6b Sub-captions (AR)
Package caption Info: New subtype `subfigure' on input line 238.
\c@subfigure=\count303
Package caption Info: New subtype `subtable' on input line 238.
\c@subtable=\count304
)
\c@theorem=\count305
\c@definition=\count306
Package translations Info: No language package found. I am going to use `englis
h' as default language. on input line 43.
 (ensemble-membrane-transporter-maxwell-demons.aux)
\openout1 = `ensemble-membrane-transporter-maxwell-demons.aux'.

LaTeX Font Info:    Checking defaults for OML/cmm/m/it on input line 43.
LaTeX Font Info:    ... okay on input line 43.
LaTeX Font Info:    Checking defaults for OMS/cmsy/m/n on input line 43.
LaTeX Font Info:    ... okay on input line 43.
LaTeX Font Info:    Checking defaults for OT1/cmr/m/n on input line 43.
LaTeX Font Info:    ... okay on input line 43.
LaTeX Font Info:    Checking defaults for T1/cmr/m/n on input line 43.
LaTeX Font Info:    ... okay on input line 43.
LaTeX Font Info:    Checking defaults for TS1/cmr/m/n on input line 43.
LaTeX Font Info:    ... okay on input line 43.
LaTeX Font Info:    Checking defaults for OMX/cmex/m/n on input line 43.
LaTeX Font Info:    ... okay on input line 43.
LaTeX Font Info:    Checking defaults for U/cmr/m/n on input line 43.
LaTeX Font Info:    ... okay on input line 43.
LaTeX Font Info:    Checking defaults for PD1/pdf/m/n on input line 43.
LaTeX Font Info:    ... okay on input line 43.
LaTeX Font Info:    Checking defaults for PU/pdf/m/n on input line 43.
LaTeX Font Info:    ... okay on input line 43.

(C:\Users\kundai\AppData\Local\Programs\MiKTeX\tex/context/base/mkii\supp-pdf.m
kii
[Loading MPS to PDF converter (version 2006.09.02).]
\scratchcounter=\count307
\scratchdimen=\dimen171
\scratchbox=\box66
\nofMPsegments=\count308
\nofMParguments=\count309
\everyMPshowfont=\toks32
\MPscratchCnt=\count310
\MPscratchDim=\dimen172
\MPnumerator=\count311
\makeMPintoPDFobject=\count312
\everyMPtoPDFconversion=\toks33
)
(C:\Users\kundai\AppData\Local\Programs\MiKTeX\tex/latex/epstopdf-pkg\epstopdf-
base.sty
Package: epstopdf-base 2020-01-24 v2.11 Base part for package epstopdf
Package epstopdf-base Info: Redefining graphics rule for `.eps' on input line 4
85.

(C:\Users\kundai\AppData\Local\Programs\MiKTeX\tex/latex/00miktex\epstopdf-sys.
cfg
File: epstopdf-sys.cfg 2021/03/18 v2.0 Configuration of epstopdf for MiKTeX
))
Package hyperref Info: Link coloring OFF on input line 43.
 (ensemble-membrane-transporter-maxwell-demons.out)
(ensemble-membrane-transporter-maxwell-demons.out)
\@outlinefile=\write3
\openout3 = `ensemble-membrane-transporter-maxwell-demons.out'.



Package siunitx Warning: Detected the "physics" package:
(siunitx)                omitting definition of \qty.
(siunitx)                
(siunitx)                If you want to use \qty with the siunitx definition,
(siunitx)                add 
(siunitx)                
(siunitx)                    \AtBeginDocument{\RenewCommandCopy\qty\SI}
(siunitx)                
(siunitx)                to your preamble.


(C:\Users\kundai\AppData\Local\Programs\MiKTeX\tex/latex/translations/dicts\tra
nslations-basic-dictionary-english.trsl
File: translations-basic-dictionary-english.trsl (english translation file `tra
nslations-basic-dictionary')
)
Package translations Info: loading dictionary `translations-basic-dictionary' f
or `english'. on input line 43.
Package caption Info: Begin \AtBeginDocument code.
Package caption Info: End \AtBeginDocument code.
LaTeX Font Info:    Trying to load font information for U+msa on input line 46.


(C:\Users\kundai\AppData\Local\Programs\MiKTeX\tex/latex/amsfonts\umsa.fd
File: umsa.fd 2013/01/14 v3.01 AMS symbols A
)
LaTeX Font Info:    Trying to load font information for U+msb on input line 46.


(C:\Users\kundai\AppData\Local\Programs\MiKTeX\tex/latex/amsfonts\umsb.fd
File: umsb.fd 2013/01/14 v3.01 AMS symbols B
)
LaTeX Font Info:    Trying to load font information for U+rsfs on input line 46
.

(C:\Users\kundai\AppData\Local\Programs\MiKTeX\tex/latex/jknappen\ursfs.fd
File: ursfs.fd 1998/03/24 rsfs font definition file (jk)
)
[1

{C:/Users/kundai/AppData/Local/MiKTeX/fonts/map/pdftex/pdftex.map}]
(sections/membrane-transporter-maxwell-demon.tex [2]

Package siunitx Warning: Unit macro \angstrom has been deprecated in this
(siunitx)                release.
(siunitx)                
(siunitx)                The BIPM have removed this unit from the SI Brochure.
(siunitx)                You should define it yourself using \DeclareSIUnit in
(siunitx)                your source. The current definition is
(siunitx)                
(siunitx)                \DeclareSIUnit\angstrom{\text {Å}}


Overfull \hbox (5.48181pt too wide) in paragraph at lines 31--32
\OT1/cmr/m/n/10.95 tin-guish-ing bi-nary states (present/absent), cor-re-spond-
ing to $^^A\OML/cmm/m/it/10.95 S[] \OT1/cmr/m/n/10.95 = \OML/cmm/m/it/10.95 k[]
 [] \OT1/cmr/m/n/10.95 2$
 []

[3]
Overfull \hbox (2.11092pt too wide) in paragraph at lines 41--42
\OT1/cmr/m/n/10.95 The information-theoretic frame-work es-tab-lishes ther-mo-d
y-namic con-sis-tency
 []

<figures/maxwell_demon.png, id=231, 1303.0281pt x 1295.8011pt>
File: figures/maxwell_demon.png Graphic file (type png)
<use figures/maxwell_demon.png>
Package pdftex.def Info: figures/maxwell_demon.png  used on input line 55.
(pdftex.def)             Requested size: 360.0pt x 357.99739pt.

LaTeX Warning: Float too large for page by 343.39737pt on input line 65.

) (sections/categorical-coordinate-space.tex [4] [5 <./figures/maxwell_demon.pn
g>]
<figures/figure1_conformational_landscape.png, id=251, 1136.3253pt x 713.3049pt
>
File: figures/figure1_conformational_landscape.png Graphic file (type png)
<use figures/figure1_conformational_landscape.png>
Package pdftex.def Info: figures/figure1_conformational_landscape.png  used on 
input line 23.
(pdftex.def)             Requested size: 360.0pt x 225.97656pt.


LaTeX Warning: Float too large for page by 61.77647pt on input line 32.


Overfull \hbox (8.83778pt too wide) in paragraph at lines 37--38
[][]\OT1/cmr/bx/n/10.95 Theorem 1 \OT1/cmr/m/n/10.95 (Phys-i-cal--Cat-e-gor-i-c
al Or-thog-o-nal-ity)\OT1/cmr/bx/n/10.95 . []\OT1/cmr/m/it/10.95 Phys-i-cal co-
or-di-nates $\OT1/cmr/m/n/10.95 (\OT1/cmr/bx/n/10.95 x\OML/cmm/m/it/10.95 ; \OT
1/cmr/bx/n/10.95 p\OT1/cmr/m/n/10.95 )$
 []

[6] [7 <./figures/figure1_conformational_landscape.png>])
(sections/phase-locked-substrate-selection.tex [8]

! Package siunitx Error: Invalid number '3-4e13'.

For immediate help type H <return>.
 ...                                              
                                                  
l.8 ...), aromatic ring modes (\SI{3-4e13}{\hertz}
                                                  ), and skeletal vibrations...


The input '3-4e13' could not be parsed as a number following the format
defined in module documentation.


)
Runaway argument?
\q_stop \group_end: \group_end: ), and skeletal vibrations (\SI {2-3e\ETC.
! File ended while scanning use of \__siunitx_quantity_parsed_aux:w.
<inserted text> 
                \par 
l.77 ...sections/phase-locked-substrate-selection}
                                                  
I suspect you have forgotten a `}', causing me
to read past where you wanted me to stop.
I'll try to recover; but if the error is serious,
you'd better type `E' or `X' now and fix your file.

(sections/zero-backaction-observation.tex
Overfull \hbox (0.1718pt too wide) in paragraph at lines 13--14
[]\OT1/cmr/m/n/10.95 Thermal mo-men-tum at $\OML/cmm/m/it/10.95 T \OT1/cmr/m/n/
10.95 = 310 K$ for typ-i-cal trans-porter (MW $140$$[]$): 
 []

[9]
<figures/figure7_transplanckian_verification.png, id=289, 1127.8938pt x 711.859
5pt>
File: figures/figure7_transplanckian_verification.png Graphic file (type png)
<use figures/figure7_transplanckian_verification.png>
Package pdftex.def Info: figures/figure7_transplanckian_verification.png  used 
on input line 35.
(pdftex.def)             Requested size: 360.0pt x 227.21313pt.

! Undefined control sequence.
<argument> ...1.000$, light blue box, "\Checkmark 
                                                  Detected" green label, "No...
l.42 ...heckmark No quantum disturbance detected.}
                                                  
The control sequence at the end of the top line
of your error message was never \def'ed. If you have
misspelled it (e.g., `\hobx'), type `I' and the correct
spelling (e.g., `I\hbox'). Otherwise just continue,
and I'll forget about whatever was undefined.

! Undefined control sequence.
<argument> ...0.500$, light blue box, "\Checkmark 
                                                  Detected" green label, "No...
l.42 ...heckmark No quantum disturbance detected.}
                                                  
The control sequence at the end of the top line
of your error message was never \def'ed. If you have
misspelled it (e.g., `\hobx'), type `I' and the correct
spelling (e.g., `I\hbox'). Otherwise just continue,
and I'll forget about whatever was undefined.

! Undefined control sequence.
<argument> ...verification badge with "\Checkmark 
                                                  VERIFIED" label, confirmin...
l.42 ...heckmark No quantum disturbance detected.}
                                                  
The control sequence at the end of the top line
of your error message was never \def'ed. If you have
misspelled it (e.g., `\hobx'), type `I' and the correct
spelling (e.g., `I\hbox'). Otherwise just continue,
and I'll forget about whatever was undefined.

! Undefined control sequence.
<argument> ...0$. VERIFICATION STATUS: \Checkmark 
                                                  Zero backaction confirmed,...
l.42 ...heckmark No quantum disturbance detected.}
                                                  
The control sequence at the end of the top line
of your error message was never \def'ed. If you have
misspelled it (e.g., `\hobx'), type `I' and the correct
spelling (e.g., `I\hbox'). Otherwise just continue,
and I'll forget about whatever was undefined.

! Undefined control sequence.
<argument> ...ro backaction confirmed, \Checkmark 
                                                  Trans-Planckian precision ...
l.42 ...heckmark No quantum disturbance detected.}
                                                  
The control sequence at the end of the top line
of your error message was never \def'ed. If you have
misspelled it (e.g., `\hobx'), type `I' and the correct
spelling (e.g., `I\hbox'). Otherwise just continue,
and I'll forget about whatever was undefined.

! Undefined control sequence.
<argument> ...kian precision achieved, \Checkmark 
                                                  Categorical measurement va...
l.42 ...heckmark No quantum disturbance detected.}
                                                  
The control sequence at the end of the top line
of your error message was never \def'ed. If you have
misspelled it (e.g., `\hobx'), type `I' and the correct
spelling (e.g., `I\hbox'). Otherwise just continue,
and I'll forget about whatever was undefined.

! Undefined control sequence.
<argument> ...l measurement validated, \Checkmark 
                                                  No quantum disturbance det...
l.42 ...heckmark No quantum disturbance detected.}
                                                  
The control sequence at the end of the top line
of your error message was never \def'ed. If you have
misspelled it (e.g., `\hobx'), type `I' and the correct
spelling (e.g., `I\hbox'). Otherwise just continue,
and I'll forget about whatever was undefined.

! Undefined control sequence.
<argument> ...1.000$, light blue box, "\Checkmark 
                                                  Detected" green label, "No...
l.42 ...heckmark No quantum disturbance detected.}
                                                  
The control sequence at the end of the top line
of your error message was never \def'ed. If you have
misspelled it (e.g., `\hobx'), type `I' and the correct
spelling (e.g., `I\hbox'). Otherwise just continue,
and I'll forget about whatever was undefined.

! Undefined control sequence.
<argument> ...0.500$, light blue box, "\Checkmark 
                                                  Detected" green label, "No...
l.42 ...heckmark No quantum disturbance detected.}
                                                  
The control sequence at the end of the top line
of your error message was never \def'ed. If you have
misspelled it (e.g., `\hobx'), type `I' and the correct
spelling (e.g., `I\hbox'). Otherwise just continue,
and I'll forget about whatever was undefined.

! Undefined control sequence.
<argument> ...verification badge with "\Checkmark 
                                                  VERIFIED" label, confirmin...
l.42 ...heckmark No quantum disturbance detected.}
                                                  
The control sequence at the end of the top line
of your error message was never \def'ed. If you have
misspelled it (e.g., `\hobx'), type `I' and the correct
spelling (e.g., `I\hbox'). Otherwise just continue,
and I'll forget about whatever was undefined.

! Undefined control sequence.
<argument> ...0$. VERIFICATION STATUS: \Checkmark 
                                                  Zero backaction confirmed,...
l.42 ...heckmark No quantum disturbance detected.}
                                                  
The control sequence at the end of the top line
of your error message was never \def'ed. If you have
misspelled it (e.g., `\hobx'), type `I' and the correct
spelling (e.g., `I\hbox'). Otherwise just continue,
and I'll forget about whatever was undefined.

! Undefined control sequence.
<argument> ...ro backaction confirmed, \Checkmark 
                                                  Trans-Planckian precision ...
l.42 ...heckmark No quantum disturbance detected.}
                                                  
The control sequence at the end of the top line
of your error message was never \def'ed. If you have
misspelled it (e.g., `\hobx'), type `I' and the correct
spelling (e.g., `I\hbox'). Otherwise just continue,
and I'll forget about whatever was undefined.

! Undefined control sequence.
<argument> ...kian precision achieved, \Checkmark 
                                                  Categorical measurement va...
l.42 ...heckmark No quantum disturbance detected.}
                                                  
The control sequence at the end of the top line
of your error message was never \def'ed. If you have
misspelled it (e.g., `\hobx'), type `I' and the correct
spelling (e.g., `I\hbox'). Otherwise just continue,
and I'll forget about whatever was undefined.

! Undefined control sequence.
<argument> ...l measurement validated, \Checkmark 
                                                  No quantum disturbance det...
l.42 ...heckmark No quantum disturbance detected.}
                                                  
The control sequence at the end of the top line
of your error message was never \def'ed. If you have
misspelled it (e.g., `\hobx'), type `I' and the correct
spelling (e.g., `I\hbox'). Otherwise just continue,
and I'll forget about whatever was undefined.

! Undefined control sequence.
<argument> ...1.000$, light blue box, "\Checkmark 
                                                  Detected" green label, "No...
l.42 ...heckmark No quantum disturbance detected.}
                                                  
The control sequence at the end of the top line
of your error message was never \def'ed. If you have
misspelled it (e.g., `\hobx'), type `I' and the correct
spelling (e.g., `I\hbox'). Otherwise just continue,
and I'll forget about whatever was undefined.

! Undefined control sequence.
<argument> ...0.500$, light blue box, "\Checkmark 
                                                  Detected" green label, "No...
l.42 ...heckmark No quantum disturbance detected.}
                                                  
The control sequence at the end of the top line
of your error message was never \def'ed. If you have
misspelled it (e.g., `\hobx'), type `I' and the correct
spelling (e.g., `I\hbox'). Otherwise just continue,
and I'll forget about whatever was undefined.

! Undefined control sequence.
<argument> ...verification badge with "\Checkmark 
                                                  VERIFIED" label, confirmin...
l.42 ...heckmark No quantum disturbance detected.}
                                                  
The control sequence at the end of the top line
of your error message was never \def'ed. If you have
misspelled it (e.g., `\hobx'), type `I' and the correct
spelling (e.g., `I\hbox'). Otherwise just continue,
and I'll forget about whatever was undefined.

! Undefined control sequence.
<argument> ...0$. VERIFICATION STATUS: \Checkmark 
                                                  Zero backaction confirmed,...
l.42 ...heckmark No quantum disturbance detected.}
                                                  
The control sequence at the end of the top line
of your error message was never \def'ed. If you have
misspelled it (e.g., `\hobx'), type `I' and the correct
spelling (e.g., `I\hbox'). Otherwise just continue,
and I'll forget about whatever was undefined.

! Undefined control sequence.
<argument> ...ro backaction confirmed, \Checkmark 
                                                  Trans-Planckian precision ...
l.42 ...heckmark No quantum disturbance detected.}
                                                  
The control sequence at the end of the top line
of your error message was never \def'ed. If you have
misspelled it (e.g., `\hobx'), type `I' and the correct
spelling (e.g., `I\hbox'). Otherwise just continue,
and I'll forget about whatever was undefined.

! Undefined control sequence.
<argument> ...kian precision achieved, \Checkmark 
                                                  Categorical measurement va...
l.42 ...heckmark No quantum disturbance detected.}
                                                  
The control sequence at the end of the top line
of your error message was never \def'ed. If you have
misspelled it (e.g., `\hobx'), type `I' and the correct
spelling (e.g., `I\hbox'). Otherwise just continue,
and I'll forget about whatever was undefined.

! Undefined control sequence.
<argument> ...l measurement validated, \Checkmark 
                                                  No quantum disturbance det...
l.42 ...heckmark No quantum disturbance detected.}
                                                  
The control sequence at the end of the top line
of your error message was never \def'ed. If you have
misspelled it (e.g., `\hobx'), type `I' and the correct
spelling (e.g., `I\hbox'). Otherwise just continue,
and I'll forget about whatever was undefined.


LaTeX Warning: Float too large for page by 226.21312pt on input line 44.


LaTeX Warning: `h' float specifier changed to `ht'.

[10] [11 <./figures/figure7_transplanckian_verification.png>]
Overfull \hbox (1.2592pt too wide) in paragraph at lines 119--120
[]\OT1/cmr/m/n/10.95 Verapamil: No con-for-ma-tional change within ob-ser-va-ti
on win-dow (sub-
 []


Overfull \hbox (2.45422pt too wide) detected at line 126
[][][][] \OMS/cmsy/m/n/10.95 ! [] ! [] ! []
 []


Overfull \hbox (11.99617pt too wide) in paragraph at lines 131--132
\OT1/cmr/bx/n/10.95 I1: \OT1/cmr/m/n/10.95 Cat-e-gor-i-cal mea-sure-ment en-abl
es ob-ser-va-tion of bi-o-log-i-cal Maxwell demons
 []

[12]) (sections/ensemble-transporter-demon.tex

! Package siunitx Error: Invalid number '10^{20}'.

For immediate help type H <return>.
 ...                                              
                                                  
l.5 ... demons: rather than tracking \num{10^{20}}
                                                   individual molecules, one...


The input '10^{20}' could not be parsed as a number following the format
defined in module documentation.



Overfull \hbox (123.61958pt too wide) detected at line 12
[][][]\OML/cmm/m/it/10.95 P\OT1/cmr/m/n/10.95 ([]) = \OMS/cmsy/m/n/10.95 f[] \O
T1/cmr/m/n/10.95 : 0\OML/cmm/m/it/10.95 :\OT1/cmr/m/n/10.95 85\OML/cmm/m/it/10.
95 ; [] \OT1/cmr/m/n/10.95 : 0\OML/cmm/m/it/10.95 :\OT1/cmr/m/n/10.95 05\OML/cm
m/m/it/10.95 ; [] \OT1/cmr/m/n/10.95 : 0\OML/cmm/m/it/10.95 :\OT1/cmr/m/n/10.95
 05\OML/cmm/m/it/10.95 ; [] \OT1/cmr/m/n/10.95 : 0\OML/cmm/m/it/10.95 :\OT1/cmr
/m/n/10.95 05\OMS/cmsy/m/n/10.95 g
 []


Overfull \hbox (2.50328pt too wide) in paragraph at lines 23--24
[]\OT1/cmr/m/n/10.95 This sin-gle S-coordinate rep-re-sents the en-tire en-sem-
ble's cat-e-gor-i-cal state,
 []

[13]
<figures/figure4_maxwell_demon_ensemble.png, id=325, 1102.8402pt x 715.2321pt>
File: figures/figure4_maxwell_demon_ensemble.png Graphic file (type png)
<use figures/figure4_maxwell_demon_ensemble.png>
Package pdftex.def Info: figures/figure4_maxwell_demon_ensemble.png  used on in
put line 27.
(pdftex.def)             Requested size: 360.0pt x 233.47356pt.

Underfull \hbox (badness 1092) in paragraph at lines 34--34
[]\OT1/cmr/m/n/10.95 Figure 4: |\OT1/cmr/bx/n/10.95 En-sem-ble trans-porter col
-lec-tive be-hav-ior as sin-gle
 []


LaTeX Warning: Float too large for page by 218.87354pt on input line 36.

[14] [15 <./figures/figure4_maxwell_demon_ensemble.png>]
Overfull \hbox (6.06241pt too wide) in paragraph at lines 131--132
[]\OT1/cmr/m/n/10.95 The en-sem-ble's large ca-pac-ity ($42 500$$[]\OML/cmm/m/i
t/10.95 =\OT1/cmr/m/n/10.95 s$) ex-ceeds sub-strate avail-
 []

[16]
<figures/figure8_ensemble_demon_collective.png, id=356, 1144.5159pt x 703.428pt
>
File: figures/figure8_ensemble_demon_collective.png Graphic file (type png)
<use figures/figure8_ensemble_demon_collective.png>
Package pdftex.def Info: figures/figure8_ensemble_demon_collective.png  used on
 input line 145.
(pdftex.def)             Requested size: 360.0pt x 221.25899pt.


LaTeX Warning: Float too large for page by 111.45892pt on input line 153.


LaTeX Warning: `h' float specifier changed to `ht'.

) [17] [18 <./figures/figure8_ensemble_demon_collective.png>]
(sections/experimental-validation.tex [19]
<figures/figure6_phase_locked_selection_detailed.png, id=380, 1149.093pt x 715.
2321pt>
File: figures/figure6_phase_locked_selection_detailed.png Graphic file (type pn
g)
<use figures/figure6_phase_locked_selection_detailed.png>
Package pdftex.def Info: figures/figure6_phase_locked_selection_detailed.png  u
sed on input line 74.
(pdftex.def)             Requested size: 360.0pt x 224.07698pt.

! Undefined control sequence.
<argument> ...ates: 5; Transported: 1 (\Checkmark 
                                                  ); Rejected: 4 (✗); Effi...
l.81 ...s stringent frequency-matching criterion.}
                                                  
The control sequence at the end of the top line
of your error message was never \def'ed. If you have
misspelled it (e.g., `\hobx'), type `I' and the correct
spelling (e.g., `I\hbox'). Otherwise just continue,
and I'll forget about whatever was undefined.

! Undefined control sequence.
<argument> ...ity: $9.10 \times 10^9$ (\Checkmark 
                                                  ); Avg phase-lock (transpo...
l.81 ...s stringent frequency-matching criterion.}
                                                  
The control sequence at the end of the top line
of your error message was never \def'ed. If you have
misspelled it (e.g., `\hobx'), type `I' and the correct
spelling (e.g., `I\hbox'). Otherwise just continue,
and I'll forget about whatever was undefined.

! Undefined control sequence.
<argument> ...lock (transport): 0.910 (\Checkmark 
                                                  ); Avg phase-lock (reject)...
l.81 ...s stringent frequency-matching criterion.}
                                                  
The control sequence at the end of the top line
of your error message was never \def'ed. If you have
misspelled it (e.g., `\hobx'), type `I' and the correct
spelling (e.g., `I\hbox'). Otherwise just continue,
and I'll forget about whatever was undefined.

! Undefined control sequence.
<argument> ...ates: 5; Transported: 1 (\Checkmark 
                                                  ); Rejected: 4 (✗); Effi...
l.81 ...s stringent frequency-matching criterion.}
                                                  
The control sequence at the end of the top line
of your error message was never \def'ed. If you have
misspelled it (e.g., `\hobx'), type `I' and the correct
spelling (e.g., `I\hbox'). Otherwise just continue,
and I'll forget about whatever was undefined.


! LaTeX Error: Unicode character ✗ (U+2717)
               not set up for use with LaTeX.

See the LaTeX manual or LaTeX Companion for explanation.
Type  H <return>  for immediate help.
 ...                                              
                                                  
l.81 ...s stringent frequency-matching criterion.}
                                                  
You may provide a definition with
\DeclareUnicodeCharacter 

! Undefined control sequence.
<argument> ...ity: $9.10 \times 10^9$ (\Checkmark 
                                                  ); Avg phase-lock (transpo...
l.81 ...s stringent frequency-matching criterion.}
                                                  
The control sequence at the end of the top line
of your error message was never \def'ed. If you have
misspelled it (e.g., `\hobx'), type `I' and the correct
spelling (e.g., `I\hbox'). Otherwise just continue,
and I'll forget about whatever was undefined.

! Undefined control sequence.
<argument> ...lock (transport): 0.910 (\Checkmark 
                                                  ); Avg phase-lock (reject)...
l.81 ...s stringent frequency-matching criterion.}
                                                  
The control sequence at the end of the top line
of your error message was never \def'ed. If you have
misspelled it (e.g., `\hobx'), type `I' and the correct
spelling (e.g., `I\hbox'). Otherwise just continue,
and I'll forget about whatever was undefined.


! LaTeX Error: Unicode character ✗ (U+2717)
               not set up for use with LaTeX.

See the LaTeX manual or LaTeX Companion for explanation.
Type  H <return>  for immediate help.
 ...                                              
                                                  
l.81 ...s stringent frequency-matching criterion.}
                                                  
You may provide a definition with
\DeclareUnicodeCharacter 

! Undefined control sequence.
<argument> ...ates: 5; Transported: 1 (\Checkmark 
                                                  ); Rejected: 4 (✗); Effi...
l.81 ...s stringent frequency-matching criterion.}
                                                  
The control sequence at the end of the top line
of your error message was never \def'ed. If you have
misspelled it (e.g., `\hobx'), type `I' and the correct
spelling (e.g., `I\hbox'). Otherwise just continue,
and I'll forget about whatever was undefined.


! LaTeX Error: Unicode character ✗ (U+2717)
               not set up for use with LaTeX.

See the LaTeX manual or LaTeX Companion for explanation.
Type  H <return>  for immediate help.
 ...                                              
                                                  
l.81 ...s stringent frequency-matching criterion.}
                                                  
You may provide a definition with
\DeclareUnicodeCharacter 

! Undefined control sequence.
<argument> ...ity: $9.10 \times 10^9$ (\Checkmark 
                                                  ); Avg phase-lock (transpo...
l.81 ...s stringent frequency-matching criterion.}
                                                  
The control sequence at the end of the top line
of your error message was never \def'ed. If you have
misspelled it (e.g., `\hobx'), type `I' and the correct
spelling (e.g., `I\hbox'). Otherwise just continue,
and I'll forget about whatever was undefined.

! Undefined control sequence.
<argument> ...lock (transport): 0.910 (\Checkmark 
                                                  ); Avg phase-lock (reject)...
l.81 ...s stringent frequency-matching criterion.}
                                                  
The control sequence at the end of the top line
of your error message was never \def'ed. If you have
misspelled it (e.g., `\hobx'), type `I' and the correct
spelling (e.g., `I\hbox'). Otherwise just continue,
and I'll forget about whatever was undefined.


! LaTeX Error: Unicode character ✗ (U+2717)
               not set up for use with LaTeX.

See the LaTeX manual or LaTeX Companion for explanation.
Type  H <return>  for immediate help.
 ...                                              
                                                  
l.81 ...s stringent frequency-matching criterion.}
                                                  
You may provide a definition with
\DeclareUnicodeCharacter 


LaTeX Warning: Float too large for page by 195.87695pt on input line 83.

[20] [21 <./figures/figure6_phase_locked_selection_detailed.png>] [22]
Overfull \hbox (1.5604pt too wide) in paragraph at lines 150--151
\OT1/cmr/bx/n/10.95 Method: \OT1/cmr/m/n/10.95 Model $5000$-transporter en-sem-
ble as col-lec-tive de-mon. Test single-
 []

[23] [24]) [25] (ensemble-membrane-transporter-maxwell-demons.bbl
Underfull \hbox (badness 1946) in paragraph at lines 13--19
[]\OT1/cmr/m/n/10.95 Martin Beck, Alexan-der Schmidt, Jo-han Malm-stroem, Man-f
red
 []

[26]) [27] (ensemble-membrane-transporter-maxwell-demons.aux)
 ***********
LaTeX2e <2023-11-01> patch level 1
L3 programming layer <2024-01-04>
 ***********
Package rerunfilecheck Info: File `ensemble-membrane-transporter-maxwell-demons
.out' has not changed.
(rerunfilecheck)             Checksum: D6BC175BE249B070CEC841369105710E;8741.
 )
(\end occurred inside a group at level 2)

### semi simple group (level 2) entered at line 8 (\begingroup)
### semi simple group (level 1) entered at line 8 (\begingroup)
### bottom level 
Here is how much of TeX's memory you used:
 16662 strings out of 474486
 326319 string characters out of 5743283
 1942542 words of memory out of 5000000
 38588 multiletter control sequences out of 15000+600000
 572073 words of font info for 91 fonts, out of 8000000 for 9000
 1141 hyphenation exceptions out of 8191
 79i,14n,93p,3266b,1294s stack positions out of 10000i,1000n,20000p,200000b,200000s
 <C:\Users\kundai\AppData\Local\MiKTeX\fonts/pk/ljfour/jknappen
/ec/dpi600\tcrm1000.pk> <C:\Users\kundai\AppData\Local\MiKTeX\fonts/pk/ljfour/j
knappen/ec/dpi600\tcrm1095.pk><C:/Users/kundai/AppData/Local/Programs/MiKTeX/fo
nts/type1/public/amsfonts/cm/cmbx10.pfb><C:/Users/kundai/AppData/Local/Programs
/MiKTeX/fonts/type1/public/amsfonts/cm/cmbx12.pfb><C:/Users/kundai/AppData/Loca
l/Programs/MiKTeX/fonts/type1/public/amsfonts/cm/cmbx7.pfb><C:/Users/kundai/App
Data/Local/Programs/MiKTeX/fonts/type1/public/amsfonts/cm/cmbx8.pfb><C:/Users/k
undai/AppData/Local/Programs/MiKTeX/fonts/type1/public/amsfonts/cm/cmex10.pfb><
C:/Users/kundai/AppData/Local/Programs/MiKTeX/fonts/type1/public/amsfonts/cm/cm
mi10.pfb><C:/Users/kundai/AppData/Local/Programs/MiKTeX/fonts/type1/public/amsf
onts/cm/cmmi8.pfb><C:/Users/kundai/AppData/Local/Programs/MiKTeX/fonts/type1/pu
blic/amsfonts/cm/cmr10.pfb><C:/Users/kundai/AppData/Local/Programs/MiKTeX/fonts
/type1/public/amsfonts/cm/cmr12.pfb><C:/Users/kundai/AppData/Local/Programs/MiK
TeX/fonts/type1/public/amsfonts/cm/cmr17.pfb><C:/Users/kundai/AppData/Local/Pro
grams/MiKTeX/fonts/type1/public/amsfonts/cm/cmr7.pfb><C:/Users/kundai/AppData/L
ocal/Programs/MiKTeX/fonts/type1/public/amsfonts/cm/cmr8.pfb><C:/Users/kundai/A
ppData/Local/Programs/MiKTeX/fonts/type1/public/amsfonts/cm/cmsy10.pfb><C:/User
s/kundai/AppData/Local/Programs/MiKTeX/fonts/type1/public/amsfonts/cm/cmsy6.pfb
><C:/Users/kundai/AppData/Local/Programs/MiKTeX/fonts/type1/public/amsfonts/cm/
cmsy7.pfb><C:/Users/kundai/AppData/Local/Programs/MiKTeX/fonts/type1/public/ams
fonts/cm/cmsy8.pfb><C:/Users/kundai/AppData/Local/Programs/MiKTeX/fonts/type1/p
ublic/amsfonts/cm/cmti10.pfb><C:/Users/kundai/AppData/Local/Programs/MiKTeX/fon
ts/type1/public/amsfonts/cm/cmti8.pfb><C:/Users/kundai/AppData/Local/Programs/M
iKTeX/fonts/type1/public/amsfonts/cm/cmtt10.pfb><C:/Users/kundai/AppData/Local/
Programs/MiKTeX/fonts/type1/public/amsfonts/symbols/msam10.pfb><C:/Users/kundai
/AppData/Local/Programs/MiKTeX/fonts/type1/public/amsfonts/symbols/msbm10.pfb><
C:/Users/kundai/AppData/Local/Programs/MiKTeX/fonts/type1/public/rsfs/rsfs10.pf
b>
Output written on ensemble-membrane-transporter-maxwell-demons.pdf (27 pages, 5
907212 bytes).
PDF statistics:
 571 PDF objects out of 1000 (max. 8388607)
 159 named destinations out of 1000 (max. 500000)
 375 words of extra memory for PDF output out of 10000 (max. 10000000)

