This is pdfTeX, Version 3.141592653-2.6-1.40.25 (MiKTeX 24.1) (preloaded format=pdflatex 2025.7.27)  26 DEC 2025 07:05
entering extended mode
 restricted \write18 enabled.
 %&-line parsing enabled.
**./categorical-catalysis-mechanism.tex
(categorical-catalysis-mechanism.tex
LaTeX2e <2023-11-01> patch level 1
L3 programming layer <2024-01-04>
(C:\Users\kundai\AppData\Local\Programs\MiKTeX\tex/latex/base\article.cls
Document Class: article 2023/05/17 v1.4n Standard LaTeX document class
(C:\Users\kundai\AppData\Local\Programs\MiKTeX\tex/latex/base\size12.clo
File: size12.clo 2023/05/17 v1.4n Standard LaTeX file (size option)
)
\c@part=\count187
\c@section=\count188
\c@subsection=\count189
\c@subsubsection=\count190
\c@paragraph=\count191
\c@subparagraph=\count192
\c@figure=\count193
\c@table=\count194
\abovecaptionskip=\skip48
\belowcaptionskip=\skip49
\bibindent=\dimen140
)
(C:\Users\kundai\AppData\Local\Programs\MiKTeX\tex/latex/base\inputenc.sty
Package: inputenc 2021/02/14 v1.3d Input encoding file
\inpenc@prehook=\toks17
\inpenc@posthook=\toks18
)
(C:\Users\kundai\AppData\Local\Programs\MiKTeX\tex/latex/base\fontenc.sty
Package: fontenc 2021/04/29 v2.0v Standard LaTeX package
)
(C:\Users\kundai\AppData\Local\Programs\MiKTeX\tex/latex/amsmath\amsmath.sty
Package: amsmath 2023/05/13 v2.17o AMS math features
\@mathmargin=\skip50

For additional information on amsmath, use the `?' option.
(C:\Users\kundai\AppData\Local\Programs\MiKTeX\tex/latex/amsmath\amstext.sty
Package: amstext 2021/08/26 v2.01 AMS text

(C:\Users\kundai\AppData\Local\Programs\MiKTeX\tex/latex/amsmath\amsgen.sty
File: amsgen.sty 1999/11/30 v2.0 generic functions
\@emptytoks=\toks19
\ex@=\dimen141
))
(C:\Users\kundai\AppData\Local\Programs\MiKTeX\tex/latex/amsmath\amsbsy.sty
Package: amsbsy 1999/11/29 v1.2d Bold Symbols
\pmbraise@=\dimen142
)
(C:\Users\kundai\AppData\Local\Programs\MiKTeX\tex/latex/amsmath\amsopn.sty
Package: amsopn 2022/04/08 v2.04 operator names
)
\inf@bad=\count195
LaTeX Info: Redefining \frac on input line 234.
\uproot@=\count196
\leftroot@=\count197
LaTeX Info: Redefining \overline on input line 399.
LaTeX Info: Redefining \colon on input line 410.
\classnum@=\count198
\DOTSCASE@=\count199
LaTeX Info: Redefining \ldots on input line 496.
LaTeX Info: Redefining \dots on input line 499.
LaTeX Info: Redefining \cdots on input line 620.
\Mathstrutbox@=\box51
\strutbox@=\box52
LaTeX Info: Redefining \big on input line 722.
LaTeX Info: Redefining \Big on input line 723.
LaTeX Info: Redefining \bigg on input line 724.
LaTeX Info: Redefining \Bigg on input line 725.
\big@size=\dimen143
LaTeX Font Info:    Redeclaring font encoding OML on input line 743.
LaTeX Font Info:    Redeclaring font encoding OMS on input line 744.
\macc@depth=\count266
LaTeX Info: Redefining \bmod on input line 905.
LaTeX Info: Redefining \pmod on input line 910.
LaTeX Info: Redefining \smash on input line 940.
LaTeX Info: Redefining \relbar on input line 970.
LaTeX Info: Redefining \Relbar on input line 971.
\c@MaxMatrixCols=\count267
\dotsspace@=\muskip16
\c@parentequation=\count268
\dspbrk@lvl=\count269
\tag@help=\toks20
\row@=\count270
\column@=\count271
\maxfields@=\count272
\andhelp@=\toks21
\eqnshift@=\dimen144
\alignsep@=\dimen145
\tagshift@=\dimen146
\tagwidth@=\dimen147
\totwidth@=\dimen148
\lineht@=\dimen149
\@envbody=\toks22
\multlinegap=\skip51
\multlinetaggap=\skip52
\mathdisplay@stack=\toks23
LaTeX Info: Redefining \[ on input line 2953.
LaTeX Info: Redefining \] on input line 2954.
)
(C:\Users\kundai\AppData\Local\Programs\MiKTeX\tex/latex/amsfonts\amssymb.sty
Package: amssymb 2013/01/14 v3.01 AMS font symbols

(C:\Users\kundai\AppData\Local\Programs\MiKTeX\tex/latex/amsfonts\amsfonts.sty
Package: amsfonts 2013/01/14 v3.01 Basic AMSFonts support
\symAMSa=\mathgroup4
\symAMSb=\mathgroup5
LaTeX Font Info:    Redeclaring math symbol \hbar on input line 98.
LaTeX Font Info:    Overwriting math alphabet `\mathfrak' in version `bold'
(Font)                  U/euf/m/n --> U/euf/b/n on input line 106.
)) (C:\Users\kundai\AppData\Local\Programs\MiKTeX\tex/latex/amscls\amsthm.sty
Package: amsthm 2020/05/29 v2.20.6
\thm@style=\toks24
\thm@bodyfont=\toks25
\thm@headfont=\toks26
\thm@notefont=\toks27
\thm@headpunct=\toks28
\thm@preskip=\skip53
\thm@postskip=\skip54
\thm@headsep=\skip55
\dth@everypar=\toks29
)
(C:\Users\kundai\AppData\Local\Programs\MiKTeX\tex/latex/mathtools\mathtools.st
y
Package: mathtools 2024/10/04 v1.31 mathematical typesetting tools
 (C:\Users\kundai\AppData\Local\Programs\MiKTeX\tex/latex/graphics\keyval.sty
Package: keyval 2022/05/29 v1.15 key=value parser (DPC)
\KV@toks@=\toks30
) (C:\Users\kundai\AppData\Local\Programs\MiKTeX\tex/latex/tools\calc.sty
Package: calc 2023/07/08 v4.3 Infix arithmetic (KKT,FJ)
\calc@Acount=\count273
\calc@Bcount=\count274
\calc@Adimen=\dimen150
\calc@Bdimen=\dimen151
\calc@Askip=\skip56
\calc@Bskip=\skip57
LaTeX Info: Redefining \setlength on input line 80.
LaTeX Info: Redefining \addtolength on input line 81.
\calc@Ccount=\count275
\calc@Cskip=\skip58
)
(C:\Users\kundai\AppData\Local\Programs\MiKTeX\tex/latex/mathtools\mhsetup.sty
Package: mhsetup 2021/03/18 v1.4 programming setup (MH)
)
\g_MT_multlinerow_int=\count276
\l_MT_multwidth_dim=\dimen152
\origjot=\skip59
\l_MT_shortvdotswithinadjustabove_dim=\dimen153
\l_MT_shortvdotswithinadjustbelow_dim=\dimen154
\l_MT_above_intertext_sep=\dimen155
\l_MT_below_intertext_sep=\dimen156
\l_MT_above_shortintertext_sep=\dimen157
\l_MT_below_shortintertext_sep=\dimen158
\xmathstrut@box=\box53
\xmathstrut@dim=\dimen159
)
(C:\Users\kundai\AppData\Local\Programs\MiKTeX\tex/latex/geometry\geometry.sty
Package: geometry 2020/01/02 v5.9 Page Geometry

(C:\Users\kundai\AppData\Local\Programs\MiKTeX\tex/generic/iftex\ifvtex.sty
Package: ifvtex 2019/10/25 v1.7 ifvtex legacy package. Use iftex instead.

(C:\Users\kundai\AppData\Local\Programs\MiKTeX\tex/generic/iftex\iftex.sty
Package: iftex 2022/02/03 v1.0f TeX engine tests
))
\Gm@cnth=\count277
\Gm@cntv=\count278
\c@Gm@tempcnt=\count279
\Gm@bindingoffset=\dimen160
\Gm@wd@mp=\dimen161
\Gm@odd@mp=\dimen162
\Gm@even@mp=\dimen163
\Gm@layoutwidth=\dimen164
\Gm@layoutheight=\dimen165
\Gm@layouthoffset=\dimen166
\Gm@layoutvoffset=\dimen167
\Gm@dimlist=\toks31

(C:\Users\kundai\AppData\Local\Programs\MiKTeX\tex/latex/geometry\geometry.cfg)
)
(C:\Users\kundai\AppData\Local\Programs\MiKTeX\tex/latex/graphics\graphicx.sty
Package: graphicx 2021/09/16 v1.2d Enhanced LaTeX Graphics (DPC,SPQR)

(C:\Users\kundai\AppData\Local\Programs\MiKTeX\tex/latex/graphics\graphics.sty
Package: graphics 2022/03/10 v1.4e Standard LaTeX Graphics (DPC,SPQR)

(C:\Users\kundai\AppData\Local\Programs\MiKTeX\tex/latex/graphics\trig.sty
Package: trig 2021/08/11 v1.11 sin cos tan (DPC)
)
(C:\Users\kundai\AppData\Local\Programs\MiKTeX\tex/latex/graphics-cfg\graphics.
cfg
File: graphics.cfg 2016/06/04 v1.11 sample graphics configuration
)
Package graphics Info: Driver file: pdftex.def on input line 107.

(C:\Users\kundai\AppData\Local\Programs\MiKTeX\tex/latex/graphics-def\pdftex.de
f
File: pdftex.def 2022/09/22 v1.2b Graphics/color driver for pdftex
))
\Gin@req@height=\dimen168
\Gin@req@width=\dimen169
)
(C:\Users\kundai\AppData\Local\Programs\MiKTeX\tex/latex/hyperref\hyperref.sty
Package: hyperref 2023-11-26 v7.01g Hypertext links for LaTeX

(C:\Users\kundai\AppData\Local\Programs\MiKTeX\tex/generic/infwarerr\infwarerr.
sty
Package: infwarerr 2019/12/03 v1.5 Providing info/warning/error messages (HO)
)
(C:\Users\kundai\AppData\Local\Programs\MiKTeX\tex/latex/kvsetkeys\kvsetkeys.st
y
Package: kvsetkeys 2022-10-05 v1.19 Key value parser (HO)
)
(C:\Users\kundai\AppData\Local\Programs\MiKTeX\tex/generic/kvdefinekeys\kvdefin
ekeys.sty
Package: kvdefinekeys 2019-12-19 v1.6 Define keys (HO)
)
(C:\Users\kundai\AppData\Local\Programs\MiKTeX\tex/generic/pdfescape\pdfescape.
sty
Package: pdfescape 2019/12/09 v1.15 Implements pdfTeX's escape features (HO)

(C:\Users\kundai\AppData\Local\Programs\MiKTeX\tex/generic/ltxcmds\ltxcmds.sty
Package: ltxcmds 2023-12-04 v1.26 LaTeX kernel commands for general use (HO)
)
(C:\Users\kundai\AppData\Local\Programs\MiKTeX\tex/generic/pdftexcmds\pdftexcmd
s.sty
Package: pdftexcmds 2020-06-27 v0.33 Utility functions of pdfTeX for LuaTeX (HO
)
Package pdftexcmds Info: \pdf@primitive is available.
Package pdftexcmds Info: \pdf@ifprimitive is available.
Package pdftexcmds Info: \pdfdraftmode found.
))
(C:\Users\kundai\AppData\Local\Programs\MiKTeX\tex/latex/hycolor\hycolor.sty
Package: hycolor 2020-01-27 v1.10 Color options for hyperref/bookmark (HO)
)
(C:\Users\kundai\AppData\Local\Programs\MiKTeX\tex/latex/letltxmacro\letltxmacr
o.sty
Package: letltxmacro 2019/12/03 v1.6 Let assignment for LaTeX macros (HO)
)
(C:\Users\kundai\AppData\Local\Programs\MiKTeX\tex/latex/auxhook\auxhook.sty
Package: auxhook 2019-12-17 v1.6 Hooks for auxiliary files (HO)
)
(C:\Users\kundai\AppData\Local\Programs\MiKTeX\tex/latex/hyperref\nameref.sty
Package: nameref 2023-11-26 v2.56 Cross-referencing by name of section

(C:\Users\kundai\AppData\Local\Programs\MiKTeX\tex/latex/refcount\refcount.sty
Package: refcount 2019/12/15 v3.6 Data extraction from label references (HO)
)
(C:\Users\kundai\AppData\Local\Programs\MiKTeX\tex/generic/gettitlestring\getti
tlestring.sty
Package: gettitlestring 2019/12/15 v1.6 Cleanup title references (HO)

(C:\Users\kundai\AppData\Local\Programs\MiKTeX\tex/latex/kvoptions\kvoptions.st
y
Package: kvoptions 2022-06-15 v3.15 Key value format for package options (HO)
))
\c@section@level=\count280
)
(C:\Users\kundai\AppData\Local\Programs\MiKTeX\tex/latex/etoolbox\etoolbox.sty
Package: etoolbox 2020/10/05 v2.5k e-TeX tools for LaTeX (JAW)
\etb@tempcnta=\count281
)
\@linkdim=\dimen170
\Hy@linkcounter=\count282
\Hy@pagecounter=\count283
(C:\Users\kundai\AppData\Local\Programs\MiKTeX\tex/latex/hyperref\pd1enc.def
File: pd1enc.def 2023-11-26 v7.01g Hyperref: PDFDocEncoding definition (HO)
Now handling font encoding PD1 ...
... no UTF-8 mapping file for font encoding PD1
)
(C:\Users\kundai\AppData\Local\Programs\MiKTeX\tex/generic/intcalc\intcalc.sty
Package: intcalc 2019/12/15 v1.3 Expandable calculations with integers (HO)
)
\Hy@SavedSpaceFactor=\count284
(C:\Users\kundai\AppData\Local\Programs\MiKTeX\tex/latex/hyperref\puenc.def
File: puenc.def 2023-11-26 v7.01g Hyperref: PDF Unicode definition (HO)
Now handling font encoding PU ...
... no UTF-8 mapping file for font encoding PU
)
Package hyperref Info: Hyper figures OFF on input line 4181.
Package hyperref Info: Link nesting OFF on input line 4186.
Package hyperref Info: Hyper index ON on input line 4189.
Package hyperref Info: Plain pages OFF on input line 4196.
Package hyperref Info: Backreferencing OFF on input line 4201.
Package hyperref Info: Implicit mode ON; LaTeX internals redefined.
Package hyperref Info: Bookmarks ON on input line 4448.
\c@Hy@tempcnt=\count285

(C:\Users\kundai\AppData\Local\Programs\MiKTeX\tex/latex/url\url.sty
\Urlmuskip=\muskip17
Package: url 2013/09/16  ver 3.4  Verb mode for urls, etc.
)
LaTeX Info: Redefining \url on input line 4786.
\XeTeXLinkMargin=\dimen171

(C:\Users\kundai\AppData\Local\Programs\MiKTeX\tex/generic/bitset\bitset.sty
Package: bitset 2019/12/09 v1.3 Handle bit-vector datatype (HO)

(C:\Users\kundai\AppData\Local\Programs\MiKTeX\tex/generic/bigintcalc\bigintcal
c.sty
Package: bigintcalc 2019/12/15 v1.5 Expandable calculations on big integers (HO
)
))
\Fld@menulength=\count286
\Field@Width=\dimen172
\Fld@charsize=\dimen173
Package hyperref Info: Hyper figures OFF on input line 6065.
Package hyperref Info: Link nesting OFF on input line 6070.
Package hyperref Info: Hyper index ON on input line 6073.
Package hyperref Info: backreferencing OFF on input line 6080.
Package hyperref Info: Link coloring OFF on input line 6085.
Package hyperref Info: Link coloring with OCG OFF on input line 6090.
Package hyperref Info: PDF/A mode OFF on input line 6095.

(C:\Users\kundai\AppData\Local\Programs\MiKTeX\tex/latex/base\atbegshi-ltx.sty
Package: atbegshi-ltx 2021/01/10 v1.0c Emulation of the original atbegshi
package with kernel methods
)
\Hy@abspage=\count287
\c@Item=\count288
\c@Hfootnote=\count289
)
Package hyperref Info: Driver (autodetected): hpdftex.
 (C:\Users\kundai\AppData\Local\Programs\MiKTeX\tex/latex/hyperref\hpdftex.def
File: hpdftex.def 2023-11-26 v7.01g Hyperref driver for pdfTeX

(C:\Users\kundai\AppData\Local\Programs\MiKTeX\tex/latex/base\atveryend-ltx.sty
Package: atveryend-ltx 2020/08/19 v1.0a Emulation of the original atveryend pac
kage
with kernel methods
)
\Fld@listcount=\count290
\c@bookmark@seq@number=\count291

(C:\Users\kundai\AppData\Local\Programs\MiKTeX\tex/latex/rerunfilecheck\rerunfi
lecheck.sty
Package: rerunfilecheck 2025-06-21 v1.11 Rerun checks for auxiliary files (HO)

(C:\Users\kundai\AppData\Local\Programs\MiKTeX\tex/generic/uniquecounter\unique
counter.sty
Package: uniquecounter 2019/12/15 v1.4 Provide unlimited unique counter (HO)
)
Package uniquecounter Info: New unique counter `rerunfilecheck' on input line 2
84.
)
\Hy@SectionHShift=\skip60
)
(C:\Users\kundai\AppData\Local\Programs\MiKTeX\tex/latex/cleveref\cleveref.sty
Package: cleveref 2018/03/27 v0.21.4 Intelligent cross-referencing
Package cleveref Info: `hyperref' support loaded on input line 2370.
LaTeX Info: Redefining \cref on input line 2370.
LaTeX Info: Redefining \Cref on input line 2370.
LaTeX Info: Redefining \crefrange on input line 2370.
LaTeX Info: Redefining \Crefrange on input line 2370.
LaTeX Info: Redefining \cpageref on input line 2370.
LaTeX Info: Redefining \Cpageref on input line 2370.
LaTeX Info: Redefining \cpagerefrange on input line 2370.
LaTeX Info: Redefining \Cpagerefrange on input line 2370.
LaTeX Info: Redefining \labelcref on input line 2370.
LaTeX Info: Redefining \labelcpageref on input line 2370.
Package cleveref Info: `amsthm' support loaded on input line 3026.
) (C:\Users\kundai\AppData\Local\Programs\MiKTeX\tex/latex/enumitem\enumitem.st
y
Package: enumitem 2025/02/06 v3.11 Customized lists
\labelindent=\skip61
\enit@outerparindent=\dimen174
\enit@toks=\toks32
\enit@inbox=\box54
\enit@count@id=\count292
\enitdp@description=\count293
)
(C:\Users\kundai\AppData\Local\Programs\MiKTeX\tex/latex/booktabs\booktabs.sty
Package: booktabs 2020/01/12 v1.61803398 Publication quality tables
\heavyrulewidth=\dimen175
\lightrulewidth=\dimen176
\cmidrulewidth=\dimen177
\belowrulesep=\dimen178
\belowbottomsep=\dimen179
\aboverulesep=\dimen180
\abovetopsep=\dimen181
\cmidrulesep=\dimen182
\cmidrulekern=\dimen183
\defaultaddspace=\dimen184
\@cmidla=\count294
\@cmidlb=\count295
\@aboverulesep=\dimen185
\@belowrulesep=\dimen186
\@thisruleclass=\count296
\@lastruleclass=\count297
\@thisrulewidth=\dimen187
) (C:\Users\kundai\AppData\Local\Programs\MiKTeX\tex/latex/tools\array.sty
Package: array 2023/10/16 v2.5g Tabular extension package (FMi)
\col@sep=\dimen188
\ar@mcellbox=\box55
\extrarowheight=\dimen189
\NC@list=\toks33
\extratabsurround=\skip62
\backup@length=\skip63
\ar@cellbox=\box56
)
(C:\Users\kundai\AppData\Local\Programs\MiKTeX\tex/latex/natbib\natbib.sty
Package: natbib 2010/09/13 8.31b (PWD, AO)
\bibhang=\skip64
\bibsep=\skip65
LaTeX Info: Redefining \cite on input line 694.
\c@NAT@ctr=\count298
)
\c@theorem=\count299

(C:\Users\kundai\AppData\Local\Programs\MiKTeX\tex/latex/l3backend\l3backend-pd
ftex.def
File: l3backend-pdftex.def 2024-01-04 L3 backend support: PDF output (pdfTeX)
\l__color_backend_stack_int=\count300
\l__pdf_internal_box=\box57
) (categorical-catalysis-mechanism.aux

LaTeX Warning: Label `sec:aperture' multiply defined.


LaTeX Warning: Label `sec:aperture@cref' multiply defined.


LaTeX Warning: Label `sec:aperture_definition' multiply defined.


LaTeX Warning: Label `sec:aperture_definition@cref' multiply defined.


LaTeX Warning: Label `def:aperture' multiply defined.


LaTeX Warning: Label `def:aperture@cref' multiply defined.


LaTeX Warning: Label `eq:aperture_function' multiply defined.


LaTeX Warning: Label `eq:aperture_function@cref' multiply defined.


LaTeX Warning: Label `eq:configuration_space' multiply defined.


LaTeX Warning: Label `eq:configuration_space@cref' multiply defined.


LaTeX Warning: Label `eq:aperture_acceptance' multiply defined.


LaTeX Warning: Label `eq:aperture_acceptance@cref' multiply defined.


LaTeX Warning: Label `rem:config_vs_velocity' multiply defined.


LaTeX Warning: Label `rem:config_vs_velocity@cref' multiply defined.


LaTeX Warning: Label `sec:partition_formalism' multiply defined.


LaTeX Warning: Label `sec:partition_formalism@cref' multiply defined.


LaTeX Warning: Label `def:partition_sequence' multiply defined.


LaTeX Warning: Label `def:partition_sequence@cref' multiply defined.


LaTeX Warning: Label `eq:partition_equivalence' multiply defined.


LaTeX Warning: Label `eq:partition_equivalence@cref' multiply defined.


LaTeX Warning: Label `thm:partition_existence' multiply defined.


LaTeX Warning: Label `thm:partition_existence@cref' multiply defined.


LaTeX Warning: Label `eq:constraint_conjunction' multiply defined.


LaTeX Warning: Label `eq:constraint_conjunction@cref' multiply defined.


LaTeX Warning: Label `eq:partition_definition' multiply defined.


LaTeX Warning: Label `eq:partition_definition@cref' multiply defined.


LaTeX Warning: Label `eq:partition_equivalence_proof' multiply defined.


LaTeX Warning: Label `eq:partition_equivalence_proof@cref' multiply defined.


LaTeX Warning: Label `ex:enzyme_partitions' multiply defined.


LaTeX Warning: Label `ex:enzyme_partitions@cref' multiply defined.


LaTeX Warning: Label `eq:size_partition' multiply defined.


LaTeX Warning: Label `eq:size_partition@cref' multiply defined.


LaTeX Warning: Label `eq:shape_partition' multiply defined.


LaTeX Warning: Label `eq:shape_partition@cref' multiply defined.


LaTeX Warning: Label `eq:functional_partition' multiply defined.


LaTeX Warning: Label `eq:functional_partition@cref' multiply defined.


LaTeX Warning: Label `eq:sequential_passage' multiply defined.


LaTeX Warning: Label `eq:sequential_passage@cref' multiply defined.


LaTeX Warning: Label `thm:dimensional_reduction' multiply defined.


LaTeX Warning: Label `thm:dimensional_reduction@cref' multiply defined.


LaTeX Warning: Label `eq:partition_complexity' multiply defined.


LaTeX Warning: Label `eq:partition_complexity@cref' multiply defined.


LaTeX Warning: Label `eq:complexity_ratio' multiply defined.


LaTeX Warning: Label `eq:complexity_ratio@cref' multiply defined.


LaTeX Warning: Label `eq:complexity_example' multiply defined.


LaTeX Warning: Label `eq:complexity_example@cref' multiply defined.


LaTeX Warning: Label `cor:biological_partitions' multiply defined.


LaTeX Warning: Label `cor:biological_partitions@cref' multiply defined.


LaTeX Warning: Label `sec:topological_completion' multiply defined.


LaTeX Warning: Label `sec:topological_completion@cref' multiply defined.


LaTeX Warning: Label `def:completion' multiply defined.


LaTeX Warning: Label `def:completion@cref' multiply defined.


LaTeX Warning: Label `eq:topological_completion' multiply defined.


LaTeX Warning: Label `eq:topological_completion@cref' multiply defined.


LaTeX Warning: Label `ex:enzyme_substrate_completion' multiply defined.


LaTeX Warning: Label `ex:enzyme_substrate_completion@cref' multiply defined.


LaTeX Warning: Label `sec:multi_aperture' multiply defined.


LaTeX Warning: Label `sec:multi_aperture@cref' multiply defined.


LaTeX Warning: Label `def:multi_aperture' multiply defined.


LaTeX Warning: Label `def:multi_aperture@cref' multiply defined.


LaTeX Warning: Label `eq:multi_aperture_sequence' multiply defined.


LaTeX Warning: Label `eq:multi_aperture_sequence@cref' multiply defined.


LaTeX Warning: Label `eq:sequential_completion' multiply defined.


LaTeX Warning: Label `eq:sequential_completion@cref' multiply defined.


LaTeX Warning: Label `eq:total_categorical_distance' multiply defined.


LaTeX Warning: Label `eq:total_categorical_distance@cref' multiply defined.


LaTeX Warning: Label `rem:enzyme_mechanism_correspondence' multiply defined.


LaTeX Warning: Label `rem:enzyme_mechanism_correspondence@cref' multiply define
d.


LaTeX Warning: Label `ex:serine_protease_apertures' multiply defined.


LaTeX Warning: Label `ex:serine_protease_apertures@cref' multiply defined.


LaTeX Warning: Label `sec:information_theory' multiply defined.


LaTeX Warning: Label `sec:information_theory@cref' multiply defined.


LaTeX Warning: Label `thm:info-free' multiply defined.


LaTeX Warning: Label `thm:info-free@cref' multiply defined.


LaTeX Warning: Label `eq:shannon_entropy' multiply defined.


LaTeX Warning: Label `eq:shannon_entropy@cref' multiply defined.


LaTeX Warning: Label `eq:mutual_information' multiply defined.


LaTeX Warning: Label `eq:mutual_information@cref' multiply defined.


LaTeX Warning: Label `eq:demon_entropy_before' multiply defined.


LaTeX Warning: Label `eq:demon_entropy_before@cref' multiply defined.


LaTeX Warning: Label `eq:maxwell_boltzmann' multiply defined.


LaTeX Warning: Label `eq:maxwell_boltzmann@cref' multiply defined.


LaTeX Warning: Label `eq:demon_entropy_after' multiply defined.


LaTeX Warning: Label `eq:demon_entropy_after@cref' multiply defined.


LaTeX Warning: Label `eq:demon_information' multiply defined.


LaTeX Warning: Label `eq:demon_information@cref' multiply defined.


LaTeX Warning: Label `eq:landauer_cost' multiply defined.


LaTeX Warning: Label `eq:landauer_cost@cref' multiply defined.


LaTeX Warning: Label `eq:aperture_entropy' multiply defined.


LaTeX Warning: Label `eq:aperture_entropy@cref' multiply defined.


LaTeX Warning: Label `eq:aperture_information' multiply defined.


LaTeX Warning: Label `eq:aperture_information@cref' multiply defined.


LaTeX Warning: Label `eq:aperture_erasure_cost' multiply defined.


LaTeX Warning: Label `eq:aperture_erasure_cost@cref' multiply defined.


LaTeX Warning: Label `cor:no_paradox' multiply defined.


LaTeX Warning: Label `cor:no_paradox@cref' multiply defined.


LaTeX Warning: Label `sec:demon_comparison' multiply defined.


LaTeX Warning: Label `sec:demon_comparison@cref' multiply defined.


LaTeX Warning: Label `tab:demon-aperture' multiply defined.


LaTeX Warning: Label `tab:demon-aperture@cref' multiply defined.


LaTeX Warning: Label `thm:not-demon' multiply defined.


LaTeX Warning: Label `thm:not-demon@cref' multiply defined.


LaTeX Warning: Label `sec:aperture_summary' multiply defined.


LaTeX Warning: Label `sec:aperture_summary@cref' multiply defined.


LaTeX Warning: Label `eq:uncatalyzed_pathway' multiply defined.


LaTeX Warning: Label `eq:uncatalyzed_pathway@cref' multiply defined.


LaTeX Warning: Label `eq:keq_preservation' multiply defined.


LaTeX Warning: Label `eq:keq_preservation@cref' multiply defined.


LaTeX Warning: Label `sec:exclusion' multiply defined.


LaTeX Warning: Label `sec:exclusion@cref' multiply defined.


LaTeX Warning: Label `sec:categorical_space' multiply defined.


LaTeX Warning: Label `sec:categorical_space@cref' multiply defined.


LaTeX Warning: Label `def:categorical_space' multiply defined.


LaTeX Warning: Label `def:categorical_space@cref' multiply defined.


LaTeX Warning: Label `eq:categorical_space' multiply defined.


LaTeX Warning: Label `eq:categorical_space@cref' multiply defined.


LaTeX Warning: Label `ex:categorical_spaces' multiply defined.


LaTeX Warning: Label `ex:categorical_spaces@cref' multiply defined.


LaTeX Warning: Label `thm:incommensurable' multiply defined.


LaTeX Warning: Label `thm:incommensurable@cref' multiply defined.


LaTeX Warning: Label `eq:comparison_metric' multiply defined.


LaTeX Warning: Label `eq:comparison_metric@cref' multiply defined.


LaTeX Warning: Label `sec:geometric_cornering' multiply defined.


LaTeX Warning: Label `sec:geometric_cornering@cref' multiply defined.


LaTeX Warning: Label `def:geometric_cornering' multiply defined.


LaTeX Warning: Label `def:geometric_cornering@cref' multiply defined.


LaTeX Warning: Label `eq:cornering_condition' multiply defined.


LaTeX Warning: Label `eq:cornering_condition@cref' multiply defined.


LaTeX Warning: Label `eq:specificity_condition' multiply defined.


LaTeX Warning: Label `eq:specificity_condition@cref' multiply defined.


LaTeX Warning: Label `thm:specificity_from_partitions' multiply defined.


LaTeX Warning: Label `thm:specificity_from_partitions@cref' multiply defined.


LaTeX Warning: Label `eq:specificity_product' multiply defined.


LaTeX Warning: Label `eq:specificity_product@cref' multiply defined.


LaTeX Warning: Label `eq:specificity_magnitude' multiply defined.


LaTeX Warning: Label `eq:specificity_magnitude@cref' multiply defined.


LaTeX Warning: Label `eq:omega_final' multiply defined.


LaTeX Warning: Label `eq:omega_final@cref' multiply defined.


LaTeX Warning: Label `eq:specificity_derivation' multiply defined.


LaTeX Warning: Label `eq:specificity_derivation@cref' multiply defined.


LaTeX Warning: Label `eq:specificity_example' multiply defined.


LaTeX Warning: Label `eq:specificity_example@cref' multiply defined.


LaTeX Warning: Label `eq:high_specificity' multiply defined.


LaTeX Warning: Label `eq:high_specificity@cref' multiply defined.


LaTeX Warning: Label `rem:specificity_emerges' multiply defined.


LaTeX Warning: Label `rem:specificity_emerges@cref' multiply defined.


LaTeX Warning: Label `ex:serine_protease_specificity' multiply defined.


LaTeX Warning: Label `ex:serine_protease_specificity@cref' multiply defined.


LaTeX Warning: Label `eq:partition1_serine' multiply defined.


LaTeX Warning: Label `eq:partition1_serine@cref' multiply defined.


LaTeX Warning: Label `eq:partition2_serine' multiply defined.


LaTeX Warning: Label `eq:partition2_serine@cref' multiply defined.


LaTeX Warning: Label `eq:partition3_serine' multiply defined.


LaTeX Warning: Label `eq:partition3_serine@cref' multiply defined.


LaTeX Warning: Label `eq:partition4_serine' multiply defined.


LaTeX Warning: Label `eq:partition4_serine@cref' multiply defined.


LaTeX Warning: Label `eq:chymotrypsin_specificity' multiply defined.


LaTeX Warning: Label `eq:chymotrypsin_specificity@cref' multiply defined.


LaTeX Warning: Label `sec:topological_cornering' multiply defined.


LaTeX Warning: Label `sec:topological_cornering@cref' multiply defined.


LaTeX Warning: Label `def:topological_cornering' multiply defined.


LaTeX Warning: Label `def:topological_cornering@cref' multiply defined.


LaTeX Warning: Label `eq:network_coupling' multiply defined.


LaTeX Warning: Label `eq:network_coupling@cref' multiply defined.


LaTeX Warning: Label `eq:cornering_degree' multiply defined.


LaTeX Warning: Label `eq:cornering_degree@cref' multiply defined.


LaTeX Warning: Label `thm:entropic_cornering' multiply defined.


LaTeX Warning: Label `thm:entropic_cornering@cref' multiply defined.


LaTeX Warning: Label `eq:cornering_entropy' multiply defined.


LaTeX Warning: Label `eq:cornering_entropy@cref' multiply defined.


LaTeX Warning: Label `eq:cornering_entropy_magnitude' multiply defined.


LaTeX Warning: Label `eq:cornering_entropy_magnitude@cref' multiply defined.


LaTeX Warning: Label `eq:entropy_per_edge' multiply defined.


LaTeX Warning: Label `eq:entropy_per_edge@cref' multiply defined.


LaTeX Warning: Label `eq:total_cornering_entropy' multiply defined.


LaTeX Warning: Label `eq:total_cornering_entropy@cref' multiply defined.


LaTeX Warning: Label `eq:cornering_example_5' multiply defined.


LaTeX Warning: Label `eq:cornering_example_5@cref' multiply defined.


LaTeX Warning: Label `eq:cornering_example_10' multiply defined.


LaTeX Warning: Label `eq:cornering_example_10@cref' multiply defined.


LaTeX Warning: Label `rem:specificity_affinity' multiply defined.


LaTeX Warning: Label `rem:specificity_affinity@cref' multiply defined.


LaTeX Warning: Label `eq:specificity_tradeoff' multiply defined.


LaTeX Warning: Label `eq:specificity_tradeoff@cref' multiply defined.


LaTeX Warning: Label `sec:turnover_categorical' multiply defined.


LaTeX Warning: Label `sec:turnover_categorical@cref' multiply defined.


LaTeX Warning: Label `prop:kcat_inverse_distance' multiply defined.


LaTeX Warning: Label `prop:kcat_inverse_distance@cref' multiply defined.


LaTeX Warning: Label `eq:kcat_distance' multiply defined.


LaTeX Warning: Label `eq:kcat_distance@cref' multiply defined.


LaTeX Warning: Label `eq:kcat_proportionality' multiply defined.


LaTeX Warning: Label `eq:kcat_proportionality@cref' multiply defined.


LaTeX Warning: Label `eq:total_cycle_time' multiply defined.


LaTeX Warning: Label `eq:total_cycle_time@cref' multiply defined.


LaTeX Warning: Label `eq:kcat_derivation' multiply defined.


LaTeX Warning: Label `eq:kcat_derivation@cref' multiply defined.


LaTeX Warning: Label `eq:kcat_estimate' multiply defined.


LaTeX Warning: Label `eq:kcat_estimate@cref' multiply defined.


LaTeX Warning: Label `eq:kcat_catalase' multiply defined.


LaTeX Warning: Label `eq:kcat_catalase@cref' multiply defined.


LaTeX Warning: Label `eq:kcat_rubisco_predicted' multiply defined.


LaTeX Warning: Label `eq:kcat_rubisco_predicted@cref' multiply defined.


LaTeX Warning: Label `sec:rubisco_catalase' multiply defined.


LaTeX Warning: Label `sec:rubisco_catalase@cref' multiply defined.


LaTeX Warning: Label `ex:rubisco_catalase_categorical' multiply defined.


LaTeX Warning: Label `ex:rubisco_catalase_categorical@cref' multiply defined.


LaTeX Warning: Label `eq:catalase_parameters' multiply defined.


LaTeX Warning: Label `eq:catalase_parameters@cref' multiply defined.


LaTeX Warning: Label `eq:rubisco_parameters' multiply defined.


LaTeX Warning: Label `eq:rubisco_parameters@cref' multiply defined.


LaTeX Warning: Label `eq:naive_ratio' multiply defined.


LaTeX Warning: Label `eq:naive_ratio@cref' multiply defined.


LaTeX Warning: Label `eq:categorical_ratio' multiply defined.


LaTeX Warning: Label `eq:categorical_ratio@cref' multiply defined.


LaTeX Warning: Label `eq:categorical_ratio_value' multiply defined.


LaTeX Warning: Label `eq:categorical_ratio_value@cref' multiply defined.


LaTeX Warning: Label `eq:eta_catalase' multiply defined.


LaTeX Warning: Label `eq:eta_catalase@cref' multiply defined.


LaTeX Warning: Label `eq:eta_rubisco' multiply defined.


LaTeX Warning: Label `eq:eta_rubisco@cref' multiply defined.


LaTeX Warning: Label `thm:efficiency_undefined' multiply defined.


LaTeX Warning: Label `thm:efficiency_undefined@cref' multiply defined.


LaTeX Warning: Label `eq:efficiency_definition' multiply defined.


LaTeX Warning: Label `eq:efficiency_definition@cref' multiply defined.


LaTeX Warning: Label `eq:optimal_kcat' multiply defined.


LaTeX Warning: Label `eq:optimal_kcat@cref' multiply defined.


LaTeX Warning: Label `eq:optimal_kcat_spaces' multiply defined.


LaTeX Warning: Label `eq:optimal_kcat_spaces@cref' multiply defined.


LaTeX Warning: Label `sec:proper_metrics' multiply defined.


LaTeX Warning: Label `sec:proper_metrics@cref' multiply defined.


LaTeX Warning: Label `def:intra_space_efficiency' multiply defined.


LaTeX Warning: Label `def:intra_space_efficiency@cref' multiply defined.


LaTeX Warning: Label `eq:intra_space_efficiency' multiply defined.


LaTeX Warning: Label `eq:intra_space_efficiency@cref' multiply defined.


LaTeX Warning: Label `eq:kcat_max' multiply defined.


LaTeX Warning: Label `eq:kcat_max@cref' multiply defined.


LaTeX Warning: Label `ex:intra_space_efficiencies' multiply defined.


LaTeX Warning: Label `ex:intra_space_efficiencies@cref' multiply defined.


LaTeX Warning: Label `eq:catalase_efficiency' multiply defined.


LaTeX Warning: Label `eq:catalase_efficiency@cref' multiply defined.


LaTeX Warning: Label `eq:ca_efficiency' multiply defined.


LaTeX Warning: Label `eq:ca_efficiency@cref' multiply defined.


LaTeX Warning: Label `eq:ca_efficiency_corrected' multiply defined.


LaTeX Warning: Label `eq:ca_efficiency_corrected@cref' multiply defined.


LaTeX Warning: Label `eq:rubisco_efficiency' multiply defined.


LaTeX Warning: Label `eq:rubisco_efficiency@cref' multiply defined.


LaTeX Warning: Label `sec:vehicle_analogy' multiply defined.


LaTeX Warning: Label `sec:vehicle_analogy@cref' multiply defined.


LaTeX Warning: Label `tab:vehicle_analogy' multiply defined.


LaTeX Warning: Label `tab:vehicle_analogy@cref' multiply defined.


LaTeX Warning: Label `tab:enzyme_analogy' multiply defined.


LaTeX Warning: Label `tab:enzyme_analogy@cref' multiply defined.


LaTeX Warning: Label `sec:exclusion_summary' multiply defined.


LaTeX Warning: Label `sec:exclusion_summary@cref' multiply defined.


LaTeX Warning: Label `eq:rubisco_efficiency' multiply defined.


LaTeX Warning: Label `eq:rubisco_efficiency@cref' multiply defined.


LaTeX Warning: Label `eq:rubisco_parameters' multiply defined.


LaTeX Warning: Label `eq:rubisco_parameters@cref' multiply defined.

)
\openout1 = `categorical-catalysis-mechanism.aux'.

LaTeX Font Info:    Checking defaults for OML/cmm/m/it on input line 49.
LaTeX Font Info:    ... okay on input line 49.
LaTeX Font Info:    Checking defaults for OMS/cmsy/m/n on input line 49.
LaTeX Font Info:    ... okay on input line 49.
LaTeX Font Info:    Checking defaults for OT1/cmr/m/n on input line 49.
LaTeX Font Info:    ... okay on input line 49.
LaTeX Font Info:    Checking defaults for T1/cmr/m/n on input line 49.
LaTeX Font Info:    ... okay on input line 49.
LaTeX Font Info:    Checking defaults for TS1/cmr/m/n on input line 49.
LaTeX Font Info:    ... okay on input line 49.
LaTeX Font Info:    Checking defaults for OMX/cmex/m/n on input line 49.
LaTeX Font Info:    ... okay on input line 49.
LaTeX Font Info:    Checking defaults for U/cmr/m/n on input line 49.
LaTeX Font Info:    ... okay on input line 49.
LaTeX Font Info:    Checking defaults for PD1/pdf/m/n on input line 49.
LaTeX Font Info:    ... okay on input line 49.
LaTeX Font Info:    Checking defaults for PU/pdf/m/n on input line 49.
LaTeX Font Info:    ... okay on input line 49.

*geometry* driver: auto-detecting
*geometry* detected driver: pdftex
*geometry* verbose mode - [ preamble ] result:
* driver: pdftex
* paper: a4paper
* layout: <same size as paper>
* layoutoffset:(h,v)=(0.0pt,0.0pt)
* modes: 
* h-part:(L,W,R)=(72.26999pt, 452.9679pt, 72.26999pt)
* v-part:(T,H,B)=(72.26999pt, 700.50687pt, 72.26999pt)
* \paperwidth=597.50787pt
* \paperheight=845.04684pt
* \textwidth=452.9679pt
* \textheight=700.50687pt
* \oddsidemargin=0.0pt
* \evensidemargin=0.0pt
* \topmargin=-37.0pt
* \headheight=12.0pt
* \headsep=25.0pt
* \topskip=12.0pt
* \footskip=30.0pt
* \marginparwidth=35.0pt
* \marginparsep=10.0pt
* \columnsep=10.0pt
* \skip\footins=10.8pt plus 4.0pt minus 2.0pt
* \hoffset=0.0pt
* \voffset=0.0pt
* \mag=1000
* \@twocolumnfalse
* \@twosidefalse
* \@mparswitchfalse
* \@reversemarginfalse
* (1in=72.27pt=25.4mm, 1cm=28.453pt)


(C:\Users\kundai\AppData\Local\Programs\MiKTeX\tex/context/base/mkii\supp-pdf.m
kii
[Loading MPS to PDF converter (version 2006.09.02).]
\scratchcounter=\count301
\scratchdimen=\dimen190
\scratchbox=\box58
\nofMPsegments=\count302
\nofMParguments=\count303
\everyMPshowfont=\toks34
\MPscratchCnt=\count304
\MPscratchDim=\dimen191
\MPnumerator=\count305
\makeMPintoPDFobject=\count306
\everyMPtoPDFconversion=\toks35
)
(C:\Users\kundai\AppData\Local\Programs\MiKTeX\tex/latex/epstopdf-pkg\epstopdf-
base.sty
Package: epstopdf-base 2020-01-24 v2.11 Base part for package epstopdf
Package epstopdf-base Info: Redefining graphics rule for `.eps' on input line 4
85.

(C:\Users\kundai\AppData\Local\Programs\MiKTeX\tex/latex/00miktex\epstopdf-sys.
cfg
File: epstopdf-sys.cfg 2021/03/18 v2.0 Configuration of epstopdf for MiKTeX
))
Package hyperref Info: Link coloring OFF on input line 49.
 (categorical-catalysis-mechanism.out)
(categorical-catalysis-mechanism.out)
\@outlinefile=\write3
\openout3 = `categorical-catalysis-mechanism.out'.

LaTeX Font Info:    Trying to load font information for U+msa on input line 52.


(C:\Users\kundai\AppData\Local\Programs\MiKTeX\tex/latex/amsfonts\umsa.fd
File: umsa.fd 2013/01/14 v3.01 AMS symbols A
)
LaTeX Font Info:    Trying to load font information for U+msb on input line 52.


(C:\Users\kundai\AppData\Local\Programs\MiKTeX\tex/latex/amsfonts\umsb.fd
File: umsb.fd 2013/01/14 v3.01 AMS symbols B
)
LaTeX Font Info:    Trying to load font information for T1+cmtt on input line 5
2.

(C:\Users\kundai\AppData\Local\Programs\MiKTeX\tex/latex/base\t1cmtt.fd
File: t1cmtt.fd 2023/04/13 v2.5m Standard LaTeX font definitions
)
[1

{C:/Users/kundai/AppData/Local/MiKTeX/fonts/map/pdftex/pdftex.map}]
(categorical-catalysis-mechanism.toc [2] [3] [4])
\tf@toc=\write4
\openout4 = `categorical-catalysis-mechanism.toc'.

 [5] [6] [7] [8] [9] [10]

LaTeX Warning: Reference `sec:contradictions_detail' on page 11 undefined on in
put line 178.


LaTeX Warning: Reference `sec:categorical_apertures' on page 11 undefined on in
put line 178.


LaTeX Warning: Reference `sec:phase_lock_networks' on page 11 undefined on inpu
t line 178.


LaTeX Warning: Reference `sec:equilibrium' on page 11 undefined on input line 1
78.


LaTeX Warning: Reference `sec:efficiency_metrics' on page 11 undefined on input
 line 178.

[11]

LaTeX Warning: Reference `sec:carbonic_anhydrase' on page 12 undefined on input
 line 180.


LaTeX Warning: Reference `sec:carbonic_anhydrase' on page 12 undefined on input
 line 180.

(sections/temporal-independence.tex [12]
<figures/arg1_temporal_triviality.png, id=699, 944.5689pt x 926.5014pt>
File: figures/arg1_temporal_triviality.png Graphic file (type png)
<use figures/arg1_temporal_triviality.png>
Package pdftex.def Info: figures/arg1_temporal_triviality.png  used on input li
ne 65.
(pdftex.def)             Requested size: 430.31812pt x 422.08188pt.
 [13]
! Undefined control sequence.
l.97 \ce
        {A <=>[$k_f$][$k_r$] B}
The control sequence at the end of the top line
of your error message was never \def'ed. If you have
misspelled it (e.g., `\hobx'), type `I' and the correct
spelling (e.g., `I\hbox'). Otherwise just continue,
and I'll forget about whatever was undefined.

! Missing } inserted.
<inserted text> 
                }
l.97 \ce{A <=>[$
                k_f$][$k_r$] B}
I've inserted something that you may have forgotten.
(See the <inserted text> above.)
With luck, this will get me unwedged. But if you
really didn't forget anything, try typing `2' now; then
my insertion and my current dilemma will both disappear.

! Display math should end with $$.
<to be read again> 
                   k
l.97 \ce{A <=>[$k
                 _f$][$k_r$] B}
The `$' that I just saw supposedly matches a previous `$$'.
So I shall assume that you typed `$$' both times.

! Missing $ inserted.
<inserted text> 
                $
l.97 \ce{A <=>[$k_
                  f$][$k_r$] B}
I've inserted a begin-math/end-math symbol since I think
you left one out. Proceed, with fingers crossed.

! Extra }, or forgotten \endgroup.
l.97 \ce{A <=>[$k_f$][$k_r$] B}
                               
I've deleted a group-closing symbol because it seems to be
spurious, as in `$x}$'. But perhaps the } is legitimate and
you forgot something else, as in `\hbox{$x}'. In such cases
the way to recover is to insert both the forgotten and the
deleted material, e.g., by typing `I$}'.


! LaTeX Error: Bad math environment delimiter.

See the LaTeX manual or LaTeX Companion for explanation.
Type  H <return>  for immediate help.
 ...                                              
                                                  
l.99 \end{equation}
                   
Your command was ignored.
Type  I <command> <return>  to replace it with another command,
or  <return>  to continue without it.

! You can't use `\eqno' in horizontal mode.
\veqno ->\@kernel@eqno 
                       \aftergroup \ignorespaces 
l.99 \end{equation}
                   
Sorry, but I'm not programmed to handle this case;
I'll just pretend that you didn't ask for it.
If you're in the wrong mode, you might be able to
return to the right one by typing `I}' or `I$' or `I\par'.

! Missing $ inserted.
<inserted text> 
                $
l.99 \end{equation}
                   
I've inserted something that you may have forgotten.
(See the <inserted text> above.)
With luck, this will get me unwedged. But if you
really didn't forget anything, try typing `2' now; then
my insertion and my current dilemma will both disappear.

! Display math should end with $$.
<to be read again> 
                   \endgroup 
l.99 \end{equation}
                   
The `$' that I just saw supposedly matches a previous `$$'.
So I shall assume that you typed `$$' both times.

[14] [15 <./figures/arg1_temporal_triviality.png>] [16] [17]
! Undefined control sequence.
l.237 \ce
         {A -> B -> C -> D}
The control sequence at the end of the top line
of your error message was never \def'ed. If you have
misspelled it (e.g., `\hobx'), type `I' and the correct
spelling (e.g., `I\hbox'). Otherwise just continue,
and I'll forget about whatever was undefined.

! Undefined control sequence.
l.248 \ce
         {A -> B -> C -> D} \quad \text{(catalyzed, identical intermediates)}
The control sequence at the end of the top line
of your error message was never \def'ed. If you have
misspelled it (e.g., `\hobx'), type `I' and the correct
spelling (e.g., `I\hbox'). Otherwise just continue,
and I'll forget about whatever was undefined.

[18]
! Undefined control sequence.
l.300 \ce
         {A -> D} \quad \text{(catalyzed, direct pathway)}
The control sequence at the end of the top line
of your error message was never \def'ed. If you have
misspelled it (e.g., `\hobx'), type `I' and the correct
spelling (e.g., `I\hbox'). Otherwise just continue,
and I'll forget about whatever was undefined.

! Undefined control sequence.
<recently read> \ce 
                    
l.305 ...s B and C because the direct pathway $\ce
                                                  {A -> D}$ has a prohibitiv...
The control sequence at the end of the top line
of your error message was never \def'ed. If you have
misspelled it (e.g., `\hobx'), type `I' and the correct
spelling (e.g., `I\hbox'). Otherwise just continue,
and I'll forget about whatever was undefined.

! Undefined control sequence.
l.307 \Delta G^\ddagger(\ce
                           {A -> D}) \gg \max_i \Delta G_i^\ddagger(\ce{A ->...
The control sequence at the end of the top line
of your error message was never \def'ed. If you have
misspelled it (e.g., `\hobx'), type `I' and the correct
spelling (e.g., `I\hbox'). Otherwise just continue,
and I'll forget about whatever was undefined.

! Undefined control sequence.
l.307 ...-> D}) \gg \max_i \Delta G_i^\ddagger(\ce
                                                  {A -> B -> C -> D})
The control sequence at the end of the top line
of your error message was never \def'ed. If you have
misspelled it (e.g., `\hobx'), type `I' and the correct
spelling (e.g., `I\hbox'). Otherwise just continue,
and I'll forget about whatever was undefined.

! Undefined control sequence.
l.313 \Delta G^{\ddagger,\text{cat}}(\ce
                                        {A -> D}) < \sum_{i=1}^{3} \Delta G_...
The control sequence at the end of the top line
of your error message was never \def'ed. If you have
misspelled it (e.g., `\hobx'), type `I' and the correct
spelling (e.g., `I\hbox'). Otherwise just continue,
and I'll forget about whatever was undefined.

[19]
! Undefined control sequence.
l.330 \ce
         {R-CO-NH-R' + H2O -> R-C(OH)2-NH-R' -> R-COOH + H2N-R'}
The control sequence at the end of the top line
of your error message was never \def'ed. If you have
misspelled it (e.g., `\hobx'), type `I' and the correct
spelling (e.g., `I\hbox'). Otherwise just continue,
and I'll forget about whatever was undefined.


Overfull \hbox (3.31737pt too wide) detected at line 332
[][][][]
 []

! Undefined control sequence.
l.336 \ce
         {R-CO-NH-R' + E-Ser-OH -> R-CO-O-Ser-E + H2N-R' -> R-COOH + E-Ser-OH}
The control sequence at the end of the top line
of your error message was never \def'ed. If you have
misspelled it (e.g., `\hobx'), type `I' and the correct
spelling (e.g., `I\hbox'). Otherwise just continue,
and I'll forget about whatever was undefined.


Overfull \hbox (140.85356pt too wide) detected at line 338
[][][][]
 []

! Undefined control sequence.
<recently read> \ce 
                    
l.340 The intermediates $\ce
                            {R-C(OH)2-NH-R'}$ (tetrahedral intermediate) and...
The control sequence at the end of the top line
of your error message was never \def'ed. If you have
misspelled it (e.g., `\hobx'), type `I' and the correct
spelling (e.g., `I\hbox'). Otherwise just continue,
and I'll forget about whatever was undefined.

! Undefined control sequence.
<recently read> \ce 
                    
l.340 ...-R'}$ (tetrahedral intermediate) and $\ce
                                                  {R-CO-O-Ser-E}$ (acyl-enzy...
The control sequence at the end of the top line
of your error message was never \def'ed. If you have
misspelled it (e.g., `\hobx'), type `I' and the correct
spelling (e.g., `I\hbox'). Otherwise just continue,
and I'll forget about whatever was undefined.


Overfull \hbox (73.03868pt too wide) in paragraph at lines 340--341
[]\T1/cmr/m/n/12 The in-ter-me-di-ates $[]$ (tetra-he-dral in-ter-me-di-ate) an
d $[]$
 []

! Undefined control sequence.
l.353 \ce
         {A -> E\cdotA -> E\cdotB -> E\cdotC -> E\cdotD -> D}
The control sequence at the end of the top line
of your error message was never \def'ed. If you have
misspelled it (e.g., `\hobx'), type `I' and the correct
spelling (e.g., `I\hbox'). Otherwise just continue,
and I'll forget about whatever was undefined.

! Undefined control sequence.
l.353 \ce{A -> E\cdotA
                       -> E\cdotB -> E\cdotC -> E\cdotD -> D}
The control sequence at the end of the top line
of your error message was never \def'ed. If you have
misspelled it (e.g., `\hobx'), type `I' and the correct
spelling (e.g., `I\hbox'). Otherwise just continue,
and I'll forget about whatever was undefined.

! Undefined control sequence.
l.353 \ce{A -> E\cdotA -> E\cdotB
                                  -> E\cdotC -> E\cdotD -> D}
The control sequence at the end of the top line
of your error message was never \def'ed. If you have
misspelled it (e.g., `\hobx'), type `I' and the correct
spelling (e.g., `I\hbox'). Otherwise just continue,
and I'll forget about whatever was undefined.

! Undefined control sequence.
l.353 \ce{A -> E\cdotA -> E\cdotB -> E\cdotC
                                             -> E\cdotD -> D}
The control sequence at the end of the top line
of your error message was never \def'ed. If you have
misspelled it (e.g., `\hobx'), type `I' and the correct
spelling (e.g., `I\hbox'). Otherwise just continue,
and I'll forget about whatever was undefined.

! Undefined control sequence.
l.353 ... E\cdotA -> E\cdotB -> E\cdotC -> E\cdotD
                                                   -> D}
The control sequence at the end of the top line
of your error message was never \def'ed. If you have
misspelled it (e.g., `\hobx'), type `I' and the correct
spelling (e.g., `I\hbox'). Otherwise just continue,
and I'll forget about whatever was undefined.

! Undefined control sequence.
<recently read> \ce 
                    
l.356 ...because the enzyme-substrate complex $\ce
                                                  {E\cdotX}$ possesses a pha...
The control sequence at the end of the top line
of your error message was never \def'ed. If you have
misspelled it (e.g., `\hobx'), type `I' and the correct
spelling (e.g., `I\hbox'). Otherwise just continue,
and I'll forget about whatever was undefined.

! Undefined control sequence.
l.356 ...the enzyme-substrate complex $\ce{E\cdotX
                                                  }$ possesses a phase-lock ...
The control sequence at the end of the top line
of your error message was never \def'ed. If you have
misspelled it (e.g., `\hobx'), type `I' and the correct
spelling (e.g., `I\hbox'). Otherwise just continue,
and I'll forget about whatever was undefined.


Overfull \hbox (0.62988pt too wide) in paragraph at lines 355--357
\T1/cmr/m/n/12 are cat-e-gor-i-cally dis-tinct from the un-cat-alyzed in-ter-me
-di-ates B and C be-cause the enzyme-
 []

! Undefined control sequence.
<recently read> \ce 
                    
l.358 ...f existing states. The intermediates $\ce
                                                  {E\cdotB}$ and B are not t...
The control sequence at the end of the top line
of your error message was never \def'ed. If you have
misspelled it (e.g., `\hobx'), type `I' and the correct
spelling (e.g., `I\hbox'). Otherwise just continue,
and I'll forget about whatever was undefined.

! Undefined control sequence.
l.358 ...ng states. The intermediates $\ce{E\cdotB
                                                  }$ and B are not the same ...
The control sequence at the end of the top line
of your error message was never \def'ed. If you have
misspelled it (e.g., `\hobx'), type `I' and the correct
spelling (e.g., `I\hbox'). Otherwise just continue,
and I'll forget about whatever was undefined.

[20]) (sections/aperture-model.tex
Overfull \hbox (2.02559pt too wide) in paragraph at lines 2--2
[]\T1/cmr/bx/n/17.28 Categorical Aper-tures: Ge-o-met-ric Se-lec-tion Through
 []

[21] [22]
Overfull \hbox (6.27971pt too wide) in paragraph at lines 47--48
[]\T1/cmr/m/n/12 However, the ac-cep-tance re-gion can be de-com-posed into a s
e-quence of lower-dimensional
 []

[23] [24]

LaTeX Warning: Reference `sec:phase_lock_networks' on page 25 undefined on inpu
t line 180.

[25]

! LaTeX Error: Bad math environment delimiter.

See the LaTeX manual or LaTeX Companion for explanation.
Type  H <return>  for immediate help.
 ...                                              
                                                  
l.220 \end{equation}
                    
Your command was ignored.
Type  I <command> <return>  to replace it with another command,
or  <return>  to continue without it.


! LaTeX Error: \begin{definition} on input line 206 ended by \end{equation}.

See the LaTeX manual or LaTeX Companion for explanation.
Type  H <return>  for immediate help.
 ...                                              
                                                  
l.220 \end{equation}
                    
Your command was ignored.
Type  I <command> <return>  to replace it with another command,
or  <return>  to continue without it.

! Missing $ inserted.
<inserted text> 
                $
l.220 \end{equation}
                    
I've inserted something that you may have forgotten.
(See the <inserted text> above.)
With luck, this will get me unwedged. But if you
really didn't forget anything, try typing `2' now; then
my insertion and my current dilemma will both disappear.

! Display math should end with $$.
<to be read again> 
                   \endgroup 
l.220 \end{equation}
                    
The `$' that I just saw supposedly matches a previous `$$'.
So I shall assume that you typed `$$' both times.

[26]

! LaTeX Error: \begin{document} ended by \end{definition}.

See the LaTeX manual or LaTeX Companion for explanation.
Type  H <return>  for immediate help.
 ...                                              
                                                  
l.228 \end{definition}
                      
Your command was ignored.
Type  I <command> <return>  to replace it with another command,
or  <return>  to continue without it.

! Extra \endgroup.
<recently read> \endgroup 
                          
l.228 \end{definition}
                      
Things are pretty mixed up, but I think the worst is over.

[27] [28]
Underfull \hbox (badness 1122) in paragraph at lines 359--359
[]|\T1/cmr/m/n/12 Velocity (tem-po-ral deriva-tive
 []


Underfull \hbox (badness 10000) in paragraph at lines 359--360
[]|\T1/cmr/m/n/12 Configuration (ge-o-met-ric
 []


Underfull \hbox (badness 10000) in paragraph at lines 361--361
[]|\T1/cmr/m/n/12 Required (ob-serves $\OML/cmm/m/it/12 v$ \T1/cmr/m/n/12 and
 []


Underfull \hbox (badness 10000) in paragraph at lines 363--363
[]|\T1/cmr/m/n/12 Information ac-
 []


Underfull \hbox (badness 10000) in paragraph at lines 369--369
[]|\T1/cmr/m/n/12 Thermodynamic
 []


Underfull \hbox (badness 10000) in paragraph at lines 369--369
[]|\T1/cmr/m/n/12 Requires res-o-lu-tion via
 []


Underfull \hbox (badness 6961) in paragraph at lines 371--372
[]|\T1/cmr/m/n/12 Enzymes, cat-a-lyst sur-faces,
 []


LaTeX Warning: `h' float specifier changed to `ht'.

[29]
Overfull \hbox (2.21623pt too wide) in paragraph at lines 391--392
\T1/cmr/m/n/12 ter-pre-ta-tions of en-zyme catal-y-sis [[]Mizraji[], []2021[]].
 En-zymes do not need to pay information-
 []


Overfull \hbox (0.40608pt too wide) in paragraph at lines 396--397
\T1/cmr/m/n/12 Categorical aper-tures pro-vide a con-cep-tu-ally co-her-ent and
 math-e-mat-i-cally rig-or-ous frame-
 []

[30]

LaTeX Warning: Reference `sec:phase_lock_networks' on page 31 undefined on inpu
t line 400.


LaTeX Warning: Reference `sec:efficiency_metrics' on page 31 undefined on input
 line 400.


Overfull \hbox (2.02559pt too wide) in paragraph at lines 402--402
[]\T1/cmr/bx/n/17.28 Categorical Aper-tures: Ge-o-met-ric Se-lec-tion Through
 []

[31]
<figures/aperture_model_panel.png, id=990, 910.602pt x 768.9528pt>
File: figures/aperture_model_panel.png Graphic file (type png)
<use figures/aperture_model_panel.png>
Package pdftex.def Info: figures/aperture_model_panel.png  used on input line 4
56.
(pdftex.def)             Requested size: 407.66833pt x 344.25385pt.

Overfull \hbox (6.27971pt too wide) in paragraph at lines 466--467
[]\T1/cmr/m/n/12 However, the ac-cep-tance re-gion can be de-com-posed into a s
e-quence of lower-dimensional
 []

[32] [33 <./figures/aperture_model_panel.png>] [34] [35]
Overfull \hbox (47.56111pt too wide) in paragraph at lines 614--615
[]\T1/cmr/bx/n/12 Interaction clo-sure: \T1/cmr/m/n/12 All in-ter-ac-tion sites
 on the aper-ture (hy-dro-gen bond donors/acceptors,
 []


LaTeX Warning: Reference `sec:phase_lock_networks' on page 36 undefined on inpu
t line 615.

[36] [37]
<figures/electrochemistry_panel.png, id=1066, 1022.6205pt x 937.5828pt>
File: figures/electrochemistry_panel.png Graphic file (type png)
<use figures/electrochemistry_panel.png>
Package pdftex.def Info: figures/electrochemistry_panel.png  used on input line
 681.
(pdftex.def)             Requested size: 407.66833pt x 373.76752pt.

Underfull \hbox (badness 1874) in paragraph at lines 682--682
[]\T1/cmr/m/n/12 Figure 3: []\T1/cmr/bx/n/12 Electrochemical Catal-y-sis: Cat-e
-gor-i-cal Aper-tures as Multi-
 []

[38] [39 <./figures/electrochemistry_panel.png>] [40]
Underfull \hbox (badness 1122) in paragraph at lines 848--848
[]|\T1/cmr/m/n/12 Velocity (tem-po-ral deriva-tive
 []


Underfull \hbox (badness 10000) in paragraph at lines 848--849
[]|\T1/cmr/m/n/12 Configuration (ge-o-met-ric
 []


Underfull \hbox (badness 10000) in paragraph at lines 850--850
[]|\T1/cmr/m/n/12 Required (ob-serves $\OML/cmm/m/it/12 v$ \T1/cmr/m/n/12 and
 []


Underfull \hbox (badness 10000) in paragraph at lines 852--852
[]|\T1/cmr/m/n/12 Information ac-
 []


Underfull \hbox (badness 10000) in paragraph at lines 858--858
[]|\T1/cmr/m/n/12 Thermodynamic
 []


Underfull \hbox (badness 10000) in paragraph at lines 858--858
[]|\T1/cmr/m/n/12 Requires res-o-lu-tion via
 []


Underfull \hbox (badness 6961) in paragraph at lines 860--861
[]|\T1/cmr/m/n/12 Enzymes, cat-a-lyst sur-faces,
 []

[41] [42]
Overfull \hbox (2.21623pt too wide) in paragraph at lines 890--891
\T1/cmr/m/n/12 ter-pre-ta-tions of en-zyme catal-y-sis [[]Mizraji[], []2021[]].
 En-zymes do not need to pay information-
 []


Overfull \hbox (0.40608pt too wide) in paragraph at lines 895--896
\T1/cmr/m/n/12 Categorical aper-tures pro-vide a con-cep-tu-ally co-her-ent and
 math-e-mat-i-cally rig-or-ous frame-
 []


Overfull \hbox (1.13348pt too wide) in paragraph at lines 900--901
[]\T1/cmr/bx/n/12 Topological com-ple-tion: \T1/cmr/m/n/12 Pas-sage cor-re-spon
ds to form-ing closed topo-log-i-cal struc-
 []


LaTeX Warning: Reference `sec:phase_lock_networks' on page 43 undefined on inpu
t line 907.


LaTeX Warning: Reference `sec:efficiency_metrics' on page 43 undefined on input
 line 907.

) (sections/topological-network.tex [43]
Overfull \hbox (1.20874pt too wide) in paragraph at lines 2--2
[]\T1/cmr/bx/n/17.28 Phase-Lock Net-works, Cat-e-gor-i-cal Topol-ogy, and En-
 []

[44]
Overfull \hbox (9.48125pt too wide) in paragraph at lines 41--52
 [][] 
 []

<figures/phase_lock_network_panel.png, id=1153, 1091.5179pt x 788.9475pt>
File: figures/phase_lock_network_panel.png Graphic file (type png)
<use figures/phase_lock_network_panel.png>
Package pdftex.def Info: figures/phase_lock_network_panel.png  used on input li
ne 63.
(pdftex.def)             Requested size: 407.66833pt x 294.66278pt.
[45] [46 <./figures/phase_lock_network_panel.png>]

LaTeX Warning: Command \textdegree invalid in math mode on input line 108.


LaTeX Warning: Command \textdegree invalid in math mode on input line 108.


LaTeX Warning: Command \textdegree invalid in math mode on input line 108.


LaTeX Warning: Command \textdegree invalid in math mode on input line 108.

Missing character: There is no ° in font cmr12!
Missing character: There is no ° in font cmr12!
[47]
Overfull \hbox (9.78642pt too wide) in paragraph at lines 195--196
[]\T1/cmr/m/n/12 This fol-lows from the tri-an-gle in-equal-ity for sym-met-ric
 dif-fer-ence in set the-ory: $\OMS/cmsy/m/n/12 j\OML/cmm/m/it/12 A\OMS/cmsy/m/
n/12 4\OML/cmm/m/it/12 C\OMS/cmsy/m/n/12 j ^^T
 []

! Undefined control sequence.
l.202 \ce
         {H + H -> H2}
The control sequence at the end of the top line
of your error message was never \def'ed. If you have
misspelled it (e.g., `\hobx'), type `I' and the correct
spelling (e.g., `I\hbox'). Otherwise just continue,
and I'll forget about whatever was undefined.

[48] [49]
Overfull \hbox (6.6413pt too wide) in paragraph at lines 272--273
[]\T1/cmr/bx/n/12 Distance: $\OML/cmm/m/it/12 r \OT1/cmr/m/n/12 = \OML/cmm/m/it
/12 r[] \OMS/cmsy/m/n/12 ^^F \OML/cmm/m/it/12 ^^Nr$ \T1/cmr/m/n/12 re-duces tra
ns-la-tional free-dom by fac-tor $\OMS/cmsy/m/n/12 ^^Y \OT1/cmr/m/n/12 (4\OML/c
mm/m/it/12 ^^Yr[]^^Nr\OT1/cmr/m/n/12 )\OML/cmm/m/it/12 =V[] \OMS/cmsy/m/n/12 ^^
Y
 []

<figures/three_paradoxes_panel.png, id=1217, 950.5914pt x 768.9528pt>
File: figures/three_paradoxes_panel.png Graphic file (type png)
<use figures/three_paradoxes_panel.png>
Package pdftex.def Info: figures/three_paradoxes_panel.png  used on input line 
318.
(pdftex.def)             Requested size: 407.66833pt x 329.775pt.
[50] [51 <./figures/three_paradoxes_panel.png>] [52] [53] [54]

LaTeX Warning: Reference `sec:equilibrium' on page 55 undefined on input line 4
94.


LaTeX Warning: Reference `sec:efficiency_metrics' on page 55 undefined on input
 line 494.


LaTeX Warning: Reference `sec:carbonic_anhydrase' on page 55 undefined on input
 line 494.

) (sections/penultimate-step-equilibrium.tex
Overfull \hbox (1.92194pt too wide) in paragraph at lines 32--33
\T1/cmr/m/it/12 Remark \T1/cmr/m/n/12 6.2 (Penul-ti-mate States and Tran-si-tio
n States)\T1/cmr/m/it/12 . \T1/cmr/m/n/12 In tran-si-tion state the-ory [[]Eyri
ng[],
 []

[55]
! Undefined control sequence.
l.45 \ce
        {Nu^- + R-X -> Nu-R + X^-}
The control sequence at the end of the top line
of your error message was never \def'ed. If you have
misspelled it (e.g., `\hobx'), type `I' and the correct
spelling (e.g., `I\hbox'). Otherwise just continue,
and I'll forget about whatever was undefined.

<figures/le_chatelier_entropy_panel.png, id=1306, 945.5325pt x 796.4154pt>
File: figures/le_chatelier_entropy_panel.png Graphic file (type png)
<use figures/le_chatelier_entropy_panel.png>
Package pdftex.def Info: figures/le_chatelier_entropy_panel.png  used on input 
line 80.
(pdftex.def)             Requested size: 407.66833pt x 343.37552pt.
[56] [57 <./figures/le_chatelier_entropy_panel.png>]
! Undefined control sequence.
l.104 \ce
         {A <=> B}
The control sequence at the end of the top line
of your error message was never \def'ed. If you have
misspelled it (e.g., `\hobx'), type `I' and the correct
spelling (e.g., `I\hbox'). Otherwise just continue,
and I'll forget about whatever was undefined.

[58]
Overfull \hbox (4.14697pt too wide) in paragraph at lines 158--159
[]\T1/cmr/m/n/12 where $\OT1/cmr/m/n/12 ^^A\OML/cmm/m/it/12 G[] \OT1/cmr/m/n/12
 = \OML/cmm/m/it/12 G\OT1/cmr/m/n/12 (\OML/cmm/m/it/12 C[]\OT1/cmr/m/n/12 ) \OM
S/cmsy/m/n/12 ^^@ \OML/cmm/m/it/12 G\OT1/cmr/m/n/12 (\OML/cmm/m/it/12 C[]\OT1/c
mr/m/n/12 )$ \T1/cmr/m/n/12 is the free en-ergy dif-fer-ence. States with $\OML
/cmm/m/it/12 d[]\OT1/cmr/m/n/12 (\OML/cmm/m/it/12 C[]; C[]\OT1/cmr/m/n/12 ) \OM
S/cmsy/m/n/12 ^^Y
 []


Overfull \hbox (10.51115pt too wide) in paragraph at lines 161--161
[]\T1/cmr/bx/n/14.4 Preservation of Equi-lib-rium Con-stants Through Path-way S
ym-
 []

[59] [60] [61] [62]
<figures/conservation_equilibrium_panel.png, id=1404, 1055.142pt x 944.8098pt>
File: figures/conservation_equilibrium_panel.png Graphic file (type png)
<use figures/conservation_equilibrium_panel.png>
Package pdftex.def Info: figures/conservation_equilibrium_panel.png  used on in
put line 396.
(pdftex.def)             Requested size: 407.66833pt x 365.04318pt.
 [63] [64 <./figures/conservation_equilibrium_panel.png>]
[65] [66]

LaTeX Warning: Reference `sec:efficiency_metrics' on page 67 undefined on input
 line 563.


LaTeX Warning: Reference `sec:carbonic_anhydrase' on page 67 undefined on input
 line 563.

) (sections/categorical-exclusion.tex [67]
Overfull \hbox (241.61264pt too wide) in paragraph at lines 30--31
[]\T1/cmr/m/n/12 For CO$[]$ fix-a-tion cat-alyzed by Ru-bisco, the molec-u-lar 
con-stituents are $\OMS/cmsy/m/n/12 M \OT1/cmr/m/n/12 = \OMS/cmsy/m/n/12 f[][]\
OML/cmm/m/it/12 ; []; []; [][]; []; [][]; []; []\OMS/cmsy/m/n/12 g$\T1/cmr/m/n/
12 ,
 []


Overfull \hbox (19.16963pt too wide) in paragraph at lines 30--31
\T1/cmr/m/n/12 the cat-e-gor-i-cal states are $\OMS/cmsy/m/n/12 C[] \OT1/cmr/m/
n/12 = \OMS/cmsy/m/n/12 f\OML/cmm/m/it/12 C[]; C[]; C[]; C[]; C[]; C[]; []\OMS/
cmsy/m/n/12 g$
 []

[68] [69]
Overfull \hbox (12.8262pt too wide) in paragraph at lines 146--147
\T1/cmr/bx/n/12 Example 7.7 \T1/cmr/m/n/12 (Ser-ine Pro-tease Speci-ficity from
 Par-ti-tion Se-quence)\T1/cmr/bx/n/12 . \T1/cmr/m/n/12 Chy-motrypsin achieves
 []

[70] [71] [72] [73] [74] [75]

LaTeX Warning: `h' float specifier changed to `ht'.


LaTeX Warning: `h' float specifier changed to `ht'.

[76]

LaTeX Warning: Reference `sec:carbonic_anhydrase' on page 77 undefined on input
 line 558.

[77]
Overfull \hbox (16.14095pt too wide) in paragraph at lines 584--585
\T1/cmr/m/n/12 de-ter-mined by phys-i-cal con-straints (bond for-ma-tion/breaki
ng, con-for-ma-tional changes) 
 []


Overfull \hbox (56.11674pt too wide) in paragraph at lines 586--587
[]\T1/cmr/bx/n/12 Entropic land-scape: \T1/cmr/m/n/12 The dis-tri-bu-tion of co
n-fig-u-ra-tional en-tropies $\OMS/cmsy/m/n/12 f\OML/cmm/m/it/12 S\OT1/cmr/m/n/
12 (\OML/cmm/m/it/12 C[]\OT1/cmr/m/n/12 )\OML/cmm/m/it/12 ; S\OT1/cmr/m/n/12 (\
OML/cmm/m/it/12 C[]\OT1/cmr/m/n/12 )\OML/cmm/m/it/12 ; [] ; S\OT1/cmr/m/n/12 (\
OML/cmm/m/it/12 C[]\OT1/cmr/m/n/12 )\OMS/cmsy/m/n/12 g$
 []

[78]
Overfull \hbox (4.50012pt too wide) in paragraph at lines 593--595
\T1/cmr/bx/n/12 Example 8.2 \T1/cmr/m/n/12 (Cat-e-gor-i-cal Spaces for Dif-fer-
ent Re-ac-tions)\T1/cmr/bx/n/12 . H$[]$O$[]$ de-com-po-si-tion (cata-
 []

[79]
<figures/phase_lock_mechanism_panel.png, id=1634, 1132.23pt x 772.0845pt>
File: figures/phase_lock_mechanism_panel.png Graphic file (type png)
<use figures/phase_lock_mechanism_panel.png>
Package pdftex.def Info: figures/phase_lock_mechanism_panel.png  used on input 
line 650.
(pdftex.def)             Requested size: 407.66833pt x 277.98555pt.


! LaTeX Error: Unicode character â†” (U+2194)
               not set up for use with LaTeX.

See the LaTeX manual or LaTeX Companion for explanation.
Type  H <return>  for immediate help.
 ...                                              
                                                  
l.651 ...isfaction, not temporal synchronization.}
                                                  
You may provide a definition with
\DeclareUnicodeCharacter 


! LaTeX Error: Unicode character â†” (U+2194)
               not set up for use with LaTeX.

See the LaTeX manual or LaTeX Companion for explanation.
Type  H <return>  for immediate help.
 ...                                              
                                                  
l.651 ...isfaction, not temporal synchronization.}
                                                  
You may provide a definition with
\DeclareUnicodeCharacter 

[80] [81 <./figures/phase_lock_mechanism_panel.png>]
Overfull \hbox (12.8262pt too wide) in paragraph at lines 749--750
\T1/cmr/bx/n/12 Example 8.7 \T1/cmr/m/n/12 (Ser-ine Pro-tease Speci-ficity from
 Par-ti-tion Se-quence)\T1/cmr/bx/n/12 . \T1/cmr/m/n/12 Chy-motrypsin achieves
 []

[82] [83] [84] [85] [86] [87] [88]

LaTeX Warning: `h' float specifier changed to `ht'.

[89]

LaTeX Warning: Reference `sec:carbonic_anhydrase' on page 90 undefined on input
 line 1209.

) (sections/carbonic-anhydrase.tex [90]
! Undefined control sequence.
l.13 \ce
        {CO2 + H2O <=> HCO3^- + H^+}
The control sequence at the end of the top line
of your error message was never \def'ed. If you have
misspelled it (e.g., `\hobx'), type `I' and the correct
spelling (e.g., `I\hbox'). Otherwise just continue,
and I'll forget about whatever was undefined.

! Undefined control sequence.
l.23 \ce
        {CO2 + H2O -> H2CO3 -> HCO3^- + H^+}
The control sequence at the end of the top line
of your error message was never \def'ed. If you have
misspelled it (e.g., `\hobx'), type `I' and the correct
spelling (e.g., `I\hbox'). Otherwise just continue,
and I'll forget about whatever was undefined.

[91]

LaTeX Warning: Command \textdegree invalid in math mode on input line 69.


LaTeX Warning: Command \textdegree invalid in math mode on input line 69.

Missing character: There is no ° in font cmr12!

Package hyperref Warning: Token not allowed in a PDF string (Unicode):
(hyperref)                removing `math shift' on input line 82.


Package hyperref Warning: Token not allowed in a PDF string (Unicode):
(hyperref)                removing `superscript' on input line 82.


Package hyperref Warning: Token not allowed in a PDF string (Unicode):
(hyperref)                removing `math shift' on input line 82.


LaTeX Warning: Command \textdegree invalid in math mode on input line 95.


LaTeX Warning: Command \textdegree invalid in math mode on input line 95.

Missing character: There is no ° in font cmr12!
[92]

LaTeX Warning: Command \textdegree invalid in math mode on input line 146.


LaTeX Warning: Command \textdegree invalid in math mode on input line 146.


LaTeX Warning: Command \textdegree invalid in math mode on input line 146.


LaTeX Warning: Command \textdegree invalid in math mode on input line 146.

Missing character: There is no ° in font cmr12!
Missing character: There is no ° in font cmr12!

LaTeX Warning: Command \textdegree invalid in math mode on input line 167.


LaTeX Warning: Command \textdegree invalid in math mode on input line 167.

Missing character: There is no ° in font cmr12!
[93] [94]

Package hyperref Warning: Token not allowed in a PDF string (Unicode):
(hyperref)                removing `math shift' on input line 283.


Package hyperref Warning: Token not allowed in a PDF string (Unicode):
(hyperref)                removing `subscript' on input line 283.


Package hyperref Warning: Token not allowed in a PDF string (Unicode):
(hyperref)                removing `\approx' on input line 283.


Package hyperref Warning: Token not allowed in a PDF string (Unicode):
(hyperref)                removing `superscript' on input line 283.


Package hyperref Warning: Token not allowed in a PDF string (Unicode):
(hyperref)                removing `math shift' on input line 283.


Package hyperref Warning: Token not allowed in a PDF string (Unicode):
(hyperref)                removing `math shift' on input line 283.


Package hyperref Warning: Token not allowed in a PDF string (Unicode):
(hyperref)                removing `superscript' on input line 283.


Package hyperref Warning: Token not allowed in a PDF string (Unicode):
(hyperref)                removing `math shift' on input line 283.

[95] [96]
<figures/carbonic_anhydrase_panel.png, id=1859, 910.602pt x 643.203pt>
File: figures/carbonic_anhydrase_panel.png Graphic file (type png)
<use figures/carbonic_anhydrase_panel.png>
Package pdftex.def Info: figures/carbonic_anhydrase_panel.png  used on input li
ne 371.
(pdftex.def)             Requested size: 407.66833pt x 287.95668pt.

Overfull \hbox (36.38737pt too wide) in paragraph at lines 383--395
 [][] 
 []

[97] [98 <./figures/carbonic_anhydrase_panel.png>]
Overfull \hbox (107.27617pt too wide) in paragraph at lines 450--463
 [][] 
 []


LaTeX Warning: `h' float specifier changed to `ht'.

[99] [100]) (sections/haber-process.tex
! Undefined control sequence.
l.13 \ce
        {N2(g) + 3H2(g) <=> 2NH3(g)} \quad \Delta H = -92 \text{ kJ/mol}
The control sequence at the end of the top line
of your error message was never \def'ed. If you have
misspelled it (e.g., `\hobx'), type `I' and the correct
spelling (e.g., `I\hbox'). Otherwise just continue,
and I'll forget about whatever was undefined.

[101]
! Undefined control sequence.
l.33 \ce
        {N2 -> 2N^{\bullet}} \quad \Delta H = +945 \text{ kJ/mol}
The control sequence at the end of the top line
of your error message was never \def'ed. If you have
misspelled it (e.g., `\hobx'), type `I' and the correct
spelling (e.g., `I\hbox'). Otherwise just continue,
and I'll forget about whatever was undefined.


Overfull \hbox (0.619pt too wide) in paragraph at lines 71--72
[]\T1/cmr/m/n/12 Edges: $\OMS/cmsy/m/n/12 E[] \OT1/cmr/m/n/12 = \OMS/cmsy/m/n/1
2 f\OT1/cmr/m/n/12 ([][]\OML/cmm/m/it/12 ; [][]\OT1/cmr/m/n/12 )[]\OML/cmm/m/it
/12 ; \OT1/cmr/m/n/12 ([][]\OML/cmm/m/it/12 ; [][]\OT1/cmr/m/n/12 )\OML/cmm/m/i
t/12 ; \OT1/cmr/m/n/12 ([][]\OML/cmm/m/it/12 ; [][]\OT1/cmr/m/n/12 )\OML/cmm/m/
it/12 ; \OT1/cmr/m/n/12 ([][]\OML/cmm/m/it/12 ; [][]\OT1/cmr/m/n/12 )\OML/cmm/m
/it/12 ; \OT1/cmr/m/n/12 ([][]\OML/cmm/m/it/12 ; [][]\OT1/cmr/m/n/12 )\OML/cmm/
m/it/12 ; \OT1/cmr/m/n/12 ([][]\OML/cmm/m/it/12 ; [][]\OT1/cmr/m/n/12 )\OML/cmm
/m/it/12 ; \OT1/cmr/m/n/12 ([][]\OML/cmm/m/it/12 ; [][]\OT1/cmr/m/n/12 )\OMS/cm
sy/m/n/12 g$ 
 []

[102] [103]
! Undefined control sequence.
l.159 \Pi_1: \ce
                {N2(g) -> N2^*}
The control sequence at the end of the top line
of your error message was never \def'ed. If you have
misspelled it (e.g., `\hobx'), type `I' and the correct
spelling (e.g., `I\hbox'). Otherwise just continue,
and I'll forget about whatever was undefined.

! Undefined control sequence.
l.187 \Pi_2: \ce
                {N2^* -> 2N^*}
The control sequence at the end of the top line
of your error message was never \def'ed. If you have
misspelled it (e.g., `\hobx'), type `I' and the correct
spelling (e.g., `I\hbox'). Otherwise just continue,
and I'll forget about whatever was undefined.

[104]
! Undefined control sequence.
l.223 \Pi_3: \ce
                {H2(g) -> 2H^*}
The control sequence at the end of the top line
of your error message was never \def'ed. If you have
misspelled it (e.g., `\hobx'), type `I' and the correct
spelling (e.g., `I\hbox'). Otherwise just continue,
and I'll forget about whatever was undefined.

! Undefined control sequence.
<argument>  \Pi _4: \quad &\ce 
                               {N^* + H^* -> NH^*} \label {eq:haber_pi4} \\ ...
l.247 \end{align}
                 
The control sequence at the end of the top line
of your error message was never \def'ed. If you have
misspelled it (e.g., `\hobx'), type `I' and the correct
spelling (e.g., `I\hbox'). Otherwise just continue,
and I'll forget about whatever was undefined.

! Undefined control sequence.
<argument> ...eq:haber_pi4} \\ \Pi _5: \quad &\ce 
                                                  {NH^* + H^* -> NH2^*} \lab...
l.247 \end{align}
                 
The control sequence at the end of the top line
of your error message was never \def'ed. If you have
misspelled it (e.g., `\hobx'), type `I' and the correct
spelling (e.g., `I\hbox'). Otherwise just continue,
and I'll forget about whatever was undefined.

! Undefined control sequence.
<argument> ...eq:haber_pi5} \\ \Pi _6: \quad &\ce 
                                                  {NH2^* + H^* -> NH3^*} \la...
l.247 \end{align}
                 
The control sequence at the end of the top line
of your error message was never \def'ed. If you have
misspelled it (e.g., `\hobx'), type `I' and the correct
spelling (e.g., `I\hbox'). Otherwise just continue,
and I'll forget about whatever was undefined.

! Undefined control sequence.
<argument>  \Pi _4: \quad &\ce 
                               {N^* + H^* -> NH^*} \label {eq:haber_pi4} \\ ...
l.247 \end{align}
                 
The control sequence at the end of the top line
of your error message was never \def'ed. If you have
misspelled it (e.g., `\hobx'), type `I' and the correct
spelling (e.g., `I\hbox'). Otherwise just continue,
and I'll forget about whatever was undefined.

! Undefined control sequence.
<argument> ...eq:haber_pi4} \\ \Pi _5: \quad &\ce 
                                                  {NH^* + H^* -> NH2^*} \lab...
l.247 \end{align}
                 
The control sequence at the end of the top line
of your error message was never \def'ed. If you have
misspelled it (e.g., `\hobx'), type `I' and the correct
spelling (e.g., `I\hbox'). Otherwise just continue,
and I'll forget about whatever was undefined.

! Undefined control sequence.
<argument> ...eq:haber_pi5} \\ \Pi _6: \quad &\ce 
                                                  {NH2^* + H^* -> NH3^*} \la...
l.247 \end{align}
                 
The control sequence at the end of the top line
of your error message was never \def'ed. If you have
misspelled it (e.g., `\hobx'), type `I' and the correct
spelling (e.g., `I\hbox'). Otherwise just continue,
and I'll forget about whatever was undefined.

[105]
! Undefined control sequence.
l.273 \Pi_7: \ce
                {NH3^* -> NH3(g)}
The control sequence at the end of the top line
of your error message was never \def'ed. If you have
misspelled it (e.g., `\hobx'), type `I' and the correct
spelling (e.g., `I\hbox'). Otherwise just continue,
and I'll forget about whatever was undefined.

[106] [107]
<figures/haber_process_panel.png, id=1978, 935.4147pt x 670.6656pt>
File: figures/haber_process_panel.png Graphic file (type png)
<use figures/haber_process_panel.png>
Package pdftex.def Info: figures/haber_process_panel.png  used on input line 40
3.
(pdftex.def)             Requested size: 407.66833pt x 292.27956pt.
 [108] [109 <./figures/haber_process_panel.png>] [110] [111]
Overfull \hbox (85.29044pt too wide) in paragraph at lines 602--615
 [][] 
 []


LaTeX Warning: `h' float specifier changed to `ht'.

[112]) (sections/rubisco-multi-aperture.tex
Overfull \hbox (1.22676pt too wide) in paragraph at lines 2--2
[]\T1/cmr/bx/n/17.28 Rubisco: Cat-e-gor-i-cal Com-plex-ity, Speci-ficity Trade-

 []


Package hyperref Warning: Token not allowed in a PDF string (Unicode):
(hyperref)                removing `math shift' on input line 2.


Package hyperref Warning: Token not allowed in a PDF string (Unicode):
(hyperref)                removing `subscript' on input line 2.


Package hyperref Warning: Token not allowed in a PDF string (Unicode):
(hyperref)                removing `math shift' on input line 2.

[113]

Package hyperref Warning: Token not allowed in a PDF string (Unicode):
(hyperref)                removing `math shift' on input line 8.


Package hyperref Warning: Token not allowed in a PDF string (Unicode):
(hyperref)                removing `subscript' on input line 8.


Package hyperref Warning: Token not allowed in a PDF string (Unicode):
(hyperref)                removing `math shift' on input line 8.

! Undefined control sequence.
l.13 \ce
        {RuBP + CO2 + H2O -> 2 \times 3-phosphoglycerate (3PG)}
The control sequence at the end of the top line
of your error message was never \def'ed. If you have
misspelled it (e.g., `\hobx'), type `I' and the correct
spelling (e.g., `I\hbox'). Otherwise just continue,
and I'll forget about whatever was undefined.


LaTeX Warning: Command \textdegree invalid in math mode on input line 24.


LaTeX Warning: Command \textdegree invalid in math mode on input line 24.

Missing character: There is no ° in font cmr12!
[114]
! Undefined control sequence.
l.64 \Pi_1: \ce
               {E + RuBP -> E \cdot RuBP}
The control sequence at the end of the top line
of your error message was never \def'ed. If you have
misspelled it (e.g., `\hobx'), type `I' and the correct
spelling (e.g., `I\hbox'). Otherwise just continue,
and I'll forget about whatever was undefined.

! Undefined control sequence.
l.89 \Pi_2: \ce
               {E \cdot RuBP -> E \cdot enediol}
The control sequence at the end of the top line
of your error message was never \def'ed. If you have
misspelled it (e.g., `\hobx'), type `I' and the correct
spelling (e.g., `I\hbox'). Otherwise just continue,
and I'll forget about whatever was undefined.

! Undefined control sequence.
l.117 \Pi_3: \ce
                {E \cdot enediol + CO2 -> E \cdot enediol \cdots CO2}
The control sequence at the end of the top line
of your error message was never \def'ed. If you have
misspelled it (e.g., `\hobx'), type `I' and the correct
spelling (e.g., `I\hbox'). Otherwise just continue,
and I'll forget about whatever was undefined.

[115]
! Undefined control sequence.
l.144 \Pi_4: \ce
                {E \cdot enediol \cdots CO2 -> E \cdot 6-carbon intermediate}
The control sequence at the end of the top line
of your error message was never \def'ed. If you have
misspelled it (e.g., `\hobx'), type `I' and the correct
spelling (e.g., `I\hbox'). Otherwise just continue,
and I'll forget about whatever was undefined.

! Undefined control sequence.
l.172 \Pi_5: \ce
                {E \cdot 6-carbon intermediate + H2O -> E \cdot gem-diol}
The control sequence at the end of the top line
of your error message was never \def'ed. If you have
misspelled it (e.g., `\hobx'), type `I' and the correct
spelling (e.g., `I\hbox'). Otherwise just continue,
and I'll forget about whatever was undefined.

! Undefined control sequence.
l.191 \Pi_6: \ce
                {E \cdot gem-diol -> E \cdot 2 \times 3PG}
The control sequence at the end of the top line
of your error message was never \def'ed. If you have
misspelled it (e.g., `\hobx'), type `I' and the correct
spelling (e.g., `I\hbox'). Otherwise just continue,
and I'll forget about whatever was undefined.

[116]
! Undefined control sequence.
<argument>  \Pi _7: \quad &\ce 
                               {E \cdot 2 \times 3PG -> E \cdot 3PG + 3PG} \...
l.221 \end{align}
                 
The control sequence at the end of the top line
of your error message was never \def'ed. If you have
misspelled it (e.g., `\hobx'), type `I' and the correct
spelling (e.g., `I\hbox'). Otherwise just continue,
and I'll forget about whatever was undefined.

! Undefined control sequence.
<argument> ...uct release)} \\ \Pi _8: \quad &\ce 
                                                  {E \cdot 3PG -> E + 3PG} \...
l.221 \end{align}
                 
The control sequence at the end of the top line
of your error message was never \def'ed. If you have
misspelled it (e.g., `\hobx'), type `I' and the correct
spelling (e.g., `I\hbox'). Otherwise just continue,
and I'll forget about whatever was undefined.

! Undefined control sequence.
<argument>  \Pi _7: \quad &\ce 
                               {E \cdot 2 \times 3PG -> E \cdot 3PG + 3PG} \...
l.221 \end{align}
                 
The control sequence at the end of the top line
of your error message was never \def'ed. If you have
misspelled it (e.g., `\hobx'), type `I' and the correct
spelling (e.g., `I\hbox'). Otherwise just continue,
and I'll forget about whatever was undefined.

! Undefined control sequence.
<argument> ...uct release)} \\ \Pi _8: \quad &\ce 
                                                  {E \cdot 3PG -> E + 3PG} \...
l.221 \end{align}
                 
The control sequence at the end of the top line
of your error message was never \def'ed. If you have
misspelled it (e.g., `\hobx'), type `I' and the correct
spelling (e.g., `I\hbox'). Otherwise just continue,
and I'll forget about whatever was undefined.


Overfull \hbox (33.69203pt too wide) detected at line 248
[][][][][] \OT1/cmr/m/n/12 = [] \OML/cmm/m/it/12 ^^X[] \OMS/cmsy/m/n/12 ^^Y \OT
1/cmr/m/n/12 10[] \OMS/cmsy/m/n/12 ^^B \OT1/cmr/m/n/12 10[] \OMS/cmsy/m/n/12 ^^
B \OT1/cmr/m/n/12 10[] \OMS/cmsy/m/n/12 ^^B \OT1/cmr/m/n/12 10[] \OMS/cmsy/m/n/
12 ^^B \OT1/cmr/m/n/12 10[] \OMS/cmsy/m/n/12 ^^B \OT1/cmr/m/n/12 10[] \OMS/cmsy
/m/n/12 ^^B \OT1/cmr/m/n/12 0\OML/cmm/m/it/12 :\OT1/cmr/m/n/12 1 \OMS/cmsy/m/n/
12 ^^B \OT1/cmr/m/n/12 0\OML/cmm/m/it/12 :\OT1/cmr/m/n/12 1 \OMS/cmsy/m/n/12 ^^
B \OT1/cmr/m/n/12 10[] \OMS/cmsy/m/n/12 ^^B \OT1/cmr/m/n/12 10[] \OMS/cmsy/m/n/
12 ^^Y \OT1/cmr/m/n/12 10[]
 []

[117] [118]

Package hyperref Warning: Token not allowed in a PDF string (Unicode):
(hyperref)                removing `math shift' on input line 312.


Package hyperref Warning: Token not allowed in a PDF string (Unicode):
(hyperref)                removing `subscript' on input line 312.


Package hyperref Warning: Token not allowed in a PDF string (Unicode):
(hyperref)                removing `math shift' on input line 312.


Package hyperref Warning: Token not allowed in a PDF string (Unicode):
(hyperref)                removing `math shift' on input line 312.


Package hyperref Warning: Token not allowed in a PDF string (Unicode):
(hyperref)                removing `subscript' on input line 312.


Package hyperref Warning: Token not allowed in a PDF string (Unicode):
(hyperref)                removing `math shift' on input line 312.

! Undefined control sequence.
l.317 \ce
         {RuBP + O2 -> 3PG + 2-phosphoglycolate}
The control sequence at the end of the top line
of your error message was never \def'ed. If you have
misspelled it (e.g., `\hobx'), type `I' and the correct
spelling (e.g., `I\hbox'). Otherwise just continue,
and I'll forget about whatever was undefined.

[119]

LaTeX Warning: Command \textdegree invalid in math mode on input line 379.


LaTeX Warning: Command \textdegree invalid in math mode on input line 379.

Missing character: There is no ° in font cmr12!

LaTeX Warning: Command \textdegree invalid in math mode on input line 379.


LaTeX Warning: Command \textdegree invalid in math mode on input line 379.

Missing character: There is no ° in font cmr12!

LaTeX Warning: Command \textdegree invalid in math mode on input line 379.


LaTeX Warning: Command \textdegree invalid in math mode on input line 379.

Missing character: There is no ° in font cmr12!

LaTeX Warning: Command \textdegree invalid in math mode on input line 379.


LaTeX Warning: Command \textdegree invalid in math mode on input line 379.

Missing character: There is no ° in font cmr12!
[120] [121]
<figures/rubisco_panel.png, id=2177, 949.3869pt x 670.6656pt>
File: figures/rubisco_panel.png Graphic file (type png)
<use figures/rubisco_panel.png>
Package pdftex.def Info: figures/rubisco_panel.png  used on input line 492.
(pdftex.def)             Requested size: 407.66833pt x 287.98148pt.
 [122] [123 <./figures/rubisco_panel.png>]
Overfull \hbox (2.19719pt too wide) in paragraph at lines 566--566
[]\T1/cmr/bx/n/14.4 Why Ru-bisco is Abun-dant: Cat-e-gor-i-cal Ne-ces-sity, Not
 Com-
 []

[124]

LaTeX Warning: `h' float specifier changed to `ht'.

[125] [126]) (sections/autocatalytic-apertures.tex [127] [128]
Overfull \hbox (40.25113pt too wide) in paragraph at lines 85--87
[]\T1/cmr/m/n/12 The con-di-tion "aper-ture $\OML/cmm/m/it/12 a$ \T1/cmr/m/n/12
 is un-oc-cu-pied" is a cat-e-gor-i-cal state $\OML/cmm/m/it/12 C[]\OT1/cmr/m/n
/12 (\OML/cmm/m/it/12 t\OT1/cmr/m/n/12 ) \OMS/cmsy/m/n/12 2 f[]\OML/cmm/m/it/12
 ; []\OMS/cmsy/m/n/12 g$
 []

[129]
Overfull \hbox (3.66924pt too wide) in paragraph at lines 158--159
[]\T1/cmr/m/n/12 This demon-strates a fun-da-men-tal dif-fer-ence be-tween ther
-mal sys-tems (where Maxwell's
 []

[130]
Overfull \hbox (18.65004pt too wide) in paragraph at lines 209--210
\T1/cmr/m/n/12 ward and re-verse com-ple-tion, with $\OML/cmm/m/it/12 d[]\OT1/c
mr/m/n/12 ([]\OML/cmm/m/it/12 ; []\OT1/cmr/m/n/12 ) = \OML/cmm/m/it/12 d[]\OT1/
cmr/m/n/12 ([]\OML/cmm/m/it/12 ; []\OT1/cmr/m/n/12 ) =
 []

[131] [132] [133] [134] [135]
<figures/autocatalysis_panel.png, id=2356, 1022.6205pt x 922.1652pt>
File: figures/autocatalysis_panel.png Graphic file (type png)
<use figures/autocatalysis_panel.png>
Package pdftex.def Info: figures/autocatalysis_panel.png  used on input line 48
0.
(pdftex.def)             Requested size: 407.66833pt x 367.62129pt.
 [136] [137 <./figures/autocatalysis_panel.png>]
Overfull \hbox (13.49577pt too wide) in paragraph at lines 520--521
[]\T1/cmr/m/n/12 First sub-strate bind-ing oc-cu-pies one ac-tive site, cre-at-
ing cat-e-gor-i-cal struc-ture (enzyme-
 []

[138] [139] [140] [141] [142]) [143] [144] [145]
(categorical-catalysis-mechanism.bbl [146] [147] [148] [149]) [150]
(categorical-catalysis-mechanism.aux)
 ***********
LaTeX2e <2023-11-01> patch level 1
L3 programming layer <2024-01-04>
 ***********


LaTeX Warning: There were undefined references.


LaTeX Warning: There were multiply-defined labels.

Package rerunfilecheck Info: File `categorical-catalysis-mechanism.out' has not
 changed.
(rerunfilecheck)             Checksum: 3B83353023C09F3908665CA2D91D609D;34199.
 ) 
Here is how much of TeX's memory you used:
 16333 strings out of 474486
 278001 string characters out of 5743283
 1944542 words of memory out of 5000000
 37265 multiletter control sequences out of 15000+600000
 588797 words of font info for 111 fonts, out of 8000000 for 9000
 1141 hyphenation exceptions out of 8191
 75i,13n,79p,2044b,730s stack positions out of 10000i,1000n,20000p,200000b,200000s
 <C:\Users\kundai\AppData\Local\MiKTeX\fonts/pk/ljfour/jknappen/ec/dpi600\ecb
x1000.pk> <C:\Users\kundai\AppData\Local\MiKTeX\fonts/pk/ljfour/jknappen/ec/dpi
600\ecbx0800.pk> <C:\Users\kundai\AppData\Local\MiKTeX\fonts/pk/ljfour/jknappen
/ec/dpi600\ecti0600.pk> <C:\Users\kundai\AppData\Local\MiKTeX\fonts/pk/ljfour/j
knappen/ec/dpi600\ecrm0600.pk> <C:\Users\kundai\AppData\Local\MiKTeX\fonts/pk/l
jfour/jknappen/ec/dpi600\ecbi0800.pk> <C:\Users\kundai\AppData\Local\MiKTeX\fon
ts/pk/ljfour/jknappen/ec/dpi600\tcti1200.pk> <C:\Users\kundai\AppData\Local\MiK
TeX\fonts/pk/ljfour/jknappen/ec/dpi600\ecbi1200.pk> <C:\Users\kundai\AppData\Lo
cal\MiKTeX\fonts/pk/ljfour/jknappen/ec/dpi600\tcrm1200.pk> <C:\Users\kundai\App
Data\Local\MiKTeX\fonts/pk/ljfour/jknappen/ec/dpi600\ecti0800.pk> <C:\Users\kun
dai\AppData\Local\MiKTeX\fonts/pk/ljfour/jknappen/ec/dpi600\ecti1200.pk> <C:\Us
ers\kundai\AppData\Local\MiKTeX\fonts/pk/ljfour/jknappen/ec/dpi600\ecbx1440.pk>
 <C:\Users\kundai\AppData\Local\MiKTeX\fonts/pk/ljfour/jknappen/ec/dpi600\ecbx1
200.pk> <C:\Users\kundai\AppData\Local\MiKTeX\fonts/pk/ljfour/jknappen/ec/dpi60
0\ecbx1728.pk> <C:\Users\kundai\AppData\Local\MiKTeX\fonts/pk/ljfour/jknappen/e
c/dpi600\ecrm0800.pk> <C:\Users\kundai\AppData\Local\MiKTeX\fonts/pk/ljfour/jkn
appen/ec/dpi600\ecrm1200.pk> <C:\Users\kundai\AppData\Local\MiKTeX\fonts/pk/ljf
our/jknappen/ec/dpi600\ecrm1095.pk> <C:\Users\kundai\AppData\Local\MiKTeX\fonts
/pk/ljfour/jknappen/ec/dpi600\ecbx1095.pk> <C:\Users\kundai\AppData\Local\MiKTe
X\fonts/pk/ljfour/jknappen/ec/dpi600\ectt1440.pk> <C:\Users\kundai\AppData\Loca
l\MiKTeX\fonts/pk/ljfour/jknappen/ec/dpi600\ecrm1440.pk> <C:\Users\kundai\AppDa
ta\Local\MiKTeX\fonts/pk/ljfour/jknappen/ec/dpi600\ecbx2074.pk><C:/Users/kundai
/AppData/Local/Programs/MiKTeX/fonts/type1/public/amsfonts/cm/cmbx12.pfb><C:/Us
ers/kundai/AppData/Local/Programs/MiKTeX/fonts/type1/public/amsfonts/cm/cmbx8.p
fb><C:/Users/kundai/AppData/Local/Programs/MiKTeX/fonts/type1/public/amsfonts/c
m/cmex10.pfb><C:/Users/kundai/AppData/Local/Programs/MiKTeX/fonts/type1/public/
amsfonts/cm/cmmi10.pfb><C:/Users/kundai/AppData/Local/Programs/MiKTeX/fonts/typ
e1/public/amsfonts/cm/cmmi12.pfb><C:/Users/kundai/AppData/Local/Programs/MiKTeX
/fonts/type1/public/amsfonts/cm/cmmi6.pfb><C:/Users/kundai/AppData/Local/Progra
ms/MiKTeX/fonts/type1/public/amsfonts/cm/cmmi8.pfb><C:/Users/kundai/AppData/Loc
al/Programs/MiKTeX/fonts/type1/public/amsfonts/cm/cmr10.pfb><C:/Users/kundai/Ap
pData/Local/Programs/MiKTeX/fonts/type1/public/amsfonts/cm/cmr12.pfb><C:/Users/
kundai/AppData/Local/Programs/MiKTeX/fonts/type1/public/amsfonts/cm/cmr6.pfb><C
:/Users/kundai/AppData/Local/Programs/MiKTeX/fonts/type1/public/amsfonts/cm/cmr
8.pfb><C:/Users/kundai/AppData/Local/Programs/MiKTeX/fonts/type1/public/amsfont
s/cm/cmsy10.pfb><C:/Users/kundai/AppData/Local/Programs/MiKTeX/fonts/type1/publ
ic/amsfonts/cm/cmsy6.pfb><C:/Users/kundai/AppData/Local/Programs/MiKTeX/fonts/t
ype1/public/amsfonts/cm/cmsy8.pfb><C:/Users/kundai/AppData/Local/Programs/MiKTe
X/fonts/type1/public/amsfonts/symbols/msam10.pfb><C:/Users/kundai/AppData/Local
/Programs/MiKTeX/fonts/type1/public/amsfonts/symbols/msbm10.pfb>
Output written on categorical-catalysis-mechanism.pdf (150 pages, 8841935 bytes
).
PDF statistics:
 3503 PDF objects out of 3580 (max. 8388607)
 1132 named destinations out of 1200 (max. 500000)
 893 words of extra memory for PDF output out of 10000 (max. 10000000)

