This is pdfTeX, Version 3.141592653-2.6-1.40.25 (MiKTeX 24.1) (preloaded format=pdflatex 2025.7.27)  17 DEC 2025 09:55
entering extended mode
 restricted \write18 enabled.
 %&-line parsing enabled.
**./categorical-partitioning-mechanisms.tex
(categorical-partitioning-mechanisms.tex
LaTeX2e <2023-11-01> patch level 1
L3 programming layer <2024-01-04>
(C:\Users\kundai\AppData\Local\Programs\MiKTeX\tex/latex/base\article.cls
Document Class: article 2023/05/17 v1.4n Standard LaTeX document class
(C:\Users\kundai\AppData\Local\Programs\MiKTeX\tex/latex/base\size12.clo
File: size12.clo 2023/05/17 v1.4n Standard LaTeX file (size option)
)
\c@part=\count187
\c@section=\count188
\c@subsection=\count189
\c@subsubsection=\count190
\c@paragraph=\count191
\c@subparagraph=\count192
\c@figure=\count193
\c@table=\count194
\abovecaptionskip=\skip48
\belowcaptionskip=\skip49
\bibindent=\dimen140
)
(C:\Users\kundai\AppData\Local\Programs\MiKTeX\tex/latex/amsmath\amsmath.sty
Package: amsmath 2023/05/13 v2.17o AMS math features
\@mathmargin=\skip50

For additional information on amsmath, use the `?' option.
(C:\Users\kundai\AppData\Local\Programs\MiKTeX\tex/latex/amsmath\amstext.sty
Package: amstext 2021/08/26 v2.01 AMS text

(C:\Users\kundai\AppData\Local\Programs\MiKTeX\tex/latex/amsmath\amsgen.sty
File: amsgen.sty 1999/11/30 v2.0 generic functions
\@emptytoks=\toks17
\ex@=\dimen141
))
(C:\Users\kundai\AppData\Local\Programs\MiKTeX\tex/latex/amsmath\amsbsy.sty
Package: amsbsy 1999/11/29 v1.2d Bold Symbols
\pmbraise@=\dimen142
)
(C:\Users\kundai\AppData\Local\Programs\MiKTeX\tex/latex/amsmath\amsopn.sty
Package: amsopn 2022/04/08 v2.04 operator names
)
\inf@bad=\count195
LaTeX Info: Redefining \frac on input line 234.
\uproot@=\count196
\leftroot@=\count197
LaTeX Info: Redefining \overline on input line 399.
LaTeX Info: Redefining \colon on input line 410.
\classnum@=\count198
\DOTSCASE@=\count199
LaTeX Info: Redefining \ldots on input line 496.
LaTeX Info: Redefining \dots on input line 499.
LaTeX Info: Redefining \cdots on input line 620.
\Mathstrutbox@=\box51
\strutbox@=\box52
LaTeX Info: Redefining \big on input line 722.
LaTeX Info: Redefining \Big on input line 723.
LaTeX Info: Redefining \bigg on input line 724.
LaTeX Info: Redefining \Bigg on input line 725.
\big@size=\dimen143
LaTeX Font Info:    Redeclaring font encoding OML on input line 743.
LaTeX Font Info:    Redeclaring font encoding OMS on input line 744.
\macc@depth=\count266
LaTeX Info: Redefining \bmod on input line 905.
LaTeX Info: Redefining \pmod on input line 910.
LaTeX Info: Redefining \smash on input line 940.
LaTeX Info: Redefining \relbar on input line 970.
LaTeX Info: Redefining \Relbar on input line 971.
\c@MaxMatrixCols=\count267
\dotsspace@=\muskip16
\c@parentequation=\count268
\dspbrk@lvl=\count269
\tag@help=\toks18
\row@=\count270
\column@=\count271
\maxfields@=\count272
\andhelp@=\toks19
\eqnshift@=\dimen144
\alignsep@=\dimen145
\tagshift@=\dimen146
\tagwidth@=\dimen147
\totwidth@=\dimen148
\lineht@=\dimen149
\@envbody=\toks20
\multlinegap=\skip51
\multlinetaggap=\skip52
\mathdisplay@stack=\toks21
LaTeX Info: Redefining \[ on input line 2953.
LaTeX Info: Redefining \] on input line 2954.
)
(C:\Users\kundai\AppData\Local\Programs\MiKTeX\tex/latex/amsfonts\amssymb.sty
Package: amssymb 2013/01/14 v3.01 AMS font symbols

(C:\Users\kundai\AppData\Local\Programs\MiKTeX\tex/latex/amsfonts\amsfonts.sty
Package: amsfonts 2013/01/14 v3.01 Basic AMSFonts support
\symAMSa=\mathgroup4
\symAMSb=\mathgroup5
LaTeX Font Info:    Redeclaring math symbol \hbar on input line 98.
LaTeX Font Info:    Overwriting math alphabet `\mathfrak' in version `bold'
(Font)                  U/euf/m/n --> U/euf/b/n on input line 106.
)) (C:\Users\kundai\AppData\Local\Programs\MiKTeX\tex/latex/amscls\amsthm.sty
Package: amsthm 2020/05/29 v2.20.6
\thm@style=\toks22
\thm@bodyfont=\toks23
\thm@headfont=\toks24
\thm@notefont=\toks25
\thm@headpunct=\toks26
\thm@preskip=\skip53
\thm@postskip=\skip54
\thm@headsep=\skip55
\dth@everypar=\toks27
)
(C:\Users\kundai\AppData\Local\Programs\MiKTeX\tex/latex/mathtools\mathtools.st
y
Package: mathtools 2024/10/04 v1.31 mathematical typesetting tools
 (C:\Users\kundai\AppData\Local\Programs\MiKTeX\tex/latex/graphics\keyval.sty
Package: keyval 2022/05/29 v1.15 key=value parser (DPC)
\KV@toks@=\toks28
) (C:\Users\kundai\AppData\Local\Programs\MiKTeX\tex/latex/tools\calc.sty
Package: calc 2023/07/08 v4.3 Infix arithmetic (KKT,FJ)
\calc@Acount=\count273
\calc@Bcount=\count274
\calc@Adimen=\dimen150
\calc@Bdimen=\dimen151
\calc@Askip=\skip56
\calc@Bskip=\skip57
LaTeX Info: Redefining \setlength on input line 80.
LaTeX Info: Redefining \addtolength on input line 81.
\calc@Ccount=\count275
\calc@Cskip=\skip58
)
(C:\Users\kundai\AppData\Local\Programs\MiKTeX\tex/latex/mathtools\mhsetup.sty
Package: mhsetup 2021/03/18 v1.4 programming setup (MH)
)
\g_MT_multlinerow_int=\count276
\l_MT_multwidth_dim=\dimen152
\origjot=\skip59
\l_MT_shortvdotswithinadjustabove_dim=\dimen153
\l_MT_shortvdotswithinadjustbelow_dim=\dimen154
\l_MT_above_intertext_sep=\dimen155
\l_MT_below_intertext_sep=\dimen156
\l_MT_above_shortintertext_sep=\dimen157
\l_MT_below_shortintertext_sep=\dimen158
\xmathstrut@box=\box53
\xmathstrut@dim=\dimen159
) (C:\Users\kundai\AppData\Local\Programs\MiKTeX\tex/latex/physics\physics.sty
Package: physics 

(C:\Users\kundai\AppData\Local\Programs\MiKTeX\tex/latex/l3packages/xparse\xpar
se.sty
(C:\Users\kundai\AppData\Local\Programs\MiKTeX\tex/latex/l3kernel\expl3.sty
Package: expl3 2024-01-04 L3 programming layer (loader) 

(C:\Users\kundai\AppData\Local\Programs\MiKTeX\tex/latex/l3backend\l3backend-pd
ftex.def
File: l3backend-pdftex.def 2024-01-04 L3 backend support: PDF output (pdfTeX)
\l__color_backend_stack_int=\count277
\l__pdf_internal_box=\box54
))
Package: xparse 2023-10-10 L3 Experimental document command parser
))
(C:\Users\kundai\AppData\Local\Programs\MiKTeX\tex/latex/graphics\graphicx.sty
Package: graphicx 2021/09/16 v1.2d Enhanced LaTeX Graphics (DPC,SPQR)

(C:\Users\kundai\AppData\Local\Programs\MiKTeX\tex/latex/graphics\graphics.sty
Package: graphics 2022/03/10 v1.4e Standard LaTeX Graphics (DPC,SPQR)

(C:\Users\kundai\AppData\Local\Programs\MiKTeX\tex/latex/graphics\trig.sty
Package: trig 2021/08/11 v1.11 sin cos tan (DPC)
)
(C:\Users\kundai\AppData\Local\Programs\MiKTeX\tex/latex/graphics-cfg\graphics.
cfg
File: graphics.cfg 2016/06/04 v1.11 sample graphics configuration
)
Package graphics Info: Driver file: pdftex.def on input line 107.

(C:\Users\kundai\AppData\Local\Programs\MiKTeX\tex/latex/graphics-def\pdftex.de
f
File: pdftex.def 2022/09/22 v1.2b Graphics/color driver for pdftex
))
\Gin@req@height=\dimen160
\Gin@req@width=\dimen161
)
(C:\Users\kundai\AppData\Local\Programs\MiKTeX\tex/latex/hyperref\hyperref.sty
Package: hyperref 2023-11-26 v7.01g Hypertext links for LaTeX

(C:\Users\kundai\AppData\Local\Programs\MiKTeX\tex/generic/iftex\iftex.sty
Package: iftex 2022/02/03 v1.0f TeX engine tests
)
(C:\Users\kundai\AppData\Local\Programs\MiKTeX\tex/generic/infwarerr\infwarerr.
sty
Package: infwarerr 2019/12/03 v1.5 Providing info/warning/error messages (HO)
)
(C:\Users\kundai\AppData\Local\Programs\MiKTeX\tex/latex/kvsetkeys\kvsetkeys.st
y
Package: kvsetkeys 2022-10-05 v1.19 Key value parser (HO)
)
(C:\Users\kundai\AppData\Local\Programs\MiKTeX\tex/generic/kvdefinekeys\kvdefin
ekeys.sty
Package: kvdefinekeys 2019-12-19 v1.6 Define keys (HO)
)
(C:\Users\kundai\AppData\Local\Programs\MiKTeX\tex/generic/pdfescape\pdfescape.
sty
Package: pdfescape 2019/12/09 v1.15 Implements pdfTeX's escape features (HO)

(C:\Users\kundai\AppData\Local\Programs\MiKTeX\tex/generic/ltxcmds\ltxcmds.sty
Package: ltxcmds 2023-12-04 v1.26 LaTeX kernel commands for general use (HO)
)
(C:\Users\kundai\AppData\Local\Programs\MiKTeX\tex/generic/pdftexcmds\pdftexcmd
s.sty
Package: pdftexcmds 2020-06-27 v0.33 Utility functions of pdfTeX for LuaTeX (HO
)
Package pdftexcmds Info: \pdf@primitive is available.
Package pdftexcmds Info: \pdf@ifprimitive is available.
Package pdftexcmds Info: \pdfdraftmode found.
))
(C:\Users\kundai\AppData\Local\Programs\MiKTeX\tex/latex/hycolor\hycolor.sty
Package: hycolor 2020-01-27 v1.10 Color options for hyperref/bookmark (HO)
)
(C:\Users\kundai\AppData\Local\Programs\MiKTeX\tex/latex/letltxmacro\letltxmacr
o.sty
Package: letltxmacro 2019/12/03 v1.6 Let assignment for LaTeX macros (HO)
)
(C:\Users\kundai\AppData\Local\Programs\MiKTeX\tex/latex/auxhook\auxhook.sty
Package: auxhook 2019-12-17 v1.6 Hooks for auxiliary files (HO)
)
(C:\Users\kundai\AppData\Local\Programs\MiKTeX\tex/latex/hyperref\nameref.sty
Package: nameref 2023-11-26 v2.56 Cross-referencing by name of section

(C:\Users\kundai\AppData\Local\Programs\MiKTeX\tex/latex/refcount\refcount.sty
Package: refcount 2019/12/15 v3.6 Data extraction from label references (HO)
)
(C:\Users\kundai\AppData\Local\Programs\MiKTeX\tex/generic/gettitlestring\getti
tlestring.sty
Package: gettitlestring 2019/12/15 v1.6 Cleanup title references (HO)

(C:\Users\kundai\AppData\Local\Programs\MiKTeX\tex/latex/kvoptions\kvoptions.st
y
Package: kvoptions 2022-06-15 v3.15 Key value format for package options (HO)
))
\c@section@level=\count278
)
(C:\Users\kundai\AppData\Local\Programs\MiKTeX\tex/latex/etoolbox\etoolbox.sty
Package: etoolbox 2020/10/05 v2.5k e-TeX tools for LaTeX (JAW)
\etb@tempcnta=\count279
)
\@linkdim=\dimen162
\Hy@linkcounter=\count280
\Hy@pagecounter=\count281
(C:\Users\kundai\AppData\Local\Programs\MiKTeX\tex/latex/hyperref\pd1enc.def
File: pd1enc.def 2023-11-26 v7.01g Hyperref: PDFDocEncoding definition (HO)
Now handling font encoding PD1 ...
... no UTF-8 mapping file for font encoding PD1
)
(C:\Users\kundai\AppData\Local\Programs\MiKTeX\tex/generic/intcalc\intcalc.sty
Package: intcalc 2019/12/15 v1.3 Expandable calculations with integers (HO)
)
\Hy@SavedSpaceFactor=\count282
(C:\Users\kundai\AppData\Local\Programs\MiKTeX\tex/latex/hyperref\puenc.def
File: puenc.def 2023-11-26 v7.01g Hyperref: PDF Unicode definition (HO)
Now handling font encoding PU ...
... no UTF-8 mapping file for font encoding PU
)
Package hyperref Info: Hyper figures OFF on input line 4181.
Package hyperref Info: Link nesting OFF on input line 4186.
Package hyperref Info: Hyper index ON on input line 4189.
Package hyperref Info: Plain pages OFF on input line 4196.
Package hyperref Info: Backreferencing OFF on input line 4201.
Package hyperref Info: Implicit mode ON; LaTeX internals redefined.
Package hyperref Info: Bookmarks ON on input line 4448.
\c@Hy@tempcnt=\count283

(C:\Users\kundai\AppData\Local\Programs\MiKTeX\tex/latex/url\url.sty
\Urlmuskip=\muskip17
Package: url 2013/09/16  ver 3.4  Verb mode for urls, etc.
)
LaTeX Info: Redefining \url on input line 4786.
\XeTeXLinkMargin=\dimen163

(C:\Users\kundai\AppData\Local\Programs\MiKTeX\tex/generic/bitset\bitset.sty
Package: bitset 2019/12/09 v1.3 Handle bit-vector datatype (HO)

(C:\Users\kundai\AppData\Local\Programs\MiKTeX\tex/generic/bigintcalc\bigintcal
c.sty
Package: bigintcalc 2019/12/15 v1.5 Expandable calculations on big integers (HO
)
))
\Fld@menulength=\count284
\Field@Width=\dimen164
\Fld@charsize=\dimen165
Package hyperref Info: Hyper figures OFF on input line 6065.
Package hyperref Info: Link nesting OFF on input line 6070.
Package hyperref Info: Hyper index ON on input line 6073.
Package hyperref Info: backreferencing OFF on input line 6080.
Package hyperref Info: Link coloring OFF on input line 6085.
Package hyperref Info: Link coloring with OCG OFF on input line 6090.
Package hyperref Info: PDF/A mode OFF on input line 6095.

(C:\Users\kundai\AppData\Local\Programs\MiKTeX\tex/latex/base\atbegshi-ltx.sty
Package: atbegshi-ltx 2021/01/10 v1.0c Emulation of the original atbegshi
package with kernel methods
)
\Hy@abspage=\count285
\c@Item=\count286
\c@Hfootnote=\count287
)
Package hyperref Info: Driver (autodetected): hpdftex.
 (C:\Users\kundai\AppData\Local\Programs\MiKTeX\tex/latex/hyperref\hpdftex.def
File: hpdftex.def 2023-11-26 v7.01g Hyperref driver for pdfTeX

(C:\Users\kundai\AppData\Local\Programs\MiKTeX\tex/latex/base\atveryend-ltx.sty
Package: atveryend-ltx 2020/08/19 v1.0a Emulation of the original atveryend pac
kage
with kernel methods
)
\Fld@listcount=\count288
\c@bookmark@seq@number=\count289

(C:\Users\kundai\AppData\Local\Programs\MiKTeX\tex/latex/rerunfilecheck\rerunfi
lecheck.sty
Package: rerunfilecheck 2025-06-21 v1.11 Rerun checks for auxiliary files (HO)

(C:\Users\kundai\AppData\Local\Programs\MiKTeX\tex/generic/uniquecounter\unique
counter.sty
Package: uniquecounter 2019/12/15 v1.4 Provide unlimited unique counter (HO)
)
Package uniquecounter Info: New unique counter `rerunfilecheck' on input line 2
84.
)
\Hy@SectionHShift=\skip60
)
(C:\Users\kundai\AppData\Local\Programs\MiKTeX\tex/latex/cleveref\cleveref.sty
Package: cleveref 2018/03/27 v0.21.4 Intelligent cross-referencing
Package cleveref Info: `hyperref' support loaded on input line 2370.
LaTeX Info: Redefining \cref on input line 2370.
LaTeX Info: Redefining \Cref on input line 2370.
LaTeX Info: Redefining \crefrange on input line 2370.
LaTeX Info: Redefining \Crefrange on input line 2370.
LaTeX Info: Redefining \cpageref on input line 2370.
LaTeX Info: Redefining \Cpageref on input line 2370.
LaTeX Info: Redefining \cpagerefrange on input line 2370.
LaTeX Info: Redefining \Cpagerefrange on input line 2370.
LaTeX Info: Redefining \labelcref on input line 2370.
LaTeX Info: Redefining \labelcpageref on input line 2370.
Package cleveref Info: `amsthm' support loaded on input line 3026.
) (C:\Users\kundai\AppData\Local\Programs\MiKTeX\tex/latex/geometry\geometry.st
y
Package: geometry 2020/01/02 v5.9 Page Geometry
(C:\Users\kundai\AppData\Local\Programs\MiKTeX\tex/generic/iftex\ifvtex.sty
Package: ifvtex 2019/10/25 v1.7 ifvtex legacy package. Use iftex instead.
)
\Gm@cnth=\count290
\Gm@cntv=\count291
\c@Gm@tempcnt=\count292
\Gm@bindingoffset=\dimen166
\Gm@wd@mp=\dimen167
\Gm@odd@mp=\dimen168
\Gm@even@mp=\dimen169
\Gm@layoutwidth=\dimen170
\Gm@layoutheight=\dimen171
\Gm@layouthoffset=\dimen172
\Gm@layoutvoffset=\dimen173
\Gm@dimlist=\toks29

(C:\Users\kundai\AppData\Local\Programs\MiKTeX\tex/latex/geometry\geometry.cfg)
) (C:\Users\kundai\AppData\Local\Programs\MiKTeX\tex/latex/tools\enumerate.sty
Package: enumerate 2023/07/04 v3.00 enumerate extensions (DPC)
\@enLab=\toks30
) (C:\Users\kundai\AppData\Local\Programs\MiKTeX\tex/latex/float\float.sty
Package: float 2001/11/08 v1.3d Float enhancements (AL)
\c@float@type=\count293
\float@exts=\toks31
\float@box=\box55
\@float@everytoks=\toks32
\@floatcapt=\box56
)
(C:\Users\kundai\AppData\Local\Programs\MiKTeX\tex/latex/booktabs\booktabs.sty
Package: booktabs 2020/01/12 v1.61803398 Publication quality tables
\heavyrulewidth=\dimen174
\lightrulewidth=\dimen175
\cmidrulewidth=\dimen176
\belowrulesep=\dimen177
\belowbottomsep=\dimen178
\aboverulesep=\dimen179
\abovetopsep=\dimen180
\cmidrulesep=\dimen181
\cmidrulekern=\dimen182
\defaultaddspace=\dimen183
\@cmidla=\count294
\@cmidlb=\count295
\@aboverulesep=\dimen184
\@belowrulesep=\dimen185
\@thisruleclass=\count296
\@lastruleclass=\count297
\@thisrulewidth=\dimen186
) (C:\Users\kundai\AppData\Local\Programs\MiKTeX\tex/latex/natbib\natbib.sty
Package: natbib 2010/09/13 8.31b (PWD, AO)
\bibhang=\skip61
\bibsep=\skip62
LaTeX Info: Redefining \cite on input line 694.
\c@NAT@ctr=\count298
)
\c@theorem=\count299

(categorical-partitioning-mechanisms.aux

LaTeX Warning: Label `thm:threshold' multiply defined.


LaTeX Warning: Label `thm:threshold@cref' multiply defined.


LaTeX Warning: Label `thm:cardinality' multiply defined.


LaTeX Warning: Label `thm:cardinality@cref' multiply defined.

)
\openout1 = `categorical-partitioning-mechanisms.aux'.

LaTeX Font Info:    Checking defaults for OML/cmm/m/it on input line 41.
LaTeX Font Info:    ... okay on input line 41.
LaTeX Font Info:    Checking defaults for OMS/cmsy/m/n on input line 41.
LaTeX Font Info:    ... okay on input line 41.
LaTeX Font Info:    Checking defaults for OT1/cmr/m/n on input line 41.
LaTeX Font Info:    ... okay on input line 41.
LaTeX Font Info:    Checking defaults for T1/cmr/m/n on input line 41.
LaTeX Font Info:    ... okay on input line 41.
LaTeX Font Info:    Checking defaults for TS1/cmr/m/n on input line 41.
LaTeX Font Info:    ... okay on input line 41.
LaTeX Font Info:    Checking defaults for OMX/cmex/m/n on input line 41.
LaTeX Font Info:    ... okay on input line 41.
LaTeX Font Info:    Checking defaults for U/cmr/m/n on input line 41.
LaTeX Font Info:    ... okay on input line 41.
LaTeX Font Info:    Checking defaults for PD1/pdf/m/n on input line 41.
LaTeX Font Info:    ... okay on input line 41.
LaTeX Font Info:    Checking defaults for PU/pdf/m/n on input line 41.
LaTeX Font Info:    ... okay on input line 41.

(C:\Users\kundai\AppData\Local\Programs\MiKTeX\tex/context/base/mkii\supp-pdf.m
kii
[Loading MPS to PDF converter (version 2006.09.02).]
\scratchcounter=\count300
\scratchdimen=\dimen187
\scratchbox=\box57
\nofMPsegments=\count301
\nofMParguments=\count302
\everyMPshowfont=\toks33
\MPscratchCnt=\count303
\MPscratchDim=\dimen188
\MPnumerator=\count304
\makeMPintoPDFobject=\count305
\everyMPtoPDFconversion=\toks34
)
(C:\Users\kundai\AppData\Local\Programs\MiKTeX\tex/latex/epstopdf-pkg\epstopdf-
base.sty
Package: epstopdf-base 2020-01-24 v2.11 Base part for package epstopdf
Package epstopdf-base Info: Redefining graphics rule for `.eps' on input line 4
85.

(C:\Users\kundai\AppData\Local\Programs\MiKTeX\tex/latex/00miktex\epstopdf-sys.
cfg
File: epstopdf-sys.cfg 2021/03/18 v2.0 Configuration of epstopdf for MiKTeX
))
Package hyperref Info: Link coloring OFF on input line 41.
 (categorical-partitioning-mechanisms.out)
(categorical-partitioning-mechanisms.out)
\@outlinefile=\write3
\openout3 = `categorical-partitioning-mechanisms.out'.


*geometry* driver: auto-detecting
*geometry* detected driver: pdftex
*geometry* verbose mode - [ preamble ] result:
* driver: pdftex
* paper: a4paper
* layout: <same size as paper>
* layoutoffset:(h,v)=(0.0pt,0.0pt)
* modes: 
* h-part:(L,W,R)=(71.13188pt, 455.24411pt, 71.13188pt)
* v-part:(T,H,B)=(71.13188pt, 702.78308pt, 71.13188pt)
* \paperwidth=597.50787pt
* \paperheight=845.04684pt
* \textwidth=455.24411pt
* \textheight=702.78308pt
* \oddsidemargin=-1.1381pt
* \evensidemargin=-1.1381pt
* \topmargin=-38.1381pt
* \headheight=12.0pt
* \headsep=25.0pt
* \topskip=12.0pt
* \footskip=30.0pt
* \marginparwidth=35.0pt
* \marginparsep=10.0pt
* \columnsep=10.0pt
* \skip\footins=10.8pt plus 4.0pt minus 2.0pt
* \hoffset=0.0pt
* \voffset=0.0pt
* \mag=1000
* \@twocolumnfalse
* \@twosidefalse
* \@mparswitchfalse
* \@reversemarginfalse
* (1in=72.27pt=25.4mm, 1cm=28.453pt)

LaTeX Font Info:    Trying to load font information for U+msa on input line 44.

(C:\Users\kundai\AppData\Local\Programs\MiKTeX\tex/latex/amsfonts\umsa.fd
File: umsa.fd 2013/01/14 v3.01 AMS symbols A
)
LaTeX Font Info:    Trying to load font information for U+msb on input line 44.


(C:\Users\kundai\AppData\Local\Programs\MiKTeX\tex/latex/amsfonts\umsb.fd
File: umsb.fd 2013/01/14 v3.01 AMS symbols B
)
Overfull \hbox (7.2465pt too wide) in paragraph at lines 52--53
\OT1/cmr/m/n/10.95 (non-partitionable re-solved al-ter-na-tives). We fur-ther e
s-tab-lish that non-actualisations
 []


Package natbib Warning: Citation `boltzmann1877' on page 1 undefined on input l
ine 58.

[1

{C:/Users/kundai/AppData/Local/MiKTeX/fonts/map/pdftex/pdftex.map}]

Package natbib Warning: Citation `shannon1948' on page 2 undefined on input lin
e 60.


Package natbib Warning: Citation `boltzmann1877' on page 2 undefined on input l
ine 60.


Package natbib Warning: Citation `landauer1961' on page 2 undefined on input li
ne 60.


Package natbib Warning: Citation `bennett1982' on page 2 undefined on input lin
e 60.


Package natbib Warning: Citation `zurek2003' on page 2 undefined on input line 
60.


Package natbib Warning: Citation `parrondo2015' on page 2 undefined on input li
ne 60.


Overfull \hbox (13.37602pt too wide) in paragraph at lines 62--63
[]\OT1/cmr/m/n/12 However, a fun-da-men-tal ques-tion re-mains: why do these di
f-fer-ent ap-proaches|oscillatory
 []

(sections/oscillatory-mechanics.tex [2]
Overfull \hbox (30.08284pt too wide) in paragraph at lines 49--50
[]\OT1/cmr/m/n/12 Let $(\OML/cmm/m/it/12 X; d\OT1/cmr/m/n/12 )$ be the bounded 
phase space with fi-nite di-am-e-ter $[](\OML/cmm/m/it/12 X\OT1/cmr/m/n/12 ) = 
[][] \OML/cmm/m/it/12 d\OT1/cmr/m/n/12 (\OML/cmm/m/it/12 x; y\OT1/cmr/m/n/12 ) 
=
 []

[3]

Package natbib Warning: Citation `poincare1890' on page 4 undefined on input li
ne 51.


Package natbib Warning: Citation `kolmogorov1954' on page 4 undefined on input 
line 55.


Package natbib Warning: Citation `arnold1963' on page 4 undefined on input line
 55.


Package natbib Warning: Citation `moser1962' on page 4 undefined on input line 
55.


Overfull \hbox (8.55109pt too wide) in paragraph at lines 55--56
[]\OT1/cmr/m/n/12 For sys-tems with non-lin-ear cou-pling (Ax-iom []2.3[]), the
 Kolmogorov-Arnold-Moser (KAM)
 []


Overfull \hbox (1.56503pt too wide) in paragraph at lines 68--69
\OT1/cmr/m/n/12 ex-hibit sen-si-tive de-pen-dence on ini-tial con-di-tions but 
re-main con-fined to the bounded
 []

[4] [5] [6]
<figures/oscillatory_reality_panel.png, id=688, 951.3141pt x 674.2791pt>
File: figures/oscillatory_reality_panel.png Graphic file (type png)
<use figures/oscillatory_reality_panel.png>
Package pdftex.def Info: figures/oscillatory_reality_panel.png  used on input l
ine 171.
(pdftex.def)             Requested size: 432.48051pt x 306.54025pt.


LaTeX Warning: Float too large for page by 138.09048pt on input line 180.

[7] [8
pdfTeX warning (ext4): destination with the same identifier (name{figure.1}) ha
s been already used, duplicate ignored
<argument> ...shipout:D \box_use:N \l_shipout_box 
                                                  \__shipout_drop_firstpage_...
l.197 
       <./figures/oscillatory_reality_panel.png>]

Package natbib Warning: Citation `boltzmann1877' on page 9 undefined on input l
ine 205.

[9] [10] [11] [12]
Overfull \hbox (24.34674pt too wide) in paragraph at lines 370--371
[]\OT1/cmr/m/n/12 The sub-se-quent sec-tions will demon-strate that en-tirely d
if-fer-ent start-ing points|categorical
 []

) (sections/categorical-mechanics.tex [13] [14] [15]
Overfull \hbox (5.88562pt too wide) in paragraph at lines 103--104
\OT1/cmr/bx/n/12 Definition 3.7 \OT1/cmr/m/n/12 (Tri-Di-men-sional Cat-e-gor-i-
cal Space)\OT1/cmr/bx/n/12 . \OT1/cmr/m/n/12 A cat-e-gor-i-cal space is \OT1/cm
r/m/it/12 tri-dimensional
 []

[16]
Overfull \hbox (22.12732pt too wide) in paragraph at lines 132--133
[]\OT1/cmr/m/n/12 The re-cur-sive de-com-po-si-tion ax-iom as-serts that cat-e-
gor-i-cal struc-ture is scale-invariant|the
 []

[17]
<figures/topology_categories_panel.png, id=825, 916.8654pt x 674.2791pt>
File: figures/topology_categories_panel.png Graphic file (type png)
<use figures/topology_categories_panel.png>
Package pdftex.def Info: figures/topology_categories_panel.png  used on input l
ine 181.
(pdftex.def)             Requested size: 432.48051pt x 318.05325pt.


LaTeX Warning: Float too large for page by 34.27017pt on input line 190.

[18] [19
pdfTeX warning (ext4): destination with the same identifier (name{figure.2}) ha
s been already used, duplicate ignored
<argument> ...shipout:D \box_use:N \l_shipout_box 
                                                  \__shipout_drop_firstpage_...
l.216 \begin{theorem}[Categorical Entropy]
                                           <./figures/topology_categories_panel
.png>] [20]
Overfull \hbox (4.1598pt too wide) in paragraph at lines 278--279
\OT1/cmr/bx/n/12 Theorem 3.16 \OT1/cmr/m/n/12 (En-tropy In-creases with Com-ple
-tion)\OT1/cmr/bx/n/12 . \OT1/cmr/m/it/12 Cat-e-gor-i-cal en-tropy in-creases m
ono-
 []

[21] [22] [23]) (sections/partitioning-mechanisms.tex [24]
Overfull \hbox (16.51349pt too wide) in paragraph at lines 45--46
[]\OT1/cmr/m/n/12 The re-cur-sive par-ti-tion-abil-ity ax-iom as-serts that par
-ti-tion struc-ture is scale-invariant|the
 []

[25] [26] [27] [28]
Overfull \hbox (15.4571pt too wide) in paragraph at lines 222--223
\OT1/cmr/bx/n/12 Theorem 4.12 \OT1/cmr/m/n/12 (Par-ti-tion Depth as Di-men-sion
-al-ity)\OT1/cmr/bx/n/12 . \OT1/cmr/m/it/12 For sys-tems em-bed-ded in $\OML/cm
m/m/it/12 d$\OT1/cmr/m/it/12 -dimensional
 []

[29] [30]
<figures/geometric_partitioning_panel.png, id=972, 1149.093pt x 714.5094pt>
File: figures/geometric_partitioning_panel.png Graphic file (type png)
<use figures/geometric_partitioning_panel.png>
Package pdftex.def Info: figures/geometric_partitioning_panel.png  used on inpu
t line 301.
(pdftex.def)             Requested size: 432.48051pt x 268.92159pt.


LaTeX Warning: Float too large for page by 42.47182pt on input line 310.

[31] [32
pdfTeX warning (ext4): destination with the same identifier (name{figure.3}) ha
s been already used, duplicate ignored
<argument> ...shipout:D \box_use:N \l_shipout_box 
                                                  \__shipout_drop_firstpage_...
l.328 
       <./figures/geometric_partitioning_panel.png>]

Package hyperref Warning: Token not allowed in a PDF string (Unicode):
(hyperref)                removing `math shift' on input line 354.


Package hyperref Warning: Token not allowed in a PDF string (Unicode):
(hyperref)                removing `math shift' on input line 354.

[33] [34]
Overfull \hbox (11.08495pt too wide) in paragraph at lines 417--418
[]\OT1/cmr/m/n/12 The en-tropy $\OML/cmm/m/it/12 S[] \OT1/cmr/m/n/12 = \OML/cmm
/m/it/12 k[]M [] n$ \OT1/cmr/m/n/12 arises purely from the com-bi-na-torics of 
par-ti-tion trees|the
 []

[35]) (sections/entropy-unification.tex [36]
Overfull \hbox (29.32599pt too wide) in paragraph at lines 38--39
\OT1/cmr/m/n/12 iom []4.2[]). Each par-ti-tion di-vides a par-ent sys-tem into 
$\OML/cmm/m/it/12 n$ \OT1/cmr/m/n/12 child sub-sys-tems $\OMS/cmsy/m/n/12 f\OML
/cmm/m/it/12 X[]; X[]; [] ; X[]\OMS/cmsy/m/n/12 g$\OT1/cmr/m/n/12 ,
 []

[37] [38] [39] [40] [41]
<figures/entropy_equivalence_panel.png, id=1117, 1285.4424pt x 853.7496pt>
File: figures/entropy_equivalence_panel.png Graphic file (type png)
<use figures/entropy_equivalence_panel.png>
Package pdftex.def Info: figures/entropy_equivalence_panel.png  used on input l
ine 240.
(pdftex.def)             Requested size: 432.48051pt x 287.2357pt.
 [42] [43
pdfTeX warning (ext4): destination with the same identifier (name{figure.4}) ha
s been already used, duplicate ignored
<argument> ...shipout:D \box_use:N \l_shipout_box 
                                                  \__shipout_drop_firstpage_...
l.266 \end{itemize}
                    <./figures/entropy_equivalence_panel.png>]
Overfull \hbox (8.46135pt too wide) in paragraph at lines 275--289
 [][] 
 []


Package hyperref Warning: Token not allowed in a PDF string (Unicode):
(hyperref)                removing `math shift' on input line 297.


Package hyperref Warning: Token not allowed in a PDF string (Unicode):
(hyperref)                removing `math shift' on input line 297.

[44
pdfTeX warning (ext4): destination with the same identifier (name{table.1}) has
 been already used, duplicate ignored
<argument> ...shipout:D \box_use:N \l_shipout_box 
                                                  \__shipout_drop_firstpage_...
l.305     \item \textbf
                       {Ridge structure:} The landscape has a ridge along th...
] [45]

! LaTeX Error: Unicode character ↔ (U+2194)
               not set up for use with LaTeX.

See the LaTeX manual or LaTeX Companion for explanation.
Type  H <return>  for immediate help.
 ...                                              
                                                  
l.357 ... Space: Oscillation ↔ Category Mapping}
                                                  
You may provide a definition with
\DeclareUnicodeCharacter 

[46] [47]

Package hyperref Warning: Token not allowed in a PDF string (Unicode):
(hyperref)                removing `math shift' on input line 399.


Package hyperref Warning: Token not allowed in a PDF string (Unicode):
(hyperref)                removing `\ln' on input line 399.


Package hyperref Warning: Token not allowed in a PDF string (Unicode):
(hyperref)                removing `math shift' on input line 399.

[48]) (sections/partition-lag.tex [49] [50] [51]
Overfull \hbox (28.32864pt too wide) in paragraph at lines 120--121
[]\OT1/cmr/m/n/12 The com-bi-na-tion of these three prop-er-ties|not ab-sent, n
ot present, not de-ter-mined|defines
 []

[52] [53]
Overfull \hbox (2.8163pt too wide) in paragraph at lines 213--214
\OT1/cmr/bx/n/12 Theorem 6.11 \OT1/cmr/m/n/12 (Ir-re-versibil-ity of Par-ti-tio
n)\OT1/cmr/bx/n/12 . \OT1/cmr/m/it/12 Com-po-si-tion can-not re-verse par-ti-ti
on. Specif-
 []

[54] [55] [56] [57]
Overfull \hbox (6.25342pt too wide) in paragraph at lines 399--400
\OT1/cmr/m/n/12 or-der, chem-i-cal en-ergy, in-for-ma-tion con-tent), par-ti-ti
on di-vides $\OML/cmm/m/it/12 W$ \OT1/cmr/m/n/12 into parts $\OMS/cmsy/m/n/12 f
\OML/cmm/m/it/12 p[]; p[]; [] ; p[]\OMS/cmsy/m/n/12 g$\OT1/cmr/m/n/12 .
 []

[58]
<figures/partition_lag_panel.png, id=1282, 1285.9242pt x 851.3406pt>
File: figures/partition_lag_panel.png Graphic file (type png)
<use figures/partition_lag_panel.png>
Package pdftex.def Info: figures/partition_lag_panel.png  used on input line 43
6.
(pdftex.def)             Requested size: 432.48051pt x 286.32129pt.


! LaTeX Error: Unicode character μ (U+03BC)
               not set up for use with LaTeX.

See the LaTeX manual or LaTeX Companion for explanation.
Type  H <return>  for immediate help.
 ...                                              
                                                  
l.443 ...onfirms reproducible entropy production.}
                                                  
You may provide a definition with
\DeclareUnicodeCharacter 


! LaTeX Error: Unicode character μ (U+03BC)
               not set up for use with LaTeX.

See the LaTeX manual or LaTeX Companion for explanation.
Type  H <return>  for immediate help.
 ...                                              
                                                  
l.443 ...onfirms reproducible entropy production.}
                                                  
You may provide a definition with
\DeclareUnicodeCharacter 


! LaTeX Error: Unicode character μ (U+03BC)
               not set up for use with LaTeX.

See the LaTeX manual or LaTeX Companion for explanation.
Type  H <return>  for immediate help.
 ...                                              
                                                  
l.443 ...onfirms reproducible entropy production.}
                                                  
You may provide a definition with
\DeclareUnicodeCharacter 


! LaTeX Error: Unicode character μ (U+03BC)
               not set up for use with LaTeX.

See the LaTeX manual or LaTeX Companion for explanation.
Type  H <return>  for immediate help.
 ...                                              
                                                  
l.443 ...onfirms reproducible entropy production.}
                                                  
You may provide a definition with
\DeclareUnicodeCharacter 


! LaTeX Error: Unicode character μ (U+03BC)
               not set up for use with LaTeX.

See the LaTeX manual or LaTeX Companion for explanation.
Type  H <return>  for immediate help.
 ...                                              
                                                  
l.460 ...he mean lag $\bar{\tau}_p \approx 3.7$ μ
                                                  s is much larger than fund...

You may provide a definition with
\DeclareUnicodeCharacter 


Package hyperref Warning: Token not allowed in a PDF string (Unicode):
(hyperref)                removing `math shift' on input line 464.


Package hyperref Warning: Token not allowed in a PDF string (Unicode):
(hyperref)                removing `subscript' on input line 464.


Package hyperref Warning: Token not allowed in a PDF string (Unicode):
(hyperref)                removing `\ln' on input line 464.


Package hyperref Warning: Token not allowed in a PDF string (Unicode):
(hyperref)                removing `math shift' on input line 464.


Package hyperref Warning: Token not allowed in a PDF string (Unicode):
(hyperref)                removing `math shift' on input line 475.


Package hyperref Warning: Token not allowed in a PDF string (Unicode):
(hyperref)                removing `math shift' on input line 475.

[59] [60
pdfTeX warning (ext4): destination with the same identifier (name{figure.5}) ha
s been already used, duplicate ignored
<argument> ...shipout:D \box_use:N \l_shipout_box 
                                                  \__shipout_drop_firstpage_...
l.478 
       <./figures/partition_lag_panel.png>]

Package hyperref Warning: Token not allowed in a PDF string (Unicode):
(hyperref)                removing `math shift' on input line 502.


Package hyperref Warning: Token not allowed in a PDF string (Unicode):
(hyperref)                removing `math shift' on input line 502.

[61]

! LaTeX Error: Unicode character μ (U+03BC)
               not set up for use with LaTeX.

See the LaTeX manual or LaTeX Companion for explanation.
Type  H <return>  for immediate help.
 ...                                              
                                                  
l.534 ...ntally with $\bar{\tau}_p \approx 3.7$ μ
                                                  s
You may provide a definition with
\DeclareUnicodeCharacter 


Overfull \hbox (6.78755pt too wide) in paragraph at lines 538--539
[]\OT1/cmr/bx/n/12 Undetermined residue: \OT1/cmr/m/n/12 The lag gen-er-ates un
-de-ter-mined residue $\OMS/cmsy/m/n/12 U$\OT1/cmr/m/n/12 |configurations
 []


Overfull \hbox (18.73938pt too wide) in paragraph at lines 542--543
[]\OT1/cmr/bx/n/12 Irreversibility: \OT1/cmr/m/n/12 Com-po-si-tion can-not re-c
over residue (The-o-rem []6.11[]), mak-ing partition-
 []

) [62] (sections/heap-paradox.tex
Overfull \hbox (5.55954pt too wide) in paragraph at lines 15--16
[]\OT1/cmr/bx/n/12 Part ab-sence: $\OML/cmm/m/it/12 P\OT1/cmr/m/n/12 (\OML/cmm/
m/it/12 w[]\OT1/cmr/m/n/12 ) = 0$ for all parts $\OML/cmm/m/it/12 w[]$ \OT1/cmr
/m/n/12 when $\OML/cmm/m/it/12 W$ \OT1/cmr/m/n/12 is par-ti-tioned into $\OMS/c
msy/m/n/12 f\OML/cmm/m/it/12 w[]; w[]; [] ; w[]\OMS/cmsy/m/n/12 g$
 []

[63]
Overfull \hbox (10.26318pt too wide) in paragraph at lines 32--33
\OT1/cmr/m/n/12 mu-ra-tion) that in-di-vid-ual birds do not ex-hibit. A sin-gle
 bird does not ``flock''|flocking
 []

[64] [65] [66] [67] [68] [69]
Overfull \hbox (51.19905pt too wide) in paragraph at lines 348--349
[]\OT1/cmr/m/n/12 Removing grains (par-ti-tion op-er-a-tion) gen-er-ates bound-
ary en-tropy $^^A\OML/cmm/m/it/12 S \OT1/cmr/m/n/12 = \OML/cmm/m/it/12 k[] [][]
[]$
 []


Overfull \hbox (49.54547pt too wide) in paragraph at lines 350--351
[]\OT1/cmr/m/n/12 As $\OML/cmm/m/it/12 N$ \OT1/cmr/m/n/12 de-creases, the bound
-ary en-tropy ac-cu-mu-lates: $\OML/cmm/m/it/12 S[] \OT1/cmr/m/n/12 = \OML/cmm/
m/it/12 k[]\OT1/cmr/m/n/12 (\OML/cmm/m/it/12 N[] \OMS/cmsy/m/n/12 ^^@ \OML/cmm/
m/it/12 N\OT1/cmr/m/n/12 ) [][][]$. 
 []

[70] [71]
Overfull \hbox (3.5844pt too wide) in paragraph at lines 407--408
[]\OT1/cmr/bx/it/12 Downward (par-ti-tion): \OT1/cmr/m/it/12 Ag-gre-gate prop-e
r-ties are eas-ily de-stroyed|partition trans-
 []

[72]
<figures/heap_paradox_panel.png, id=1460, 1292.6694pt x 855.6768pt>
File: figures/heap_paradox_panel.png Graphic file (type png)
<use figures/heap_paradox_panel.png>
Package pdftex.def Info: figures/heap_paradox_panel.png  used on input line 455
.
(pdftex.def)             Requested size: 432.48051pt x 286.27812pt.


Package hyperref Warning: Token not allowed in a PDF string (Unicode):
(hyperref)                removing `math shift' on input line 484.


Package hyperref Warning: Token not allowed in a PDF string (Unicode):
(hyperref)                removing `math shift' on input line 484.

[73] [74
pdfTeX warning (ext4): destination with the same identifier (name{figure.6}) ha
s been already used, duplicate ignored
<argument> ...shipout:D \box_use:N \l_shipout_box 
                                                  \__shipout_drop_firstpage_...
l.489     \item C
                 oherent oscillation with well-defined frequency <./figures/hea
p_paradox_panel.png>]

Package hyperref Warning: Token not allowed in a PDF string (Unicode):
(hyperref)                removing `math shift' on input line 495.


Package hyperref Warning: Token not allowed in a PDF string (Unicode):
(hyperref)                removing `math shift' on input line 495.

[75]
Overfull \hbox (21.45963pt too wide) in paragraph at lines 537--538
[]\OT1/cmr/m/n/12 Red cir-cles la-beled "$\OMS/cmsy/m/n/12 U$\OT1/cmr/m/n/12 " 
at the four cor-ners rep-re-sent un-de-ter-mined residue sinks|regions
 []

[76]
Overfull \hbox (6.19542pt too wide) in paragraph at lines 567--567
[]\OT1/cmr/bx/n/14.4 Summary: Ag-gre-gate Prop-er-ties and Ther-mo-dy-namic Eme
r-
 []


Overfull \hbox (11.42834pt too wide) in paragraph at lines 578--579
[]\OT1/cmr/bx/n/12 Irreversibility: \OT1/cmr/m/n/12 Com-po-si-tion can-not re-c
over prop-er-ties lost to residue (The-o-rem []7.12[]) 
 []

) (sections/zenos-paradox.tex [77] [78] [79] [80] [81] [82]
Overfull \hbox (1.14658pt too wide) in paragraph at lines 245--246
[]\OT1/cmr/m/n/12 To re-cover mo-tion, we would need to also re-cover the un-de
-ter-mined residue $\OMS/cmsy/m/n/12 U[]$\OT1/cmr/m/n/12 |the
 []

<figures/zeno_paradox_panel.png, id=1562, 1293.1512pt x 855.6768pt>
File: figures/zeno_paradox_panel.png Graphic file (type png)
<use figures/zeno_paradox_panel.png>
Package pdftex.def Info: figures/zeno_paradox_panel.png  used on input line 252
.
(pdftex.def)             Requested size: 432.48051pt x 286.17368pt.

Overfull \hbox (15.40338pt too wide) in paragraph at lines 289--290
[]\OT1/cmr/m/n/12 The space of con-tin-u-ous tra-jec-to-ries sat-is-fy-ing thes
e con-straints has car-di-nal-ity $\OML/cmm/m/it/12 W[]$\OT1/cmr/m/n/12 .
 []

[83] [84
pdfTeX warning (ext4): destination with the same identifier (name{figure.7}) ha
s been already used, duplicate ignored
<argument> ...shipout:D \box_use:N \l_shipout_box 
                                                  \__shipout_drop_firstpage_...
l.299 \end{equation}
                     <./figures/zeno_paradox_panel.png>] [85] [86] [87]
Overfull \hbox (21.96663pt too wide) in paragraph at lines 432--433
[]\OT1/cmr/bx/n/12 Continuous mo-tion (green-yellow curve): \OT1/cmr/m/n/12 The
 smooth tra-jec-tory $\OT1/cmr/bx/n/12 x\OT1/cmr/m/n/12 (\OML/cmm/m/it/12 t\OT1
/cmr/m/n/12 ) = (\OML/cmm/m/it/12 x\OT1/cmr/m/n/12 (\OML/cmm/m/it/12 t\OT1/cmr/
m/n/12 )\OML/cmm/m/it/12 ; y\OT1/cmr/m/n/12 (\OML/cmm/m/it/12 t\OT1/cmr/m/n/12 
))$
 []

[88]) (sections/ship-of-theseus.tex [89] [90] [91] [92] [93]
Overfull \hbox (22.5801pt too wide) in paragraph at lines 201--202
[]\OT1/cmr/m/n/12 If all re-place-ments are sta-tis-ti-cally sim-i-lar (same ty
pe of com-po-nent, same re-moval/addition
 []

[94] [95] [96] [97] [98] [99] [100] [101]
<figures/ship_theseus_panel.png, id=1797, 1292.6694pt x 851.3406pt>
File: figures/ship_theseus_panel.png Graphic file (type png)
<use figures/ship_theseus_panel.png>
Package pdftex.def Info: figures/ship_theseus_panel.png  used on input line 624
.
(pdftex.def)             Requested size: 432.48051pt x 284.8274pt.
 [102] [103
pdfTeX warning (ext4): destination with the same identifier (name{figure.8}) ha
s been already used, duplicate ignored
<argument> ...shipout:D \box_use:N \l_shipout_box 
                                                  \__shipout_drop_firstpage_...
l.642 \end{itemize}
                    <./figures/ship_theseus_panel.png>])
(sections/null-geodesics.tex [104] [105] [106] [107]
<figures/null_geodesics_panel.png, id=1871, 1283.0334pt x 852.3042pt>
File: figures/null_geodesics_panel.png Graphic file (type png)
<use figures/null_geodesics_panel.png>
Package pdftex.def Info: figures/null_geodesics_panel.png  used on input line 2
17.
(pdftex.def)             Requested size: 432.48051pt x 287.29562pt.

Underfull \hbox (badness 7814) in paragraph at lines 224--224
[]\OT1/cmr/m/n/12 Figure 9: []\OT1/cmr/bx/n/12 Partition-Free Traver-sal: Why L
ight Ex-pe-ri-ences Zero
 []

[108] [109
pdfTeX warning (ext4): destination with the same identifier (name{figure.9}) ha
s been already used, duplicate ignored
<argument> ...shipout:D \box_use:N \l_shipout_box 
                                                  \__shipout_drop_firstpage_...
l.237 \end{equation}
                     <./figures/null_geodesics_panel.png>] [110]
Overfull \hbox (8.39131pt too wide) in paragraph at lines 354--355
[]\OT1/cmr/m/n/12 The max-i-mum speed is achieved by min-i-miz-ing par-ti-tions
, which means $\OML/cmm/m/it/12 n \OT1/cmr/m/n/12 = 1$ (partition-
 []

[111]
Overfull \hbox (7.87358pt too wide) in paragraph at lines 373--374
\OT1/cmr/bx/n/12 Theorem 10.15 \OT1/cmr/m/n/12 (Mas-sive Ob-jects Can-not Achie
ve Max-i-mum Speed)\OT1/cmr/bx/n/12 . \OT1/cmr/m/it/12 Ob-jects with nonzero
 []

[112] [113]
Overfull \hbox (0.13359pt too wide) in paragraph at lines 502--503
[]\OT1/cmr/bx/n/12 Interaction: \OT1/cmr/m/n/12 Mat-ter par-ti-tions its state 
space: $\OML/cmm/m/it/12 ^^Y\OT1/cmr/m/n/12 (\OML/cmm/m/it/12 B\OT1/cmr/m/n/12 
) = \OMS/cmsy/m/n/12 f\OML/cmm/m/it/12 B[]; B[]\OMS/cmsy/m/n/12 g$ \OT1/cmr/m/n
/12 (e.g., ground
 []

[114] [115] [116]) (sections/recursive-compounding.tex [117]
Overfull \hbox (5.37433pt too wide) in paragraph at lines 75--76
\OT1/cmr/m/it/12 Remark \OT1/cmr/m/n/12 11.4 (On-to-log-i-cal Sta-tus)\OT1/cmr/
m/it/12 . \OT1/cmr/m/n/12 The non-actualisations are not "pos-si-ble worlds" (m
odal
 []

[118] [119] [120]
<figures/recursive_compounding_panel.png, id=2033, 1293.633pt x 853.2678pt>
File: figures/recursive_compounding_panel.png Graphic file (type png)
<use figures/recursive_compounding_panel.png>
Package pdftex.def Info: figures/recursive_compounding_panel.png  used on input
 line 198.
(pdftex.def)             Requested size: 432.48051pt x 285.25082pt.
 [121] [122
pdfTeX warning (ext4): destination with the same identifier (name{figure.10}) h
as been already used, duplicate ignored
<argument> ...shipout:D \box_use:N \l_shipout_box 
                                                  \__shipout_drop_firstpage_...
l.260 ...Non-Actualisations Cannot Be Partitioned]
                                                   <./figures/recursive_compoun
ding_panel.png>]
Overfull \hbox (12.12436pt too wide) in paragraph at lines 262--263
\OT1/cmr/bx/n/12 Theorem 11.11 \OT1/cmr/m/n/12 (Non-Ac-tu-al-i-sa-tions Can-not
 Be Par-ti-tioned)\OT1/cmr/bx/n/12 . \OT1/cmr/m/it/12 The set of non-actualisat
ions
 []


LaTeX Warning: Reference `def:partition' on page 123 undefined on input line 27
0.


Overfull \hbox (1.22473pt too wide) in paragraph at lines 275--276
[]\OT1/cmr/m/n/12 Consider at-tempt-ing to par-ti-tion the non-actualisations $
\OMS/cmsy/m/n/12 :A \OT1/cmr/m/n/12 = \OMS/cmsy/m/n/12 f\OML/cmm/m/it/12 ! \OT1
/cmr/m/n/12 : \OML/cmm/m/it/12 ![]\OMS/cmsy/m/n/12 g$\OT1/cmr/m/n/12 .
 []


Overfull \hbox (36.8093pt too wide) in paragraph at lines 293--294
\OT1/cmr/m/n/12 "cup not at po-si-tion $\OT1/cmr/bx/n/12 x[]$\OT1/cmr/m/n/12 " 
does not have prop-er-ties like "color," "tem-per-a-ture," or "mass"|because
 []

[123]

LaTeX Warning: Reference `def:partition' on page 124 undefined on input line 31
1.

[124]
Overfull \hbox (35.83589pt too wide) in paragraph at lines 362--363
\OT1/cmr/bx/n/12 Theorem 11.15 \OT1/cmr/m/n/12 (Non-Ac-tu-al-i-sa-tions Are Non
-Ob-serv-able)\OT1/cmr/bx/n/12 . \OT1/cmr/m/it/12 The ac-cu-mu-lated non-actual
isations
 []

[125]
Overfull \hbox (12.49687pt too wide) in paragraph at lines 410--411
[]\OT1/cmr/m/n/12 But this con-tri-bu-tion does not man-i-fest elec-tro-mag-net
-i-cally, weakly, or strongly|because
 []


Overfull \hbox (31.20084pt too wide) in paragraph at lines 410--411
\OT1/cmr/m/n/12 those in-ter-ac-tions re-quire par-ti-tion-able struc-ture (cha
rge, fla-vor, color), which non-actualisations
 []

[126] [127]
Overfull \hbox (4.96788pt too wide) in paragraph at lines 524--525
\OT1/cmr/bx/n/12 Corollary 11.21 \OT1/cmr/m/n/12 (Non-Ac-tu-al-i-sa-tions Are D
ark to Light)\OT1/cmr/bx/n/12 . \OT1/cmr/m/it/12 Ac-cu-mu-lated non-actualisati
ons
 []


Overfull \hbox (32.46057pt too wide) in paragraph at lines 550--551
\OT1/cmr/bx/n/12 Theorem 11.22 \OT1/cmr/m/n/12 (Three Prop-er-ties of Non--Par-
ti-tion-able Mass)\OT1/cmr/bx/n/12 . \OT1/cmr/m/it/12 Ac-cu-mu-lated non-actual
isations
 []


Overfull \hbox (16.78981pt too wide) in paragraph at lines 554--555
[]\OT1/cmr/bx/it/12 Non-detectability: \OT1/cmr/m/it/12 Can-not be di-rectly me
a-sured (not ob-serv-able through any partition-
 []

[128]
Overfull \hbox (31.84077pt too wide) in paragraph at lines 582--583
[]\OT1/cmr/m/n/12 Green box: "1. HAS GRAVITY|Mass-energy curves space-time (bot
h non-partitionable)" 
 []

[129]
Overfull \hbox (23.14607pt too wide) in paragraph at lines 599--600
[]\OT1/cmr/bx/n/12 Lose their par-ti-tion-able struc-ture: \OT1/cmr/m/n/12 By r
es-o-lu-tion (The-o-rem []11.6[]), non-actualisations
 []

[130]) (sections/geometry-of-non-actualisation.tex
Overfull \hbox (26.76363pt too wide) in paragraph at lines 1--1
[]\OT1/cmr/bx/n/17.28 The Ge-o-met-ric Struc-ture of Non-Actualisation Space 
 []

[131] [132] [133] [134] [135] [136] [137]

LaTeX Warning: Reference `def:partition' on page 138 undefined on input line 35
5.


Overfull \hbox (1.28299pt too wide) in paragraph at lines 359--360
[]\OT1/cmr/bx/n/12 Unpaired non-actualisations lack struc-ture: \OT1/cmr/m/n/12
 Con-sider un-paired non-actualisation
 []

<figures/geometry_non_actualisation_panel.png, id=2222, 1280.6244pt x 852.3042p
t>
File: figures/geometry_non_actualisation_panel.png Graphic file (type png)
<use figures/geometry_non_actualisation_panel.png>
Package pdftex.def Info: figures/geometry_non_actualisation_panel.png  used on 
input line 372.
(pdftex.def)             Requested size: 432.48051pt x 287.82883pt.
[138] [139
pdfTeX warning (ext4): destination with the same identifier (name{figure.11}) h
as been already used, duplicate ignored
<argument> ...shipout:D \box_use:N \l_shipout_box 
                                                  \__shipout_drop_firstpage_...
l.390 \begin{equation}
                       <./figures/geometry_non_actualisation_panel.png>]
[140] [141]
Overfull \hbox (21.45036pt too wide) in paragraph at lines 501--502
[]\OT1/cmr/bx/n/12 Dark mat-ter: \OT1/cmr/m/n/12 The un-paired non-actualisatio
ns be-yond pair-ing radius|non-observable,
 []


Overfull \hbox (24.32564pt too wide) in paragraph at lines 507--508
\OT1/cmr/m/it/12 Remark \OT1/cmr/m/n/12 12.21 (Ex-per-i-men-tal Ver-i-fi-ca-tio
n)\OT1/cmr/m/it/12 . \OT1/cmr/m/n/12 Fig-ure []11[](E) shows the un-paired non-
actualisations
 []

[142]) (sections/priority-of-existence.tex [143] [144] [145]
Overfull \hbox (9.52884pt too wide) in paragraph at lines 138--139
\OT1/cmr/m/n/12 The log-i-cal pri-or-ity of ac-tu-al-i-sa-tion over non-actuali
sation is asym-met-ric: non-actualizations
 []

[146]
<figures/priority_existence_panel.png, id=2326, 1293.633pt x 853.2678pt>
File: figures/priority_existence_panel.png Graphic file (type png)
<use figures/priority_existence_panel.png>
Package pdftex.def Info: figures/priority_existence_panel.png  used on input li
ne 181.
(pdftex.def)             Requested size: 432.48051pt x 285.25082pt.
 [147] [148
pdfTeX warning (ext4): destination with the same identifier (name{figure.12}) h
as been already used, duplicate ignored
<argument> ...shipout:D \box_use:N \l_shipout_box 
                                                  \__shipout_drop_firstpage_...
l.234 
       <./figures/priority_existence_panel.png>] [149] [150]
Overfull \hbox (1.92682pt too wide) in paragraph at lines 380--382
\OT1/cmr/m/it/12 where $[]$ de-notes mu-tual non-actualisation (each is in the 
other's non-actualisation space). 
 []

[151]
Overfull \hbox (1.4396pt too wide) in paragraph at lines 414--415
\OT1/cmr/m/it/12 (be-yond pair-ing ra-dius $\OML/cmm/m/it/12 r > r[]$\OT1/cmr/m
/it/12 ) with-out lo-cal an-chors, form-ing the non-partitionable,
 []

[152] [153]
Overfull \hbox (8.79718pt too wide) in paragraph at lines 462--463
[]\OT1/cmr/bx/n/12 Pure noth-ing is im-pos-si-ble: \OT1/cmr/m/n/12 "Noth-ing ex
-ists" is self-contradictory (The-o-rem []13.10[]) 
 []

)

Package natbib Warning: Citation `bertone2018' on page 154 undefined on input l
ine 113.


Package natbib Warning: Citation `milgrom1983' on page 154 undefined on input l
ine 113.

[154]

Package natbib Warning: Citation `landauer1961' on page 155 undefined on input 
line 119.


Package natbib Warning: Citation `bennett1982' on page 155 undefined on input l
ine 121.


Package natbib Warning: Citation `wheeler1990' on page 155 undefined on input l
ine 125.


Package natbib Warning: Citation `rovelli1996' on page 155 undefined on input l
ine 125.


Package natbib Warning: Citation `zurek2003' on page 155 undefined on input lin
e 127.

[155]
Overfull \hbox (2.69003pt too wide) in paragraph at lines 147--148
[]\OT1/cmr/m/n/12 Galaxies with higher mor-pho-log-i-cal com-plex-ity (more cat
-e-gor-i-cal dis-tinc-tions) should
 []

[156] [157]
Overfull \hbox (2.11781pt too wide) in paragraph at lines 230--231
\OT1/cmr/m/n/12 First, partition-free traver-sal|motion with-out cre-at-ing cat
-e-gor-i-cal dis-tinc-tions|generates
 []

[158] (categorical-partitioning-mechanisms.bbl

Package natbib Warning: Empty `thebibliography' environment on input line 8.

)

Package natbib Warning: There were undefined citations.

[159] (categorical-partitioning-mechanisms.aux)
 ***********
LaTeX2e <2023-11-01> patch level 1
L3 programming layer <2024-01-04>
 ***********


LaTeX Warning: There were undefined references.


LaTeX Warning: There were multiply-defined labels.

Package rerunfilecheck Info: File `categorical-partitioning-mechanisms.out' has
 not changed.
(rerunfilecheck)             Checksum: 3EF17FBA996EF62C070D4D6237033C15;38580.
 ) 
Here is how much of TeX's memory you used:
 15531 strings out of 474486
 255690 string characters out of 5743283
 1943542 words of memory out of 5000000
 36494 multiletter control sequences out of 15000+600000
 572834 words of font info for 90 fonts, out of 8000000 for 9000
 1141 hyphenation exceptions out of 8191
 79i,18n,93p,3601b,666s stack positions out of 10000i,1000n,20000p,200000b,200000s
 <C:\Users\kundai\AppData\Local\MiKTeX\fonts/pk/ljfour/jknappen/ec/dpi600\tcb
x1200.pk> <C:\Users\kundai\AppData\Local\MiKTeX\fonts/pk/ljfour/jknappen/ec/dpi
600\tcrm1200.pk><C:/Users/kundai/AppData/Local/Programs/MiKTeX/fonts/type1/publ
ic/amsfonts/cm/cmbx10.pfb><C:/Users/kundai/AppData/Local/Programs/MiKTeX/fonts/
type1/public/amsfonts/cm/cmbx12.pfb><C:/Users/kundai/AppData/Local/Programs/MiK
TeX/fonts/type1/public/amsfonts/cm/cmbxti10.pfb><C:/Users/kundai/AppData/Local/
Programs/MiKTeX/fonts/type1/public/amsfonts/cm/cmex10.pfb><C:/Users/kundai/AppD
ata/Local/Programs/MiKTeX/fonts/type1/public/amsfonts/cm/cmmi10.pfb><C:/Users/k
undai/AppData/Local/Programs/MiKTeX/fonts/type1/public/amsfonts/cm/cmmi12.pfb><
C:/Users/kundai/AppData/Local/Programs/MiKTeX/fonts/type1/public/amsfonts/cm/cm
mi6.pfb><C:/Users/kundai/AppData/Local/Programs/MiKTeX/fonts/type1/public/amsfo
nts/cm/cmmi8.pfb><C:/Users/kundai/AppData/Local/Programs/MiKTeX/fonts/type1/pub
lic/amsfonts/cm/cmr10.pfb><C:/Users/kundai/AppData/Local/Programs/MiKTeX/fonts/
type1/public/amsfonts/cm/cmr12.pfb><C:/Users/kundai/AppData/Local/Programs/MiKT
eX/fonts/type1/public/amsfonts/cm/cmr17.pfb><C:/Users/kundai/AppData/Local/Prog
rams/MiKTeX/fonts/type1/public/amsfonts/cm/cmr6.pfb><C:/Users/kundai/AppData/Lo
cal/Programs/MiKTeX/fonts/type1/public/amsfonts/cm/cmr8.pfb><C:/Users/kundai/Ap
pData/Local/Programs/MiKTeX/fonts/type1/public/amsfonts/cm/cmsy10.pfb><C:/Users
/kundai/AppData/Local/Programs/MiKTeX/fonts/type1/public/amsfonts/cm/cmsy6.pfb>
<C:/Users/kundai/AppData/Local/Programs/MiKTeX/fonts/type1/public/amsfonts/cm/c
msy8.pfb><C:/Users/kundai/AppData/Local/Programs/MiKTeX/fonts/type1/public/amsf
onts/cm/cmti10.pfb><C:/Users/kundai/AppData/Local/Programs/MiKTeX/fonts/type1/p
ublic/amsfonts/cm/cmti12.pfb><C:/Users/kundai/AppData/Local/Programs/MiKTeX/fon
ts/type1/public/amsfonts/cm/cmti7.pfb><C:/Users/kundai/AppData/Local/Programs/M
iKTeX/fonts/type1/public/amsfonts/cm/cmti8.pfb><C:/Users/kundai/AppData/Local/P
rograms/MiKTeX/fonts/type1/public/amsfonts/cm/cmtt12.pfb><C:/Users/kundai/AppDa
ta/Local/Programs/MiKTeX/fonts/type1/public/amsfonts/symbols/msam10.pfb><C:/Use
rs/kundai/AppData/Local/Programs/MiKTeX/fonts/type1/public/amsfonts/symbols/msb
m10.pfb>
Output written on categorical-partitioning-mechanisms.pdf (159 pages, 6533172 b
ytes).
PDF statistics:
 2801 PDF objects out of 2984 (max. 8388607)
 1114 named destinations out of 1200 (max. 500000)
 1285 words of extra memory for PDF output out of 10000 (max. 10000000)

