This is pdfTeX, Version 3.141592653-2.6-1.40.29 (MiKTeX 26.2) (preloaded format=pdflatex 2026.3.20)  20 MAR 2026 19:08
entering extended mode
 restricted \write18 enabled.
 %&-line parsing enabled.
**./unified-cellular-circuit-model.tex
(unified-cellular-circuit-model.tex
LaTeX2e <2025-11-01>
L3 programming layer <2026-01-19>
(C:\Users\kunda\AppData\Local\Programs\MiKTeX\tex/latex/base\article.cls
Document Class: article 2025/01/22 v1.4n Standard LaTeX document class
(C:\Users\kunda\AppData\Local\Programs\MiKTeX\tex/latex/base\size10.clo
File: size10.clo 2025/01/22 v1.4n Standard LaTeX file (size option)
)
\c@part=\count275
\c@section=\count276
\c@subsection=\count277
\c@subsubsection=\count278
\c@paragraph=\count279
\c@subparagraph=\count280
\c@figure=\count281
\c@table=\count282
\abovecaptionskip=\skip49
\belowcaptionskip=\skip50
\bibindent=\dimen148
)
(C:\Users\kunda\AppData\Local\Programs\MiKTeX\tex/latex/geometry\geometry.sty
Package: geometry 2026/03/07 v6.0 Page Geometry

(C:\Users\kunda\AppData\Local\Programs\MiKTeX\tex/latex/graphics\keyval.sty
Package: keyval 2022/05/29 v1.15 key=value parser (DPC)
\KV@toks@=\toks17
)
(C:\Users\kunda\AppData\Local\Programs\MiKTeX\tex/generic/iftex\ifvtex.sty
Package: ifvtex 2019/10/25 v1.7 ifvtex legacy package. Use iftex instead.

(C:\Users\kunda\AppData\Local\Programs\MiKTeX\tex/generic/iftex\iftex.sty
Package: iftex 2024/12/12 v1.0g TeX engine tests
))
\Gm@cnth=\count283
\Gm@cntv=\count284
\c@Gm@tempcnt=\count285
\Gm@bindingoffset=\dimen149
\Gm@wd@mp=\dimen150
\Gm@odd@mp=\dimen151
\Gm@even@mp=\dimen152
\Gm@layoutwidth=\dimen153
\Gm@layoutheight=\dimen154
\Gm@layouthoffset=\dimen155
\Gm@layoutvoffset=\dimen156
\Gm@dimlist=\toks18

(C:\Users\kunda\AppData\Local\Programs\MiKTeX\tex/latex/geometry\geometry.cfg))
(C:\Users\kunda\AppData\Local\Programs\MiKTeX\tex/latex/amsmath\amsmath.sty
Package: amsmath 2025/07/09 v2.17z AMS math features
\@mathmargin=\skip51

For additional information on amsmath, use the `?' option.
(C:\Users\kunda\AppData\Local\Programs\MiKTeX\tex/latex/amsmath\amstext.sty
Package: amstext 2024/11/17 v2.01 AMS text

(C:\Users\kunda\AppData\Local\Programs\MiKTeX\tex/latex/amsmath\amsgen.sty
File: amsgen.sty 1999/11/30 v2.0 generic functions
\@emptytoks=\toks19
\ex@=\dimen157
))
(C:\Users\kunda\AppData\Local\Programs\MiKTeX\tex/latex/amsmath\amsbsy.sty
Package: amsbsy 1999/11/29 v1.2d Bold Symbols
\pmbraise@=\dimen158
)
(C:\Users\kunda\AppData\Local\Programs\MiKTeX\tex/latex/amsmath\amsopn.sty
Package: amsopn 2022/04/08 v2.04 operator names
)
\inf@bad=\count286
LaTeX Info: Redefining \frac on input line 233.
\uproot@=\count287
\leftroot@=\count288
LaTeX Info: Redefining \overline on input line 398.
LaTeX Info: Redefining \colon on input line 409.
\classnum@=\count289
\DOTSCASE@=\count290
LaTeX Info: Redefining \ldots on input line 495.
LaTeX Info: Redefining \dots on input line 498.
LaTeX Info: Redefining \cdots on input line 619.
\Mathstrutbox@=\box53
\strutbox@=\box54
LaTeX Info: Redefining \big on input line 721.
LaTeX Info: Redefining \Big on input line 722.
LaTeX Info: Redefining \bigg on input line 723.
LaTeX Info: Redefining \Bigg on input line 724.
\big@size=\dimen159
LaTeX Font Info:    Redeclaring font encoding OML on input line 742.
LaTeX Font Info:    Redeclaring font encoding OMS on input line 743.
\macc@depth=\count291
LaTeX Info: Redefining \bmod on input line 904.
LaTeX Info: Redefining \pmod on input line 909.
LaTeX Info: Redefining \smash on input line 939.
LaTeX Info: Redefining \relbar on input line 969.
LaTeX Info: Redefining \Relbar on input line 970.
\c@MaxMatrixCols=\count292
\dotsspace@=\muskip17
\c@parentequation=\count293
\dspbrk@lvl=\count294
\tag@help=\toks20
\row@=\count295
\column@=\count296
\maxfields@=\count297
\andhelp@=\toks21
\eqnshift@=\dimen160
\alignsep@=\dimen161
\tagshift@=\dimen162
\tagwidth@=\dimen163
\totwidth@=\dimen164
\lineht@=\dimen165
\@envbody=\toks22
\multlinegap=\skip52
\multlinetaggap=\skip53
\mathdisplay@stack=\toks23
LaTeX Info: Redefining \[ on input line 2950.
LaTeX Info: Redefining \] on input line 2951.
)
(C:\Users\kunda\AppData\Local\Programs\MiKTeX\tex/latex/amsfonts\amssymb.sty
Package: amssymb 2013/01/14 v3.01 AMS font symbols

(C:\Users\kunda\AppData\Local\Programs\MiKTeX\tex/latex/amsfonts\amsfonts.sty
Package: amsfonts 2013/01/14 v3.01 Basic AMSFonts support
\symAMSa=\mathgroup4
\symAMSb=\mathgroup5
LaTeX Font Info:    Redeclaring math symbol \hbar on input line 98.
LaTeX Font Info:    Overwriting math alphabet `\mathfrak' in version `bold'
(Font)                  U/euf/m/n --> U/euf/b/n on input line 106.
)) (C:\Users\kunda\AppData\Local\Programs\MiKTeX\tex/latex/amscls\amsthm.sty
Package: amsthm 2020/05/29 v2.20.6
\thm@style=\toks24
\thm@bodyfont=\toks25
\thm@headfont=\toks26
\thm@notefont=\toks27
\thm@headpunct=\toks28
\thm@preskip=\skip54
\thm@postskip=\skip55
\thm@headsep=\skip56
\dth@everypar=\toks29
)
(C:\Users\kunda\AppData\Local\Programs\MiKTeX\tex/latex/mathtools\mathtools.sty
Package: mathtools 2024/10/04 v1.31 mathematical typesetting tools
(C:\Users\kunda\AppData\Local\Programs\MiKTeX\tex/latex/tools\calc.sty
Package: calc 2025/03/01 v4.3b Infix arithmetic (KKT,FJ)
\calc@Acount=\count298
\calc@Bcount=\count299
\calc@Adimen=\dimen166
\calc@Bdimen=\dimen167
\calc@Askip=\skip57
\calc@Bskip=\skip58
LaTeX Info: Redefining \setlength on input line 86.
LaTeX Info: Redefining \addtolength on input line 87.
\calc@Ccount=\count300
\calc@Cskip=\skip59
)
(C:\Users\kunda\AppData\Local\Programs\MiKTeX\tex/latex/mathtools\mhsetup.sty
Package: mhsetup 2021/03/18 v1.4 programming setup (MH)
)
\g_MT_multlinerow_int=\count301
\l_MT_multwidth_dim=\dimen168
\origjot=\skip60
\l_MT_shortvdotswithinadjustabove_dim=\dimen169
\l_MT_shortvdotswithinadjustbelow_dim=\dimen170
\l_MT_above_intertext_sep=\dimen171
\l_MT_below_intertext_sep=\dimen172
\l_MT_above_shortintertext_sep=\dimen173
\l_MT_below_shortintertext_sep=\dimen174
\xmathstrut@box=\box55
\xmathstrut@dim=\dimen175
) (C:\Users\kunda\AppData\Local\Programs\MiKTeX\tex/latex/tools\bm.sty
Package: bm 2025/10/21 v1.2g Bold Symbol Support (DPC/FMi)
\symboldoperators=\mathgroup6
\symboldletters=\mathgroup7
\symboldsymbols=\mathgroup8
Package bm Info: No bold for \OMX/cmex/m/n, using \pmb.
Package bm Info: No bold for \U/msa/m/n, using \pmb.
Package bm Info: No bold for \U/msb/m/n, using \pmb.
LaTeX Font Info:    Redeclaring math alphabet \mathbf on input line 149.
)
(C:\Users\kunda\AppData\Local\Programs\MiKTeX\tex/latex/graphics\graphicx.sty
Package: graphicx 2024/12/31 v1.2e Enhanced LaTeX Graphics (DPC,SPQR)

(C:\Users\kunda\AppData\Local\Programs\MiKTeX\tex/latex/graphics\graphics.sty
Package: graphics 2024/08/06 v1.4g Standard LaTeX Graphics (DPC,SPQR)

(C:\Users\kunda\AppData\Local\Programs\MiKTeX\tex/latex/graphics\trig.sty
Package: trig 2023/12/02 v1.11 sin cos tan (DPC)
)
(C:\Users\kunda\AppData\Local\Programs\MiKTeX\tex/latex/graphics-cfg\graphics.c
fg
File: graphics.cfg 2016/06/04 v1.11 sample graphics configuration
)
Package graphics Info: Driver file: pdftex.def on input line 106.

(C:\Users\kunda\AppData\Local\Programs\MiKTeX\tex/latex/graphics-def\pdftex.def
File: pdftex.def 2025/09/29 v1.2d Graphics/color driver for pdftex
))
\Gin@req@height=\dimen176
\Gin@req@width=\dimen177
)
(C:\Users\kunda\AppData\Local\Programs\MiKTeX\tex/latex/hyperref\hyperref.sty
Package: hyperref 2026-01-29 v7.01p Hypertext links for LaTeX

(C:\Users\kunda\AppData\Local\Programs\MiKTeX\tex/latex/kvsetkeys\kvsetkeys.sty
Package: kvsetkeys 2022-10-05 v1.19 Key value parser (HO)
)
(C:\Users\kunda\AppData\Local\Programs\MiKTeX\tex/generic/kvdefinekeys\kvdefine
keys.sty
Package: kvdefinekeys 2019-12-19 v1.6 Define keys (HO)
)
(C:\Users\kunda\AppData\Local\Programs\MiKTeX\tex/generic/pdfescape\pdfescape.s
ty
Package: pdfescape 2019/12/09 v1.15 Implements pdfTeX's escape features (HO)

(C:\Users\kunda\AppData\Local\Programs\MiKTeX\tex/generic/ltxcmds\ltxcmds.sty
Package: ltxcmds 2023-12-04 v1.26 LaTeX kernel commands for general use (HO)
)
(C:\Users\kunda\AppData\Local\Programs\MiKTeX\tex/generic/pdftexcmds\pdftexcmds
.sty
Package: pdftexcmds 2020-06-27 v0.33 Utility functions of pdfTeX for LuaTeX (HO
)

(C:\Users\kunda\AppData\Local\Programs\MiKTeX\tex/generic/infwarerr\infwarerr.s
ty
Package: infwarerr 2019/12/03 v1.5 Providing info/warning/error messages (HO)
)
Package pdftexcmds Info: \pdf@primitive is available.
Package pdftexcmds Info: \pdf@ifprimitive is available.
Package pdftexcmds Info: \pdfdraftmode found.
))
(C:\Users\kunda\AppData\Local\Programs\MiKTeX\tex/latex/hycolor\hycolor.sty
Package: hycolor 2020-01-27 v1.10 Color options for hyperref/bookmark (HO)
)
(C:\Users\kunda\AppData\Local\Programs\MiKTeX\tex/latex/hyperref\nameref.sty
Package: nameref 2026-01-29 v2.58 Cross-referencing by name of section

(C:\Users\kunda\AppData\Local\Programs\MiKTeX\tex/latex/refcount\refcount.sty
Package: refcount 2019/12/15 v3.6 Data extraction from label references (HO)
)
(C:\Users\kunda\AppData\Local\Programs\MiKTeX\tex/generic/gettitlestring\gettit
lestring.sty
Package: gettitlestring 2019/12/15 v1.6 Cleanup title references (HO)

(C:\Users\kunda\AppData\Local\Programs\MiKTeX\tex/latex/kvoptions\kvoptions.sty
Package: kvoptions 2022-06-15 v3.15 Key value format for package options (HO)
))
\c@section@level=\count302
)
(C:\Users\kunda\AppData\Local\Programs\MiKTeX\tex/latex/etoolbox\etoolbox.sty
Package: etoolbox 2025/10/02 v2.5m e-TeX tools for LaTeX (JAW)
\etb@tempcnta=\count303
)
(C:\Users\kunda\AppData\Local\Programs\MiKTeX\tex/generic/stringenc\stringenc.s
ty
Package: stringenc 2019/11/29 v1.12 Convert strings between diff. encodings (HO
)
)
\@linkdim=\dimen178
\Hy@linkcounter=\count304
\Hy@pagecounter=\count305
 (C:\Users\kunda\AppData\Local\Programs\MiKTeX\tex/latex/hyperref\pd1enc.def
File: pd1enc.def 2026-01-29 v7.01p Hyperref: PDFDocEncoding definition (HO)
Now handling font encoding PD1 ...
... no UTF-8 mapping file for font encoding PD1
) (C:\Users\kunda\AppData\Local\Programs\MiKTeX\tex/generic/intcalc\intcalc.sty
Package: intcalc 2019/12/15 v1.3 Expandable calculations with integers (HO)
)
\Hy@SavedSpaceFactor=\count306
 (C:\Users\kunda\AppData\Local\Programs\MiKTeX\tex/latex/hyperref\puenc.def
File: puenc.def 2026-01-29 v7.01p Hyperref: PDF Unicode definition (HO)
Now handling font encoding PU ...
... no UTF-8 mapping file for font encoding PU
)
Package hyperref Info: Hyper figures OFF on input line 4201.
Package hyperref Info: Link nesting OFF on input line 4206.
Package hyperref Info: Hyper index ON on input line 4209.
Package hyperref Info: Plain pages OFF on input line 4216.
Package hyperref Info: Backreferencing OFF on input line 4221.
Package hyperref Info: Implicit mode ON; LaTeX internals redefined.
Package hyperref Info: Bookmarks ON on input line 4468.
\c@Hy@tempcnt=\count307

(C:\Users\kunda\AppData\Local\Programs\MiKTeX\tex/latex/url\url.sty
\Urlmuskip=\muskip18
Package: url 2013/09/16  ver 3.4  Verb mode for urls, etc.
)
LaTeX Info: Redefining \url on input line 4807.
\XeTeXLinkMargin=\dimen179

(C:\Users\kunda\AppData\Local\Programs\MiKTeX\tex/generic/bitset\bitset.sty
Package: bitset 2019/12/09 v1.3 Handle bit-vector datatype (HO)

(C:\Users\kunda\AppData\Local\Programs\MiKTeX\tex/generic/bigintcalc\bigintcalc
.sty
Package: bigintcalc 2019/12/15 v1.5 Expandable calculations on big integers (HO
)
))
\Fld@menulength=\count308
\Field@Width=\dimen180
\Fld@charsize=\dimen181
Package hyperref Info: Hyper figures OFF on input line 6084.
Package hyperref Info: Link nesting OFF on input line 6089.
Package hyperref Info: Hyper index ON on input line 6092.
Package hyperref Info: backreferencing OFF on input line 6099.
Package hyperref Info: Link coloring OFF on input line 6104.
Package hyperref Info: Link coloring with OCG OFF on input line 6109.
Package hyperref Info: PDF/A mode OFF on input line 6114.
\Hy@abspage=\count309
\c@Item=\count310
\c@Hfootnote=\count311
)
Package hyperref Info: Driver (autodetected): hpdftex.

(C:\Users\kunda\AppData\Local\Programs\MiKTeX\tex/latex/hyperref\hpdftex.def
File: hpdftex.def 2026-01-29 v7.01p Hyperref driver for pdfTeX
\Fld@listcount=\count312
\c@bookmark@seq@number=\count313

(C:\Users\kunda\AppData\Local\Programs\MiKTeX\tex/latex/rerunfilecheck\rerunfil
echeck.sty
Package: rerunfilecheck 2025-06-21 v1.11 Rerun checks for auxiliary files (HO)

(C:\Users\kunda\AppData\Local\Programs\MiKTeX\tex/generic/uniquecounter\uniquec
ounter.sty
Package: uniquecounter 2019/12/15 v1.4 Provide unlimited unique counter (HO)
)
Package uniquecounter Info: New unique counter `rerunfilecheck' on input line 2
84.
)
\Hy@SectionHShift=\skip61
)
(C:\Users\kunda\AppData\Local\Programs\MiKTeX\tex/latex/natbib\natbib.sty
Package: natbib 2010/09/13 8.31b (PWD, AO)
\bibhang=\skip62
\bibsep=\skip63
LaTeX Info: Redefining \cite on input line 694.
\c@NAT@ctr=\count314
)
(C:\Users\kunda\AppData\Local\Programs\MiKTeX\tex/latex/physics\physics.sty
Package: physics 

(C:\Users\kunda\AppData\Local\Programs\MiKTeX\tex/latex/l3packages/xparse\xpars
e.sty
(C:\Users\kunda\AppData\Local\Programs\MiKTeX\tex/latex/l3kernel\expl3.sty
Package: expl3 2026-01-19 L3 programming layer (loader) 

(C:\Users\kunda\AppData\Local\Programs\MiKTeX\tex/latex/l3backend\l3backend-pdf
tex.def
File: l3backend-pdftex.def 2025-10-09 L3 backend support: PDF output (pdfTeX)
\l__color_backend_stack_int=\count315
))
Package: xparse 2025-10-09 L3 Experimental document command parser
))
(C:\Users\kunda\AppData\Local\Programs\MiKTeX\tex/latex/booktabs\booktabs.sty
Package: booktabs 2020/01/12 v1.61803398 Publication quality tables
\heavyrulewidth=\dimen182
\lightrulewidth=\dimen183
\cmidrulewidth=\dimen184
\belowrulesep=\dimen185
\belowbottomsep=\dimen186
\aboverulesep=\dimen187
\abovetopsep=\dimen188
\cmidrulesep=\dimen189
\cmidrulekern=\dimen190
\defaultaddspace=\dimen191
\@cmidla=\count316
\@cmidlb=\count317
\@aboverulesep=\dimen192
\@belowrulesep=\dimen193
\@thisruleclass=\count318
\@lastruleclass=\count319
\@thisrulewidth=\dimen194
)
(C:\Users\kunda\AppData\Local\Programs\MiKTeX\tex/latex/tools\array.sty
Package: array 2025/09/25 v2.6n Tabular extension package (FMi)
\col@sep=\dimen195
\ar@mcellbox=\box56
\extrarowheight=\dimen196
\NC@list=\toks30
\extratabsurround=\skip64
\backup@length=\skip65
\ar@cellbox=\box57
)
(C:\Users\kunda\AppData\Local\Programs\MiKTeX\tex/latex/multirow\multirow.sty
Package: multirow 2024/11/12 v2.9 Span multiple rows of a table
\multirow@colwidth=\skip66
\multirow@cntb=\count320
\multirow@dima=\skip67
\bigstrutjot=\dimen197
)
(C:\Users\kunda\AppData\Local\Programs\MiKTeX\tex/latex/enumitem\enumitem.sty
Package: enumitem 2025/02/06 v3.11 Customized lists
\labelindent=\skip68
\enit@outerparindent=\dimen198
\enit@toks=\toks31
\enit@inbox=\box58
\enit@count@id=\count321
\enitdp@description=\count322
)
(C:\Users\kunda\AppData\Local\Programs\MiKTeX\tex/latex/xcolor\xcolor.sty
Package: xcolor 2024/09/29 v3.02 LaTeX color extensions (UK)

(C:\Users\kunda\AppData\Local\Programs\MiKTeX\tex/latex/graphics-cfg\color.cfg
File: color.cfg 2016/01/02 v1.6 sample color configuration
)
Package xcolor Info: Driver file: pdftex.def on input line 274.
(C:\Users\kunda\AppData\Local\Programs\MiKTeX\tex/latex/graphics\mathcolor.ltx)
Package xcolor Info: Model `cmy' substituted by `cmy0' on input line 1349.
Package xcolor Info: Model `hsb' substituted by `rgb' on input line 1353.
Package xcolor Info: Model `RGB' extended on input line 1365.
Package xcolor Info: Model `HTML' substituted by `rgb' on input line 1367.
Package xcolor Info: Model `Hsb' substituted by `hsb' on input line 1368.
Package xcolor Info: Model `tHsb' substituted by `hsb' on input line 1369.
Package xcolor Info: Model `HSB' substituted by `hsb' on input line 1370.
Package xcolor Info: Model `Gray' substituted by `gray' on input line 1371.
Package xcolor Info: Model `wave' substituted by `hsb' on input line 1372.
) (C:\Users\kunda\AppData\Local\Programs\MiKTeX\tex/latex/float\float.sty
Package: float 2001/11/08 v1.3d Float enhancements (AL)
\c@float@type=\count323
\float@exts=\toks32
\float@box=\box59
\@float@everytoks=\toks33
\@floatcapt=\box60
)
(C:\Users\kunda\AppData\Local\Programs\MiKTeX\tex/latex/algorithms\algorithm.st
y
Package: algorithm 2009/08/24 v0.1 Document Style `algorithm' - floating enviro
nment
 (C:\Users\kunda\AppData\Local\Programs\MiKTeX\tex/latex/base\ifthen.sty
Package: ifthen 2024/03/16 v1.1e Standard LaTeX ifthen package (DPC)
)
\@float@every@algorithm=\toks34
\c@algorithm=\count324
)
(C:\Users\kunda\AppData\Local\Programs\MiKTeX\tex/latex/algorithmicx\algpseudoc
ode.sty
Package: algpseudocode 

(C:\Users\kunda\AppData\Local\Programs\MiKTeX\tex/latex/algorithmicx\algorithmi
cx.sty
Package: algorithmicx 2005/04/27 v1.2 Algorithmicx

Document Style algorithmicx 1.2 - a greatly improved `algorithmic' style
\c@ALG@line=\count325
\c@ALG@rem=\count326
\c@ALG@nested=\count327
\ALG@tlm=\skip69
\ALG@thistlm=\skip70
\c@ALG@Lnr=\count328
\c@ALG@blocknr=\count329
\c@ALG@storecount=\count330
\c@ALG@tmpcounter=\count331
\ALG@tmplength=\skip71
)
Document Style - pseudocode environments for use with the `algorithmicx' style
) (C:\Users\kunda\AppData\Local\Programs\MiKTeX\tex/latex/base\inputenc.sty
Package: inputenc 2024/02/08 v1.3d Input encoding file
\inpenc@prehook=\toks35
\inpenc@posthook=\toks36
)
(C:\Users\kunda\AppData\Local\Programs\MiKTeX\tex/latex/base\fontenc.sty
Package: fontenc 2025/07/18 v2.1d Standard LaTeX package
)
(C:\Users\kunda\AppData\Local\Programs\MiKTeX\tex/latex/lm\lmodern.sty
Package: lmodern 2015/05/01 v1.6.1 Latin Modern Fonts
LaTeX Font Info:    Overwriting symbol font `operators' in version `normal'
(Font)                  OT1/cmr/m/n --> OT1/lmr/m/n on input line 22.
LaTeX Font Info:    Overwriting symbol font `letters' in version `normal'
(Font)                  OML/cmm/m/it --> OML/lmm/m/it on input line 23.
LaTeX Font Info:    Overwriting symbol font `symbols' in version `normal'
(Font)                  OMS/cmsy/m/n --> OMS/lmsy/m/n on input line 24.
LaTeX Font Info:    Overwriting symbol font `largesymbols' in version `normal'
(Font)                  OMX/cmex/m/n --> OMX/lmex/m/n on input line 25.
LaTeX Font Info:    Overwriting symbol font `operators' in version `bold'
(Font)                  OT1/cmr/bx/n --> OT1/lmr/bx/n on input line 26.
LaTeX Font Info:    Overwriting symbol font `letters' in version `bold'
(Font)                  OML/cmm/b/it --> OML/lmm/b/it on input line 27.
LaTeX Font Info:    Overwriting symbol font `symbols' in version `bold'
(Font)                  OMS/cmsy/b/n --> OMS/lmsy/b/n on input line 28.
LaTeX Font Info:    Overwriting symbol font `largesymbols' in version `bold'
(Font)                  OMX/cmex/m/n --> OMX/lmex/m/n on input line 29.
LaTeX Font Info:    Overwriting math alphabet `\mathbf' in version `normal'
(Font)                  OT1/cmr/bx/n --> OT1/lmr/bx/n on input line 31.
LaTeX Font Info:    Overwriting math alphabet `\mathsf' in version `normal'
(Font)                  OT1/cmss/m/n --> OT1/lmss/m/n on input line 32.
LaTeX Font Info:    Overwriting math alphabet `\mathit' in version `normal'
(Font)                  OT1/cmr/m/it --> OT1/lmr/m/it on input line 33.
LaTeX Font Info:    Overwriting math alphabet `\mathtt' in version `normal'
(Font)                  OT1/cmtt/m/n --> OT1/lmtt/m/n on input line 34.
LaTeX Font Info:    Overwriting math alphabet `\mathbf' in version `bold'
(Font)                  OT1/cmr/bx/n --> OT1/lmr/bx/n on input line 35.
LaTeX Font Info:    Overwriting math alphabet `\mathsf' in version `bold'
(Font)                  OT1/cmss/bx/n --> OT1/lmss/bx/n on input line 36.
LaTeX Font Info:    Overwriting math alphabet `\mathit' in version `bold'
(Font)                  OT1/cmr/bx/it --> OT1/lmr/bx/it on input line 37.
LaTeX Font Info:    Overwriting math alphabet `\mathtt' in version `bold'
(Font)                  OT1/cmtt/m/n --> OT1/lmtt/m/n on input line 38.
)
(C:\Users\kunda\AppData\Local\Programs\MiKTeX\tex/latex/microtype\microtype.sty
Package: microtype 2026/03/01 v3.2d Micro-typographical refinements (RS)
\MT@toks=\toks37
\MT@tempbox=\box61
\MT@count=\count332
LaTeX Info: Redefining \noprotrusionifhmode on input line 1084.
LaTeX Info: Redefining \leftprotrusion on input line 1085.
\MT@prot@toks=\toks38
LaTeX Info: Redefining \rightprotrusion on input line 1104.
LaTeX Info: Redefining \textls on input line 1449.
\MT@outer@kern=\dimen199
LaTeX Info: Redefining \microtypecontext on input line 2053.
LaTeX Info: Redefining \textmicrotypecontext on input line 2070.
\MT@listname@count=\count333

(C:\Users\kunda\AppData\Local\Programs\MiKTeX\tex/latex/microtype\microtype-pdf
tex.def
File: microtype-pdftex.def 2026/03/01 v3.2d Definitions specific to pdftex (RS)

LaTeX Info: Redefining \lsstyle on input line 944.
LaTeX Info: Redefining \lslig on input line 944.
\MT@outer@space=\skip72
)
Package microtype Info: Loading configuration file microtype.cfg.

(C:\Users\kunda\AppData\Local\Programs\MiKTeX\tex/latex/microtype\microtype.cfg
File: microtype.cfg 2026/03/01 v3.2d microtype main configuration file (RS)
)
LaTeX Info: Redefining \microtypesetup on input line 3065.
)
\c@theorem=\count334
LaTeX Font Info:    Trying to load font information for T1+lmr on input line 52
.
 (C:\Users\kunda\AppData\Local\Programs\MiKTeX\tex/latex/lm\t1lmr.fd
File: t1lmr.fd 2015/05/01 v1.6.1 Font defs for Latin Modern
)
(unified-cellular-circuit-model.aux)
\openout1 = `unified-cellular-circuit-model.aux'.

LaTeX Font Info:    Checking defaults for OML/cmm/m/it on input line 52.
LaTeX Font Info:    ... okay on input line 52.
LaTeX Font Info:    Checking defaults for OMS/cmsy/m/n on input line 52.
LaTeX Font Info:    ... okay on input line 52.
LaTeX Font Info:    Checking defaults for OT1/cmr/m/n on input line 52.
LaTeX Font Info:    ... okay on input line 52.
LaTeX Font Info:    Checking defaults for T1/cmr/m/n on input line 52.
LaTeX Font Info:    ... okay on input line 52.
LaTeX Font Info:    Checking defaults for TS1/cmr/m/n on input line 52.
LaTeX Font Info:    ... okay on input line 52.
LaTeX Font Info:    Checking defaults for OMX/cmex/m/n on input line 52.
LaTeX Font Info:    ... okay on input line 52.
LaTeX Font Info:    Checking defaults for U/cmr/m/n on input line 52.
LaTeX Font Info:    ... okay on input line 52.
LaTeX Font Info:    Checking defaults for PD1/pdf/m/n on input line 52.
LaTeX Font Info:    ... okay on input line 52.
LaTeX Font Info:    Checking defaults for PU/pdf/m/n on input line 52.
LaTeX Font Info:    ... okay on input line 52.

*geometry* driver: auto-detecting
*geometry* detected driver: pdftex
*geometry* verbose mode - [ preamble ] result:
* driver: pdftex
* paper: a4paper
* layout: <same size as paper>
* layoutoffset:(h,v)=(0.0pt,0.0pt)
* modes: 
* h-part:(L,W,R)=(56.9055pt, 483.69687pt, 56.9055pt)
* v-part:(T,H,B)=(56.9055pt, 731.23584pt, 56.9055pt)
* \paperwidth=597.50787pt
* \paperheight=845.04684pt
* \textwidth=483.69687pt
* \textheight=731.23584pt
* \oddsidemargin=-15.36449pt
* \evensidemargin=-15.36449pt
* \topmargin=-52.36449pt
* \headheight=12.0pt
* \headsep=25.0pt
* \topskip=10.0pt
* \footskip=30.0pt
* \marginparwidth=4.0pt
* \marginparsep=10.0pt
* \columnsep=17.07182pt
* \skip\footins=9.0pt plus 4.0pt minus 2.0pt
* \hoffset=0.0pt
* \voffset=0.0pt
* \mag=1000
* \@twocolumntrue
* \@twosidefalse
* \@mparswitchfalse
* \@reversemarginfalse
* (1in=72.27pt=25.4mm, 1cm=28.453pt)


(C:\Users\kunda\AppData\Local\Programs\MiKTeX\tex/context/base/mkii\supp-pdf.mk
ii
[Loading MPS to PDF converter (version 2006.09.02).]
\scratchcounter=\count335
\scratchdimen=\dimen256
\scratchbox=\box62
\nofMPsegments=\count336
\nofMParguments=\count337
\everyMPshowfont=\toks39
\MPscratchCnt=\count338
\MPscratchDim=\dimen257
\MPnumerator=\count339
\makeMPintoPDFobject=\count340
\everyMPtoPDFconversion=\toks40
)
(C:\Users\kunda\AppData\Local\Programs\MiKTeX\tex/latex/epstopdf-pkg\epstopdf-b
ase.sty
Package: epstopdf-base 2020-01-24 v2.11 Base part for package epstopdf
Package epstopdf-base Info: Redefining graphics rule for `.eps' on input line 4
85.

(C:\Users\kunda\AppData\Local\Programs\MiKTeX\tex/latex/00miktex\epstopdf-sys.c
fg
File: epstopdf-sys.cfg 2021/03/18 v2.0 Configuration of epstopdf for MiKTeX
))
Package hyperref Info: Link coloring OFF on input line 52.
 (unified-cellular-circuit-model.out) (unified-cellular-circuit-model.out)
\@outlinefile=\write3
\openout3 = `unified-cellular-circuit-model.out'.

LaTeX Info: Redefining \microtypecontext on input line 52.
Package microtype Info: Applying patch `item' on input line 52.
Package microtype Info: Applying patch `toc' on input line 52.
Package microtype Info: Applying patch `eqnum' on input line 52.
Package microtype Info: Applying patch `footnote' on input line 52.
Package microtype Info: Applying patch `verbatim' on input line 52.
LaTeX Info: Redefining \microtypesetup on input line 52.
Package microtype Info: Generating PDF output.
Package microtype Info: Character protrusion enabled (level 2).
Package microtype Info: Using default protrusion set `alltext'.
Package microtype Info: Automatic font expansion enabled (level 2),
(microtype)             stretch: 20, shrink: 20, step: 1, non-selected.
Package microtype Info: Using default expansion set `alltext-nott'.
Package microtype Info: Patching command `\showhyphens'.
Package microtype Info: No adjustment of tracking.
Package microtype Info: No adjustment of interword spacing.
Package microtype Info: No adjustment of character kerning.

(C:\Users\kunda\AppData\Local\Programs\MiKTeX\tex/latex/microtype\mt-cmr.cfg
File: mt-cmr.cfg 2013/05/19 v2.2 microtype config. file: Computer Modern Roman 
(RS)
)
LaTeX Font Info:    Trying to load font information for OT1+lmr on input line 5
4.

(C:\Users\kunda\AppData\Local\Programs\MiKTeX\tex/latex/lm\ot1lmr.fd
File: ot1lmr.fd 2015/05/01 v1.6.1 Font defs for Latin Modern
)
LaTeX Font Info:    Trying to load font information for OML+lmm on input line 5
4.

(C:\Users\kunda\AppData\Local\Programs\MiKTeX\tex/latex/lm\omllmm.fd
File: omllmm.fd 2015/05/01 v1.6.1 Font defs for Latin Modern
)
LaTeX Font Info:    Trying to load font information for OMS+lmsy on input line 
54.

(C:\Users\kunda\AppData\Local\Programs\MiKTeX\tex/latex/lm\omslmsy.fd
File: omslmsy.fd 2015/05/01 v1.6.1 Font defs for Latin Modern
)
LaTeX Font Info:    Trying to load font information for OMX+lmex on input line 
54.

(C:\Users\kunda\AppData\Local\Programs\MiKTeX\tex/latex/lm\omxlmex.fd
File: omxlmex.fd 2015/05/01 v1.6.1 Font defs for Latin Modern
)
LaTeX Font Info:    External font `lmex10' loaded for size
(Font)              <12> on input line 54.
LaTeX Font Info:    External font `lmex10' loaded for size
(Font)              <8> on input line 54.
LaTeX Font Info:    External font `lmex10' loaded for size
(Font)              <6> on input line 54.
LaTeX Font Info:    Trying to load font information for U+msa on input line 54.


(C:\Users\kunda\AppData\Local\Programs\MiKTeX\tex/latex/amsfonts\umsa.fd
File: umsa.fd 2013/01/14 v3.01 AMS symbols A
)
(C:\Users\kunda\AppData\Local\Programs\MiKTeX\tex/latex/microtype\mt-msa.cfg
File: mt-msa.cfg 2006/02/04 v1.1 microtype config. file: AMS symbols (a) (RS)
)
LaTeX Font Info:    Trying to load font information for U+msb on input line 54.


(C:\Users\kunda\AppData\Local\Programs\MiKTeX\tex/latex/amsfonts\umsb.fd
File: umsb.fd 2013/01/14 v3.01 AMS symbols B
)
(C:\Users\kunda\AppData\Local\Programs\MiKTeX\tex/latex/microtype\mt-msb.cfg
File: mt-msb.cfg 2005/06/01 v1.0 microtype config. file: AMS symbols (b) (RS)
)
LaTeX Font Info:    Trying to load font information for T1+lmtt on input line 5
4.

(C:\Users\kunda\AppData\Local\Programs\MiKTeX\tex/latex/lm\t1lmtt.fd
File: t1lmtt.fd 2015/05/01 v1.6.1 Font defs for Latin Modern
)
Package microtype Info: Loading generic protrusion settings for font family
(microtype)             `lmtt' (encoding: T1).
(microtype)             For optimal results, create family-specific settings.
(microtype)             See the microtype manual for details.
LaTeX Font Info:    External font `lmex10' loaded for size
(Font)              <10> on input line 75.
LaTeX Font Info:    External font `lmex10' loaded for size
(Font)              <7> on input line 75.
LaTeX Font Info:    External font `lmex10' loaded for size
(Font)              <5> on input line 75.
 [1{C:/Users/kunda/AppData/Local/MiKTeX/fonts/map/pdftex/pdftex.map}{C:/Users/k
unda/AppData/Local/Programs/MiKTeX/fonts/enc/dvips/lm/lm-ec.enc}


{C:/Users/kunda/AppData/Local/Programs/MiKTeX/fonts/enc/dvips/lm/lm-mathsy.enc}
{C:/Users/kunda/AppData/Local/Programs/MiKTeX/fonts/enc/dvips/lm/lm-mathit.enc}
{C:/Users/kunda/AppData/Local/Programs/MiKTeX/fonts/enc/dvips/lm/lm-rm.enc}{C:/
Users/kunda/AppData/Local/Programs/MiKTeX/fonts/enc/dvips/lm/lm-mathex.enc}] [2
]
<figures/panel_exp1.png, id=255, 1163.547pt x 295.8252pt>
File: figures/panel_exp1.png Graphic file (type png)
<use figures/panel_exp1.png>
Package pdftex.def Info: figures/panel_exp1.png  used on input line 282.
(pdftex.def)             Requested size: 483.69687pt x 122.97731pt.
 [3]
Overfull \hbox (2.69528pt too wide) detected at line 430
[][][]\OT1/lmr/m/n/10 ^^A\OML/lmm/m/it/10 G[] \OT1/lmr/m/n/10 = \OML/lmm/m/it/1
0 ^^V[] \OMS/lmsy/m/n/10 ^^@ \OML/lmm/m/it/10 ^^V[] \OT1/lmr/m/n/10 = \OMS/lmsy
/m/n/10 ^^@\OML/lmm/m/it/10 k[]T [] \OT1/lmr/m/n/10 2 \OMS/lmsy/m/n/10 ^^A []H[
] ^^@ H[][] \OT1/lmr/m/n/10 + (\OML/lmm/m/it/10 c[] \OMS/lmsy/m/n/10 ^^@ \OML/l
mm/m/it/10 c[]\OT1/lmr/m/n/10 )\OML/lmm/m/it/10 :
 []


Underfull \hbox (badness 10000) in paragraph at lines 444--444
[]\T1/lmr/bx/n/14.4 (+20) The Bio-chem-i-cal Cir-cuit
 []


Underfull \hbox (badness 1859) in paragraph at lines 453--455
[][]\T1/lmr/bx/n/10 (+20) Definition 3.1 \T1/lmr/m/n/10 (+20) (Bio-chem-i-cal R
e-ac-tion Net-work
 []

LaTeX Font Info:    Trying to load font information for TS1+lmr on input line 4
56.
(C:\Users\kunda\AppData\Local\Programs\MiKTeX\tex/latex/lm\ts1lmr.fd
File: ts1lmr.fd 2015/05/01 v1.6.1 Font defs for Latin Modern
) [4
pdfTeX warning (ext4): destination with the same identifier (name{figure.1}) ha
s been already used, duplicate ignored
<argument> ...shipout:D \box_use:N \l_shipout_box 
                                                  \__shipout_drop_firstpage_...
l.511 \end{definition}
                      {C:/Users/kunda/AppData/Local/Programs/MiKTeX/fonts/enc/d
vips/lm/lm-ts1.enc} <./figures/panel_exp1.png>]
Underfull \hbox (badness 10000) in paragraph at lines 523--525
[]\T1/lmr/m/n/10 (+20) Table []1[] sum-marises the com-plete circuit--
 []

LaTeX Font Info:    External font `lmex10' loaded for size
(Font)              <9> on input line 531.

Underfull \hbox (badness 10000) in paragraph at lines 595--605
\T1/lmr/m/n/10 (+20) The concentration-dependent part gives
 []


Underfull \hbox (badness 1460) in paragraph at lines 595--605
\OML/lmm/m/it/10 RT [][] [][][] \OT1/lmr/m/n/10 (+20) = \OML/lmm/m/it/10 RT [] 
[][]\OT1/lmr/m/n/10 (+20) [\OML/lmm/m/it/10 C[]\OT1/lmr/m/n/10 (+20) ]\OML/lmm/
m/it/10 =\OT1/lmr/m/n/10 (+20) [\OML/lmm/m/it/10 C[]\OT1/lmr/m/n/10 (+20) ] =
 []

[5
pdfTeX warning (ext4): destination with the same identifier (name{table.1}) has
 been already used, duplicate ignored
<argument> ...shipout:D \box_use:N \l_shipout_box 
                                                  \__shipout_drop_firstpage_...
l.666 \end{definition}
                      ]
<figures/panel_exp2.png, id=398, 1163.547pt x 295.8252pt>
File: figures/panel_exp2.png Graphic file (type png)
<use figures/panel_exp2.png>
Package pdftex.def Info: figures/panel_exp2.png  used on input line 679.
(pdftex.def)             Requested size: 483.69687pt x 122.97731pt.

Overfull \hbox (17.71344pt too wide) detected at line 778
[]
 []

[6]
<figures/panel_exp4.png, id=459, 1163.547pt x 295.8252pt>
File: figures/panel_exp4.png Graphic file (type png)
<use figures/panel_exp4.png>
Package pdftex.def Info: figures/panel_exp4.png  used on input line 888.
(pdftex.def)             Requested size: 483.69687pt x 122.97731pt.

Underfull \hbox (badness 2401) in paragraph at lines 911--911
[]\T1/lmr/bx/n/14.4 (+20) Backward Tra-jec-to-ries and
 []

! Undefined control sequence.
l.941   \Back_i = \argmax
                         _{\substack{\mathbf{x}(\cdot)\,:\,x_i(T)=\sigma_i\\
The control sequence at the end of the top line
of your error message was never \def'ed. If you have
misspelled it (e.g., `\hobx'), type `I' and the correct
spelling (e.g., `I\hbox'). Otherwise just continue,
and I'll forget about whatever was undefined.

[7
pdfTeX warning (ext4): destination with the same identifier (name{figure.2}) ha
s been already used, duplicate ignored
<argument> ...shipout:D \box_use:N \l_shipout_box 
                                                  \__shipout_drop_firstpage_...
l.954 
       <./figures/panel_exp2.png>]
Overfull \hbox (59.52374pt too wide) detected at line 989
\OML/lmm/m/it/10 P[]\OT1/lmr/bx/n/10 x\OT1/lmr/m/n/10 (\OML/lmm/m/it/10 T \OMS/
lmsy/m/n/10 ^^@ \OML/lmm/m/it/10 ^^\\OT1/lmr/m/n/10 ) = \OT1/lmr/bx/n/10 m \OMS
/lmsy/m/n/10 j \OML/lmm/m/it/10 x[]\OT1/lmr/m/n/10 (\OML/lmm/m/it/10 T\OT1/lmr/
m/n/10 ) = \OML/lmm/m/it/10 ^^[[];  G[] \OT1/lmr/m/n/10 = \OML/lmm/m/it/10 P[]\
OT1/lmr/bx/n/10 x\OT1/lmr/m/n/10 (\OMS/lmsy/m/n/10 ^^@\OML/lmm/m/it/10 ^^\\OT1/
lmr/m/n/10 ) = \OT1/lmr/bx/n/10 m \OMS/lmsy/m/n/10 j \OML/lmm/m/it/10 x[]\OT1/l
mr/m/n/10 (0) = \OML/lmm/m/it/10 ^^[[];  G[];
 []

[8
pdfTeX warning (ext4): destination with the same identifier (name{figure.3}) ha
s been already used, duplicate ignored
<argument> ...shipout:D \box_use:N \l_shipout_box 
                                                  \__shipout_drop_firstpage_...
l.1042 \end{definition}
                        <./figures/panel_exp4.png>]

LaTeX Warning: Reference `fig:attractors' on page 9 undefined on input line 106
9.

<figures/panel_exp3.png, id=506, 1163.547pt x 295.8252pt>
File: figures/panel_exp3.png Graphic file (type png)
<use figures/panel_exp3.png>
Package pdftex.def Info: figures/panel_exp3.png  used on input line 1074.
(pdftex.def)             Requested size: 483.69687pt x 122.97731pt.
Package hyperref Info: bookmark level for unknown algorithm defaults to 0 on in
put line 1135.

Underfull \hbox (badness 1365) in paragraph at lines 1163--1168
\T1/lmr/m/n/10 (+20) go-rithm from cur-rent mode of $[]$; com-pute
 []

[9]
Overfull \hbox (1.10045pt too wide) in paragraph at lines 1214--1223
\T1/lmr/m/n/10 (-20) ``backward-consistent'' con-cen-tra-tions. Re-strict-ing $
[]$ to
 []


Underfull \hbox (badness 10000) in paragraph at lines 1265--1267
\T1/lmr/m/it/10 (+20) Total: $\OML/lmm/m/it/10 O\OT1/lmr/m/n/10 (+20) (\OML/lmm
/m/it/10 N \OMS/lmsy/m/n/10 ^^A \OML/lmm/m/it/10 R \OMS/lmsy/m/n/10 ^^A \OML/lm
m/m/it/10 L\OT1/lmr/m/n/10 (+20) )$\T1/lmr/m/it/10 (+20) . Con-ver-gence in
 []


Underfull \hbox (badness 5119) in paragraph at lines 1265--1267
\OML/lmm/m/it/10 O\OT1/lmr/m/n/10 (+20) ([][][]\OML/lmm/m/it/10 = [][][]\OT1/lm
r/m/n/10 (+20) )$ \T1/lmr/m/it/10 (+20) it-er-a-tions gives to-tal com-
 []


Underfull \vbox (badness 1838) has occurred while \output is active []

 [10
pdfTeX warning (ext4): destination with the same identifier (name{figure.4}) ha
s been already used, duplicate ignored
<argument> ...shipout:D \box_use:N \l_shipout_box 
                                                  \__shipout_drop_firstpage_...
l.1303 
        <./figures/panel_exp3.png>]
! Double subscript.
l.1346   \taup_
               {ij} = \frac{\hbar}{\Delta E_{ij}} + \tau_{\mathrm{reorg},ij},
I treat `x_1_2' essentially like `x_1{}_2'.

! Double subscript.
l.1365 $\tau\geq\taup_
                      {\min}=\min_{(i,j)\in E}\taup_{ij}>0$.
I treat `x_1_2' essentially like `x_1{}_2'.

! Double subscript.
l.1365 ...\geq\taup_{\min}=\min_{(i,j)\in E}\taup_
                                                  {ij}>0$.
I treat `x_1_2' essentially like `x_1{}_2'.

! Double subscript.
<argument>  E_{\mathrm {fast}} &= \{e_{ij}:\taup _
                                                  {ij}<10^{-6}\,\text {s}\},...
l.1403 \end{align*}
                   
I treat `x_1_2' essentially like `x_1{}_2'.

! Double subscript.
<argument> ...um}} &= \{e_{ij}:10^{-6}\leq \taup _
                                                  {ij}<1\,\text {s}\},\\ E_{...
l.1403 \end{align*}
                   
I treat `x_1_2' essentially like `x_1{}_2'.

! Double subscript.
<argument> ...{\mathrm {slow}} &= \{e_{ij}:\taup _
                                                  {ij}\geq 1\,\text {s}\}. 
l.1403 \end{align*}
                   
I treat `x_1_2' essentially like `x_1{}_2'.

! Double subscript.
<argument>  E_{\mathrm {fast}} &= \{e_{ij}:\taup _
                                                  {ij}<10^{-6}\,\text {s}\},...
l.1403 \end{align*}
                   
I treat `x_1_2' essentially like `x_1{}_2'.

! Double subscript.
<argument> ...um}} &= \{e_{ij}:10^{-6}\leq \taup _
                                                  {ij}<1\,\text {s}\},\\ E_{...
l.1403 \end{align*}
                   
I treat `x_1_2' essentially like `x_1{}_2'.

! Double subscript.
<argument> ...{\mathrm {slow}} &= \{e_{ij}:\taup _
                                                  {ij}\geq 1\,\text {s}\}. 
l.1403 \end{align*}
                   
I treat `x_1_2' essentially like `x_1{}_2'.

! Double subscript.
l.1408 When $\max_{e\in E_{\mathrm{fast}}}\taup_
                                                e\ll\min_{e\in E_{\mathrm{me...
I treat `x_1_2' essentially like `x_1{}_2'.

! Double subscript.
l.1408 ...\ll\min_{e\in E_{\mathrm{medium}}}\taup_
                                                  e\ll
I treat `x_1_2' essentially like `x_1{}_2'.

! Double subscript.
l.1409 \min_{e\in E_{\mathrm{slow}}}\taup_
                                          e$, the fast reactions reach quasi...
I treat `x_1_2' essentially like `x_1{}_2'.

! Double subscript.
l.1418 Let $\varepsilon=\max(\taup_
                                   {\mathrm{fast}})/\min(\taup_{\mathrm{medi...
I treat `x_1_2' essentially like `x_1{}_2'.

! Double subscript.
l.1418 ...=\max(\taup_{\mathrm{fast}})/\min(\taup_
                                                  {\mathrm{medium}})\to 0$.
I treat `x_1_2' essentially like `x_1{}_2'.


LaTeX Warning: Reference `fig:timescales' on page 11 undefined on input line 14
28.

[11]
! Double subscript.
l.1475 ...le longer than the partition lag $\taup_
                                                  {\min}$.
I treat `x_1_2' essentially like `x_1{}_2'.


Underfull \hbox (badness 1917) in paragraph at lines 1479--1483
[]\T1/lmr/m/it/10 (+20) Allosteric sig-nal ve-loc-ity: \T1/lmr/m/n/10 (+20) Con
-for-ma-tional
 []


Underfull \hbox (badness 10000) in paragraph at lines 1499--1508
[]\T1/lmr/m/it/10 (+20) Ratios: \T1/lmr/m/n/10 (+20) Al-losteric vs. pro-tein d
rift:
 []


Underfull \hbox (badness 1688) in paragraph at lines 1499--1508
\OML/lmm/m/it/10 v[]=v[] \OMS/lmsy/m/n/10 ^^Y \OT1/lmr/m/n/10 (+20) 10[]\OML/lm
m/m/it/10 =\OT1/lmr/m/n/10 (+20) 10[] = 10[]$\T1/lmr/m/n/10 (+20) ; collision-
 []

<figures/panel_exp5.png, id=586, 1163.0652pt x 295.8252pt>
File: figures/panel_exp5.png Graphic file (type png)
<use figures/panel_exp5.png>
Package pdftex.def Info: figures/panel_exp5.png  used on input line 1531.
(pdftex.def)             Requested size: 483.69687pt x 123.02696pt.

Overfull \hbox (28.27536pt too wide) detected at line 1579
\OML/lmm/m/it/10 J[] > \OT1/lmr/m/n/10 0 \OMS/lmsy/m/n/10 , \OML/lmm/m/it/10 ^^
^[] > ^^^[] \OMS/lmsy/m/n/10 , ^^@\OML/lmm/m/it/10 k[]T [] \OT1/lmr/m/n/10 2 \O
MS/lmsy/m/n/10 H[] \OT1/lmr/m/n/10 + \OML/lmm/m/it/10 c[] > \OMS/lmsy/m/n/10 ^^
@\OML/lmm/m/it/10 k[]T [] \OT1/lmr/m/n/10 2 \OMS/lmsy/m/n/10 H[] \OT1/lmr/m/n/1
0 + \OML/lmm/m/it/10 c[];
 []

[12] [13
pdfTeX warning (ext4): destination with the same identifier (name{figure.5}) ha
s been already used, duplicate ignored
<argument> ...shipout:D \box_use:N \l_shipout_box 
                                                  \__shipout_drop_firstpage_...
l.1693 \end{example}
                     <./figures/panel_exp5.png>]
Overfull \hbox (40.51956pt too wide) detected at line 1776
[][][][] [] \OMS/lmsy/m/n/10 j\OML/lmm/m/it/10 ^^Q[]\OMS/lmsy/m/n/10 j [] \OML/
lmm/m/it/10 d[]\OT1/lmr/m/n/10 (\OMS/lmsy/m/n/10 B[]\OML/lmm/m/it/10 ; \OMS/lms
y/m/n/10 B[]\OT1/lmr/m/n/10 ) \OML/lmm/m/it/10 < ^^R[] \OMS/lmsy/m/n/10 8 \OML/
lmm/m/it/10 i;  ^^Q[] \OMS/lmsy/m/n/10 2 \OT1/lmr/m/n/10 [0\OML/lmm/m/it/10 ; \
OT1/lmr/m/n/10 1]\OML/lmm/m/it/10 :
 []

<figures/panel_exp6.png, id=638, 1163.0652pt x 295.3434pt>
File: figures/panel_exp6.png Graphic file (type png)
<use figures/panel_exp6.png>
Package pdftex.def Info: figures/panel_exp6.png  used on input line 1805.
(pdftex.def)             Requested size: 483.69687pt x 122.8266pt.

Underfull \hbox (badness 5105) in paragraph at lines 1836--1836
[]\T1/lmr/bx/n/12 (+20) Relationship to Ex-ist-ing Ap-
 []

[14]
Underfull \vbox (badness 10000) has occurred while \output is active []

 [15
pdfTeX warning (ext4): destination with the same identifier (name{figure.6}) ha
s been already used, duplicate ignored
<argument> ...shipout:D \box_use:N \l_shipout_box 
                                                  \__shipout_drop_firstpage_...
l.1916 A
         canonical example of energy transduction in biological circuits is the
 <./figures/panel_exp6.png>]
Underfull \hbox (badness 1292) in paragraph at lines 1992--2004
\T1/lmr/m/n/10 (+20) Arrhenius and Michaelis-Menten ki-net-ics (Def-i-ni-
 []

[16]
Underfull \hbox (badness 3514) in paragraph at lines 2037--2046
[]\T1/lmr/m/n/10 (+20) The frame-work uni-fies flux bal-ance anal-y-sis,
 []

(unified-cellular-circuit-model.bbl
Underfull \hbox (badness 1939) in paragraph at lines 45--51
[]\T1/lmr/m/n/10 (+20) Ludwig Boltz-mann.  Über die beziehung zwis-
 []

[17]
Underfull \hbox (badness 2096) in paragraph at lines 264--269
\T1/lmr/m/it/10 (+20) tures to Or-der through Fluc-tu-a-tions\T1/lmr/m/n/10 (+2
0) .  Wiley-
 []

[18]) [19

] (unified-cellular-circuit-model.aux)
 ***********
LaTeX2e <2025-11-01>
L3 programming layer <2026-01-19>
 ***********


LaTeX Warning: There were undefined references.

Package rerunfilecheck Info: File `unified-cellular-circuit-model.out' has not 
changed.
(rerunfilecheck)             Checksum: 280E71964AE4B80E37BA73024F8AA796;8825.
 ) 
Here is how much of TeX's memory you used:
 17199 strings out of 467867
 269509 string characters out of 5418334
 752723 words of memory out of 5000000
 45146 multiletter control sequences out of 15000+600000
 750010 words of font info for 326 fonts, out of 8000000 for 9000
 1141 hyphenation exceptions out of 8191
 75i,14n,79p,1534b,672s stack positions out of 10000i,1000n,20000p,200000b,200000s
<C:/Users/kunda/AppData/Local/Programs/MiKTeX/fonts/type1/public/lm/lmbx10.pf
b><C:/Users/kunda/AppData/Local/Programs/MiKTeX/fonts/type1/public/lm/lmbx12.pf
b><C:/Users/kunda/AppData/Local/Programs/MiKTeX/fonts/type1/public/lm/lmbx7.pfb
><C:/Users/kunda/AppData/Local/Programs/MiKTeX/fonts/type1/public/lm/lmbx9.pfb>
<C:/Users/kunda/AppData/Local/Programs/MiKTeX/fonts/type1/public/lm/lmex10.pfb>
<C:/Users/kunda/AppData/Local/Programs/MiKTeX/fonts/type1/public/lm/lmmi10.pfb>
<C:/Users/kunda/AppData/Local/Programs/MiKTeX/fonts/type1/public/lm/lmmi5.pfb><
C:/Users/kunda/AppData/Local/Programs/MiKTeX/fonts/type1/public/lm/lmmi6.pfb><C
:/Users/kunda/AppData/Local/Programs/MiKTeX/fonts/type1/public/lm/lmmi7.pfb><C:
/Users/kunda/AppData/Local/Programs/MiKTeX/fonts/type1/public/lm/lmmi9.pfb><C:/
Users/kunda/AppData/Local/Programs/MiKTeX/fonts/type1/public/lm/lmr10.pfb><C:/U
sers/kunda/AppData/Local/Programs/MiKTeX/fonts/type1/public/lm/lmr12.pfb><C:/Us
ers/kunda/AppData/Local/Programs/MiKTeX/fonts/type1/public/lm/lmr5.pfb><C:/User
s/kunda/AppData/Local/Programs/MiKTeX/fonts/type1/public/lm/lmr6.pfb><C:/Users/
kunda/AppData/Local/Programs/MiKTeX/fonts/type1/public/lm/lmr7.pfb><C:/Users/ku
nda/AppData/Local/Programs/MiKTeX/fonts/type1/public/lm/lmr8.pfb><C:/Users/kund
a/AppData/Local/Programs/MiKTeX/fonts/type1/public/lm/lmr9.pfb><C:/Users/kunda/
AppData/Local/Programs/MiKTeX/fonts/type1/public/lm/lmri10.pfb><C:/Users/kunda/
AppData/Local/Programs/MiKTeX/fonts/type1/public/lm/lmri7.pfb><C:/Users/kunda/A
ppData/Local/Programs/MiKTeX/fonts/type1/public/lm/lmsy10.pfb><C:/Users/kunda/A
ppData/Local/Programs/MiKTeX/fonts/type1/public/lm/lmsy5.pfb><C:/Users/kunda/Ap
pData/Local/Programs/MiKTeX/fonts/type1/public/lm/lmsy6.pfb><C:/Users/kunda/App
Data/Local/Programs/MiKTeX/fonts/type1/public/lm/lmsy7.pfb><C:/Users/kunda/AppD
ata/Local/Programs/MiKTeX/fonts/type1/public/lm/lmsy9.pfb><C:/Users/kunda/AppDa
ta/Local/Programs/MiKTeX/fonts/type1/public/lm/lmtt9.pfb><C:/Users/kunda/AppDat
a/Local/Programs/MiKTeX/fonts/type1/public/amsfonts/symbols/msam10.pfb><C:/User
s/kunda/AppData/Local/Programs/MiKTeX/fonts/type1/public/amsfonts/symbols/msbm1
0.pfb>
Output written on unified-cellular-circuit-model.pdf (19 pages, 1503906 bytes).

PDF statistics:
 993 PDF objects out of 1000 (max. 8388607)
 242 named destinations out of 1000 (max. 500000)
 63871 words of extra memory for PDF output out of 74296 (max. 10000000)

