This is pdfTeX, Version 3.141592653-2.6-1.40.25 (MiKTeX 24.1) (preloaded format=pdflatex 2025.7.27)  9 NOV 2025 03:22
entering extended mode
 restricted \write18 enabled.
 %&-line parsing enabled.
**./genomic-bayesian-networks.tex
(genomic-bayesian-networks.tex
LaTeX2e <2023-11-01> patch level 1
L3 programming layer <2024-01-04>
(C:\Users\kundai\AppData\Local\Programs\MiKTeX\tex/latex/base\article.cls
Document Class: article 2023/05/17 v1.4n Standard LaTeX document class
(C:\Users\kundai\AppData\Local\Programs\MiKTeX\tex/latex/base\size10.clo
File: size10.clo 2023/05/17 v1.4n Standard LaTeX file (size option)
)
\c@part=\count187
\c@section=\count188
\c@subsection=\count189
\c@subsubsection=\count190
\c@paragraph=\count191
\c@subparagraph=\count192
\c@figure=\count193
\c@table=\count194
\abovecaptionskip=\skip48
\belowcaptionskip=\skip49
\bibindent=\dimen140
)
(C:\Users\kundai\AppData\Local\Programs\MiKTeX\tex/latex/base\inputenc.sty
Package: inputenc 2021/02/14 v1.3d Input encoding file
\inpenc@prehook=\toks17
\inpenc@posthook=\toks18
)
(C:\Users\kundai\AppData\Local\Programs\MiKTeX\tex/latex/geometry\geometry.sty
Package: geometry 2020/01/02 v5.9 Page Geometry

(C:\Users\kundai\AppData\Local\Programs\MiKTeX\tex/latex/graphics\keyval.sty
Package: keyval 2022/05/29 v1.15 key=value parser (DPC)
\KV@toks@=\toks19
)
(C:\Users\kundai\AppData\Local\Programs\MiKTeX\tex/generic/iftex\ifvtex.sty
Package: ifvtex 2019/10/25 v1.7 ifvtex legacy package. Use iftex instead.

(C:\Users\kundai\AppData\Local\Programs\MiKTeX\tex/generic/iftex\iftex.sty
Package: iftex 2022/02/03 v1.0f TeX engine tests
))
\Gm@cnth=\count195
\Gm@cntv=\count196
\c@Gm@tempcnt=\count197
\Gm@bindingoffset=\dimen141
\Gm@wd@mp=\dimen142
\Gm@odd@mp=\dimen143
\Gm@even@mp=\dimen144
\Gm@layoutwidth=\dimen145
\Gm@layoutheight=\dimen146
\Gm@layouthoffset=\dimen147
\Gm@layoutvoffset=\dimen148
\Gm@dimlist=\toks20

(C:\Users\kundai\AppData\Local\Programs\MiKTeX\tex/latex/geometry\geometry.cfg)
) (C:\Users\kundai\AppData\Local\Programs\MiKTeX\tex/latex/amsmath\amsmath.sty
Package: amsmath 2023/05/13 v2.17o AMS math features
\@mathmargin=\skip50

For additional information on amsmath, use the `?' option.
(C:\Users\kundai\AppData\Local\Programs\MiKTeX\tex/latex/amsmath\amstext.sty
Package: amstext 2021/08/26 v2.01 AMS text

(C:\Users\kundai\AppData\Local\Programs\MiKTeX\tex/latex/amsmath\amsgen.sty
File: amsgen.sty 1999/11/30 v2.0 generic functions
\@emptytoks=\toks21
\ex@=\dimen149
))
(C:\Users\kundai\AppData\Local\Programs\MiKTeX\tex/latex/amsmath\amsbsy.sty
Package: amsbsy 1999/11/29 v1.2d Bold Symbols
\pmbraise@=\dimen150
)
(C:\Users\kundai\AppData\Local\Programs\MiKTeX\tex/latex/amsmath\amsopn.sty
Package: amsopn 2022/04/08 v2.04 operator names
)
\inf@bad=\count198
LaTeX Info: Redefining \frac on input line 234.
\uproot@=\count199
\leftroot@=\count266
LaTeX Info: Redefining \overline on input line 399.
LaTeX Info: Redefining \colon on input line 410.
\classnum@=\count267
\DOTSCASE@=\count268
LaTeX Info: Redefining \ldots on input line 496.
LaTeX Info: Redefining \dots on input line 499.
LaTeX Info: Redefining \cdots on input line 620.
\Mathstrutbox@=\box51
\strutbox@=\box52
LaTeX Info: Redefining \big on input line 722.
LaTeX Info: Redefining \Big on input line 723.
LaTeX Info: Redefining \bigg on input line 724.
LaTeX Info: Redefining \Bigg on input line 725.
\big@size=\dimen151
LaTeX Font Info:    Redeclaring font encoding OML on input line 743.
LaTeX Font Info:    Redeclaring font encoding OMS on input line 744.
\macc@depth=\count269
LaTeX Info: Redefining \bmod on input line 905.
LaTeX Info: Redefining \pmod on input line 910.
LaTeX Info: Redefining \smash on input line 940.
LaTeX Info: Redefining \relbar on input line 970.
LaTeX Info: Redefining \Relbar on input line 971.
\c@MaxMatrixCols=\count270
\dotsspace@=\muskip16
\c@parentequation=\count271
\dspbrk@lvl=\count272
\tag@help=\toks22
\row@=\count273
\column@=\count274
\maxfields@=\count275
\andhelp@=\toks23
\eqnshift@=\dimen152
\alignsep@=\dimen153
\tagshift@=\dimen154
\tagwidth@=\dimen155
\totwidth@=\dimen156
\lineht@=\dimen157
\@envbody=\toks24
\multlinegap=\skip51
\multlinetaggap=\skip52
\mathdisplay@stack=\toks25
LaTeX Info: Redefining \[ on input line 2953.
LaTeX Info: Redefining \] on input line 2954.
)
(C:\Users\kundai\AppData\Local\Programs\MiKTeX\tex/latex/amsfonts\amssymb.sty
Package: amssymb 2013/01/14 v3.01 AMS font symbols

(C:\Users\kundai\AppData\Local\Programs\MiKTeX\tex/latex/amsfonts\amsfonts.sty
Package: amsfonts 2013/01/14 v3.01 Basic AMSFonts support
\symAMSa=\mathgroup4
\symAMSb=\mathgroup5
LaTeX Font Info:    Redeclaring math symbol \hbar on input line 98.
LaTeX Font Info:    Overwriting math alphabet `\mathfrak' in version `bold'
(Font)                  U/euf/m/n --> U/euf/b/n on input line 106.
))
(C:\Users\kundai\AppData\Local\Programs\MiKTeX\tex/latex/graphics\graphicx.sty
Package: graphicx 2021/09/16 v1.2d Enhanced LaTeX Graphics (DPC,SPQR)

(C:\Users\kundai\AppData\Local\Programs\MiKTeX\tex/latex/graphics\graphics.sty
Package: graphics 2022/03/10 v1.4e Standard LaTeX Graphics (DPC,SPQR)

(C:\Users\kundai\AppData\Local\Programs\MiKTeX\tex/latex/graphics\trig.sty
Package: trig 2021/08/11 v1.11 sin cos tan (DPC)
)
(C:\Users\kundai\AppData\Local\Programs\MiKTeX\tex/latex/graphics-cfg\graphics.
cfg
File: graphics.cfg 2016/06/04 v1.11 sample graphics configuration
)
Package graphics Info: Driver file: pdftex.def on input line 107.

(C:\Users\kundai\AppData\Local\Programs\MiKTeX\tex/latex/graphics-def\pdftex.de
f
File: pdftex.def 2022/09/22 v1.2b Graphics/color driver for pdftex
))
\Gin@req@height=\dimen158
\Gin@req@width=\dimen159
) (C:\Users\kundai\AppData\Local\Programs\MiKTeX\tex/latex/natbib\natbib.sty
Package: natbib 2010/09/13 8.31b (PWD, AO)
\bibhang=\skip53
\bibsep=\skip54
LaTeX Info: Redefining \cite on input line 694.
\c@NAT@ctr=\count276
)
(C:\Users\kundai\AppData\Local\Programs\MiKTeX\tex/latex/hyperref\hyperref.sty
Package: hyperref 2023-11-26 v7.01g Hypertext links for LaTeX

(C:\Users\kundai\AppData\Local\Programs\MiKTeX\tex/generic/infwarerr\infwarerr.
sty
Package: infwarerr 2019/12/03 v1.5 Providing info/warning/error messages (HO)
)
(C:\Users\kundai\AppData\Local\Programs\MiKTeX\tex/latex/kvsetkeys\kvsetkeys.st
y
Package: kvsetkeys 2022-10-05 v1.19 Key value parser (HO)
)
(C:\Users\kundai\AppData\Local\Programs\MiKTeX\tex/generic/kvdefinekeys\kvdefin
ekeys.sty
Package: kvdefinekeys 2019-12-19 v1.6 Define keys (HO)
)
(C:\Users\kundai\AppData\Local\Programs\MiKTeX\tex/generic/pdfescape\pdfescape.
sty
Package: pdfescape 2019/12/09 v1.15 Implements pdfTeX's escape features (HO)

(C:\Users\kundai\AppData\Local\Programs\MiKTeX\tex/generic/ltxcmds\ltxcmds.sty
Package: ltxcmds 2023-12-04 v1.26 LaTeX kernel commands for general use (HO)
)
(C:\Users\kundai\AppData\Local\Programs\MiKTeX\tex/generic/pdftexcmds\pdftexcmd
s.sty
Package: pdftexcmds 2020-06-27 v0.33 Utility functions of pdfTeX for LuaTeX (HO
)
Package pdftexcmds Info: \pdf@primitive is available.
Package pdftexcmds Info: \pdf@ifprimitive is available.
Package pdftexcmds Info: \pdfdraftmode found.
))
(C:\Users\kundai\AppData\Local\Programs\MiKTeX\tex/latex/hycolor\hycolor.sty
Package: hycolor 2020-01-27 v1.10 Color options for hyperref/bookmark (HO)
)
(C:\Users\kundai\AppData\Local\Programs\MiKTeX\tex/latex/letltxmacro\letltxmacr
o.sty
Package: letltxmacro 2019/12/03 v1.6 Let assignment for LaTeX macros (HO)
)
(C:\Users\kundai\AppData\Local\Programs\MiKTeX\tex/latex/auxhook\auxhook.sty
Package: auxhook 2019-12-17 v1.6 Hooks for auxiliary files (HO)
)
(C:\Users\kundai\AppData\Local\Programs\MiKTeX\tex/latex/hyperref\nameref.sty
Package: nameref 2023-11-26 v2.56 Cross-referencing by name of section

(C:\Users\kundai\AppData\Local\Programs\MiKTeX\tex/latex/refcount\refcount.sty
Package: refcount 2019/12/15 v3.6 Data extraction from label references (HO)
)
(C:\Users\kundai\AppData\Local\Programs\MiKTeX\tex/generic/gettitlestring\getti
tlestring.sty
Package: gettitlestring 2019/12/15 v1.6 Cleanup title references (HO)

(C:\Users\kundai\AppData\Local\Programs\MiKTeX\tex/latex/kvoptions\kvoptions.st
y
Package: kvoptions 2022-06-15 v3.15 Key value format for package options (HO)
))
\c@section@level=\count277
)
(C:\Users\kundai\AppData\Local\Programs\MiKTeX\tex/latex/etoolbox\etoolbox.sty
Package: etoolbox 2020/10/05 v2.5k e-TeX tools for LaTeX (JAW)
\etb@tempcnta=\count278
)
\@linkdim=\dimen160
\Hy@linkcounter=\count279
\Hy@pagecounter=\count280
(C:\Users\kundai\AppData\Local\Programs\MiKTeX\tex/latex/hyperref\pd1enc.def
File: pd1enc.def 2023-11-26 v7.01g Hyperref: PDFDocEncoding definition (HO)
Now handling font encoding PD1 ...
... no UTF-8 mapping file for font encoding PD1
)
(C:\Users\kundai\AppData\Local\Programs\MiKTeX\tex/generic/intcalc\intcalc.sty
Package: intcalc 2019/12/15 v1.3 Expandable calculations with integers (HO)
)
\Hy@SavedSpaceFactor=\count281
(C:\Users\kundai\AppData\Local\Programs\MiKTeX\tex/latex/hyperref\puenc.def
File: puenc.def 2023-11-26 v7.01g Hyperref: PDF Unicode definition (HO)
Now handling font encoding PU ...
... no UTF-8 mapping file for font encoding PU
)
Package hyperref Info: Hyper figures OFF on input line 4181.
Package hyperref Info: Link nesting OFF on input line 4186.
Package hyperref Info: Hyper index ON on input line 4189.
Package hyperref Info: Plain pages OFF on input line 4196.
Package hyperref Info: Backreferencing OFF on input line 4201.
Package hyperref Info: Implicit mode ON; LaTeX internals redefined.
Package hyperref Info: Bookmarks ON on input line 4448.
\c@Hy@tempcnt=\count282

(C:\Users\kundai\AppData\Local\Programs\MiKTeX\tex/latex/url\url.sty
\Urlmuskip=\muskip17
Package: url 2013/09/16  ver 3.4  Verb mode for urls, etc.
)
LaTeX Info: Redefining \url on input line 4786.
\XeTeXLinkMargin=\dimen161

(C:\Users\kundai\AppData\Local\Programs\MiKTeX\tex/generic/bitset\bitset.sty
Package: bitset 2019/12/09 v1.3 Handle bit-vector datatype (HO)

(C:\Users\kundai\AppData\Local\Programs\MiKTeX\tex/generic/bigintcalc\bigintcal
c.sty
Package: bigintcalc 2019/12/15 v1.5 Expandable calculations on big integers (HO
)
))
\Fld@menulength=\count283
\Field@Width=\dimen162
\Fld@charsize=\dimen163
Package hyperref Info: Hyper figures OFF on input line 6065.
Package hyperref Info: Link nesting OFF on input line 6070.
Package hyperref Info: Hyper index ON on input line 6073.
Package hyperref Info: backreferencing OFF on input line 6080.
Package hyperref Info: Link coloring OFF on input line 6085.
Package hyperref Info: Link coloring with OCG OFF on input line 6090.
Package hyperref Info: PDF/A mode OFF on input line 6095.

(C:\Users\kundai\AppData\Local\Programs\MiKTeX\tex/latex/base\atbegshi-ltx.sty
Package: atbegshi-ltx 2021/01/10 v1.0c Emulation of the original atbegshi
package with kernel methods
)
\Hy@abspage=\count284
\c@Item=\count285
\c@Hfootnote=\count286
)
Package hyperref Info: Driver (autodetected): hpdftex.
 (C:\Users\kundai\AppData\Local\Programs\MiKTeX\tex/latex/hyperref\hpdftex.def
File: hpdftex.def 2023-11-26 v7.01g Hyperref driver for pdfTeX

(C:\Users\kundai\AppData\Local\Programs\MiKTeX\tex/latex/base\atveryend-ltx.sty
Package: atveryend-ltx 2020/08/19 v1.0a Emulation of the original atveryend pac
kage
with kernel methods
)
\Fld@listcount=\count287
\c@bookmark@seq@number=\count288

(C:\Users\kundai\AppData\Local\Programs\MiKTeX\tex/latex/rerunfilecheck\rerunfi
lecheck.sty
Package: rerunfilecheck 2025-06-21 v1.11 Rerun checks for auxiliary files (HO)

(C:\Users\kundai\AppData\Local\Programs\MiKTeX\tex/generic/uniquecounter\unique
counter.sty
Package: uniquecounter 2019/12/15 v1.4 Provide unlimited unique counter (HO)
)
Package uniquecounter Info: New unique counter `rerunfilecheck' on input line 2
84.
)
\Hy@SectionHShift=\skip55
)
(C:\Users\kundai\AppData\Local\Programs\MiKTeX\tex/latex/lineno\lineno.sty
Package: lineno 2025/05/13 line numbers on paragraphs v5.5
\linenopenalty=\count289
\output=\toks26
\linenoprevgraf=\count290
\linenumbersep=\dimen164
\linenumberwidth=\dimen165
\c@linenumber=\count291
\c@pagewiselinenumber=\count292
\c@LN@truepage=\count293
\c@internallinenumber=\count294
\c@internallinenumbers=\count295
\quotelinenumbersep=\dimen166
\bframerule=\dimen167
\bframesep=\dimen168
\bframebox=\box53
\@LN@amsmath@ams@eqpen=\count296
)
(C:\Users\kundai\AppData\Local\Programs\MiKTeX\tex/latex/setspace\setspace.sty
Package: setspace 2022/12/04 v6.7b set line spacing
) (C:\Users\kundai\AppData\Local\Programs\MiKTeX\tex/latex/caption\caption.sty
Package: caption 2023/08/05 v3.6o Customizing captions (AR)

(C:\Users\kundai\AppData\Local\Programs\MiKTeX\tex/latex/caption\caption3.sty
Package: caption3 2023/07/31 v2.4d caption3 kernel (AR)
\caption@tempdima=\dimen169
\captionmargin=\dimen170
\caption@leftmargin=\dimen171
\caption@rightmargin=\dimen172
\caption@width=\dimen173
\caption@indent=\dimen174
\caption@parindent=\dimen175
\caption@hangindent=\dimen176
Package caption Info: Standard document class detected.
)
\c@caption@flags=\count297
\c@continuedfloat=\count298
Package caption Info: hyperref package is loaded.
)
(C:\Users\kundai\AppData\Local\Programs\MiKTeX\tex/latex/caption\subcaption.sty
Package: subcaption 2023/07/28 v1.6b Sub-captions (AR)
Package caption Info: New subtype `subfigure' on input line 238.
\c@subfigure=\count299
Package caption Info: New subtype `subtable' on input line 238.
\c@subtable=\count300
) (C:\Users\kundai\AppData\Local\Programs\MiKTeX\tex/latex/physics\physics.sty
Package: physics 

(C:\Users\kundai\AppData\Local\Programs\MiKTeX\tex/latex/l3packages/xparse\xpar
se.sty
(C:\Users\kundai\AppData\Local\Programs\MiKTeX\tex/latex/l3kernel\expl3.sty
Package: expl3 2024-01-04 L3 programming layer (loader) 

(C:\Users\kundai\AppData\Local\Programs\MiKTeX\tex/latex/l3backend\l3backend-pd
ftex.def
File: l3backend-pdftex.def 2024-01-04 L3 backend support: PDF output (pdfTeX)
\l__color_backend_stack_int=\count301
\l__pdf_internal_box=\box54
))
Package: xparse 2023-10-10 L3 Experimental document command parser
))
(C:\Users\kundai\AppData\Local\Programs\MiKTeX\tex/latex/siunitx\siunitx.sty
Package: siunitx 2025-07-09 v3.4.14 A comprehensive (SI) units package
\l__siunitx_number_uncert_offset_int=\count302
\l__siunitx_number_exponent_fixed_int=\count303
\l__siunitx_number_min_decimal_int=\count304
\l__siunitx_number_min_integer_int=\count305
\l__siunitx_number_round_precision_int=\count306
\l__siunitx_number_lower_threshold_int=\count307
\l__siunitx_number_upper_threshold_int=\count308
\l__siunitx_number_group_first_int=\count309
\l__siunitx_number_group_size_int=\count310
\l__siunitx_number_group_minimum_int=\count311
\l__siunitx_angle_tmp_dim=\dimen177
\l__siunitx_angle_marker_box=\box55
\l__siunitx_angle_unit_box=\box56
\l__siunitx_compound_count_int=\count312

(C:\Users\kundai\AppData\Local\Programs\MiKTeX\tex/latex/translations\translati
ons.sty
Package: translations 2022/02/05 v1.12 internationalization of LaTeX2e packages
 (CN)
)
\l__siunitx_table_tmp_box=\box57
\l__siunitx_table_tmp_dim=\dimen178
\l__siunitx_table_column_width_dim=\dimen179
\l__siunitx_table_integer_box=\box58
\l__siunitx_table_decimal_box=\box59
\l__siunitx_table_uncert_box=\box60
\l__siunitx_table_before_box=\box61
\l__siunitx_table_after_box=\box62
\l__siunitx_table_before_dim=\dimen180
\l__siunitx_table_carry_dim=\dimen181
\l__siunitx_unit_tmp_int=\count313
\l__siunitx_unit_position_int=\count314
\l__siunitx_unit_total_int=\count315

(C:\Users\kundai\AppData\Local\Programs\MiKTeX\tex/latex/tools\array.sty
Package: array 2023/10/16 v2.5g Tabular extension package (FMi)
\col@sep=\dimen182
\ar@mcellbox=\box63
\extrarowheight=\dimen183
\NC@list=\toks27
\extratabsurround=\skip56
\backup@length=\skip57
\ar@cellbox=\box64
))
(C:\Users\kundai\AppData\Local\Programs\MiKTeX\tex/latex/booktabs\booktabs.sty
Package: booktabs 2020/01/12 v1.61803398 Publication quality tables
\heavyrulewidth=\dimen184
\lightrulewidth=\dimen185
\cmidrulewidth=\dimen186
\belowrulesep=\dimen187
\belowbottomsep=\dimen188
\aboverulesep=\dimen189
\abovetopsep=\dimen190
\cmidrulesep=\dimen191
\cmidrulekern=\dimen192
\defaultaddspace=\dimen193
\@cmidla=\count316
\@cmidlb=\count317
\@aboverulesep=\dimen194
\@belowrulesep=\dimen195
\@thisruleclass=\count318
\@lastruleclass=\count319
\@thisrulewidth=\dimen196
)
(C:\Users\kundai\AppData\Local\Programs\MiKTeX\tex/latex/algorithms\algorithm.s
ty
Package: algorithm 2009/08/24 v0.1 Document Style `algorithm' - floating enviro
nment
 (C:\Users\kundai\AppData\Local\Programs\MiKTeX\tex/latex/float\float.sty
Package: float 2001/11/08 v1.3d Float enhancements (AL)
\c@float@type=\count320
\float@exts=\toks28
\float@box=\box65
\@float@everytoks=\toks29
\@floatcapt=\box66
)
(C:\Users\kundai\AppData\Local\Programs\MiKTeX\tex/latex/base\ifthen.sty
Package: ifthen 2022/04/13 v1.1d Standard LaTeX ifthen package (DPC)
)
\@float@every@algorithm=\toks30
\c@algorithm=\count321
)
(C:\Users\kundai\AppData\Local\Programs\MiKTeX\tex/latex/algorithms\algorithmic
.sty
Package: algorithmic 2009/08/24 v0.1 Document Style `algorithmic'
\c@ALC@unique=\count322
\c@ALC@line=\count323
\c@ALC@rem=\count324
\c@ALC@depth=\count325
\ALC@tlm=\skip58
\algorithmicindent=\skip59
)
Package translations Info: No language package found. I am going to use `englis
h' as default language. on input line 36.

(C:\Users\kundai\AppData\Local\Programs\MiKTeX\tex/latex/graphics\color.sty
Package: color 2022/01/06 v1.3d Standard LaTeX Color (DPC)

(C:\Users\kundai\AppData\Local\Programs\MiKTeX\tex/latex/graphics-cfg\color.cfg
File: color.cfg 2016/01/02 v1.6 sample color configuration
)
Package color Info: Driver file: pdftex.def on input line 149.

(C:\Users\kundai\AppData\Local\Programs\MiKTeX\tex/latex/graphics\mathcolor.ltx
)) (genomic-bayesian-networks.aux

LaTeX Warning: Label `fig:geometry_analysis' multiply defined.

)
\openout1 = `genomic-bayesian-networks.aux'.

LaTeX Font Info:    Checking defaults for OML/cmm/m/it on input line 36.
LaTeX Font Info:    ... okay on input line 36.
LaTeX Font Info:    Checking defaults for OMS/cmsy/m/n on input line 36.
LaTeX Font Info:    ... okay on input line 36.
LaTeX Font Info:    Checking defaults for OT1/cmr/m/n on input line 36.
LaTeX Font Info:    ... okay on input line 36.
LaTeX Font Info:    Checking defaults for T1/cmr/m/n on input line 36.
LaTeX Font Info:    ... okay on input line 36.
LaTeX Font Info:    Checking defaults for TS1/cmr/m/n on input line 36.
LaTeX Font Info:    ... okay on input line 36.
LaTeX Font Info:    Checking defaults for OMX/cmex/m/n on input line 36.
LaTeX Font Info:    ... okay on input line 36.
LaTeX Font Info:    Checking defaults for U/cmr/m/n on input line 36.
LaTeX Font Info:    ... okay on input line 36.
LaTeX Font Info:    Checking defaults for PD1/pdf/m/n on input line 36.
LaTeX Font Info:    ... okay on input line 36.
LaTeX Font Info:    Checking defaults for PU/pdf/m/n on input line 36.
LaTeX Font Info:    ... okay on input line 36.

*geometry* driver: auto-detecting
*geometry* detected driver: pdftex
*geometry* verbose mode - [ preamble ] result:
* driver: pdftex
* paper: <default>
* layout: <same size as paper>
* layoutoffset:(h,v)=(0.0pt,0.0pt)
* modes: 
* h-part:(L,W,R)=(72.26999pt, 469.75502pt, 72.26999pt)
* v-part:(T,H,B)=(72.26999pt, 650.43001pt, 72.26999pt)
* \paperwidth=614.295pt
* \paperheight=794.96999pt
* \textwidth=469.75502pt
* \textheight=650.43001pt
* \oddsidemargin=0.0pt
* \evensidemargin=0.0pt
* \topmargin=-37.0pt
* \headheight=12.0pt
* \headsep=25.0pt
* \topskip=10.0pt
* \footskip=30.0pt
* \marginparwidth=65.0pt
* \marginparsep=11.0pt
* \columnsep=10.0pt
* \skip\footins=9.0pt plus 4.0pt minus 2.0pt
* \hoffset=0.0pt
* \voffset=0.0pt
* \mag=1000
* \@twocolumnfalse
* \@twosidefalse
* \@mparswitchfalse
* \@reversemarginfalse
* (1in=72.27pt=25.4mm, 1cm=28.453pt)


(C:\Users\kundai\AppData\Local\Programs\MiKTeX\tex/context/base/mkii\supp-pdf.m
kii
[Loading MPS to PDF converter (version 2006.09.02).]
\scratchcounter=\count326
\scratchdimen=\dimen197
\scratchbox=\box67
\nofMPsegments=\count327
\nofMParguments=\count328
\everyMPshowfont=\toks31
\MPscratchCnt=\count329
\MPscratchDim=\dimen198
\MPnumerator=\count330
\makeMPintoPDFobject=\count331
\everyMPtoPDFconversion=\toks32
)
(C:\Users\kundai\AppData\Local\Programs\MiKTeX\tex/latex/epstopdf-pkg\epstopdf-
base.sty
Package: epstopdf-base 2020-01-24 v2.11 Base part for package epstopdf
Package epstopdf-base Info: Redefining graphics rule for `.eps' on input line 4
85.

(C:\Users\kundai\AppData\Local\Programs\MiKTeX\tex/latex/00miktex\epstopdf-sys.
cfg
File: epstopdf-sys.cfg 2021/03/18 v2.0 Configuration of epstopdf for MiKTeX
))
Package hyperref Info: Link coloring OFF on input line 36.
 (genomic-bayesian-networks.out) (genomic-bayesian-networks.out)
\@outlinefile=\write3
\openout3 = `genomic-bayesian-networks.out'.

Package caption Info: Begin \AtBeginDocument code.
Package caption Info: float package is loaded.
Package caption Info: End \AtBeginDocument code.


Package siunitx Warning: Detected the "physics" package:
(siunitx)                omitting definition of \qty.
(siunitx)                
(siunitx)                If you want to use \qty with the siunitx definition,
(siunitx)                add 
(siunitx)                
(siunitx)                    \AtBeginDocument{\RenewCommandCopy\qty\SI}
(siunitx)                
(siunitx)                to your preamble.


(C:\Users\kundai\AppData\Local\Programs\MiKTeX\tex/latex/translations/dicts\tra
nslations-basic-dictionary-english.trsl
File: translations-basic-dictionary-english.trsl (english translation file `tra
nslations-basic-dictionary')
)
Package translations Info: loading dictionary `translations-basic-dictionary' f
or `english'. on input line 36.
LaTeX Font Info:    Trying to load font information for U+msa on input line 39.


(C:\Users\kundai\AppData\Local\Programs\MiKTeX\tex/latex/amsfonts\umsa.fd
File: umsa.fd 2013/01/14 v3.01 AMS symbols A
)
LaTeX Font Info:    Trying to load font information for U+msb on input line 39.


(C:\Users\kundai\AppData\Local\Programs\MiKTeX\tex/latex/amsfonts\umsb.fd
File: umsb.fd 2013/01/14 v3.01 AMS symbols B
)
[1

{C:/Users/kundai/AppData/Local/MiKTeX/fonts/map/pdftex/pdftex.map}]
(genomic-bayesian-networks.toc [2] [3])
\tf@toc=\write4
\openout4 = `genomic-bayesian-networks.toc'.

 [4] [5] [6] [7] [8]
<figures/genome_validation_comprehensive.png, id=457, 1293.633pt x 1065.5007pt>

File: figures/genome_validation_comprehensive.png Graphic file (type png)
<use figures/genome_validation_comprehensive.png>
Package pdftex.def Info: figures/genome_validation_comprehensive.png  used on i
nput line 186.
(pdftex.def)             Requested size: 446.26582pt x 367.56563pt.


LaTeX Warning: Float too large for page by 58.13562pt on input line 199.

Package hyperref Info: bookmark level for unknown algorithm defaults to 0 on in
put line 228.
[9] [10 <./figures/genome_validation_comprehensive.png>] [11]
<figures/figure_geometry_analysis.png, id=492, 1189.5642pt x 987.9309pt>
File: figures/figure_geometry_analysis.png Graphic file (type png)
<use figures/figure_geometry_analysis.png>
Package pdftex.def Info: figures/figure_geometry_analysis.png  used on input li
ne 316.
(pdftex.def)             Requested size: 446.26582pt x 370.62392pt.


! LaTeX Error: Unicode character ≈ (U+2248)
               not set up for use with LaTeX.

See the LaTeX manual or LaTeX Companion for explanation.
Type  H <return>  for immediate help.
 ...                                              
                                                  
l.326 ... data into quantifiable geometric space.}
                                                  
You may provide a definition with
\DeclareUnicodeCharacter 


! LaTeX Error: Unicode character ≈ (U+2248)
               not set up for use with LaTeX.

See the LaTeX manual or LaTeX Companion for explanation.
Type  H <return>  for immediate help.
 ...                                              
                                                  
l.326 ... data into quantifiable geometric space.}
                                                  
You may provide a definition with
\DeclareUnicodeCharacter 

[12] [13 <./figures/figure_geometry_analysis.png>] [14]
<figures/figure_genome_parser.png, id=524, 1174.6284pt x 1005.9984pt>
File: figures/figure_genome_parser.png Graphic file (type png)
<use figures/figure_genome_parser.png>
Package pdftex.def Info: figures/figure_genome_parser.png  used on input line 4
11.
(pdftex.def)             Requested size: 446.26582pt x 382.19125pt.
 [15] [16 <./figures/figure_genome_parser.png>] [17]
<figures/geometric_validation_analysis.png, id=543, 1072.4868pt x 851.3406pt>
File: figures/geometric_validation_analysis.png Graphic file (type png)
<use figures/geometric_validation_analysis.png>
Package pdftex.def Info: figures/geometric_validation_analysis.png  used on inp
ut line 523.
(pdftex.def)             Requested size: 399.29463pt x 316.95264pt.
 [18] [19 <./figures/geometric_validation_analysis.png>]

Package hyperref Warning: Token not allowed in a PDF string (Unicode):
(hyperref)                removing `math shift' on input line 577.


Package hyperref Warning: Token not allowed in a PDF string (Unicode):
(hyperref)                removing `\times' on input line 577.


Package hyperref Warning: Token not allowed in a PDF string (Unicode):
(hyperref)                removing `math shift' on input line 577.

[20]
<figures/information_enhancement_validation.png, id=563, 1072.2459pt x 851.3406
pt>
File: figures/information_enhancement_validation.png Graphic file (type png)
<use figures/information_enhancement_validation.png>
Package pdftex.def Info: figures/information_enhancement_validation.png  used o
n input line 620.
(pdftex.def)             Requested size: 446.26582pt x 354.326pt.
 [21] [22 <./figures/information_enhancement_validation.png>] [23] [24]
[25]
File: figures/figure_geometry_analysis.png Graphic file (type png)
<use figures/figure_geometry_analysis.png>
Package pdftex.def Info: figures/figure_geometry_analysis.png  used on input li
ne 791.
(pdftex.def)             Requested size: 446.26582pt x 370.62392pt.


! LaTeX Error: Unicode character ≈ (U+2248)
               not set up for use with LaTeX.

See the LaTeX manual or LaTeX Companion for explanation.
Type  H <return>  for immediate help.
 ...                                              
                                                  
l.801 ... data into quantifiable geometric space.}
                                                  
You may provide a definition with
\DeclareUnicodeCharacter 


! LaTeX Error: Unicode character ≈ (U+2248)
               not set up for use with LaTeX.

See the LaTeX manual or LaTeX Companion for explanation.
Type  H <return>  for immediate help.
 ...                                              
                                                  
l.801 ... data into quantifiable geometric space.}
                                                  
You may provide a definition with
\DeclareUnicodeCharacter 

[26] [27]

Package hyperref Warning: Token not allowed in a PDF string (Unicode):
(hyperref)                removing `math shift' on input line 863.


Package hyperref Warning: Token not allowed in a PDF string (Unicode):
(hyperref)                removing `\times' on input line 863.


Package hyperref Warning: Token not allowed in a PDF string (Unicode):
(hyperref)                removing `math shift' on input line 863.

<figures/palindrome_analysis.png, id=607, 1072.2459pt x 851.3406pt>
File: figures/palindrome_analysis.png Graphic file (type png)
<use figures/palindrome_analysis.png>
Package pdftex.def Info: figures/palindrome_analysis.png  used on input line 87
9.
(pdftex.def)             Requested size: 399.29463pt x 317.03058pt.
[28] [29 <./figures/palindrome_analysis.png>] [30] [31] [32] [33] [34]
Overfull \hbox (66.93825pt too wide) in paragraph at lines 1104--1105
\OT1/cmr/m/n/10 All anal-y-sis code, pro-cessed data, and sup-ple-men-tary fig-
ures are avail-able at: []$\OT1/cmtt/m/n/10 https : / / github . com / fullscre
en-[]triangle /
 []

(genomic-bayesian-networks.bbl [35]) [36] (genomic-bayesian-networks.aux)
 ***********
LaTeX2e <2023-11-01> patch level 1
L3 programming layer <2024-01-04>
 ***********


LaTeX Warning: There were multiply-defined labels.

Package rerunfilecheck Info: File `genomic-bayesian-networks.out' has not chang
ed.
(rerunfilecheck)             Checksum: 934FE9C703418ABF309E3459C4BCF4C9;15388.
 ) 
Here is how much of TeX's memory you used:
 17654 strings out of 474486
 339515 string characters out of 5743283
 1939542 words of memory out of 5000000
 39513 multiletter control sequences out of 15000+600000
 569729 words of font info for 81 fonts, out of 8000000 for 9000
 1141 hyphenation exceptions out of 8191
 79i,13n,93p,3230b,1157s stack positions out of 10000i,1000n,20000p,200000b,200000s
 <C:\Users\kundai\AppData\Local\MiKTeX\fonts/pk/ljfour/jknappen/ec/dpi600\tcr
m1000.pk><C:/Users/kundai/AppData/Local/Programs/MiKTeX/fonts/type1/public/amsf
onts/cm/cmbx10.pfb><C:/Users/kundai/AppData/Local/Programs/MiKTeX/fonts/type1/p
ublic/amsfonts/cm/cmbx12.pfb><C:/Users/kundai/AppData/Local/Programs/MiKTeX/fon
ts/type1/public/amsfonts/cm/cmbx7.pfb><C:/Users/kundai/AppData/Local/Programs/M
iKTeX/fonts/type1/public/amsfonts/cm/cmbx9.pfb><C:/Users/kundai/AppData/Local/P
rograms/MiKTeX/fonts/type1/public/amsfonts/cm/cmex10.pfb><C:/Users/kundai/AppDa
ta/Local/Programs/MiKTeX/fonts/type1/public/amsfonts/cm/cmmi10.pfb><C:/Users/ku
ndai/AppData/Local/Programs/MiKTeX/fonts/type1/public/amsfonts/cm/cmmi7.pfb><C:
/Users/kundai/AppData/Local/Programs/MiKTeX/fonts/type1/public/amsfonts/cm/cmmi
9.pfb><C:/Users/kundai/AppData/Local/Programs/MiKTeX/fonts/type1/public/amsfont
s/cm/cmr10.pfb><C:/Users/kundai/AppData/Local/Programs/MiKTeX/fonts/type1/publi
c/amsfonts/cm/cmr12.pfb><C:/Users/kundai/AppData/Local/Programs/MiKTeX/fonts/ty
pe1/public/amsfonts/cm/cmr5.pfb><C:/Users/kundai/AppData/Local/Programs/MiKTeX/
fonts/type1/public/amsfonts/cm/cmr7.pfb><C:/Users/kundai/AppData/Local/Programs
/MiKTeX/fonts/type1/public/amsfonts/cm/cmr8.pfb><C:/Users/kundai/AppData/Local/
Programs/MiKTeX/fonts/type1/public/amsfonts/cm/cmr9.pfb><C:/Users/kundai/AppDat
a/Local/Programs/MiKTeX/fonts/type1/public/amsfonts/cm/cmsy10.pfb><C:/Users/kun
dai/AppData/Local/Programs/MiKTeX/fonts/type1/public/amsfonts/cm/cmsy7.pfb><C:/
Users/kundai/AppData/Local/Programs/MiKTeX/fonts/type1/public/amsfonts/cm/cmsy9
.pfb><C:/Users/kundai/AppData/Local/Programs/MiKTeX/fonts/type1/public/amsfonts
/cm/cmti10.pfb><C:/Users/kundai/AppData/Local/Programs/MiKTeX/fonts/type1/publi
c/amsfonts/cm/cmtt10.pfb><C:/Users/kundai/AppData/Local/Programs/MiKTeX/fonts/t
ype1/public/amsfonts/cm/cmtt12.pfb>
Output written on genomic-bayesian-networks.pdf (36 pages, 4491220 bytes).
PDF statistics:
 819 PDF objects out of 1000 (max. 8388607)
 220 named destinations out of 1000 (max. 500000)
 575 words of extra memory for PDF output out of 10000 (max. 10000000)

