This is pdfTeX, Version 3.141592653-2.6-1.40.25 (MiKTeX 24.1) (preloaded format=pdflatex 2025.7.27)  10 JAN 2026 22:04
entering extended mode
 restricted \write18 enabled.
 %&-line parsing enabled.
**./partition-based-cellular-state-equations.tex
(partition-based-cellular-state-equations.tex
LaTeX2e <2023-11-01> patch level 1
L3 programming layer <2024-01-04>
(C:\Users\kundai\AppData\Local\Programs\MiKTeX\tex/latex/base\article.cls
Document Class: article 2023/05/17 v1.4n Standard LaTeX document class
(C:\Users\kundai\AppData\Local\Programs\MiKTeX\tex/latex/base\size12.clo
File: size12.clo 2023/05/17 v1.4n Standard LaTeX file (size option)
)
\c@part=\count187
\c@section=\count188
\c@subsection=\count189
\c@subsubsection=\count190
\c@paragraph=\count191
\c@subparagraph=\count192
\c@figure=\count193
\c@table=\count194
\abovecaptionskip=\skip48
\belowcaptionskip=\skip49
\bibindent=\dimen140
)
(C:\Users\kundai\AppData\Local\Programs\MiKTeX\tex/latex/base\inputenc.sty
Package: inputenc 2021/02/14 v1.3d Input encoding file
\inpenc@prehook=\toks17
\inpenc@posthook=\toks18
)
(C:\Users\kundai\AppData\Local\Programs\MiKTeX\tex/latex/base\fontenc.sty
Package: fontenc 2021/04/29 v2.0v Standard LaTeX package
)
(C:\Users\kundai\AppData\Local\Programs\MiKTeX\tex/latex/amsmath\amsmath.sty
Package: amsmath 2023/05/13 v2.17o AMS math features
\@mathmargin=\skip50

For additional information on amsmath, use the `?' option.
(C:\Users\kundai\AppData\Local\Programs\MiKTeX\tex/latex/amsmath\amstext.sty
Package: amstext 2021/08/26 v2.01 AMS text

(C:\Users\kundai\AppData\Local\Programs\MiKTeX\tex/latex/amsmath\amsgen.sty
File: amsgen.sty 1999/11/30 v2.0 generic functions
\@emptytoks=\toks19
\ex@=\dimen141
))
(C:\Users\kundai\AppData\Local\Programs\MiKTeX\tex/latex/amsmath\amsbsy.sty
Package: amsbsy 1999/11/29 v1.2d Bold Symbols
\pmbraise@=\dimen142
)
(C:\Users\kundai\AppData\Local\Programs\MiKTeX\tex/latex/amsmath\amsopn.sty
Package: amsopn 2022/04/08 v2.04 operator names
)
\inf@bad=\count195
LaTeX Info: Redefining \frac on input line 234.
\uproot@=\count196
\leftroot@=\count197
LaTeX Info: Redefining \overline on input line 399.
LaTeX Info: Redefining \colon on input line 410.
\classnum@=\count198
\DOTSCASE@=\count199
LaTeX Info: Redefining \ldots on input line 496.
LaTeX Info: Redefining \dots on input line 499.
LaTeX Info: Redefining \cdots on input line 620.
\Mathstrutbox@=\box51
\strutbox@=\box52
LaTeX Info: Redefining \big on input line 722.
LaTeX Info: Redefining \Big on input line 723.
LaTeX Info: Redefining \bigg on input line 724.
LaTeX Info: Redefining \Bigg on input line 725.
\big@size=\dimen143
LaTeX Font Info:    Redeclaring font encoding OML on input line 743.
LaTeX Font Info:    Redeclaring font encoding OMS on input line 744.
\macc@depth=\count266
LaTeX Info: Redefining \bmod on input line 905.
LaTeX Info: Redefining \pmod on input line 910.
LaTeX Info: Redefining \smash on input line 940.
LaTeX Info: Redefining \relbar on input line 970.
LaTeX Info: Redefining \Relbar on input line 971.
\c@MaxMatrixCols=\count267
\dotsspace@=\muskip16
\c@parentequation=\count268
\dspbrk@lvl=\count269
\tag@help=\toks20
\row@=\count270
\column@=\count271
\maxfields@=\count272
\andhelp@=\toks21
\eqnshift@=\dimen144
\alignsep@=\dimen145
\tagshift@=\dimen146
\tagwidth@=\dimen147
\totwidth@=\dimen148
\lineht@=\dimen149
\@envbody=\toks22
\multlinegap=\skip51
\multlinetaggap=\skip52
\mathdisplay@stack=\toks23
LaTeX Info: Redefining \[ on input line 2953.
LaTeX Info: Redefining \] on input line 2954.
)
(C:\Users\kundai\AppData\Local\Programs\MiKTeX\tex/latex/amsfonts\amssymb.sty
Package: amssymb 2013/01/14 v3.01 AMS font symbols

(C:\Users\kundai\AppData\Local\Programs\MiKTeX\tex/latex/amsfonts\amsfonts.sty
Package: amsfonts 2013/01/14 v3.01 Basic AMSFonts support
\symAMSa=\mathgroup4
\symAMSb=\mathgroup5
LaTeX Font Info:    Redeclaring math symbol \hbar on input line 98.
LaTeX Font Info:    Overwriting math alphabet `\mathfrak' in version `bold'
(Font)                  U/euf/m/n --> U/euf/b/n on input line 106.
)) (C:\Users\kundai\AppData\Local\Programs\MiKTeX\tex/latex/amscls\amsthm.sty
Package: amsthm 2020/05/29 v2.20.6
\thm@style=\toks24
\thm@bodyfont=\toks25
\thm@headfont=\toks26
\thm@notefont=\toks27
\thm@headpunct=\toks28
\thm@preskip=\skip53
\thm@postskip=\skip54
\thm@headsep=\skip55
\dth@everypar=\toks29
)
(C:\Users\kundai\AppData\Local\Programs\MiKTeX\tex/latex/mathtools\mathtools.st
y
Package: mathtools 2024/10/04 v1.31 mathematical typesetting tools
 (C:\Users\kundai\AppData\Local\Programs\MiKTeX\tex/latex/graphics\keyval.sty
Package: keyval 2022/05/29 v1.15 key=value parser (DPC)
\KV@toks@=\toks30
) (C:\Users\kundai\AppData\Local\Programs\MiKTeX\tex/latex/tools\calc.sty
Package: calc 2023/07/08 v4.3 Infix arithmetic (KKT,FJ)
\calc@Acount=\count273
\calc@Bcount=\count274
\calc@Adimen=\dimen150
\calc@Bdimen=\dimen151
\calc@Askip=\skip56
\calc@Bskip=\skip57
LaTeX Info: Redefining \setlength on input line 80.
LaTeX Info: Redefining \addtolength on input line 81.
\calc@Ccount=\count275
\calc@Cskip=\skip58
)
(C:\Users\kundai\AppData\Local\Programs\MiKTeX\tex/latex/mathtools\mhsetup.sty
Package: mhsetup 2021/03/18 v1.4 programming setup (MH)
)
\g_MT_multlinerow_int=\count276
\l_MT_multwidth_dim=\dimen152
\origjot=\skip59
\l_MT_shortvdotswithinadjustabove_dim=\dimen153
\l_MT_shortvdotswithinadjustbelow_dim=\dimen154
\l_MT_above_intertext_sep=\dimen155
\l_MT_below_intertext_sep=\dimen156
\l_MT_above_shortintertext_sep=\dimen157
\l_MT_below_shortintertext_sep=\dimen158
\xmathstrut@box=\box53
\xmathstrut@dim=\dimen159
) (C:\Users\kundai\AppData\Local\Programs\MiKTeX\tex/latex/physics\physics.sty
Package: physics 

(C:\Users\kundai\AppData\Local\Programs\MiKTeX\tex/latex/l3packages/xparse\xpar
se.sty
(C:\Users\kundai\AppData\Local\Programs\MiKTeX\tex/latex/l3kernel\expl3.sty
Package: expl3 2024-01-04 L3 programming layer (loader) 

(C:\Users\kundai\AppData\Local\Programs\MiKTeX\tex/latex/l3backend\l3backend-pd
ftex.def
File: l3backend-pdftex.def 2024-01-04 L3 backend support: PDF output (pdfTeX)
\l__color_backend_stack_int=\count277
\l__pdf_internal_box=\box54
))
Package: xparse 2023-10-10 L3 Experimental document command parser
))
(C:\Users\kundai\AppData\Local\Programs\MiKTeX\tex/latex/graphics\graphicx.sty
Package: graphicx 2021/09/16 v1.2d Enhanced LaTeX Graphics (DPC,SPQR)

(C:\Users\kundai\AppData\Local\Programs\MiKTeX\tex/latex/graphics\graphics.sty
Package: graphics 2022/03/10 v1.4e Standard LaTeX Graphics (DPC,SPQR)

(C:\Users\kundai\AppData\Local\Programs\MiKTeX\tex/latex/graphics\trig.sty
Package: trig 2021/08/11 v1.11 sin cos tan (DPC)
)
(C:\Users\kundai\AppData\Local\Programs\MiKTeX\tex/latex/graphics-cfg\graphics.
cfg
File: graphics.cfg 2016/06/04 v1.11 sample graphics configuration
)
Package graphics Info: Driver file: pdftex.def on input line 107.

(C:\Users\kundai\AppData\Local\Programs\MiKTeX\tex/latex/graphics-def\pdftex.de
f
File: pdftex.def 2022/09/22 v1.2b Graphics/color driver for pdftex
))
\Gin@req@height=\dimen160
\Gin@req@width=\dimen161
)
(C:\Users\kundai\AppData\Local\Programs\MiKTeX\tex/latex/hyperref\hyperref.sty
Package: hyperref 2023-11-26 v7.01g Hypertext links for LaTeX

(C:\Users\kundai\AppData\Local\Programs\MiKTeX\tex/generic/iftex\iftex.sty
Package: iftex 2022/02/03 v1.0f TeX engine tests
)
(C:\Users\kundai\AppData\Local\Programs\MiKTeX\tex/generic/infwarerr\infwarerr.
sty
Package: infwarerr 2019/12/03 v1.5 Providing info/warning/error messages (HO)
)
(C:\Users\kundai\AppData\Local\Programs\MiKTeX\tex/latex/kvsetkeys\kvsetkeys.st
y
Package: kvsetkeys 2022-10-05 v1.19 Key value parser (HO)
)
(C:\Users\kundai\AppData\Local\Programs\MiKTeX\tex/generic/kvdefinekeys\kvdefin
ekeys.sty
Package: kvdefinekeys 2019-12-19 v1.6 Define keys (HO)
)
(C:\Users\kundai\AppData\Local\Programs\MiKTeX\tex/generic/pdfescape\pdfescape.
sty
Package: pdfescape 2019/12/09 v1.15 Implements pdfTeX's escape features (HO)

(C:\Users\kundai\AppData\Local\Programs\MiKTeX\tex/generic/ltxcmds\ltxcmds.sty
Package: ltxcmds 2023-12-04 v1.26 LaTeX kernel commands for general use (HO)
)
(C:\Users\kundai\AppData\Local\Programs\MiKTeX\tex/generic/pdftexcmds\pdftexcmd
s.sty
Package: pdftexcmds 2020-06-27 v0.33 Utility functions of pdfTeX for LuaTeX (HO
)
Package pdftexcmds Info: \pdf@primitive is available.
Package pdftexcmds Info: \pdf@ifprimitive is available.
Package pdftexcmds Info: \pdfdraftmode found.
))
(C:\Users\kundai\AppData\Local\Programs\MiKTeX\tex/latex/hycolor\hycolor.sty
Package: hycolor 2020-01-27 v1.10 Color options for hyperref/bookmark (HO)
)
(C:\Users\kundai\AppData\Local\Programs\MiKTeX\tex/latex/letltxmacro\letltxmacr
o.sty
Package: letltxmacro 2019/12/03 v1.6 Let assignment for LaTeX macros (HO)
)
(C:\Users\kundai\AppData\Local\Programs\MiKTeX\tex/latex/auxhook\auxhook.sty
Package: auxhook 2019-12-17 v1.6 Hooks for auxiliary files (HO)
)
(C:\Users\kundai\AppData\Local\Programs\MiKTeX\tex/latex/hyperref\nameref.sty
Package: nameref 2023-11-26 v2.56 Cross-referencing by name of section

(C:\Users\kundai\AppData\Local\Programs\MiKTeX\tex/latex/refcount\refcount.sty
Package: refcount 2019/12/15 v3.6 Data extraction from label references (HO)
)
(C:\Users\kundai\AppData\Local\Programs\MiKTeX\tex/generic/gettitlestring\getti
tlestring.sty
Package: gettitlestring 2019/12/15 v1.6 Cleanup title references (HO)

(C:\Users\kundai\AppData\Local\Programs\MiKTeX\tex/latex/kvoptions\kvoptions.st
y
Package: kvoptions 2022-06-15 v3.15 Key value format for package options (HO)
))
\c@section@level=\count278
)
(C:\Users\kundai\AppData\Local\Programs\MiKTeX\tex/latex/etoolbox\etoolbox.sty
Package: etoolbox 2020/10/05 v2.5k e-TeX tools for LaTeX (JAW)
\etb@tempcnta=\count279
)
\@linkdim=\dimen162
\Hy@linkcounter=\count280
\Hy@pagecounter=\count281
(C:\Users\kundai\AppData\Local\Programs\MiKTeX\tex/latex/hyperref\pd1enc.def
File: pd1enc.def 2023-11-26 v7.01g Hyperref: PDFDocEncoding definition (HO)
Now handling font encoding PD1 ...
... no UTF-8 mapping file for font encoding PD1
)
(C:\Users\kundai\AppData\Local\Programs\MiKTeX\tex/generic/intcalc\intcalc.sty
Package: intcalc 2019/12/15 v1.3 Expandable calculations with integers (HO)
)
\Hy@SavedSpaceFactor=\count282
(C:\Users\kundai\AppData\Local\Programs\MiKTeX\tex/latex/hyperref\puenc.def
File: puenc.def 2023-11-26 v7.01g Hyperref: PDF Unicode definition (HO)
Now handling font encoding PU ...
... no UTF-8 mapping file for font encoding PU
)
Package hyperref Info: Hyper figures OFF on input line 4181.
Package hyperref Info: Link nesting OFF on input line 4186.
Package hyperref Info: Hyper index ON on input line 4189.
Package hyperref Info: Plain pages OFF on input line 4196.
Package hyperref Info: Backreferencing OFF on input line 4201.
Package hyperref Info: Implicit mode ON; LaTeX internals redefined.
Package hyperref Info: Bookmarks ON on input line 4448.
\c@Hy@tempcnt=\count283

(C:\Users\kundai\AppData\Local\Programs\MiKTeX\tex/latex/url\url.sty
\Urlmuskip=\muskip17
Package: url 2013/09/16  ver 3.4  Verb mode for urls, etc.
)
LaTeX Info: Redefining \url on input line 4786.
\XeTeXLinkMargin=\dimen163

(C:\Users\kundai\AppData\Local\Programs\MiKTeX\tex/generic/bitset\bitset.sty
Package: bitset 2019/12/09 v1.3 Handle bit-vector datatype (HO)

(C:\Users\kundai\AppData\Local\Programs\MiKTeX\tex/generic/bigintcalc\bigintcal
c.sty
Package: bigintcalc 2019/12/15 v1.5 Expandable calculations on big integers (HO
)
))
\Fld@menulength=\count284
\Field@Width=\dimen164
\Fld@charsize=\dimen165
Package hyperref Info: Hyper figures OFF on input line 6065.
Package hyperref Info: Link nesting OFF on input line 6070.
Package hyperref Info: Hyper index ON on input line 6073.
Package hyperref Info: backreferencing OFF on input line 6080.
Package hyperref Info: Link coloring OFF on input line 6085.
Package hyperref Info: Link coloring with OCG OFF on input line 6090.
Package hyperref Info: PDF/A mode OFF on input line 6095.

(C:\Users\kundai\AppData\Local\Programs\MiKTeX\tex/latex/base\atbegshi-ltx.sty
Package: atbegshi-ltx 2021/01/10 v1.0c Emulation of the original atbegshi
package with kernel methods
)
\Hy@abspage=\count285
\c@Item=\count286
\c@Hfootnote=\count287
)
Package hyperref Info: Driver (autodetected): hpdftex.
 (C:\Users\kundai\AppData\Local\Programs\MiKTeX\tex/latex/hyperref\hpdftex.def
File: hpdftex.def 2023-11-26 v7.01g Hyperref driver for pdfTeX

(C:\Users\kundai\AppData\Local\Programs\MiKTeX\tex/latex/base\atveryend-ltx.sty
Package: atveryend-ltx 2020/08/19 v1.0a Emulation of the original atveryend pac
kage
with kernel methods
)
\Fld@listcount=\count288
\c@bookmark@seq@number=\count289

(C:\Users\kundai\AppData\Local\Programs\MiKTeX\tex/latex/rerunfilecheck\rerunfi
lecheck.sty
Package: rerunfilecheck 2025-06-21 v1.11 Rerun checks for auxiliary files (HO)

(C:\Users\kundai\AppData\Local\Programs\MiKTeX\tex/generic/uniquecounter\unique
counter.sty
Package: uniquecounter 2019/12/15 v1.4 Provide unlimited unique counter (HO)
)
Package uniquecounter Info: New unique counter `rerunfilecheck' on input line 2
84.
)
\Hy@SectionHShift=\skip60
)
(C:\Users\kundai\AppData\Local\Programs\MiKTeX\tex/latex/cleveref\cleveref.sty
Package: cleveref 2018/03/27 v0.21.4 Intelligent cross-referencing
Package cleveref Info: `hyperref' support loaded on input line 2370.
LaTeX Info: Redefining \cref on input line 2370.
LaTeX Info: Redefining \Cref on input line 2370.
LaTeX Info: Redefining \crefrange on input line 2370.
LaTeX Info: Redefining \Crefrange on input line 2370.
LaTeX Info: Redefining \cpageref on input line 2370.
LaTeX Info: Redefining \Cpageref on input line 2370.
LaTeX Info: Redefining \cpagerefrange on input line 2370.
LaTeX Info: Redefining \Cpagerefrange on input line 2370.
LaTeX Info: Redefining \labelcref on input line 2370.
LaTeX Info: Redefining \labelcpageref on input line 2370.
Package cleveref Info: `amsthm' support loaded on input line 3026.
) (C:\Users\kundai\AppData\Local\Programs\MiKTeX\tex/latex/geometry\geometry.st
y
Package: geometry 2020/01/02 v5.9 Page Geometry
(C:\Users\kundai\AppData\Local\Programs\MiKTeX\tex/generic/iftex\ifvtex.sty
Package: ifvtex 2019/10/25 v1.7 ifvtex legacy package. Use iftex instead.
)
\Gm@cnth=\count290
\Gm@cntv=\count291
\c@Gm@tempcnt=\count292
\Gm@bindingoffset=\dimen166
\Gm@wd@mp=\dimen167
\Gm@odd@mp=\dimen168
\Gm@even@mp=\dimen169
\Gm@layoutwidth=\dimen170
\Gm@layoutheight=\dimen171
\Gm@layouthoffset=\dimen172
\Gm@layoutvoffset=\dimen173
\Gm@dimlist=\toks31

(C:\Users\kundai\AppData\Local\Programs\MiKTeX\tex/latex/geometry\geometry.cfg)
)
(C:\Users\kundai\AppData\Local\Programs\MiKTeX\tex/latex/booktabs\booktabs.sty
Package: booktabs 2020/01/12 v1.61803398 Publication quality tables
\heavyrulewidth=\dimen174
\lightrulewidth=\dimen175
\cmidrulewidth=\dimen176
\belowrulesep=\dimen177
\belowbottomsep=\dimen178
\aboverulesep=\dimen179
\abovetopsep=\dimen180
\cmidrulesep=\dimen181
\cmidrulekern=\dimen182
\defaultaddspace=\dimen183
\@cmidla=\count293
\@cmidlb=\count294
\@aboverulesep=\dimen184
\@belowrulesep=\dimen185
\@thisruleclass=\count295
\@lastruleclass=\count296
\@thisrulewidth=\dimen186
) (C:\Users\kundai\AppData\Local\Programs\MiKTeX\tex/latex/siunitx\siunitx.sty
Package: siunitx 2025-07-09 v3.4.14 A comprehensive (SI) units package
\l__siunitx_number_uncert_offset_int=\count297
\l__siunitx_number_exponent_fixed_int=\count298
\l__siunitx_number_min_decimal_int=\count299
\l__siunitx_number_min_integer_int=\count300
\l__siunitx_number_round_precision_int=\count301
\l__siunitx_number_lower_threshold_int=\count302
\l__siunitx_number_upper_threshold_int=\count303
\l__siunitx_number_group_first_int=\count304
\l__siunitx_number_group_size_int=\count305
\l__siunitx_number_group_minimum_int=\count306
\l__siunitx_angle_tmp_dim=\dimen187
\l__siunitx_angle_marker_box=\box55
\l__siunitx_angle_unit_box=\box56
\l__siunitx_compound_count_int=\count307

(C:\Users\kundai\AppData\Local\Programs\MiKTeX\tex/latex/translations\translati
ons.sty
Package: translations 2022/02/05 v1.12 internationalization of LaTeX2e packages
 (CN)
)
\l__siunitx_table_tmp_box=\box57
\l__siunitx_table_tmp_dim=\dimen188
\l__siunitx_table_column_width_dim=\dimen189
\l__siunitx_table_integer_box=\box58
\l__siunitx_table_decimal_box=\box59
\l__siunitx_table_uncert_box=\box60
\l__siunitx_table_before_box=\box61
\l__siunitx_table_after_box=\box62
\l__siunitx_table_before_dim=\dimen190
\l__siunitx_table_carry_dim=\dimen191
\l__siunitx_unit_tmp_int=\count308
\l__siunitx_unit_position_int=\count309
\l__siunitx_unit_total_int=\count310

(C:\Users\kundai\AppData\Local\Programs\MiKTeX\tex/latex/tools\array.sty
Package: array 2023/10/16 v2.5g Tabular extension package (FMi)
\col@sep=\dimen192
\ar@mcellbox=\box63
\extrarowheight=\dimen193
\NC@list=\toks32
\extratabsurround=\skip61
\backup@length=\skip62
\ar@cellbox=\box64
))
(C:\Users\kundai\AppData\Local\Programs\MiKTeX\tex/latex/enumitem\enumitem.sty
Package: enumitem 2025/02/06 v3.11 Customized lists
\labelindent=\skip63
\enit@outerparindent=\dimen194
\enit@toks=\toks33
\enit@inbox=\box65
\enit@count@id=\count311
\enitdp@description=\count312
) (C:\Users\kundai\AppData\Local\Programs\MiKTeX\tex/latex/natbib\natbib.sty
Package: natbib 2010/09/13 8.31b (PWD, AO)
\bibhang=\skip64
\bibsep=\skip65
LaTeX Info: Redefining \cite on input line 694.
\c@NAT@ctr=\count313
)
\c@theorem=\count314
Package translations Info: No language package found. I am going to use `englis
h' as default language. on input line 53.

(C:\Users\kundai\AppData\Local\Programs\MiKTeX\tex/latex/graphics\color.sty
Package: color 2022/01/06 v1.3d Standard LaTeX Color (DPC)

(C:\Users\kundai\AppData\Local\Programs\MiKTeX\tex/latex/graphics-cfg\color.cfg
File: color.cfg 2016/01/02 v1.6 sample color configuration
)
Package color Info: Driver file: pdftex.def on input line 149.

(C:\Users\kundai\AppData\Local\Programs\MiKTeX\tex/latex/graphics\mathcolor.ltx
)) (partition-based-cellular-state-equations.aux)
\openout1 = `partition-based-cellular-state-equations.aux'.

LaTeX Font Info:    Checking defaults for OML/cmm/m/it on input line 53.
LaTeX Font Info:    ... okay on input line 53.
LaTeX Font Info:    Checking defaults for OMS/cmsy/m/n on input line 53.
LaTeX Font Info:    ... okay on input line 53.
LaTeX Font Info:    Checking defaults for OT1/cmr/m/n on input line 53.
LaTeX Font Info:    ... okay on input line 53.
LaTeX Font Info:    Checking defaults for T1/cmr/m/n on input line 53.
LaTeX Font Info:    ... okay on input line 53.
LaTeX Font Info:    Checking defaults for TS1/cmr/m/n on input line 53.
LaTeX Font Info:    ... okay on input line 53.
LaTeX Font Info:    Checking defaults for OMX/cmex/m/n on input line 53.
LaTeX Font Info:    ... okay on input line 53.
LaTeX Font Info:    Checking defaults for U/cmr/m/n on input line 53.
LaTeX Font Info:    ... okay on input line 53.
LaTeX Font Info:    Checking defaults for PD1/pdf/m/n on input line 53.
LaTeX Font Info:    ... okay on input line 53.
LaTeX Font Info:    Checking defaults for PU/pdf/m/n on input line 53.
LaTeX Font Info:    ... okay on input line 53.

(C:\Users\kundai\AppData\Local\Programs\MiKTeX\tex/context/base/mkii\supp-pdf.m
kii
[Loading MPS to PDF converter (version 2006.09.02).]
\scratchcounter=\count315
\scratchdimen=\dimen195
\scratchbox=\box66
\nofMPsegments=\count316
\nofMParguments=\count317
\everyMPshowfont=\toks34
\MPscratchCnt=\count318
\MPscratchDim=\dimen196
\MPnumerator=\count319
\makeMPintoPDFobject=\count320
\everyMPtoPDFconversion=\toks35
)
(C:\Users\kundai\AppData\Local\Programs\MiKTeX\tex/latex/epstopdf-pkg\epstopdf-
base.sty
Package: epstopdf-base 2020-01-24 v2.11 Base part for package epstopdf
Package epstopdf-base Info: Redefining graphics rule for `.eps' on input line 4
85.

(C:\Users\kundai\AppData\Local\Programs\MiKTeX\tex/latex/00miktex\epstopdf-sys.
cfg
File: epstopdf-sys.cfg 2021/03/18 v2.0 Configuration of epstopdf for MiKTeX
))
Package hyperref Info: Link coloring OFF on input line 53.
 (partition-based-cellular-state-equations.out)
(partition-based-cellular-state-equations.out)
\@outlinefile=\write3
\openout3 = `partition-based-cellular-state-equations.out'.


*geometry* driver: auto-detecting
*geometry* detected driver: pdftex
*geometry* verbose mode - [ preamble ] result:
* driver: pdftex
* paper: a4paper
* layout: <same size as paper>
* layoutoffset:(h,v)=(0.0pt,0.0pt)
* modes: 
* h-part:(L,W,R)=(71.13188pt, 455.24411pt, 71.13188pt)
* v-part:(T,H,B)=(71.13188pt, 702.78308pt, 71.13188pt)
* \paperwidth=597.50787pt
* \paperheight=845.04684pt
* \textwidth=455.24411pt
* \textheight=702.78308pt
* \oddsidemargin=-1.1381pt
* \evensidemargin=-1.1381pt
* \topmargin=-38.1381pt
* \headheight=12.0pt
* \headsep=25.0pt
* \topskip=12.0pt
* \footskip=30.0pt
* \marginparwidth=35.0pt
* \marginparsep=10.0pt
* \columnsep=10.0pt
* \skip\footins=10.8pt plus 4.0pt minus 2.0pt
* \hoffset=0.0pt
* \voffset=0.0pt
* \mag=1000
* \@twocolumnfalse
* \@twosidefalse
* \@mparswitchfalse
* \@reversemarginfalse
* (1in=72.27pt=25.4mm, 1cm=28.453pt)


Package siunitx Warning: Detected the "physics" package:
(siunitx)                omitting definition of \qty.
(siunitx)                
(siunitx)                If you want to use \qty with the siunitx definition,
(siunitx)                add 
(siunitx)                
(siunitx)                    \AtBeginDocument{\RenewCommandCopy\qty\SI}
(siunitx)                
(siunitx)                to your preamble.


(C:\Users\kundai\AppData\Local\Programs\MiKTeX\tex/latex/translations/dicts\tra
nslations-basic-dictionary-english.trsl
File: translations-basic-dictionary-english.trsl (english translation file `tra
nslations-basic-dictionary')
)
Package translations Info: loading dictionary `translations-basic-dictionary' f
or `english'. on input line 53.
LaTeX Font Info:    Trying to load font information for U+msa on input line 56.


(C:\Users\kundai\AppData\Local\Programs\MiKTeX\tex/latex/amsfonts\umsa.fd
File: umsa.fd 2013/01/14 v3.01 AMS symbols A
)
LaTeX Font Info:    Trying to load font information for U+msb on input line 56.


(C:\Users\kundai\AppData\Local\Programs\MiKTeX\tex/latex/amsfonts\umsb.fd
File: umsb.fd 2013/01/14 v3.01 AMS symbols B
)
LaTeX Font Info:    Trying to load font information for T1+cmtt on input line 5
6.

(C:\Users\kundai\AppData\Local\Programs\MiKTeX\tex/latex/base\t1cmtt.fd
File: t1cmtt.fd 2023/04/13 v2.5m Standard LaTeX font definitions
)
! Double subscript.
l.58 ...$\xi = \mathcal{N}^{-1} \sum_{ij} \taulag_
                                                  {ij} g_{ij}$, categorical ...
I treat `x_1_2' essentially like `x_1{}_2'.

[1

{C:/Users/kundai/AppData/Local/MiKTeX/fonts/map/pdftex/pdftex.map}]
(partition-based-cellular-state-equations.toc [2] [3] [4] [5] [6])
\tf@toc=\write4
\openout4 = `partition-based-cellular-state-equations.toc'.

 [7]
Overfull \hbox (4.7361pt too wide) in paragraph at lines 91--92
[]\T1/cmr/bx/n/12 Theorem 1.3 \T1/cmr/m/n/12 (Par-ti-tion Co-or-di-nate Ex-is-t
ence)\T1/cmr/bx/n/12 . []\T1/cmr/m/it/12 Cat-e-gor-i-cal par-ti-tion-ing of bou
nded spher-
 []

[8]
Overfull \hbox (22.2385pt too wide) in paragraph at lines 119--120
[]\T1/cmr/bx/n/12 Theorem 1.6 \T1/cmr/m/n/12 (Ternary--Co-or-di-nate Cor-re-spo
n-dence)\T1/cmr/bx/n/12 . []\T1/cmr/m/it/12 Each $\OML/cmm/m/it/12 k$\T1/cmr/m/
it/12 -trit ternary string $\OT1/cmr/m/n/12 (\OML/cmm/m/it/12 t[]; t[]; [] ; t[
]\OT1/cmr/m/n/12 )$
 []

(sections/partition-coordinates.tex [9]
Overfull \hbox (83.94138pt too wide) in paragraph at lines 72--73
\T1/cmr/m/n/12 states $\OMS/cmsy/m/n/12 f\OT1/cmr/m/n/12 (\OML/cmm/m/it/12 n[];
 `[]; m[]; s[]\OT1/cmr/m/n/12 )\OMS/cmsy/m/n/12 g[]$\T1/cmr/m/n/12 , the par-ti
-tion sig-na-ture is the mul-ti-set $\OT1/cmr/m/n/12 ^^F = \OMS/cmsy/m/n/12 f \
OT1/cmr/m/n/12 (\OML/cmm/m/it/12 n[]; `[]; m[]; s[]\OT1/cmr/m/n/12 )\OML/cmm/m/
it/12 ; [] ; \OT1/cmr/m/n/12 (\OML/cmm/m/it/12 n[]; `[]; m[]; s[]\OT1/cmr/m/n/1
2 ) \OMS/cmsy/m/n/12 g$\T1/cmr/m/n/12 . 
 []

[10] [11]
Overfull \hbox (20.51161pt too wide) in paragraph at lines 140--141
[]\T1/cmr/bx/n/12 Proposition 2.12 \T1/cmr/m/n/12 (Tra-jec-tory Map-ping)\T1/cm
r/bx/n/12 . []\T1/cmr/m/it/12 A se-quence of par-ti-tion sig-na-tures $\OMS/cms
y/m/n/12 f\OT1/cmr/m/n/12 ^^F[]\OML/cmm/m/it/12 ; \OT1/cmr/m/n/12 ^^F[]\OML/cmm
/m/it/12 ; [] ; \OT1/cmr/m/n/12 ^^F[]\OMS/cmsy/m/n/12 g$
 []


! LaTeX Error: Bad math environment delimiter.

See the LaTeX manual or LaTeX Companion for explanation.
Type  H <return>  for immediate help.
 ...                                              
                                                  
l.156 \end{equation}
                    
Your command was ignored.
Type  I <command> <return>  to replace it with another command,
or  <return>  to continue without it.


! LaTeX Error: \begin{proposition} on input line 149 ended by \end{equation}.

See the LaTeX manual or LaTeX Companion for explanation.
Type  H <return>  for immediate help.
 ...                                              
                                                  
l.156 \end{equation}
                    
Your command was ignored.
Type  I <command> <return>  to replace it with another command,
or  <return>  to continue without it.

! Missing $ inserted.
<inserted text> 
                $
l.156 \end{equation}
                    
I've inserted something that you may have forgotten.
(See the <inserted text> above.)
With luck, this will get me unwedged. But if you
really didn't forget anything, try typing `2' now; then
my insertion and my current dilemma will both disappear.

! Display math should end with $$.
<to be read again> 
                   \endgroup 
l.156 \end{equation}
                    
The `$' that I just saw supposedly matches a previous `$$'.
So I shall assume that you typed `$$' both times.

) (sections/categorical-dynamics.tex [12]
Overfull \hbox (7.7535pt too wide) in paragraph at lines 26--27
\T1/cmr/m/n/12 where $\OML/cmm/m/it/12 C[] \OT1/cmr/m/n/12 = [(\OML/cmm/m/it/12
 i \OMS/cmsy/m/n/12 ^^@ \OT1/cmr/m/n/12 1)\OML/cmm/m/it/12 S[]=N[]; iS[]=N[]\OT
1/cmr/m/n/12 )$\T1/cmr/m/n/12 . A state at $\OML/cmm/m/it/12 S$ \T1/cmr/m/n/12 
be-longs to cat-e-gory $\OML/cmm/m/it/12 c\OT1/cmr/m/n/12 (\OML/cmm/m/it/12 S\O
T1/cmr/m/n/12 ) = \OMS/cmsy/m/n/12 d\OML/cmm/m/it/12 N[]S=S[]\OMS/cmsy/m/n/12 e
$\T1/cmr/m/n/12 . 
 []

[13] [14] [15]

! LaTeX Error: Bad math environment delimiter.

See the LaTeX manual or LaTeX Companion for explanation.
Type  H <return>  for immediate help.
 ...                                              
                                                  
l.239 \end{equation}
                    
Your command was ignored.
Type  I <command> <return>  to replace it with another command,
or  <return>  to continue without it.


Overfull \hbox (1.78857pt too wide) in paragraph at lines 238--239
[]\T1/cmr/m/n/12 The sys-tem op-er-ates at ef-fi-cient ca-pac-ity by ac-ti-vat-
ing only nec-es-sary pro-cesses through
 []


! LaTeX Error: \begin{proof} on input line 223 ended by \end{equation}.

See the LaTeX manual or LaTeX Companion for explanation.
Type  H <return>  for immediate help.
 ...                                              
                                                  
l.239 \end{equation}
                    
Your command was ignored.
Type  I <command> <return>  to replace it with another command,
or  <return>  to continue without it.

! Missing $ inserted.
<inserted text> 
                $
l.239 \end{equation}
                    
I've inserted something that you may have forgotten.
(See the <inserted text> above.)
With luck, this will get me unwedged. But if you
really didn't forget anything, try typing `2' now; then
my insertion and my current dilemma will both disappear.

! Display math should end with $$.
<to be read again> 
                   \endgroup 
l.239 \end{equation}
                    
The `$' that I just saw supposedly matches a previous `$$'.
So I shall assume that you typed `$$' both times.


! LaTeX Error: \begin{document} ended by \end{proof}.

See the LaTeX manual or LaTeX Companion for explanation.
Type  H <return>  for immediate help.
 ...                                              
                                                  
l.240 \end{proof}
                 
Your command was ignored.
Type  I <command> <return>  to replace it with another command,
or  <return>  to continue without it.

! Extra \endgroup.
<recently read> \endgroup 
                          
l.240 \end{proof}
                 
Things are pretty mixed up, but I think the worst is over.

[16]

Package natbib Warning: Citation `herzberg1950spectra' on page 17 undefined on 
input line 292.

[17]

Package natbib Warning: Citation `goldstein2002classical' on page 18 undefined 
on input line 352.

[18] [19]

Package natbib Warning: Citation `giddings1965dynamics' on page 20 undefined on
 input line 462.

[20]

Package natbib Warning: Citation `giddings1965dynamics' on page 21 undefined on
 input line 509.


Package natbib Warning: Citation `van1956kinetics' on page 21 undefined on inpu
t line 509.

[21]
Overfull \hbox (14.01054pt too wide) in paragraph at lines 551--552
[]\T1/cmr/bx/n/12 Without mem-ory re-set\T1/cmr/m/n/12 : Cell must evolve con-t
in-u-ously through in-ter-me-di-ate metabolic
 []

) (sections/equations-of-state.tex [22] [23]
Overfull \hbox (63.31456pt too wide) in paragraph at lines 115--116
[]\T1/cmr/bx/n/12 Theorem 4.9 \T1/cmr/m/n/12 (BEC Equa-tion of State)\T1/cmr/bx
/n/12 . []\T1/cmr/m/it/12 Be-low the crit-i-cal tem-per-a-ture $\OML/cmm/m/it/1
2 T[] \OT1/cmr/m/n/12 = (2\OML/cmm/m/it/12 ^^Y\U/msb/m/n/12 ~[]\OML/cmm/m/it/12
 =mk[]\OT1/cmr/m/n/12 )(\OML/cmm/m/it/12 n=^^P\OT1/cmr/m/n/12 (3\OML/cmm/m/it/1
2 =\OT1/cmr/m/n/12 2))[]$
 []

[24] [25]) (sections/transport-phenomena.tex
! Double subscript.
l.12 \xi = \mathcal{N}^{-1} \sum_{ij} \taulag_
                                              {ij} g_{ij}
I treat `x_1_2' essentially like `x_1{}_2'.

! Double subscript.
l.14 ...l{N}$ is a normalization factor, $\taulag_
                                                  {ij}$ is the partition lag...
I treat `x_1_2' essentially like `x_1{}_2'.


! LaTeX Error: Bad math environment delimiter.

See the LaTeX manual or LaTeX Companion for explanation.
Type  H <return>  for immediate help.
 ...                                              
                                                  
l.15 \end{equation}
                   
Your command was ignored.
Type  I <command> <return>  to replace it with another command,
or  <return>  to continue without it.


! LaTeX Error: \begin{theorem} on input line 8 ended by \end{equation}.

See the LaTeX manual or LaTeX Companion for explanation.
Type  H <return>  for immediate help.
 ...                                              
                                                  
l.15 \end{equation}
                   
Your command was ignored.
Type  I <command> <return>  to replace it with another command,
or  <return>  to continue without it.

! Missing $ inserted.
<inserted text> 
                $
l.15 \end{equation}
                   
I've inserted something that you may have forgotten.
(See the <inserted text> above.)
With luck, this will get me unwedged. But if you
really didn't forget anything, try typing `2' now; then
my insertion and my current dilemma will both disappear.

! Display math should end with $$.
<to be read again> 
                   \endgroup 
l.15 \end{equation}
                   
The `$' that I just saw supposedly matches a previous `$$'.
So I shall assume that you typed `$$' both times.

[26]
Overfull \hbox (9.2183pt too wide) in paragraph at lines 42--43
[]\T1/cmr/m/n/12 The par-ti-tion lag arises from electron-phonon scat-ter-ing, 
with $\OML/cmm/m/it/12 ^^\[] \OMS/cmsy/m/n/12 / [] jh\OML/cmm/m/it/12 f\OMS/cms
y/m/n/12 j\OML/cmm/m/it/12 H[]\OMS/cmsy/m/n/12 j\OML/cmm/m/it/12 i\OMS/cmsy/m/n
/12 ij[]\OML/cmm/m/it/12 ^^N\OT1/cmr/m/n/12 (\OML/cmm/m/it/12 E[] \OMS/cmsy/m/n
/12 ^^@
 []

[27]
! Double subscript.
l.121 ...n lag vanishes discontinuously: $\taulag_
                                                  {ij}(T < T_c) = 0$.
I treat `x_1_2' essentially like `x_1{}_2'.

[28]
! Double subscript.
l.198 \taulag_
              {\text{cell}} = \taulag_0 \cdot f(\dcat(\Sigma_{\text{target}}...
I treat `x_1_2' essentially like `x_1{}_2'.

! Double subscript.
l.198 \taulag_{\text{cell}} = \taulag_
                                      0 \cdot f(\dcat(\Sigma_{\text{target}}...
I treat `x_1_2' essentially like `x_1{}_2'.

! Double subscript.
l.204 ...onger partition lag. Therefore, $\taulag_
                                                  {\text{cell}}$ increases w...
I treat `x_1_2' essentially like `x_1{}_2'.

[29]) (sections/electric-field-mechanism.tex [30] [31] [32] [33] [34]
Overfull \hbox (0.87926pt too wide) in paragraph at lines 371--372
[]\T1/cmr/bx/n/12 Field dis-tri-bu-tion\T1/cmr/m/n/12 : Cal-cu-lated elec-tric 
field mag-ni-tude $\OMS/cmsy/m/n/12 j\OT1/cmr/bx/n/12 E\OMS/cmsy/m/n/12 j \OT1/
cmr/m/n/12 = 10[]$\T1/cmr/m/n/12 -$\OT1/cmr/m/n/12 10[]$ \T1/cmr/m/n/12 V/m mat
ches
 []

[35]) (sections/proton-electron-coupling.tex [36] [37]

Package natbib Warning: Citation `flatt2023abc' on page 38 undefined on input l
ine 121.


Package natbib Warning: Citation `landauer1961irreversibility' on page 38 undef
ined on input line 155.

[38] [39]) (sections/circuit-dynamics.tex [40]
Overfull \hbox (3.5909pt too wide) in paragraph at lines 57--58
\T1/cmr/m/n/12 charge-driven ex-pan-sion: $\OT1/cmr/m/n/12 ^^A\OML/cmm/m/it/12 
A=A[] \OMS/cmsy/m/n/12 ^^Y \OML/cmm/m/it/12 \OT1/cmr/m/n/12 (\OML/cmm/m/it/12 
Q=Q[]\OT1/cmr/m/n/12 )$\T1/cmr/m/n/12 . Bend-ing en-ergy is $\OML/cmm/m/it/12 W
[] \OT1/cmr/m/n/12 = \OML/cmm/m/it/12 ^^T\OT1/cmr/m/n/12 (^^A\OML/cmm/m/it/12 A
=A[]\OT1/cmr/m/n/12 )[]\OML/cmm/m/it/12 =\OT1/cmr/m/n/12 2$\T1/cmr/m/n/12 .
 []


Overfull \hbox (14.51788pt too wide) in paragraph at lines 75--76
[]\T1/cmr/bx/n/12 Theorem 8.6 \T1/cmr/m/n/12 (Vol-ume--Con-cen-tra-tion Cou-pli
ng)\T1/cmr/bx/n/12 . []\T1/cmr/m/it/12 Vol-ume os-cil-la-tion $\OML/cmm/m/it/12
 V\OT1/cmr/m/n/12 (\OML/cmm/m/it/12 t\OT1/cmr/m/n/12 ) = \OML/cmm/m/it/12 V[] \
OT1/cmr/m/n/12 + ^^A\OML/cmm/m/it/12 V [][][]$
 []


! LaTeX Error: Bad math environment delimiter.

See the LaTeX manual or LaTeX Companion for explanation.
Type  H <return>  for immediate help.
 ...                                              
                                                  
l.80 \end{equation}
                   
Your command was ignored.
Type  I <command> <return>  to replace it with another command,
or  <return>  to continue without it.


! LaTeX Error: \begin{theorem} on input line 73 ended by \end{equation}.

See the LaTeX manual or LaTeX Companion for explanation.
Type  H <return>  for immediate help.
 ...                                              
                                                  
l.80 \end{equation}
                   
Your command was ignored.
Type  I <command> <return>  to replace it with another command,
or  <return>  to continue without it.

! Missing $ inserted.
<inserted text> 
                $
l.80 \end{equation}
                   
I've inserted something that you may have forgotten.
(See the <inserted text> above.)
With luck, this will get me unwedged. But if you
really didn't forget anything, try typing `2' now; then
my insertion and my current dilemma will both disappear.

! Display math should end with $$.
<to be read again> 
                   \endgroup 
l.80 \end{equation}
                   
The `$' that I just saw supposedly matches a previous `$$'.
So I shall assume that you typed `$$' both times.


! LaTeX Error: \begin{document} ended by \end{theorem}.

See the LaTeX manual or LaTeX Companion for explanation.
Type  H <return>  for immediate help.
 ...                                              
                                                  
l.81 \end{theorem}
                  
Your command was ignored.
Type  I <command> <return>  to replace it with another command,
or  <return>  to continue without it.

! Extra \endgroup.
<recently read> \endgroup 
                          
l.81 \end{theorem}
                  
Things are pretty mixed up, but I think the worst is over.

[41] [42] [43] [44]) (sections/cytoplasmic-state-resolution.tex

Package natbib Warning: Citation `Luby-Phelps1999' on page 45 undefined on inpu
t line 4.


Package natbib Warning: Citation `Dix2006' on page 45 undefined on input line 4
.


Package natbib Warning: Citation `Parry2014' on page 45 undefined on input line
 4.


Package natbib Warning: Citation `Joyner2016' on page 45 undefined on input lin
e 4.


Package natbib Warning: Citation `Luby-Phelps1999' on page 45 undefined on inpu
t line 8.

[45] [46]

! LaTeX Error: Unicode character ₂ (U+2082)
               not set up for use with LaTeX.

See the LaTeX manual or LaTeX Companion for explanation.
Type  H <return>  for immediate help.
 ...                                              
                                                  
l.101 ...Compartment dynamics are reversible (O₂
                                                  -driven)
You may provide a definition with
\DeclareUnicodeCharacter 


! LaTeX Error: Unicode character ₂ (U+2082)
               not set up for use with LaTeX.

See the LaTeX manual or LaTeX Companion for explanation.
Type  H <return>  for immediate help.
 ...                                              
                                                  
l.102 ...\text{comp}} \approx 0.5$ ms always (O₂
                                                   clock sets timescale)
You may provide a definition with
\DeclareUnicodeCharacter 


LaTeX Warning: Reference `sec:oxygen_coordinator' on page 47 undefined on input
 line 135.

[47]

! LaTeX Error: Unicode character ₂ (U+2082)
               not set up for use with LaTeX.

See the LaTeX manual or LaTeX Companion for explanation.
Type  H <return>  for immediate help.
 ...                                              
                                                  
l.139 \item Higher O₂
                        coordination efficiency: $K_{La} \propto A/V$
You may provide a definition with
\DeclareUnicodeCharacter 


! LaTeX Error: Unicode character ₂ (U+2082)
               not set up for use with LaTeX.

See the LaTeX manual or LaTeX Companion for explanation.
Type  H <return>  for immediate help.
 ...                                              
                                                  
l.149 \item O₂
                 movement creates electric and steric fields (Section \ref{s...

You may provide a definition with
\DeclareUnicodeCharacter 


LaTeX Warning: Reference `sec:electric_field' on page 48 undefined on input lin
e 149.


! LaTeX Error: Unicode character ₂ (U+2082)
               not set up for use with LaTeX.

See the LaTeX manual or LaTeX Companion for explanation.
Type  H <return>  for immediate help.
 ...                                              
                                                  
l.155 ...ields, local concentrations, and the O₂
                                                   clock.
You may provide a definition with
\DeclareUnicodeCharacter 


! LaTeX Error: Unicode character ₂ (U+2082)
               not set up for use with LaTeX.

See the LaTeX manual or LaTeX Companion for explanation.
Type  H <return>  for immediate help.
 ...                                              
                                                  
l.164 ...}$ is the electric field drift (from O₂
                                                  )
You may provide a definition with
\DeclareUnicodeCharacter 


! LaTeX Error: Unicode character ₂ (U+2082)
               not set up for use with LaTeX.

See the LaTeX manual or LaTeX Companion for explanation.
Type  H <return>  for immediate help.
 ...                                              
                                                  
l.165 ...t{steric}}$ is the steric flow (from O₂
                                                   rotation)
You may provide a definition with
\DeclareUnicodeCharacter 


! LaTeX Error: Unicode character ₂ (U+2082)
               not set up for use with LaTeX.

See the LaTeX manual or LaTeX Companion for explanation.
Type  H <return>  for immediate help.
 ...                                              
                                                  
l.168 ...rministic} and synchronized with the O₂
                                                   clock:
You may provide a definition with
\DeclareUnicodeCharacter 


! LaTeX Error: Unicode character ₂ (U+2082)
               not set up for use with LaTeX.

See the LaTeX manual or LaTeX Companion for explanation.
Type  H <return>  for immediate help.
 ...                                              
                                                  
l.182 ...regardless of crowding level (set by O₂
                                                   clock, not by jamming)
You may provide a definition with
\DeclareUnicodeCharacter 

[48]

! LaTeX Error: Unicode character ₂ (U+2082)
               not set up for use with LaTeX.

See the LaTeX manual or LaTeX Companion for explanation.
Type  H <return>  for immediate help.
 ...                                              
                                                  
l.186 ... non-Brownian motion correlated with O₂
                                                   oscillations
You may provide a definition with
\DeclareUnicodeCharacter 


LaTeX Warning: Reference `sec:therapeutic' on page 49 undefined on input line 2
09.


! LaTeX Error: Unicode character ₂ (U+2082)
               not set up for use with LaTeX.

See the LaTeX manual or LaTeX Companion for explanation.
Type  H <return>  for immediate help.
 ...                                              
                                                  
l.210 \item Restoring O₂
                           coordination (metabolic therapy)
You may provide a definition with
\DeclareUnicodeCharacter 

) (sections/protein-function-reinterpretation.tex [49] [50] [51] [52] [53]

Package natbib Warning: Citation `Horwich2006' on page 54 undefined on input li
ne 227.


Package natbib Warning: Citation `Saibil2013' on page 54 undefined on input lin
e 227.


! LaTeX Error: Unicode character ₂ (U+2082)
               not set up for use with LaTeX.

See the LaTeX manual or LaTeX Companion for explanation.
Type  H <return>  for immediate help.
 ...                                              
                                                  
l.236 ...l changes that scan harmonics of the O₂
                                                   clock ($\omega_{O_2} = 10...

You may provide a definition with
\DeclareUnicodeCharacter 


Overfull \hbox (3.53839pt too wide) in paragraph at lines 236--237
[]\T1/cmr/bx/n/12 Frequency scan-ning\T1/cmr/m/n/12 : ATP hy-drol-y-sis cy-cles
 ($\OMS/cmsy/m/n/12 ^^X \OT1/cmr/m/n/12 1$ \T1/cmr/m/n/12 Hz) drive con-for-ma-
tional changes
 []


! LaTeX Error: Unicode character ₂ (U+2082)
               not set up for use with LaTeX.

See the LaTeX manual or LaTeX Companion for explanation.
Type  H <return>  for immediate help.
 ...                                              
                                                  
l.258 \item Provides resonance environment (O₂
                                                 clock modulation)
You may provide a definition with
\DeclareUnicodeCharacter 

[54]

! LaTeX Error: Unicode character α (U+03B1)
               not set up for use with LaTeX.

See the LaTeX manual or LaTeX Companion for explanation.
Type  H <return>  for immediate help.
 ...                                              
                                                  
l.271 \item Tubulin: 9 α
                         -tubulin, 9 β-tubulin isoforms
You may provide a definition with
\DeclareUnicodeCharacter 


! LaTeX Error: Unicode character β (U+03B2)
               not set up for use with LaTeX.

See the LaTeX manual or LaTeX Companion for explanation.
Type  H <return>  for immediate help.
 ...                                              
                                                  
l.271 \item Tubulin: 9 α-tubulin, 9 β
                                       -tubulin isoforms
You may provide a definition with
\DeclareUnicodeCharacter 


Overfull \hbox (5.6581pt too wide) in paragraph at lines 295--296
[]\T1/cmr/bx/n/12 Theorem 10.3 \T1/cmr/m/n/12 (Iso-form Se-lec-tion)\T1/cmr/bx/
n/12 . []\T1/cmr/m/it/12 Iso-forms are se-lected based on charge/geometry match
-
 []


Overfull \hbox (3.22035pt too wide) in paragraph at lines 302--303
[]\T1/cmr/m/n/12 Isoforms per-form the same func-tion (same mech-a-nism) but in
 dif-fer-ent charge/geometry
 []

[55] [56]) (sections/ternary-encoding.tex
Overfull \hbox (8.42935pt too wide) in paragraph at lines 10--11
[]\T1/cmr/bx/n/12 Theorem 11.1 \T1/cmr/m/n/12 (Trit--Co-or-di-nate Cor-re-spon-
dence)\T1/cmr/bx/n/12 . []\T1/cmr/m/it/12 Each $\OML/cmm/m/it/12 k$\T1/cmr/m/it
/12 -trit ternary string $\OT1/cmr/m/n/12 (\OML/cmm/m/it/12 t[]; t[]; [] ; t[]\
OT1/cmr/m/n/12 )$
 []


Overfull \hbox (10.03392pt too wide) in paragraph at lines 19--21
\T1/cmr/m/n/12 Each op-er-a-tion par-ti-tions one di-men-sion into three equal 
in-ter-vals. A $\OML/cmm/m/it/12 k$\T1/cmr/m/n/12 -trit string $\OT1/cmr/m/n/12
 (\OML/cmm/m/it/12 t[]; [] ; t[]\OT1/cmr/m/n/12 )$
 []


Package natbib Warning: Citation `weininger1988smiles' on page 57 undefined on 
input line 29.


Package natbib Warning: Citation `cover2006elements' on page 57 undefined on in
put line 29.

[57] [58] [59]
Overfull \hbox (2.51187pt too wide) in paragraph at lines 180--181
[]\T1/cmr/bx/n/12 Definition 11.16 \T1/cmr/m/n/12 (Ham-ming Dis-tance)\T1/cmr/b
x/n/12 . []\T1/cmr/m/n/12 The Ham-ming dis-tance be-tween two $\OML/cmm/m/it/12
 k$\T1/cmr/m/n/12 -trit strings
 []

[60]) (sections/poincare-computing.tex [61]
Overfull \hbox (1.91495pt too wide) in paragraph at lines 44--45
[]\T1/cmr/m/n/12 This uni-fi-ca-tion re-solves the von Neu-mann bot-tle-neck by
 elim-i-nat-ing memory-processor
 []

[62] [63] [64]
Overfull \hbox (5.35822pt too wide) in paragraph at lines 196--197
[]\T1/cmr/bx/n/12 Corollary 12.23 \T1/cmr/m/n/12 (Cel-lu-lar Com-pu-ta-tion)\T1
/cmr/bx/n/12 . []\T1/cmr/m/it/12 Cel-lu-lar func-tion emerges from col-lec-tive
 molec-
 []

) (sections/metabolic-sequential-positioning.tex [65] [66]

! LaTeX Error: Unicode character μ (U+03BC)
               not set up for use with LaTeX.

See the LaTeX manual or LaTeX Companion for explanation.
Type  H <return>  for immediate help.
 ...                                              
                                                  
l.76 where $\lambda_{\text{cell}} \sim 10$ μ
                                             m is cell size and $\Delta N_{\...

You may provide a definition with
\DeclareUnicodeCharacter 


! LaTeX Error: Unicode character μ (U+03BC)
               not set up for use with LaTeX.

See the LaTeX manual or LaTeX Companion for explanation.
Type  H <return>  for immediate help.
 ...                                              
                                                  
l.79 This yields $\delta \mathbf{r} \sim 1$ μ
                                              m resolution, sufficient for s...

You may provide a definition with
\DeclareUnicodeCharacter 

[67]

! LaTeX Error: Environment algorithm undefined.

See the LaTeX manual or LaTeX Companion for explanation.
Type  H <return>  for immediate help.
 ...                                              
                                                  
l.131 \begin{algorithm}
                       [Oxygen Triangulation]
Your command was ignored.
Type  I <command> <return>  to replace it with another command,
or  <return>  to continue without it.


! LaTeX Error: \begin{document} ended by \end{algorithm}.

See the LaTeX manual or LaTeX Companion for explanation.
Type  H <return>  for immediate help.
 ...                                              
                                                  
l.144 \end{algorithm}
                     
Your command was ignored.
Type  I <command> <return>  to replace it with another command,
or  <return>  to continue without it.

[68]

! LaTeX Error: Unicode character μ (U+03BC)
               not set up for use with LaTeX.

See the LaTeX manual or LaTeX Companion for explanation.
Type  H <return>  for immediate help.
 ...                                              
                                                  
l.216 where $L_{\text{diff}} \sim 100$ μ
                                         m is the diffusion length.
You may provide a definition with
\DeclareUnicodeCharacter 

) (sections/phase-lock-networks.tex [69]
Overfull \hbox (10.4291pt too wide) in paragraph at lines 42--43
[]\T1/cmr/m/n/12 Coupling strength de-creases with dis-tance due to field at-te
n-u-a-tion: $\OML/cmm/m/it/12 g \OMS/cmsy/m/n/12 / [][][]$\T1/cmr/m/n/12 .
 []

[70] [71] [72]) (sections/aperture-dynamics.tex [73] [74] [75] [76]

! LaTeX Error: Bad math environment delimiter.

See the LaTeX manual or LaTeX Companion for explanation.
Type  H <return>  for immediate help.
 ...                                              
                                                  
l.206 \end{equation}
                    
Your command was ignored.
Type  I <command> <return>  to replace it with another command,
or  <return>  to continue without it.


! LaTeX Error: \begin{theorem} on input line 199 ended by \end{equation}.

See the LaTeX manual or LaTeX Companion for explanation.
Type  H <return>  for immediate help.
 ...                                              
                                                  
l.206 \end{equation}
                    
Your command was ignored.
Type  I <command> <return>  to replace it with another command,
or  <return>  to continue without it.

! Missing $ inserted.
<inserted text> 
                $
l.206 \end{equation}
                    
I've inserted something that you may have forgotten.
(See the <inserted text> above.)
With luck, this will get me unwedged. But if you
really didn't forget anything, try typing `2' now; then
my insertion and my current dilemma will both disappear.

! Display math should end with $$.
<to be read again> 
                   \endgroup 
l.206 \end{equation}
                    
The `$' that I just saw supposedly matches a previous `$$'.
So I shall assume that you typed `$$' both times.

[77]) (sections/substrate-navigation.tex
! Undefined control sequence.
l.11 \gamma^* = \argmin
                       _{\gamma \in \Gamma(S,P)} \int_{\gamma} \dcat(s) \, ds
The control sequence at the end of the top line
of your error message was never \def'ed. If you have
misspelled it (e.g., `\hobx'), type `I' and the correct
spelling (e.g., `I\hbox'). Otherwise just continue,
and I'll forget about whatever was undefined.

[78]
! Undefined control sequence.
l.33 \gamma^* = \argmin
                       _{\gamma} |\gamma|
The control sequence at the end of the top line
of your error message was never \def'ed. If you have
misspelled it (e.g., `\hobx'), type `I' and the correct
spelling (e.g., `I\hbox'). Otherwise just continue,
and I'll forget about whatever was undefined.

! Undefined control sequence.
l.64 \gamma^* = \argmin
                       _{\gamma \in \Gamma_{\text{admissible}}(S,P)} |\gamma|
The control sequence at the end of the top line
of your error message was never \def'ed. If you have
misspelled it (e.g., `\hobx'), type `I' and the correct
spelling (e.g., `I\hbox'). Otherwise just continue,
and I'll forget about whatever was undefined.

[79]
! Undefined control sequence.
l.81 \gamma^*(t) = \argmin
                          _{\gamma \in \Gamma_{\text{admissible}}(S,P,t)} |\...
The control sequence at the end of the top line
of your error message was never \def'ed. If you have
misspelled it (e.g., `\hobx'), type `I' and the correct
spelling (e.g., `I\hbox'). Otherwise just continue,
and I'll forget about whatever was undefined.


Overfull \hbox (9.41902pt too wide) in paragraph at lines 86--87
[]\T1/cmr/m/n/12 Enzyme con-cen-tra-tions $\OT1/cmr/m/n/12 [\OML/cmm/m/it/12 E[
]\OT1/cmr/m/n/12 ](\OML/cmm/m/it/12 t\OT1/cmr/m/n/12 )$ \T1/cmr/m/n/12 and phas
e states $\OML/cmm/m/it/12 ^^^[]\OT1/cmr/m/n/12 (\OML/cmm/m/it/12 t\OT1/cmr/m/n
/12 )$ \T1/cmr/m/n/12 evolve with cel-lu-lar metabolism.
 []

! Undefined control sequence.
l.100 \{\gamma_1^*, \ldots, \gamma_M^*\} = \argmin
                                                  _{\{\gamma_i\}} \sum_{i=1}...
The control sequence at the end of the top line
of your error message was never \def'ed. If you have
misspelled it (e.g., `\hobx'), type `I' and the correct
spelling (e.g., `I\hbox'). Otherwise just continue,
and I'll forget about whatever was undefined.


Overfull \hbox (1.1536pt too wide) in paragraph at lines 107--108
[]\T1/cmr/bx/n/12 Theorem 16.10 \T1/cmr/m/n/12 (Par-al-lel Path-way Op-ti-miza-
tion)\T1/cmr/bx/n/12 . []\T1/cmr/m/it/12 Par-al-lel path-way op-ti-miza-tion is
 equiv-
 []


Overfull \hbox (19.49364pt too wide) in paragraph at lines 126--127
[]\T1/cmr/bx/n/12 Theorem 16.12 \T1/cmr/m/n/12 (Oxy-gen Nav-i-ga-tion The-o-rem
)\T1/cmr/bx/n/12 . []\T1/cmr/m/it/12 Sub-strates nav-i-gate to-ward oxy-gen mol
ecules
 []

[80] [81] [82]) (sections/protein-folding-dynamics.tex [83]
! Undefined control sequence.
l.57 \Sigma_{\text{native}} = \argmin
                                     _{\Sigma} \text{Var}(\{\phi_i\})
The control sequence at the end of the top line
of your error message was never \def'ed. If you have
misspelled it (e.g., `\hobx'), type `I' and the correct
spelling (e.g., `I\hbox'). Otherwise just continue,
and I'll forget about whatever was undefined.

[84]
Overfull \hbox (7.05098pt too wide) in paragraph at lines 84--85
[]\T1/cmr/bx/n/12 Theorem 17.8 \T1/cmr/m/n/12 (AT-P--Driven Fre-quency Scan-nin
g)\T1/cmr/bx/n/12 . []\T1/cmr/m/it/12 ATP hy-drol-y-sis cy-cles mod-u-late GroE
L
 []

! Undefined control sequence.
l.103 \text{Cycle}(i) = \argmin
                               _{n} \left\{n : K_{i,\text{GroEL}}(n) > K_{\t...
The control sequence at the end of the top line
of your error message was never \def'ed. If you have
misspelled it (e.g., `\hobx'), type `I' and the correct
spelling (e.g., `I\hbox'). Otherwise just continue,
and I'll forget about whatever was undefined.

[85]
Overfull \hbox (6.28853pt too wide) in paragraph at lines 189--190
\T1/cmr/m/n/12 tive, pro-duc-ing tra-jec-tory $\OML/cmm/m/it/12 ^^M[]\OT1/cmr/m
/n/12 (\OML/cmm/m/it/12 t\OT1/cmr/m/n/12 ) = \OT1/cmr/bx/n/12 S\OT1/cmr/m/n/12 
(^^F(\OML/cmm/m/it/12 t\OT1/cmr/m/n/12 ))$\T1/cmr/m/n/12 . The tra-jec-tory len
gth is $\OML/cmm/m/it/12 L \OT1/cmr/m/n/12 = [][] \OMS/cmsy/m/n/12 k[]\OT1/cmr/
m/n/12 (\OML/cmm/m/it/12 t\OT1/cmr/m/n/12 )\OMS/cmsy/m/n/12 k\OML/cmm/m/it/12 d
t$\T1/cmr/m/n/12 ,
 []

[86]
Overfull \hbox (10.64488pt too wide) in paragraph at lines 201--202
\T1/cmr/m/it/12 GroEL-encapsulated pro-teins shows se-quen-tial hy-dro-gen bond
 for-ma-tion with cycle-dependent
 []


Overfull \hbox (2.40227pt too wide) in paragraph at lines 208--209
[]\T1/cmr/m/n/12 This val-i-dates the phase-locking mech-a-nism and ATP-driven 
fre-quency scan-ning model. 
 []

) (sections/membrane-transport-demons.tex [87]
Overfull \hbox (2.3524pt too wide) in paragraph at lines 85--87
\T1/cmr/m/n/12 where phys-i-cal co-or-di-nates are $\OT1/cmr/bx/n/12 r \OT1/cmr
/m/n/12 = (\OML/cmm/m/it/12 x; y; z\OT1/cmr/m/n/12 )$ \T1/cmr/m/n/12 and cat-e-
gor-i-cal co-or-di-nates are $\OT1/cmr/bx/n/12 S \OT1/cmr/m/n/12 = (\OML/cmm/m/
it/12 S[]; S[]; S[]\OT1/cmr/m/n/12 )$\T1/cmr/m/n/12 . 
 []

[88]
Overfull \hbox (15.5539pt too wide) in paragraph at lines 122--123
[]\T1/cmr/bx/n/12 Corollary 18.12 \T1/cmr/m/n/12 (Tra-jec-tory Length)\T1/cmr/b
x/n/12 . []\T1/cmr/m/it/12 Typ-i-cal trans-porters have tra-jec-tory length $\O
ML/cmm/m/it/12 L[] \OMS/cmsy/m/n/12 ^^X
 []

[89]

! LaTeX Error: Bad math environment delimiter.

See the LaTeX manual or LaTeX Companion for explanation.
Type  H <return>  for immediate help.
 ...                                              
                                                  
l.186 \end{equation}
                    
Your command was ignored.
Type  I <command> <return>  to replace it with another command,
or  <return>  to continue without it.


! LaTeX Error: \begin{proposition} on input line 180 ended by \end{equation}.

See the LaTeX manual or LaTeX Companion for explanation.
Type  H <return>  for immediate help.
 ...                                              
                                                  
l.186 \end{equation}
                    
Your command was ignored.
Type  I <command> <return>  to replace it with another command,
or  <return>  to continue without it.

! Missing $ inserted.
<inserted text> 
                $
l.186 \end{equation}
                    
I've inserted something that you may have forgotten.
(See the <inserted text> above.)
With luck, this will get me unwedged. But if you
really didn't forget anything, try typing `2' now; then
my insertion and my current dilemma will both disappear.

! Display math should end with $$.
<to be read again> 
                   \endgroup 
l.186 \end{equation}
                    
The `$' that I just saw supposedly matches a previous `$$'.
So I shall assume that you typed `$$' both times.

[90]

! LaTeX Error: Unicode character μ (U+03BC)
               not set up for use with LaTeX.

See the LaTeX manual or LaTeX Companion for explanation.
Type  H <return>  for immediate help.
 ...                                              
                                                  
l.226 ...ext{domain}}^2$ where $\rho_T \sim 50$ μ
                                                  m$^{-2}$ is transporter de...

You may provide a definition with
\DeclareUnicodeCharacter 


Overfull \hbox (22.15477pt too wide) in paragraph at lines 238--239
\T1/cmr/m/it/12 en-ergy trans-fer (FRET) mea-sure-ments show ATP-driven con-for
-ma-tional cy-cles with frequency-
 []

[91]) (sections/categorical-thermometry.tex
Overfull \hbox (1.5405pt too wide) in paragraph at lines 1--1
[]\T1/cmr/bx/n/17.28 Categorical Ther-mom-e-try Through Vir-tual Tem-per-
 []

[92] [93] [94] [95]

! LaTeX Error: Unicode character μ (U+03BC)
               not set up for use with LaTeX.

See the LaTeX manual or LaTeX Companion for explanation.
Type  H <return>  for immediate help.
 ...                                              
                                                  
l.257 ...surements within $\pm 5\%$ for $T > 1$ μ
                                                  K, with superior performan...

You may provide a definition with
\DeclareUnicodeCharacter 


! LaTeX Error: Unicode character μ (U+03BC)
               not set up for use with LaTeX.

See the LaTeX manual or LaTeX Companion for explanation.
Type  H <return>  for immediate help.
 ...                                              
                                                  
l.257 ..., with superior performance at $T < 1$ μ
                                                  K where TOF becomes destru...

You may provide a definition with
\DeclareUnicodeCharacter 


! LaTeX Error: Unicode character μ (U+03BC)
               not set up for use with LaTeX.

See the LaTeX manual or LaTeX Companion for explanation.
Type  H <return>  for immediate help.
 ...                                              
                                                  
l.261 ... = T_0 \exp(\Delta \Se)$. For $T = 10$ μ
                                                  K, TOF yields $T_{\text{TO...

You may provide a definition with
\DeclareUnicodeCharacter 


! LaTeX Error: Unicode character μ (U+03BC)
               not set up for use with LaTeX.

See the LaTeX manual or LaTeX Companion for explanation.
Type  H <return>  for immediate help.
 ...                                              
                                                  
l.261 ...elds $T_{\text{TOF}} = (10.2 \pm 0.5)$ μ
                                                  K. Categorical yields $T_{...

You may provide a definition with
\DeclareUnicodeCharacter 


! LaTeX Error: Unicode character μ (U+03BC)
               not set up for use with LaTeX.

See the LaTeX manual or LaTeX Companion for explanation.
Type  H <return>  for immediate help.
 ...                                              
                                                  
l.261 ...elds $T_{\text{cat}} = (10.0 \pm 0.3)$ μ
                                                  K. Agreement is $(10.2 - 1...

You may provide a definition with
\DeclareUnicodeCharacter 


! LaTeX Error: Unicode character μ (U+03BC)
               not set up for use with LaTeX.

See the LaTeX manual or LaTeX Companion for explanation.
Type  H <return>  for immediate help.
 ...                                              
                                                  
l.261 ...(10.2 - 10.0)/10.0 = 2\%$. For $T < 1$ μ
                                                  K, TOF requires expansion ...

You may provide a definition with
\DeclareUnicodeCharacter 

) [96]
Overfull \hbox (9.78098pt too wide) in paragraph at lines 167--168
[]\T1/cmr/m/n/12 Equations of state val-i-da-tion con-firms the-o-ret-i-cal pre
-dic-tions across five phys-i-cal regimes.
 []

[97] [98]
! Double subscript.
l.195 The partition lag $\taulag_
                                 {ij}$ between carriers $i$ and $j$ determin...
I treat `x_1_2' essentially like `x_1{}_2'.

! Double subscript.
l.195 ...\xi = \mathcal{N}^{-1} \sum_{ij} \taulag_
                                                  {ij} g_{ij}$ where $g_{ij}...
I treat `x_1_2' essentially like `x_1{}_2'.


Overfull \hbox (1.13654pt too wide) in paragraph at lines 204--205
\T1/cmr/m/n/12 re-spect to cat-e-gor-i-cal tran-si-tions ($\OML/cmm/m/it/12 @=@
c$\T1/cmr/m/n/12 ), par-ti-tion re-fine-ments ($\OML/cmm/m/it/12 @=@p$\T1/cmr/m
/n/12 ), or os-cil-la-tion phases
 []

! Double subscript.
l.208 ...\xi = \mathcal{N}^{-1} \sum_{ij} \taulag_
                                                  {ij} g_{ij}$ where $\taula...
I treat `x_1_2' essentially like `x_1{}_2'.

! Double subscript.
l.208 ...{ij} \taulag_{ij} g_{ij}$ where $\taulag_
                                                  {ij}$ is partition lag and...
I treat `x_1_2' essentially like `x_1{}_2'.


Overfull \hbox (5.37534pt too wide) in paragraph at lines 210--211
[]\T1/cmr/bx/n/12 Fifth\T1/cmr/m/n/12 , ternary rep-re-sen-ta-tion pro-vides na
t-u-ral en-cod-ing for three-dimensional S-entropy
 []


Overfull \hbox (9.2465pt too wide) in paragraph at lines 212--213
[]\T1/cmr/bx/n/12 Sixth\T1/cmr/m/n/12 , Poincar� com-put-ing es-tab-lishes com-
pu-ta-tion as tra-jec-tory com-ple-tion in bounded
 []

[99]
! Undefined control sequence.
l.220 ...gorical distance $\text{Path}^* = \argmin
                                                  _\gamma \int_\gamma \dcat(...
The control sequence at the end of the top line
of your error message was never \def'ed. If you have
misspelled it (e.g., `\hobx'), type `I' and the correct
spelling (e.g., `I\hbox'). Otherwise just continue,
and I'll forget about whatever was undefined.


Overfull \hbox (7.30534pt too wide) in paragraph at lines 224--225
[]\T1/cmr/bx/n/12 Twelfth\T1/cmr/m/n/12 , mem-brane trans-porters func-tion thr
ough cat-e-gor-i-cal aper-ture se-lec-tion achiev-
 []


! LaTeX Error: Unicode character μ (U+03BC)
               not set up for use with LaTeX.

See the LaTeX manual or LaTeX Companion for explanation.
Type  H <return>  for immediate help.
 ...                                              
                                                  
l.228 ...etry comparison ($\pm 5\%$ for $T > 1$ μ
                                                  K). Resolution enhancement...

You may provide a definition with
\DeclareUnicodeCharacter 

[100] (partition-based-cellular-state-equations.bbl [101] [102] [103] [104]
Underfull \hbox (badness 1189) in paragraph at lines 379--383
[]\T1/cmr/m/n/12 Arthur L Hor-wich, William A Fen-ton, Eli Chap-man, and George
 W Farr.
 []

[105]
Underfull \hbox (badness 1107) in paragraph at lines 521--526
[]\T1/cmr/m/n/12 Ernst Abbe.  Beitr�ge zur the-o-rie des mikroskops und der mik
roskopis-chen
 []

)

Package natbib Warning: There were undefined citations.

[106] (partition-based-cellular-state-equations.aux)
 ***********
LaTeX2e <2023-11-01> patch level 1
L3 programming layer <2024-01-04>
 ***********


LaTeX Warning: There were undefined references.


LaTeX Warning: Label(s) may have changed. Rerun to get cross-references right.

Package rerunfilecheck Info: File `partition-based-cellular-state-equations.out
' has not changed.
(rerunfilecheck)             Checksum: 2F469E202C8401502ECFC65F5EB520DE;45479.
 ) 
Here is how much of TeX's memory you used:
 20561 strings out of 474486
 401678 string characters out of 5743283
 1944542 words of memory out of 5000000
 41337 multiletter control sequences out of 15000+600000
 583558 words of font info for 103 fonts, out of 8000000 for 9000
 1141 hyphenation exceptions out of 8191
 79i,13n,93p,3409b,1305s stack positions out of 10000i,1000n,20000p,200000b,200000s
 <C:\Users\kundai\AppData\Local\MiKTeX\fonts/pk/ljfour/jknappen/ec/dpi600\ecb
i1200.pk> <C:\Users\kundai\AppData\Local\MiKTeX\fonts/pk/ljfour/jknappen/ec/dpi
600\ecti0800.pk> <C:\Users\kundai\AppData\Local\MiKTeX\fonts/pk/ljfour/jknappen
/ec/dpi600\ecti0600.pk> <C:\Users\kundai\AppData\Local\MiKTeX\fonts/pk/ljfour/j
knappen/ec/dpi600\ecrm0600.pk> <C:\Users\kundai\AppData\Local\MiKTeX\fonts/pk/l
jfour/jknappen/ec/dpi600\tcrm1200.pk> <C:\Users\kundai\AppData\Local\MiKTeX\fon
ts/pk/ljfour/jknappen/ec/dpi600\ecti1200.pk> <C:\Users\kundai\AppData\Local\MiK
TeX\fonts/pk/ljfour/jknappen/ec/dpi600\ecbx1440.pk> <C:\Users\kundai\AppData\Lo
cal\MiKTeX\fonts/pk/ljfour/jknappen/ec/dpi600\ecbx1200.pk> <C:\Users\kundai\App
Data\Local\MiKTeX\fonts/pk/ljfour/jknappen/ec/dpi600\ecbx1728.pk> <C:\Users\kun
dai\AppData\Local\MiKTeX\fonts/pk/ljfour/jknappen/ec/dpi600\ecrm1200.pk> <C:\Us
ers\kundai\AppData\Local\MiKTeX\fonts/pk/ljfour/jknappen/ec/dpi600\ecrm0800.pk>
 <C:\Users\kundai\AppData\Local\MiKTeX\fonts/pk/ljfour/jknappen/ec/dpi600\ecrm1
095.pk> <C:\Users\kundai\AppData\Local\MiKTeX\fonts/pk/ljfour/jknappen/ec/dpi60
0\ecbx1095.pk> <C:\Users\kundai\AppData\Local\MiKTeX\fonts/pk/ljfour/jknappen/e
c/dpi600\ectt1440.pk> <C:\Users\kundai\AppData\Local\MiKTeX\fonts/pk/ljfour/jkn
appen/ec/dpi600\ecrm1440.pk> <C:\Users\kundai\AppData\Local\MiKTeX\fonts/pk/ljf
our/jknappen/ec/dpi600\ecbx2074.pk><C:/Users/kundai/AppData/Local/Programs/MiKT
eX/fonts/type1/public/amsfonts/cm/cmbx10.pfb><C:/Users/kundai/AppData/Local/Pro
grams/MiKTeX/fonts/type1/public/amsfonts/cm/cmbx12.pfb><C:/Users/kundai/AppData
/Local/Programs/MiKTeX/fonts/type1/public/amsfonts/cm/cmbx8.pfb><C:/Users/kunda
i/AppData/Local/Programs/MiKTeX/fonts/type1/public/amsfonts/cm/cmex10.pfb><C:/U
sers/kundai/AppData/Local/Programs/MiKTeX/fonts/type1/public/amsfonts/cm/cmmi10
.pfb><C:/Users/kundai/AppData/Local/Programs/MiKTeX/fonts/type1/public/amsfonts
/cm/cmmi12.pfb><C:/Users/kundai/AppData/Local/Programs/MiKTeX/fonts/type1/publi
c/amsfonts/cm/cmmi6.pfb><C:/Users/kundai/AppData/Local/Programs/MiKTeX/fonts/ty
pe1/public/amsfonts/cm/cmmi8.pfb><C:/Users/kundai/AppData/Local/Programs/MiKTeX
/fonts/type1/public/amsfonts/cm/cmmib10.pfb><C:/Users/kundai/AppData/Local/Prog
rams/MiKTeX/fonts/type1/public/amsfonts/cm/cmr10.pfb><C:/Users/kundai/AppData/L
ocal/Programs/MiKTeX/fonts/type1/public/amsfonts/cm/cmr12.pfb><C:/Users/kundai/
AppData/Local/Programs/MiKTeX/fonts/type1/public/amsfonts/cm/cmr6.pfb><C:/Users
/kundai/AppData/Local/Programs/MiKTeX/fonts/type1/public/amsfonts/cm/cmr8.pfb><
C:/Users/kundai/AppData/Local/Programs/MiKTeX/fonts/type1/public/amsfonts/cm/cm
sy10.pfb><C:/Users/kundai/AppData/Local/Programs/MiKTeX/fonts/type1/public/amsf
onts/cm/cmsy6.pfb><C:/Users/kundai/AppData/Local/Programs/MiKTeX/fonts/type1/pu
blic/amsfonts/cm/cmsy8.pfb><C:/Users/kundai/AppData/Local/Programs/MiKTeX/fonts
/type1/public/amsfonts/symbols/msam10.pfb><C:/Users/kundai/AppData/Local/Progra
ms/MiKTeX/fonts/type1/public/amsfonts/symbols/msbm10.pfb>
Output written on partition-based-cellular-state-equations.pdf (106 pages, 1181
581 bytes).
PDF statistics:
 3710 PDF objects out of 4296 (max. 8388607)
 1234 named destinations out of 1440 (max. 500000)
 1777 words of extra memory for PDF output out of 10000 (max. 10000000)

