This is pdfTeX, Version 3.141592653-2.6-1.40.25 (MiKTeX 24.1) (preloaded format=pdflatex 2025.7.27)  10 JAN 2026 22:17
entering extended mode
 restricted \write18 enabled.
 %&-line parsing enabled.
**./disease-state-equations.tex
(disease-state-equations.tex
LaTeX2e <2023-11-01> patch level 1
L3 programming layer <2024-01-04>
(C:\Users\kundai\AppData\Local\Programs\MiKTeX\tex/latex/base\article.cls
Document Class: article 2023/05/17 v1.4n Standard LaTeX document class
(C:\Users\kundai\AppData\Local\Programs\MiKTeX\tex/latex/base\size12.clo
File: size12.clo 2023/05/17 v1.4n Standard LaTeX file (size option)
)
\c@part=\count187
\c@section=\count188
\c@subsection=\count189
\c@subsubsection=\count190
\c@paragraph=\count191
\c@subparagraph=\count192
\c@figure=\count193
\c@table=\count194
\abovecaptionskip=\skip48
\belowcaptionskip=\skip49
\bibindent=\dimen140
)
(C:\Users\kundai\AppData\Local\Programs\MiKTeX\tex/latex/amsmath\amsmath.sty
Package: amsmath 2023/05/13 v2.17o AMS math features
\@mathmargin=\skip50

For additional information on amsmath, use the `?' option.
(C:\Users\kundai\AppData\Local\Programs\MiKTeX\tex/latex/amsmath\amstext.sty
Package: amstext 2021/08/26 v2.01 AMS text

(C:\Users\kundai\AppData\Local\Programs\MiKTeX\tex/latex/amsmath\amsgen.sty
File: amsgen.sty 1999/11/30 v2.0 generic functions
\@emptytoks=\toks17
\ex@=\dimen141
))
(C:\Users\kundai\AppData\Local\Programs\MiKTeX\tex/latex/amsmath\amsbsy.sty
Package: amsbsy 1999/11/29 v1.2d Bold Symbols
\pmbraise@=\dimen142
)
(C:\Users\kundai\AppData\Local\Programs\MiKTeX\tex/latex/amsmath\amsopn.sty
Package: amsopn 2022/04/08 v2.04 operator names
)
\inf@bad=\count195
LaTeX Info: Redefining \frac on input line 234.
\uproot@=\count196
\leftroot@=\count197
LaTeX Info: Redefining \overline on input line 399.
LaTeX Info: Redefining \colon on input line 410.
\classnum@=\count198
\DOTSCASE@=\count199
LaTeX Info: Redefining \ldots on input line 496.
LaTeX Info: Redefining \dots on input line 499.
LaTeX Info: Redefining \cdots on input line 620.
\Mathstrutbox@=\box51
\strutbox@=\box52
LaTeX Info: Redefining \big on input line 722.
LaTeX Info: Redefining \Big on input line 723.
LaTeX Info: Redefining \bigg on input line 724.
LaTeX Info: Redefining \Bigg on input line 725.
\big@size=\dimen143
LaTeX Font Info:    Redeclaring font encoding OML on input line 743.
LaTeX Font Info:    Redeclaring font encoding OMS on input line 744.
\macc@depth=\count266
LaTeX Info: Redefining \bmod on input line 905.
LaTeX Info: Redefining \pmod on input line 910.
LaTeX Info: Redefining \smash on input line 940.
LaTeX Info: Redefining \relbar on input line 970.
LaTeX Info: Redefining \Relbar on input line 971.
\c@MaxMatrixCols=\count267
\dotsspace@=\muskip16
\c@parentequation=\count268
\dspbrk@lvl=\count269
\tag@help=\toks18
\row@=\count270
\column@=\count271
\maxfields@=\count272
\andhelp@=\toks19
\eqnshift@=\dimen144
\alignsep@=\dimen145
\tagshift@=\dimen146
\tagwidth@=\dimen147
\totwidth@=\dimen148
\lineht@=\dimen149
\@envbody=\toks20
\multlinegap=\skip51
\multlinetaggap=\skip52
\mathdisplay@stack=\toks21
LaTeX Info: Redefining \[ on input line 2953.
LaTeX Info: Redefining \] on input line 2954.
)
(C:\Users\kundai\AppData\Local\Programs\MiKTeX\tex/latex/amscls\amsthm.sty
Package: amsthm 2020/05/29 v2.20.6
\thm@style=\toks22
\thm@bodyfont=\toks23
\thm@headfont=\toks24
\thm@notefont=\toks25
\thm@headpunct=\toks26
\thm@preskip=\skip53
\thm@postskip=\skip54
\thm@headsep=\skip55
\dth@everypar=\toks27
)
(C:\Users\kundai\AppData\Local\Programs\MiKTeX\tex/latex/amsfonts\amssymb.sty
Package: amssymb 2013/01/14 v3.01 AMS font symbols

(C:\Users\kundai\AppData\Local\Programs\MiKTeX\tex/latex/amsfonts\amsfonts.sty
Package: amsfonts 2013/01/14 v3.01 Basic AMSFonts support
\symAMSa=\mathgroup4
\symAMSb=\mathgroup5
LaTeX Font Info:    Redeclaring math symbol \hbar on input line 98.
LaTeX Font Info:    Overwriting math alphabet `\mathfrak' in version `bold'
(Font)                  U/euf/m/n --> U/euf/b/n on input line 106.
))
(C:\Users\kundai\AppData\Local\Programs\MiKTeX\tex/latex/geometry\geometry.sty
Package: geometry 2020/01/02 v5.9 Page Geometry

(C:\Users\kundai\AppData\Local\Programs\MiKTeX\tex/latex/graphics\keyval.sty
Package: keyval 2022/05/29 v1.15 key=value parser (DPC)
\KV@toks@=\toks28
)
(C:\Users\kundai\AppData\Local\Programs\MiKTeX\tex/generic/iftex\ifvtex.sty
Package: ifvtex 2019/10/25 v1.7 ifvtex legacy package. Use iftex instead.

(C:\Users\kundai\AppData\Local\Programs\MiKTeX\tex/generic/iftex\iftex.sty
Package: iftex 2022/02/03 v1.0f TeX engine tests
))
\Gm@cnth=\count273
\Gm@cntv=\count274
\c@Gm@tempcnt=\count275
\Gm@bindingoffset=\dimen150
\Gm@wd@mp=\dimen151
\Gm@odd@mp=\dimen152
\Gm@even@mp=\dimen153
\Gm@layoutwidth=\dimen154
\Gm@layoutheight=\dimen155
\Gm@layouthoffset=\dimen156
\Gm@layoutvoffset=\dimen157
\Gm@dimlist=\toks29

(C:\Users\kundai\AppData\Local\Programs\MiKTeX\tex/latex/geometry\geometry.cfg)
)
(C:\Users\kundai\AppData\Local\Programs\MiKTeX\tex/latex/graphics\graphicx.sty
Package: graphicx 2021/09/16 v1.2d Enhanced LaTeX Graphics (DPC,SPQR)

(C:\Users\kundai\AppData\Local\Programs\MiKTeX\tex/latex/graphics\graphics.sty
Package: graphics 2022/03/10 v1.4e Standard LaTeX Graphics (DPC,SPQR)

(C:\Users\kundai\AppData\Local\Programs\MiKTeX\tex/latex/graphics\trig.sty
Package: trig 2021/08/11 v1.11 sin cos tan (DPC)
)
(C:\Users\kundai\AppData\Local\Programs\MiKTeX\tex/latex/graphics-cfg\graphics.
cfg
File: graphics.cfg 2016/06/04 v1.11 sample graphics configuration
)
Package graphics Info: Driver file: pdftex.def on input line 107.

(C:\Users\kundai\AppData\Local\Programs\MiKTeX\tex/latex/graphics-def\pdftex.de
f
File: pdftex.def 2022/09/22 v1.2b Graphics/color driver for pdftex
))
\Gin@req@height=\dimen158
\Gin@req@width=\dimen159
)
(C:\Users\kundai\AppData\Local\Programs\MiKTeX\tex/latex/hyperref\hyperref.sty
Package: hyperref 2023-11-26 v7.01g Hypertext links for LaTeX

(C:\Users\kundai\AppData\Local\Programs\MiKTeX\tex/generic/infwarerr\infwarerr.
sty
Package: infwarerr 2019/12/03 v1.5 Providing info/warning/error messages (HO)
)
(C:\Users\kundai\AppData\Local\Programs\MiKTeX\tex/latex/kvsetkeys\kvsetkeys.st
y
Package: kvsetkeys 2022-10-05 v1.19 Key value parser (HO)
)
(C:\Users\kundai\AppData\Local\Programs\MiKTeX\tex/generic/kvdefinekeys\kvdefin
ekeys.sty
Package: kvdefinekeys 2019-12-19 v1.6 Define keys (HO)
)
(C:\Users\kundai\AppData\Local\Programs\MiKTeX\tex/generic/pdfescape\pdfescape.
sty
Package: pdfescape 2019/12/09 v1.15 Implements pdfTeX's escape features (HO)

(C:\Users\kundai\AppData\Local\Programs\MiKTeX\tex/generic/ltxcmds\ltxcmds.sty
Package: ltxcmds 2023-12-04 v1.26 LaTeX kernel commands for general use (HO)
)
(C:\Users\kundai\AppData\Local\Programs\MiKTeX\tex/generic/pdftexcmds\pdftexcmd
s.sty
Package: pdftexcmds 2020-06-27 v0.33 Utility functions of pdfTeX for LuaTeX (HO
)
Package pdftexcmds Info: \pdf@primitive is available.
Package pdftexcmds Info: \pdf@ifprimitive is available.
Package pdftexcmds Info: \pdfdraftmode found.
))
(C:\Users\kundai\AppData\Local\Programs\MiKTeX\tex/latex/hycolor\hycolor.sty
Package: hycolor 2020-01-27 v1.10 Color options for hyperref/bookmark (HO)
)
(C:\Users\kundai\AppData\Local\Programs\MiKTeX\tex/latex/letltxmacro\letltxmacr
o.sty
Package: letltxmacro 2019/12/03 v1.6 Let assignment for LaTeX macros (HO)
)
(C:\Users\kundai\AppData\Local\Programs\MiKTeX\tex/latex/auxhook\auxhook.sty
Package: auxhook 2019-12-17 v1.6 Hooks for auxiliary files (HO)
)
(C:\Users\kundai\AppData\Local\Programs\MiKTeX\tex/latex/hyperref\nameref.sty
Package: nameref 2023-11-26 v2.56 Cross-referencing by name of section

(C:\Users\kundai\AppData\Local\Programs\MiKTeX\tex/latex/refcount\refcount.sty
Package: refcount 2019/12/15 v3.6 Data extraction from label references (HO)
)
(C:\Users\kundai\AppData\Local\Programs\MiKTeX\tex/generic/gettitlestring\getti
tlestring.sty
Package: gettitlestring 2019/12/15 v1.6 Cleanup title references (HO)

(C:\Users\kundai\AppData\Local\Programs\MiKTeX\tex/latex/kvoptions\kvoptions.st
y
Package: kvoptions 2022-06-15 v3.15 Key value format for package options (HO)
))
\c@section@level=\count276
)
(C:\Users\kundai\AppData\Local\Programs\MiKTeX\tex/latex/etoolbox\etoolbox.sty
Package: etoolbox 2020/10/05 v2.5k e-TeX tools for LaTeX (JAW)
\etb@tempcnta=\count277
)
\@linkdim=\dimen160
\Hy@linkcounter=\count278
\Hy@pagecounter=\count279
(C:\Users\kundai\AppData\Local\Programs\MiKTeX\tex/latex/hyperref\pd1enc.def
File: pd1enc.def 2023-11-26 v7.01g Hyperref: PDFDocEncoding definition (HO)
Now handling font encoding PD1 ...
... no UTF-8 mapping file for font encoding PD1
)
(C:\Users\kundai\AppData\Local\Programs\MiKTeX\tex/generic/intcalc\intcalc.sty
Package: intcalc 2019/12/15 v1.3 Expandable calculations with integers (HO)
)
\Hy@SavedSpaceFactor=\count280
(C:\Users\kundai\AppData\Local\Programs\MiKTeX\tex/latex/hyperref\puenc.def
File: puenc.def 2023-11-26 v7.01g Hyperref: PDF Unicode definition (HO)
Now handling font encoding PU ...
... no UTF-8 mapping file for font encoding PU
)
Package hyperref Info: Hyper figures OFF on input line 4181.
Package hyperref Info: Link nesting OFF on input line 4186.
Package hyperref Info: Hyper index ON on input line 4189.
Package hyperref Info: Plain pages OFF on input line 4196.
Package hyperref Info: Backreferencing OFF on input line 4201.
Package hyperref Info: Implicit mode ON; LaTeX internals redefined.
Package hyperref Info: Bookmarks ON on input line 4448.
\c@Hy@tempcnt=\count281

(C:\Users\kundai\AppData\Local\Programs\MiKTeX\tex/latex/url\url.sty
\Urlmuskip=\muskip17
Package: url 2013/09/16  ver 3.4  Verb mode for urls, etc.
)
LaTeX Info: Redefining \url on input line 4786.
\XeTeXLinkMargin=\dimen161

(C:\Users\kundai\AppData\Local\Programs\MiKTeX\tex/generic/bitset\bitset.sty
Package: bitset 2019/12/09 v1.3 Handle bit-vector datatype (HO)

(C:\Users\kundai\AppData\Local\Programs\MiKTeX\tex/generic/bigintcalc\bigintcal
c.sty
Package: bigintcalc 2019/12/15 v1.5 Expandable calculations on big integers (HO
)
))
\Fld@menulength=\count282
\Field@Width=\dimen162
\Fld@charsize=\dimen163
Package hyperref Info: Hyper figures OFF on input line 6065.
Package hyperref Info: Link nesting OFF on input line 6070.
Package hyperref Info: Hyper index ON on input line 6073.
Package hyperref Info: backreferencing OFF on input line 6080.
Package hyperref Info: Link coloring OFF on input line 6085.
Package hyperref Info: Link coloring with OCG OFF on input line 6090.
Package hyperref Info: PDF/A mode OFF on input line 6095.

(C:\Users\kundai\AppData\Local\Programs\MiKTeX\tex/latex/base\atbegshi-ltx.sty
Package: atbegshi-ltx 2021/01/10 v1.0c Emulation of the original atbegshi
package with kernel methods
)
\Hy@abspage=\count283
\c@Item=\count284
\c@Hfootnote=\count285
)
Package hyperref Info: Driver (autodetected): hpdftex.
 (C:\Users\kundai\AppData\Local\Programs\MiKTeX\tex/latex/hyperref\hpdftex.def
File: hpdftex.def 2023-11-26 v7.01g Hyperref driver for pdfTeX

(C:\Users\kundai\AppData\Local\Programs\MiKTeX\tex/latex/base\atveryend-ltx.sty
Package: atveryend-ltx 2020/08/19 v1.0a Emulation of the original atveryend pac
kage
with kernel methods
)
\Fld@listcount=\count286
\c@bookmark@seq@number=\count287

(C:\Users\kundai\AppData\Local\Programs\MiKTeX\tex/latex/rerunfilecheck\rerunfi
lecheck.sty
Package: rerunfilecheck 2025-06-21 v1.11 Rerun checks for auxiliary files (HO)

(C:\Users\kundai\AppData\Local\Programs\MiKTeX\tex/generic/uniquecounter\unique
counter.sty
Package: uniquecounter 2019/12/15 v1.4 Provide unlimited unique counter (HO)
)
Package uniquecounter Info: New unique counter `rerunfilecheck' on input line 2
84.
)
\Hy@SectionHShift=\skip56
)
(C:\Users\kundai\AppData\Local\Programs\MiKTeX\tex/latex/enumitem\enumitem.sty
Package: enumitem 2025/02/06 v3.11 Customized lists
\labelindent=\skip57
\enit@outerparindent=\dimen164
\enit@toks=\toks30
\enit@inbox=\box53
\enit@count@id=\count288
\enitdp@description=\count289
) (C:\Users\kundai\AppData\Local\Programs\MiKTeX\tex/latex/cite\cite.sty
LaTeX Info: Redefining \cite on input line 302.
LaTeX Info: Redefining \nocite on input line 332.
Package: cite 2015/02/27  v 5.5
)
\c@theorem=\count290

(C:\Users\kundai\AppData\Local\Programs\MiKTeX\tex/latex/l3backend\l3backend-pd
ftex.def
File: l3backend-pdftex.def 2024-01-04 L3 backend support: PDF output (pdfTeX)
\l__color_backend_stack_int=\count291
\l__pdf_internal_box=\box54
) (disease-state-equations.aux)
\openout1 = `disease-state-equations.aux'.

LaTeX Font Info:    Checking defaults for OML/cmm/m/it on input line 48.
LaTeX Font Info:    ... okay on input line 48.
LaTeX Font Info:    Checking defaults for OMS/cmsy/m/n on input line 48.
LaTeX Font Info:    ... okay on input line 48.
LaTeX Font Info:    Checking defaults for OT1/cmr/m/n on input line 48.
LaTeX Font Info:    ... okay on input line 48.
LaTeX Font Info:    Checking defaults for T1/cmr/m/n on input line 48.
LaTeX Font Info:    ... okay on input line 48.
LaTeX Font Info:    Checking defaults for TS1/cmr/m/n on input line 48.
LaTeX Font Info:    ... okay on input line 48.
LaTeX Font Info:    Checking defaults for OMX/cmex/m/n on input line 48.
LaTeX Font Info:    ... okay on input line 48.
LaTeX Font Info:    Checking defaults for U/cmr/m/n on input line 48.
LaTeX Font Info:    ... okay on input line 48.
LaTeX Font Info:    Checking defaults for PD1/pdf/m/n on input line 48.
LaTeX Font Info:    ... okay on input line 48.
LaTeX Font Info:    Checking defaults for PU/pdf/m/n on input line 48.
LaTeX Font Info:    ... okay on input line 48.

*geometry* driver: auto-detecting
*geometry* detected driver: pdftex
*geometry* verbose mode - [ preamble ] result:
* driver: pdftex
* paper: a4paper
* layout: <same size as paper>
* layoutoffset:(h,v)=(0.0pt,0.0pt)
* modes: 
* h-part:(L,W,R)=(72.26999pt, 452.9679pt, 72.26999pt)
* v-part:(T,H,B)=(72.26999pt, 700.50687pt, 72.26999pt)
* \paperwidth=597.50787pt
* \paperheight=845.04684pt
* \textwidth=452.9679pt
* \textheight=700.50687pt
* \oddsidemargin=0.0pt
* \evensidemargin=0.0pt
* \topmargin=-37.0pt
* \headheight=12.0pt
* \headsep=25.0pt
* \topskip=12.0pt
* \footskip=30.0pt
* \marginparwidth=35.0pt
* \marginparsep=10.0pt
* \columnsep=10.0pt
* \skip\footins=10.8pt plus 4.0pt minus 2.0pt
* \hoffset=0.0pt
* \voffset=0.0pt
* \mag=1000
* \@twocolumnfalse
* \@twosidefalse
* \@mparswitchfalse
* \@reversemarginfalse
* (1in=72.27pt=25.4mm, 1cm=28.453pt)


(C:\Users\kundai\AppData\Local\Programs\MiKTeX\tex/context/base/mkii\supp-pdf.m
kii
[Loading MPS to PDF converter (version 2006.09.02).]
\scratchcounter=\count292
\scratchdimen=\dimen165
\scratchbox=\box55
\nofMPsegments=\count293
\nofMParguments=\count294
\everyMPshowfont=\toks31
\MPscratchCnt=\count295
\MPscratchDim=\dimen166
\MPnumerator=\count296
\makeMPintoPDFobject=\count297
\everyMPtoPDFconversion=\toks32
)
(C:\Users\kundai\AppData\Local\Programs\MiKTeX\tex/latex/epstopdf-pkg\epstopdf-
base.sty
Package: epstopdf-base 2020-01-24 v2.11 Base part for package epstopdf
Package epstopdf-base Info: Redefining graphics rule for `.eps' on input line 4
85.

(C:\Users\kundai\AppData\Local\Programs\MiKTeX\tex/latex/00miktex\epstopdf-sys.
cfg
File: epstopdf-sys.cfg 2021/03/18 v2.0 Configuration of epstopdf for MiKTeX
))
Package hyperref Info: Link coloring OFF on input line 48.
 (disease-state-equations.out) (disease-state-equations.out)
\@outlinefile=\write3
\openout3 = `disease-state-equations.out'.

LaTeX Font Info:    Trying to load font information for U+msa on input line 51.


(C:\Users\kundai\AppData\Local\Programs\MiKTeX\tex/latex/amsfonts\umsa.fd
File: umsa.fd 2013/01/14 v3.01 AMS symbols A
)
LaTeX Font Info:    Trying to load font information for U+msb on input line 51.


(C:\Users\kundai\AppData\Local\Programs\MiKTeX\tex/latex/amsfonts\umsb.fd
File: umsb.fd 2013/01/14 v3.01 AMS symbols B
)
(disease-state-equations.toc [1

{C:/Users/kundai/AppData/Local/MiKTeX/fonts/map/pdftex/pdftex.map}] [2] [3] [4]
 [5])
\tf@toc=\write4
\openout4 = `disease-state-equations.toc'.

 [6] [7]
(sections/partition-coordinates.tex [8]
Overfull \hbox (19.43759pt too wide) in paragraph at lines 55--56
[]\OT1/cmr/bx/n/12 Corollary 2.4 \OT1/cmr/m/n/12 (Cor-re-spon-dence to Quan-tum
 Num-bers)\OT1/cmr/bx/n/12 . \OT1/cmr/m/it/12 The par-ti-tion co-or-di-nates $\
OT1/cmr/m/n/12 (\OML/cmm/m/it/12 n; `; m; s\OT1/cmr/m/n/12 )$
 []

[9] [10] [11]) (sections/st-stellas-thermodynamics.tex
Overfull \hbox (4.4298pt too wide) in paragraph at lines 1--1
[]\OT1/cmr/bx/n/17.28 S-Entropy Co-or-di-nates and Ther-mo-dy-namic Struc-
 []

[12]
Overfull \hbox (27.61136pt too wide) in paragraph at lines 43--44
[]\OT1/cmr/bx/n/12 Theorem 3.4 \OT1/cmr/m/n/12 (Bi-jec-tive Map-ping)\OT1/cmr/b
x/n/12 . \OT1/cmr/m/it/12 For ap-pro-pri-ate choice of pa-ram-e-ters $\OT1/cmr/
m/n/12 (\OML/cmm/m/it/12 []; ^^L[]; []; ^^L[]; []; ^^L[]\OT1/cmr/m/n/12 )$\O
T1/cmr/m/it/12 ,
 []


! LaTeX Error: Bad math environment delimiter.

See the LaTeX manual or LaTeX Companion for explanation.
Type  H <return>  for immediate help.
 ...                                              
                                                  
l.88 \end{equation}
                   
Your command was ignored.
Type  I <command> <return>  to replace it with another command,
or  <return>  to continue without it.


! LaTeX Error: \begin{definition} on input line 80 ended by \end{equation}.

See the LaTeX manual or LaTeX Companion for explanation.
Type  H <return>  for immediate help.
 ...                                              
                                                  
l.88 \end{equation}
                   
Your command was ignored.
Type  I <command> <return>  to replace it with another command,
or  <return>  to continue without it.

! Missing $ inserted.
<inserted text> 
                $
l.88 \end{equation}
                   
I've inserted something that you may have forgotten.
(See the <inserted text> above.)
With luck, this will get me unwedged. But if you
really didn't forget anything, try typing `2' now; then
my insertion and my current dilemma will both disappear.

! Display math should end with $$.
<to be read again> 
                   \endgroup 
l.88 \end{equation}
                   
The `$' that I just saw supposedly matches a previous `$$'.
So I shall assume that you typed `$$' both times.

[13]
! Undefined control sequence.
l.134 ... compact space $\Sspace = [0,1]^3$ \citep
                                                  {poincare1890probleme,kato...
The control sequence at the end of the top line
of your error message was never \def'ed. If you have
misspelled it (e.g., `\hobx'), type `I' and the correct
spelling (e.g., `I\hbox'). Otherwise just continue,
and I'll forget about whatever was undefined.

[14]) (sections/ternary-encoding.tex [15]

LaTeX Warning: Citation `weininger1988smiles' on page 16 undefined on input lin
e 52.


LaTeX Warning: Citation `cover2006elements' on page 16 undefined on input line 
52.


LaTeX Warning: Citation `shannon1948mathematical' on page 16 undefined on input
 line 52.

[16]
Overfull \hbox (6.18527pt too wide) in paragraph at lines 77--78
[]\OT1/cmr/bx/n/12 Theorem 4.7 \OT1/cmr/m/n/12 (Molec-u-lar In-for-ma-tion Pres
er-va-tion)\OT1/cmr/bx/n/12 . \OT1/cmr/m/it/12 The ge-nomic co-or-di-nate path 
$\OT1/cmr/bx/n/12 P\OT1/cmr/m/n/12 (\OML/cmm/m/it/12 S\OT1/cmr/m/n/12 ) =
 []

[17] [18] [19]) (sections/equations-of-state.tex [20]
! Undefined control sequence.
l.76 ...$-\Gamma/3$ to the ideal gas result \citep
                                                  {dubin1999trapped}.
The control sequence at the end of the top line
of your error message was never \def'ed. If you have
misspelled it (e.g., `\hobx'), type `I' and the correct
spelling (e.g., `I\hbox'). Otherwise just continue,
and I'll forget about whatever was undefined.

[21]
! Undefined control sequence.
l.111 ...n of states near the Fermi surface \citep
                                                  {landau1980statistical,ash...
The control sequence at the end of the top line
of your error message was never \def'ed. If you have
misspelled it (e.g., `\hobx'), type `I' and the correct
spelling (e.g., `I\hbox'). Otherwise just continue,
and I'll forget about whatever was undefined.

! Undefined control sequence.
l.145 ...irst-order correction $\kB T/mc^2$ \citep
                                                  {pathria2011statistical}.
The control sequence at the end of the top line
of your error message was never \def'ed. If you have
misspelled it (e.g., `\hobx'), type `I' and the correct
spelling (e.g., `I\hbox'). Otherwise just continue,
and I'll forget about whatever was undefined.

[22]
! Undefined control sequence.
l.179 ...athrm{ex}}$ contribute to pressure \citep
                                                  {landau1980statistical,pat...
The control sequence at the end of the top line
of your error message was never \def'ed. If you have
misspelled it (e.g., `\hobx'), type `I' and the correct
spelling (e.g., `I\hbox'). Otherwise just continue,
and I'll forget about whatever was undefined.


Overfull \hbox (37.68073pt too wide) in paragraph at lines 179--180
\OT1/cmr/m/n/12 the excited-state par-ti-cles $\OML/cmm/m/it/12 N[]$ \OT1/cmr/m
/n/12 con-tribute to pres-sure lan-dau1980statistical,pathria2011statistical.
 []

[23]) (sections/categorical-differential-equations.tex
! Undefined control sequence.
l.22 c \xleftrightarrow
                       {\Psi_{cp}} p \xleftrightarrow{\Psi_{p\phi}} \phi
The control sequence at the end of the top line
of your error message was never \def'ed. If you have
misspelled it (e.g., `\hobx'), type `I' and the correct
spelling (e.g., `I\hbox'). Otherwise just continue,
and I'll forget about whatever was undefined.

! Undefined control sequence.
l.22 ...ftrightarrow{\Psi_{cp}} p \xleftrightarrow
                                                  {\Psi_{p\phi}} \phi
The control sequence at the end of the top line
of your error message was never \def'ed. If you have
misspelled it (e.g., `\hobx'), type `I' and the correct
spelling (e.g., `I\hbox'). Otherwise just continue,
and I'll forget about whatever was undefined.

[24]
Overfull \hbox (13.27394pt too wide) in paragraph at lines 83--84
[]\OT1/cmr/bx/n/12 Theorem 6.6 \OT1/cmr/m/n/12 (Cat-e-gor-i-cal Pen-du-lum Equa
-tion)\OT1/cmr/bx/n/12 . \OT1/cmr/m/it/12 The clas-si-cal pen-du-lum equa-tion 
$\OML/cmm/m/it/12 d[]^^R=dt[] \OT1/cmr/m/n/12 +
 []

[25] [26]
! Undefined control sequence.
l.210 ...space volume (Liouville's theorem) \citep
                                                  {arnold1989mathematical,go...
The control sequence at the end of the top line
of your error message was never \def'ed. If you have
misspelled it (e.g., `\hobx'), type `I' and the correct
spelling (e.g., `I\hbox'). Otherwise just continue,
and I'll forget about whatever was undefined.

[27]) (sections/categorical-memory-reset.tex [28]
! Undefined control sequence.
l.42 In chromatographic plate theory \citep
                                           {van1956new,giddings1965dynamics}...
The control sequence at the end of the top line
of your error message was never \def'ed. If you have
misspelled it (e.g., `\hobx'), type `I' and the correct
spelling (e.g., `I\hbox'). Otherwise just continue,
and I'll forget about whatever was undefined.

[29]

LaTeX Warning: Reference `sec:aperture_dynamics' on page 30 undefined on input 
line 95.

[30]
! Undefined control sequence.
l.167 ...lock$ depends on coupling strength \citep
                                                  {pikovsky2001synchronizati...
The control sequence at the end of the top line
of your error message was never \def'ed. If you have
misspelled it (e.g., `\hobx'), type `I' and the correct
spelling (e.g., `I\hbox'). Otherwise just continue,
and I'll forget about whatever was undefined.


Overfull \hbox (28.9657pt too wide) in paragraph at lines 195--196
[]\OT1/cmr/m/n/12 At any given time, cat-e-gory $\OML/cmm/m/it/12 c$ \OT1/cmr/m
/n/12 de-ter-mines which fre-quency chan-nels $\OMS/cmsy/m/n/12 f\OML/cmm/m/it/
12 ![]; ![]; [] ; ![]\OMS/cmsy/m/n/12 g ^^Z
 []

[31]) (sections/electric-field-mechanism.tex [32] [33] [34] [35] [36])
(sections/proton-electron-coupling.tex
Overfull \hbox (1.85184pt too wide) in paragraph at lines 1--1
[]\OT1/cmr/bx/n/17.28 Proton-Electron Cou-pling and Mem-brane Scaf-fold-
 []

[37]
Overfull \hbox (20.0392pt too wide) in paragraph at lines 63--64
[]\OT1/cmr/bx/n/12 Theorem 9.5 \OT1/cmr/m/n/12 (Cur-va-ture-De-pen-dent Trans-p
orter Ef-fi-ciency)\OT1/cmr/bx/n/12 . \OT1/cmr/m/it/12 Trans-porter ef-fi-cienc
y $\OML/cmm/m/it/12 ^^Q[]$
 []

[38] [39] [40]) (sections/circuit-dynamics.tex [41]
Overfull \hbox (0.20395pt too wide) in paragraph at lines 69--70
[]\OT1/cmr/m/n/12 Membrane rigid-i-fi-ca-tion and pro-tein ag-gre-ga-tion in-cr
ease vis-cous damp-ing. Damp-
 []

[42]

Package hyperref Warning: Token not allowed in a PDF string (Unicode):
(hyperref)                removing `math shift' on input line 102.


Package hyperref Warning: Token not allowed in a PDF string (Unicode):
(hyperref)                removing `subscript' on input line 102.


Package hyperref Warning: Token not allowed in a PDF string (Unicode):
(hyperref)                removing `math shift' on input line 102.

[43]
Overfull \hbox (0.2416pt too wide) in paragraph at lines 158--159
[]\OT1/cmr/bx/n/12 Theorem 10.13 \OT1/cmr/m/n/12 (Patho-log-i-cal Genome Com-pa
ction)\OT1/cmr/bx/n/12 . \OT1/cmr/m/it/12 Charge de-ple-tion in-creases genome
 []

[44] [45]) (sections/cytoplasmic-state-resolution.tex

LaTeX Warning: Citation `Luby-Phelps1999' on page 46 undefined on input line 4.



LaTeX Warning: Citation `Dix2006' on page 46 undefined on input line 4.


LaTeX Warning: Citation `Parry2014' on page 46 undefined on input line 4.


LaTeX Warning: Citation `Joyner2016' on page 46 undefined on input line 4.


LaTeX Warning: Citation `Hyman2014' on page 46 undefined on input line 4.


LaTeX Warning: Citation `Shin2017' on page 46 undefined on input line 4.

[46]

! LaTeX Error: Unicode character ₂ (U+2082)
               not set up for use with LaTeX.

See the LaTeX manual or LaTeX Companion for explanation.
Type  H <return>  for immediate help.
 ...                                              
                                                  
l.37 ...se of compartment $i$ relative to the O₂
                                                   master clock.
You may provide a definition with
\DeclareUnicodeCharacter 


! LaTeX Error: Unicode character β (U+03B2)
               not set up for use with LaTeX.

See the LaTeX manual or LaTeX Companion for explanation.
Type  H <return>  for immediate help.
 ...                                              
                                                  
l.71 Protein aggregates (Aβ
                             in Alzheimer's, α-synuclein in Parkinson's, hu...

You may provide a definition with
\DeclareUnicodeCharacter 


! LaTeX Error: Unicode character α (U+03B1)
               not set up for use with LaTeX.

See the LaTeX manual or LaTeX Companion for explanation.
Type  H <return>  for immediate help.
 ...                                              
                                                  
l.71 Protein aggregates (Aβ in Alzheimer's, α
                                               -synuclein in Parkinson's, hu...

You may provide a definition with
\DeclareUnicodeCharacter 

[47]

! LaTeX Error: Unicode character ₂ (U+2082)
               not set up for use with LaTeX.

See the LaTeX manual or LaTeX Companion for explanation.
Type  H <return>  for immediate help.
 ...                                              
                                                  
l.91 ...namics}: Aggregates do not respond to O₂
                                                   clock, create static obst...

You may provide a definition with
\DeclareUnicodeCharacter 


LaTeX Warning: Citation `Suresh2007' on page 48 undefined on input line 106.


LaTeX Warning: Citation `Guck2005' on page 48 undefined on input line 106.


LaTeX Warning: Reference `sec:immune' on page 48 undefined on input line 124.


LaTeX Warning: Citation `Diz-Munoz2013' on page 48 undefined on input line 129.


[48]

LaTeX Warning: Citation `Bereiter-Hahn1990' on page 49 undefined on input line 
157.


LaTeX Warning: Reference `thm:sufficient_inclusions' on page 49 undefined on in
put line 178.


LaTeX Warning: Reference `sec:therapeutic' on page 49 undefined on input line 1
89.

[49]

! LaTeX Error: Unicode character ₂ (U+2082)
               not set up for use with LaTeX.

See the LaTeX manual or LaTeX Companion for explanation.
Type  H <return>  for immediate help.
 ...                                              
                                                  
l.196 Therapeutic molecules that restore O₂
                                              clock synchronization:
You may provide a definition with
\DeclareUnicodeCharacter 


Overfull \hbox (11.468pt too wide) in paragraph at lines 237--248
 [][] 
 []


LaTeX Warning: `h' float specifier changed to `ht'.

[50]
Overfull \hbox (9.47664pt too wide) in paragraph at lines 260--261
[]\OT1/cmr/m/n/12 Our frame-work sug-gests clas-si-fi-ca-tion based on \OT1/cmr
/bx/n/12 com-part-men-tal-iza-tion fail-ure mode\OT1/cmr/m/n/12 : 
 []


Overfull \hbox (25.98949pt too wide) in paragraph at lines 273--274
[]\OT1/cmr/bx/n/12 Type III: De-co-her-ent com-part-men-tal-iza-tion \OT1/cmr/m
/n/12 (psy-chi-atric dis-or-ders, some metabolic
 []


LaTeX Warning: Reference `sec:disease_state' on page 51 undefined on input line
 283.

) (sections/protein-function-reinterpretation.tex [51]
Overfull \hbox (11.07318pt too wide) in paragraph at lines 16--17
[]\OT1/cmr/bx/n/12 Theorem 12.1 \OT1/cmr/m/n/12 (Dis-ease Pro-tein Se-lec-tion)
\OT1/cmr/bx/n/12 . \OT1/cmr/m/it/12 In dis-ease state with charge im-bal-ance $
\OT1/cmr/m/n/12 ^^A\OML/cmm/m/it/12 Q[]$
 []

[52]
Overfull \hbox (12.42076pt too wide) in paragraph at lines 61--70
 [][] 
 []


! LaTeX Error: Unicode character β (U+03B2)
               not set up for use with LaTeX.

See the LaTeX manual or LaTeX Companion for explanation.
Type  H <return>  for immediate help.
 ...                                              
                                                  
l.77 ...folding in neurodegenerative diseases (Aβ
                                                  , α-synuclein, huntingtin...

You may provide a definition with
\DeclareUnicodeCharacter 


! LaTeX Error: Unicode character α (U+03B1)
               not set up for use with LaTeX.

See the LaTeX manual or LaTeX Companion for explanation.
Type  H <return>  for immediate help.
 ...                                              
                                                  
l.77 ...ing in neurodegenerative diseases (Aβ, α
                                                  -synuclein, huntingtin) is...

You may provide a definition with
\DeclareUnicodeCharacter 

[53]
Overfull \hbox (3.73709pt too wide) in paragraph at lines 137--138
\OT1/cmr/m/n/12 PTMs (phos-pho-ry-la-tion, acety-la-tion, methy-la-tion, ubiq-u
i-ti-na-tion) are tra-di-tion-ally viewed
 []

[54]

! LaTeX Error: Unicode character α (U+03B1)
               not set up for use with LaTeX.

See the LaTeX manual or LaTeX Companion for explanation.
Type  H <return>  for immediate help.
 ...                                              
                                                  
l.181 \item Heart failure: α
                             -MHC → β-MHC switch
You may provide a definition with
\DeclareUnicodeCharacter 


! LaTeX Error: Unicode character β (U+03B2)
               not set up for use with LaTeX.

See the LaTeX manual or LaTeX Companion for explanation.
Type  H <return>  for immediate help.
 ...                                              
                                                  
l.181 \item Heart failure: α-MHC → β
                                        -MHC switch
You may provide a definition with
\DeclareUnicodeCharacter 


! LaTeX Error: Unicode character β (U+03B2)
               not set up for use with LaTeX.

See the LaTeX manual or LaTeX Companion for explanation.
Type  H <return>  for immediate help.
 ...                                              
                                                  
l.200 Example: In heart failure, β
                                   -MHC (pI = 5.4) replaces α-MHC (pI = 5.6...

You may provide a definition with
\DeclareUnicodeCharacter 


! LaTeX Error: Unicode character α (U+03B1)
               not set up for use with LaTeX.

See the LaTeX manual or LaTeX Companion for explanation.
Type  H <return>  for immediate help.
 ...                                              
                                                  
l.200 ...rt failure, β-MHC (pI = 5.4) replaces α
                                                  -MHC (pI = 5.6) because th...

You may provide a definition with
\DeclareUnicodeCharacter 

[55]

! LaTeX Error: Unicode character ₅ (U+2085)
               not set up for use with LaTeX.

See the LaTeX manual or LaTeX Companion for explanation.
Type  H <return>  for immediate help.
 ...                                              
                                                  
l.227 \item Binding affinity (IC₅
                                   ₀, K_d)
You may provide a definition with
\DeclareUnicodeCharacter 


! LaTeX Error: Unicode character ₀ (U+2080)
               not set up for use with LaTeX.

See the LaTeX manual or LaTeX Companion for explanation.
Type  H <return>  for immediate help.
 ...                                              
                                                  
l.227 \item Binding affinity (IC₅₀
                                      , K_d)
You may provide a definition with
\DeclareUnicodeCharacter 

! Missing $ inserted.
<inserted text> 
                $
l.227 \item Binding affinity (IC₅₀, K_
                                          d)
I've inserted a begin-math/end-math symbol since I think
you left one out. Proceed, with fingers crossed.


! LaTeX Error: Command \item invalid in math mode.

See the LaTeX manual or LaTeX Companion for explanation.
Type  H <return>  for immediate help.
 ...                                              
                                                  
l.228 \item
            Target engagement
Try typing  <return>  to proceed.
If that doesn't work, type  X <return>  to quit.


! LaTeX Error: Something's wrong--perhaps a missing \item.

See the LaTeX manual or LaTeX Companion for explanation.
Type  H <return>  for immediate help.
 ...                                              
                                                  
l.228 \item T
             arget engagement
Try typing  <return>  to proceed.
If that doesn't work, type  X <return>  to quit.


! LaTeX Error: Something's wrong--perhaps a missing \item.

See the LaTeX manual or LaTeX Companion for explanation.
Type  H <return>  for immediate help.
 ...                                              
                                                  
l.228 \item T
             arget engagement
Try typing  <return>  to proceed.
If that doesn't work, type  X <return>  to quit.


! LaTeX Error: Command \item invalid in math mode.

See the LaTeX manual or LaTeX Companion for explanation.
Type  H <return>  for immediate help.
 ...                                              
                                                  
l.229 \item
            Pathway inhibition
Try typing  <return>  to proceed.
If that doesn't work, type  X <return>  to quit.

! Missing $ inserted.
<inserted text> 
                $
l.229 \item P
             athway inhibition
I've inserted a begin-math/end-math symbol since I think
you left one out. Proceed, with fingers crossed.

! Missing } inserted.
<inserted text> 
                }
l.229 \item P
             athway inhibition
I've inserted something that you may have forgotten.
(See the <inserted text> above.)
With luck, this will get me unwedged. But if you
really didn't forget anything, try typing `2' now; then
my insertion and my current dilemma will both disappear.

! Extra }, or forgotten \endgroup.
\par ...m \@noitemerr {\@@par }\fi \else {\@@par }
                                                  \fi 
l.229 \item P
             athway inhibition
I've deleted a group-closing symbol because it seems to be
spurious, as in `$x}$'. But perhaps the } is legitimate and
you forgot something else, as in `\hbox{$x}'. In such cases
the way to recover is to insert both the forgotten and the
deleted material, e.g., by typing `I$}'.


LaTeX Warning: Citation `Swinney2011' on page 56 undefined on input line 241.


LaTeX Warning: Citation `Scannell2012' on page 56 undefined on input line 252.


Overfull \hbox (16.49947pt too wide) in paragraph at lines 270--271
[]\OT1/cmr/m/n/12 Our frame-work shows that com-bi-na-tions work by \OT1/cmr/bx
/n/12 multi-component charge/geometry
 []

[56]

! LaTeX Error: Unicode character ₂ (U+2082)
               not set up for use with LaTeX.

See the LaTeX manual or LaTeX Companion for explanation.
Type  H <return>  for immediate help.
 ...                                              
                                                  
l.296 \item \textbf{O₂ clock synchronization}
                                               : $\langle r_{O_2} \rangle$ (...

You may provide a definition with
\DeclareUnicodeCharacter 


LaTeX Warning: Reference `sec:therapeutic' on page 57 undefined on input line 3
36.


Overfull \hbox (14.4371pt too wide) in paragraph at lines 336--337
\OT1/cmr/m/n/12 The ther-a-peu-tic equa-tions of state (Sec-tion []) can be ex-
pressed in terms of charge/geometry
 []

[57]
Overfull \hbox (56.45007pt too wide) in paragraph at lines 354--366
 [][] 
 []

) (sections/pathological-equations-of-state.tex
! Undefined control sequence.
l.13 ... remaining in single configurations \citep
                                                  {landau1980statistical,pat...
The control sequence at the end of the top line
of your error message was never \def'ed. If you have
misspelled it (e.g., `\hobx'), type `I' and the correct
spelling (e.g., `I\hbox'). Otherwise just continue,
and I'll forget about whatever was undefined.

[58]
! Undefined control sequence.
l.40 ... confirms this bimodal distribution \citep
                                                  {ellis2001macromolecular,v...
The control sequence at the end of the top line
of your error message was never \def'ed. If you have
misspelled it (e.g., `\hobx'), type `I' and the correct
spelling (e.g., `I\hbox'). Otherwise just continue,
and I'll forget about whatever was undefined.


Overfull \hbox (131.71909pt too wide) in paragraph at lines 40--41
\OT1/cmr/m/n/12 translational mod-i-fi-ca-tion cat-a-logs con-firms this bi-mod
al dis-tri-bu-tion el-lis2001macromolecular,vousden2009blinded.
 []

[59]
Overfull \hbox (3.77597pt too wide) in paragraph at lines 90--91
\OT1/cmr/m/n/12 ease from phys-i-o-log-i-cal os-cil-la-tions through pathologic
al-resembling states (The-o-rem []13.8[]).
 []

! Undefined control sequence.
l.110 ...trarily close to any initial state \citep
                                                  {poincare1890probleme,kato...
The control sequence at the end of the top line
of your error message was never \def'ed. If you have
misspelled it (e.g., `\hobx'), type `I' and the correct
spelling (e.g., `I\hbox'). Otherwise just continue,
and I'll forget about whatever was undefined.


Overfull \hbox (4.68631pt too wide) in paragraph at lines 110--111
[]\OT1/cmr/m/n/12 By Ax-iom []13.1[], phys-i-o-log-i-cal sys-tems ex-hibit con-
tin-u-ous os-cil-la-tory mo-tion through
 []


Overfull \hbox (101.1694pt too wide) in paragraph at lines 110--111
\OT1/cmr/m/n/12 bounded phase space re-turn ar-bi-trar-ily close to any ini-tia
l state poincare1890probleme,katok1995introduction.
 []


Overfull \hbox (3.42993pt too wide) in paragraph at lines 117--118
[]\OT1/cmr/bx/n/12 Corollary 13.9 \OT1/cmr/m/n/12 (In-stan-ta-neous Mea-sure-me
nt In-suf-fi-ciency)\OT1/cmr/bx/n/12 . \OT1/cmr/m/it/12 In-stan-ta-neous mea-su
re-ments
 []

[60] [61]) (sections/disease-categories.tex
Overfull \hbox (8.80507pt too wide) in paragraph at lines 47--48
[]\OT1/cmr/bx/n/12 Theorem 14.3 \OT1/cmr/m/n/12 (Ge-netic Dis-ease Equa-tion)\O
T1/cmr/bx/n/12 . \OT1/cmr/m/it/12 Ge-netic dis-eases are char-ac-ter-ized by pa
thway-
 []

[62]

! LaTeX Error: Bad math environment delimiter.

See the LaTeX manual or LaTeX Companion for explanation.
Type  H <return>  for immediate help.
 ...                                              
                                                  
l.53 \end{equation}
                   
Your command was ignored.
Type  I <command> <return>  to replace it with another command,
or  <return>  to continue without it.


! LaTeX Error: \begin{theorem} on input line 45 ended by \end{equation}.

See the LaTeX manual or LaTeX Companion for explanation.
Type  H <return>  for immediate help.
 ...                                              
                                                  
l.53 \end{equation}
                   
Your command was ignored.
Type  I <command> <return>  to replace it with another command,
or  <return>  to continue without it.

! Missing $ inserted.
<inserted text> 
                $
l.53 \end{equation}
                   
I've inserted something that you may have forgotten.
(See the <inserted text> above.)
With luck, this will get me unwedged. But if you
really didn't forget anything, try typing `2' now; then
my insertion and my current dilemma will both disappear.

! Display math should end with $$.
<to be read again> 
                   \endgroup 
l.53 \end{equation}
                   
The `$' that I just saw supposedly matches a previous `$$'.
So I shall assume that you typed `$$' both times.

[63]

! LaTeX Error: Unicode character β (U+03B2)
               not set up for use with LaTeX.

See the LaTeX manual or LaTeX Companion for explanation.
Type  H <return>  for immediate help.
 ...                                              
                                                  
l.162 ... misfolded protein aggregates (amyloid-β
                                                  , α-synuclein, huntingtin...

You may provide a definition with
\DeclareUnicodeCharacter 


! LaTeX Error: Unicode character α (U+03B1)
               not set up for use with LaTeX.

See the LaTeX manual or LaTeX Companion for explanation.
Type  H <return>  for immediate help.
 ...                                              
                                                  
l.162 ...folded protein aggregates (amyloid-β, α
                                                  -synuclein, huntingtin). A...

You may provide a definition with
\DeclareUnicodeCharacter 

! Undefined control sequence.
l.166 ... 2-4$ is the critical nucleus size \citep
                                                  {knowles2014amyloid}.
The control sequence at the end of the top line
of your error message was never \def'ed. If you have
misspelled it (e.g., `\hobx'), type `I' and the correct
spelling (e.g., `I\hbox'). Otherwise just continue,
and I'll forget about whatever was undefined.

[64]
! Undefined control sequence.
l.170 ...anisms, accelerating $R$ reduction \citep
                                                  {jucker2013self}.
The control sequence at the end of the top line
of your error message was never \def'ed. If you have
misspelled it (e.g., `\hobx'), type `I' and the correct
spelling (e.g., `I\hbox'). Otherwise just continue,
and I'll forget about whatever was undefined.

! Undefined control sequence.
l.187 ...m}}$, explaining cognitive reserve \citep
                                                  {stern2012cognitive}.
The control sequence at the end of the top line
of your error message was never \def'ed. If you have
misspelled it (e.g., `\hobx'), type `I' and the correct
spelling (e.g., `I\hbox'). Otherwise just continue,
and I'll forget about whatever was undefined.


Overfull \hbox (25.9894pt too wide) in paragraph at lines 207--208
\OT1/cmr/m/n/12 pro-lif-er-a-tive path-ways (cell cy-cle, DNA repli-ca-tion, me
tabolism), quan-ti-fied by $\OMS/cmsy/m/n/12 h\OT1/cmr/m/n/12 ^^A\OML/cmm/m/it/
12 dC=dt\OMS/cmsy/m/n/12 i[]$\OT1/cmr/m/n/12 .
 []


Overfull \hbox (33.0828pt too wide) in paragraph at lines 214--215
[]\OT1/cmr/bx/n/12 Corollary 14.12 \OT1/cmr/m/n/12 (Metastatic Po-ten-tial)\OT1
/cmr/bx/n/12 . \OT1/cmr/m/it/12 Metastatic po-ten-tial cor-re-lates with $\OMS/
cmsy/m/n/12 k\OT1/cmr/m/n/12 (\OML/cmm/m/it/12 S[]; S[]; S[]\OT1/cmr/m/n/12 )[]
 \OMS/cmsy/m/n/12 ^^@
 []

[65]) (sections/immune-equations-of-state.tex [66] [67] [68]
! Undefined control sequence.
l.167 ...ession of tissue-specific antigens \citep
                                                  {anderson2002projection}.
The control sequence at the end of the top line
of your error message was never \def'ed. If you have
misspelled it (e.g., `\hobx'), type `I' and the correct
spelling (e.g., `I\hbox'). Otherwise just continue,
and I'll forget about whatever was undefined.


Overfull \hbox (56.65042pt too wide) in paragraph at lines 167--168
\OT1/cmr/m/n/12 (au-toim-mune reg-u-la-tor), which in-duces ex-pres-sion of tis
sue-specific anti-gens an-der-son2002projection.
 []

[69]

! LaTeX Error: Unicode character β (U+03B2)
               not set up for use with LaTeX.

See the LaTeX manual or LaTeX Companion for explanation.
Type  H <return>  for immediate help.
 ...                                              
                                                  
l.183 ...rough inhibitory cytokines (IL-10, TGF-β
                                                  ) and cell contact-depende...

You may provide a definition with
\DeclareUnicodeCharacter 


Overfull \hbox (9.97546pt too wide) in paragraph at lines 183--184
\OT1/cmr/m/n/12 LAG-3). Tregs pref-er-en-tially rec-og-nize high-richness anti-
gens, pro-vid-ing richness-dependent
 []

[70]) (sections/therapeutic-equations-of-state.tex [71] [72] [73] [74] [75])
(sections/phase-coherence.tex [76]
! Undefined control sequence.
l.66 ...sis yields $K_c = 2\Delta/\pi g(0)$ \citep
                                                  {strogatz2000kuramoto}.
The control sequence at the end of the top line
of your error message was never \def'ed. If you have
misspelled it (e.g., `\hobx'), type `I' and the correct
spelling (e.g., `I\hbox'). Otherwise just continue,
and I'll forget about whatever was undefined.

[77] [78] [79]
! Undefined control sequence.
l.233 ...ly warning of synchronization loss \citep
                                                  {scheffer2009early}.
The control sequence at the end of the top line
of your error message was never \def'ed. If you have
misspelled it (e.g., `\hobx'), type `I' and the correct
spelling (e.g., `I\hbox'). Otherwise just continue,
and I'll forget about whatever was undefined.

) [80] [81]
Overfull \hbox (3.52194pt too wide) in paragraph at lines 164--165
[]\OT1/cmr/bx/n/12 (2) Os-cil-la-tory statis-tics: \OT1/cmr/m/n/12 Time-series 
mea-sure-ments of cel-lu-lar pro-cesses (metabolic
 []


Overfull \hbox (0.82446pt too wide) in paragraph at lines 166--167
[]\OT1/cmr/bx/n/12 (3) Phase co-her-ence: \OT1/cmr/m/n/12 Multi-electrode ar-ra
ys, cal-cium imag-ing, and voltage-sensitive
 []

[82] (disease-state-equations.bbl

LaTeX Warning: Empty `thebibliography' environment on input line 3.

) [83] [84] (disease-state-equations.aux)
 ***********
LaTeX2e <2023-11-01> patch level 1
L3 programming layer <2024-01-04>
 ***********


LaTeX Warning: There were undefined references.


LaTeX Warning: Label(s) may have changed. Rerun to get cross-references right.

Package rerunfilecheck Info: File `disease-state-equations.out' has not changed
.
(rerunfilecheck)             Checksum: 5EB38A22E9DF16C1A134C1E03EC7938B;40200.
 ) 
Here is how much of TeX's memory you used:
 12360 strings out of 474486
 196408 string characters out of 5743283
 1943542 words of memory out of 5000000
 33562 multiletter control sequences out of 15000+600000
 573135 words of font info for 92 fonts, out of 8000000 for 9000
 1141 hyphenation exceptions out of 8191
 75i,13n,79p,2760b,685s stack positions out of 10000i,1000n,20000p,200000b,200000s
 <C:\Users\kundai\AppData\Local\MiKTeX\fonts/pk/ljfour/jknappen/ec/dpi600\tcr
m1200.pk> <C:\Users\kundai\AppData\Local\MiKTeX\fonts/pk/ljfour/jknappen/ec/dpi
600\tcrm1095.pk><C:/Users/kundai/AppData/Local/Programs/MiKTeX/fonts/type1/publ
ic/amsfonts/cm/cmbx10.pfb><C:/Users/kundai/AppData/Local/Programs/MiKTeX/fonts/
type1/public/amsfonts/cm/cmbx12.pfb><C:/Users/kundai/AppData/Local/Programs/MiK
TeX/fonts/type1/public/amsfonts/cm/cmbxti10.pfb><C:/Users/kundai/AppData/Local/
Programs/MiKTeX/fonts/type1/public/amsfonts/cm/cmex10.pfb><C:/Users/kundai/AppD
ata/Local/Programs/MiKTeX/fonts/type1/public/amsfonts/cm/cmmi10.pfb><C:/Users/k
undai/AppData/Local/Programs/MiKTeX/fonts/type1/public/amsfonts/cm/cmmi12.pfb><
C:/Users/kundai/AppData/Local/Programs/MiKTeX/fonts/type1/public/amsfonts/cm/cm
mi6.pfb><C:/Users/kundai/AppData/Local/Programs/MiKTeX/fonts/type1/public/amsfo
nts/cm/cmmi8.pfb><C:/Users/kundai/AppData/Local/Programs/MiKTeX/fonts/type1/pub
lic/amsfonts/cm/cmr10.pfb><C:/Users/kundai/AppData/Local/Programs/MiKTeX/fonts/
type1/public/amsfonts/cm/cmr12.pfb><C:/Users/kundai/AppData/Local/Programs/MiKT
eX/fonts/type1/public/amsfonts/cm/cmr17.pfb><C:/Users/kundai/AppData/Local/Prog
rams/MiKTeX/fonts/type1/public/amsfonts/cm/cmr6.pfb><C:/Users/kundai/AppData/Lo
cal/Programs/MiKTeX/fonts/type1/public/amsfonts/cm/cmr8.pfb><C:/Users/kundai/Ap
pData/Local/Programs/MiKTeX/fonts/type1/public/amsfonts/cm/cmsy10.pfb><C:/Users
/kundai/AppData/Local/Programs/MiKTeX/fonts/type1/public/amsfonts/cm/cmsy6.pfb>
<C:/Users/kundai/AppData/Local/Programs/MiKTeX/fonts/type1/public/amsfonts/cm/c
msy8.pfb><C:/Users/kundai/AppData/Local/Programs/MiKTeX/fonts/type1/public/amsf
onts/cm/cmti12.pfb><C:/Users/kundai/AppData/Local/Programs/MiKTeX/fonts/type1/p
ublic/amsfonts/cm/cmti7.pfb><C:/Users/kundai/AppData/Local/Programs/MiKTeX/font
s/type1/public/amsfonts/cm/cmti8.pfb><C:/Users/kundai/AppData/Local/Programs/Mi
KTeX/fonts/type1/public/amsfonts/cm/cmtt12.pfb><C:/Users/kundai/AppData/Local/P
rograms/MiKTeX/fonts/type1/public/amsfonts/symbols/msam10.pfb><C:/Users/kundai/
AppData/Local/Programs/MiKTeX/fonts/type1/public/amsfonts/symbols/msbm10.pfb>
Output written on disease-state-equations.pdf (84 pages, 838552 bytes).
PDF statistics:
 2290 PDF objects out of 2487 (max. 8388607)
 890 named destinations out of 1000 (max. 500000)
 1481 words of extra memory for PDF output out of 10000 (max. 10000000)

