This is pdfTeX, Version 3.141592653-2.6-1.40.25 (MiKTeX 24.1) (preloaded format=pdflatex 2025.7.27)  17 NOV 2025 19:49
entering extended mode
 restricted \write18 enabled.
 %&-line parsing enabled.
**./variance-minimisation-during-performance.tex
(variance-minimisation-during-performance.tex
LaTeX2e <2023-11-01> patch level 1
L3 programming layer <2024-01-04>
(C:\Users\kundai\AppData\Local\Programs\MiKTeX\tex/latex/base\article.cls
Document Class: article 2023/05/17 v1.4n Standard LaTeX document class
(C:\Users\kundai\AppData\Local\Programs\MiKTeX\tex/latex/base\size11.clo
File: size11.clo 2023/05/17 v1.4n Standard LaTeX file (size option)
)
\c@part=\count187
\c@section=\count188
\c@subsection=\count189
\c@subsubsection=\count190
\c@paragraph=\count191
\c@subparagraph=\count192
\c@figure=\count193
\c@table=\count194
\abovecaptionskip=\skip48
\belowcaptionskip=\skip49
\bibindent=\dimen140
)
(C:\Users\kundai\AppData\Local\Programs\MiKTeX\tex/latex/base\inputenc.sty
Package: inputenc 2021/02/14 v1.3d Input encoding file
\inpenc@prehook=\toks17
\inpenc@posthook=\toks18
)
(C:\Users\kundai\AppData\Local\Programs\MiKTeX\tex/latex/base\fontenc.sty
Package: fontenc 2021/04/29 v2.0v Standard LaTeX package
)
(C:\Users\kundai\AppData\Local\Programs\MiKTeX\tex/latex/amsmath\amsmath.sty
Package: amsmath 2023/05/13 v2.17o AMS math features
\@mathmargin=\skip50

For additional information on amsmath, use the `?' option.
(C:\Users\kundai\AppData\Local\Programs\MiKTeX\tex/latex/amsmath\amstext.sty
Package: amstext 2021/08/26 v2.01 AMS text

(C:\Users\kundai\AppData\Local\Programs\MiKTeX\tex/latex/amsmath\amsgen.sty
File: amsgen.sty 1999/11/30 v2.0 generic functions
\@emptytoks=\toks19
\ex@=\dimen141
))
(C:\Users\kundai\AppData\Local\Programs\MiKTeX\tex/latex/amsmath\amsbsy.sty
Package: amsbsy 1999/11/29 v1.2d Bold Symbols
\pmbraise@=\dimen142
)
(C:\Users\kundai\AppData\Local\Programs\MiKTeX\tex/latex/amsmath\amsopn.sty
Package: amsopn 2022/04/08 v2.04 operator names
)
\inf@bad=\count195
LaTeX Info: Redefining \frac on input line 234.
\uproot@=\count196
\leftroot@=\count197
LaTeX Info: Redefining \overline on input line 399.
LaTeX Info: Redefining \colon on input line 410.
\classnum@=\count198
\DOTSCASE@=\count199
LaTeX Info: Redefining \ldots on input line 496.
LaTeX Info: Redefining \dots on input line 499.
LaTeX Info: Redefining \cdots on input line 620.
\Mathstrutbox@=\box51
\strutbox@=\box52
LaTeX Info: Redefining \big on input line 722.
LaTeX Info: Redefining \Big on input line 723.
LaTeX Info: Redefining \bigg on input line 724.
LaTeX Info: Redefining \Bigg on input line 725.
\big@size=\dimen143
LaTeX Font Info:    Redeclaring font encoding OML on input line 743.
LaTeX Font Info:    Redeclaring font encoding OMS on input line 744.
\macc@depth=\count266
LaTeX Info: Redefining \bmod on input line 905.
LaTeX Info: Redefining \pmod on input line 910.
LaTeX Info: Redefining \smash on input line 940.
LaTeX Info: Redefining \relbar on input line 970.
LaTeX Info: Redefining \Relbar on input line 971.
\c@MaxMatrixCols=\count267
\dotsspace@=\muskip16
\c@parentequation=\count268
\dspbrk@lvl=\count269
\tag@help=\toks20
\row@=\count270
\column@=\count271
\maxfields@=\count272
\andhelp@=\toks21
\eqnshift@=\dimen144
\alignsep@=\dimen145
\tagshift@=\dimen146
\tagwidth@=\dimen147
\totwidth@=\dimen148
\lineht@=\dimen149
\@envbody=\toks22
\multlinegap=\skip51
\multlinetaggap=\skip52
\mathdisplay@stack=\toks23
LaTeX Info: Redefining \[ on input line 2953.
LaTeX Info: Redefining \] on input line 2954.
)
(C:\Users\kundai\AppData\Local\Programs\MiKTeX\tex/latex/amsfonts\amssymb.sty
Package: amssymb 2013/01/14 v3.01 AMS font symbols

(C:\Users\kundai\AppData\Local\Programs\MiKTeX\tex/latex/amsfonts\amsfonts.sty
Package: amsfonts 2013/01/14 v3.01 Basic AMSFonts support
\symAMSa=\mathgroup4
\symAMSb=\mathgroup5
LaTeX Font Info:    Redeclaring math symbol \hbar on input line 98.
LaTeX Font Info:    Overwriting math alphabet `\mathfrak' in version `bold'
(Font)                  U/euf/m/n --> U/euf/b/n on input line 106.
)) (C:\Users\kundai\AppData\Local\Programs\MiKTeX\tex/latex/amscls\amsthm.sty
Package: amsthm 2020/05/29 v2.20.6
\thm@style=\toks24
\thm@bodyfont=\toks25
\thm@headfont=\toks26
\thm@notefont=\toks27
\thm@headpunct=\toks28
\thm@preskip=\skip53
\thm@postskip=\skip54
\thm@headsep=\skip55
\dth@everypar=\toks29
)
(C:\Users\kundai\AppData\Local\Programs\MiKTeX\tex/latex/geometry\geometry.sty
Package: geometry 2020/01/02 v5.9 Page Geometry

(C:\Users\kundai\AppData\Local\Programs\MiKTeX\tex/latex/graphics\keyval.sty
Package: keyval 2022/05/29 v1.15 key=value parser (DPC)
\KV@toks@=\toks30
)
(C:\Users\kundai\AppData\Local\Programs\MiKTeX\tex/generic/iftex\ifvtex.sty
Package: ifvtex 2019/10/25 v1.7 ifvtex legacy package. Use iftex instead.

(C:\Users\kundai\AppData\Local\Programs\MiKTeX\tex/generic/iftex\iftex.sty
Package: iftex 2022/02/03 v1.0f TeX engine tests
))
\Gm@cnth=\count273
\Gm@cntv=\count274
\c@Gm@tempcnt=\count275
\Gm@bindingoffset=\dimen150
\Gm@wd@mp=\dimen151
\Gm@odd@mp=\dimen152
\Gm@even@mp=\dimen153
\Gm@layoutwidth=\dimen154
\Gm@layoutheight=\dimen155
\Gm@layouthoffset=\dimen156
\Gm@layoutvoffset=\dimen157
\Gm@dimlist=\toks31

(C:\Users\kundai\AppData\Local\Programs\MiKTeX\tex/latex/geometry\geometry.cfg)
)
(C:\Users\kundai\AppData\Local\Programs\MiKTeX\tex/latex/graphics\graphicx.sty
Package: graphicx 2021/09/16 v1.2d Enhanced LaTeX Graphics (DPC,SPQR)

(C:\Users\kundai\AppData\Local\Programs\MiKTeX\tex/latex/graphics\graphics.sty
Package: graphics 2022/03/10 v1.4e Standard LaTeX Graphics (DPC,SPQR)

(C:\Users\kundai\AppData\Local\Programs\MiKTeX\tex/latex/graphics\trig.sty
Package: trig 2021/08/11 v1.11 sin cos tan (DPC)
)
(C:\Users\kundai\AppData\Local\Programs\MiKTeX\tex/latex/graphics-cfg\graphics.
cfg
File: graphics.cfg 2016/06/04 v1.11 sample graphics configuration
)
Package graphics Info: Driver file: pdftex.def on input line 107.

(C:\Users\kundai\AppData\Local\Programs\MiKTeX\tex/latex/graphics-def\pdftex.de
f
File: pdftex.def 2022/09/22 v1.2b Graphics/color driver for pdftex
))
\Gin@req@height=\dimen158
\Gin@req@width=\dimen159
) (C:\Users\kundai\AppData\Local\Programs\MiKTeX\tex/latex/float\float.sty
Package: float 2001/11/08 v1.3d Float enhancements (AL)
\c@float@type=\count276
\float@exts=\toks32
\float@box=\box53
\@float@everytoks=\toks33
\@floatcapt=\box54
)
(C:\Users\kundai\AppData\Local\Programs\MiKTeX\tex/latex/booktabs\booktabs.sty
Package: booktabs 2020/01/12 v1.61803398 Publication quality tables
\heavyrulewidth=\dimen160
\lightrulewidth=\dimen161
\cmidrulewidth=\dimen162
\belowrulesep=\dimen163
\belowbottomsep=\dimen164
\aboverulesep=\dimen165
\abovetopsep=\dimen166
\cmidrulesep=\dimen167
\cmidrulekern=\dimen168
\defaultaddspace=\dimen169
\@cmidla=\count277
\@cmidlb=\count278
\@aboverulesep=\dimen170
\@belowrulesep=\dimen171
\@thisruleclass=\count279
\@lastruleclass=\count280
\@thisrulewidth=\dimen172
) (C:\Users\kundai\AppData\Local\Programs\MiKTeX\tex/latex/tools\array.sty
Package: array 2023/10/16 v2.5g Tabular extension package (FMi)
\col@sep=\dimen173
\ar@mcellbox=\box55
\extrarowheight=\dimen174
\NC@list=\toks34
\extratabsurround=\skip56
\backup@length=\skip57
\ar@cellbox=\box56
)
(C:\Users\kundai\AppData\Local\Programs\MiKTeX\tex/latex/hyperref\hyperref.sty
Package: hyperref 2023-11-26 v7.01g Hypertext links for LaTeX

(C:\Users\kundai\AppData\Local\Programs\MiKTeX\tex/generic/infwarerr\infwarerr.
sty
Package: infwarerr 2019/12/03 v1.5 Providing info/warning/error messages (HO)
)
(C:\Users\kundai\AppData\Local\Programs\MiKTeX\tex/latex/kvsetkeys\kvsetkeys.st
y
Package: kvsetkeys 2022-10-05 v1.19 Key value parser (HO)
)
(C:\Users\kundai\AppData\Local\Programs\MiKTeX\tex/generic/kvdefinekeys\kvdefin
ekeys.sty
Package: kvdefinekeys 2019-12-19 v1.6 Define keys (HO)
)
(C:\Users\kundai\AppData\Local\Programs\MiKTeX\tex/generic/pdfescape\pdfescape.
sty
Package: pdfescape 2019/12/09 v1.15 Implements pdfTeX's escape features (HO)

(C:\Users\kundai\AppData\Local\Programs\MiKTeX\tex/generic/ltxcmds\ltxcmds.sty
Package: ltxcmds 2023-12-04 v1.26 LaTeX kernel commands for general use (HO)
)
(C:\Users\kundai\AppData\Local\Programs\MiKTeX\tex/generic/pdftexcmds\pdftexcmd
s.sty
Package: pdftexcmds 2020-06-27 v0.33 Utility functions of pdfTeX for LuaTeX (HO
)
Package pdftexcmds Info: \pdf@primitive is available.
Package pdftexcmds Info: \pdf@ifprimitive is available.
Package pdftexcmds Info: \pdfdraftmode found.
))
(C:\Users\kundai\AppData\Local\Programs\MiKTeX\tex/latex/hycolor\hycolor.sty
Package: hycolor 2020-01-27 v1.10 Color options for hyperref/bookmark (HO)
)
(C:\Users\kundai\AppData\Local\Programs\MiKTeX\tex/latex/letltxmacro\letltxmacr
o.sty
Package: letltxmacro 2019/12/03 v1.6 Let assignment for LaTeX macros (HO)
)
(C:\Users\kundai\AppData\Local\Programs\MiKTeX\tex/latex/auxhook\auxhook.sty
Package: auxhook 2019-12-17 v1.6 Hooks for auxiliary files (HO)
)
(C:\Users\kundai\AppData\Local\Programs\MiKTeX\tex/latex/hyperref\nameref.sty
Package: nameref 2023-11-26 v2.56 Cross-referencing by name of section

(C:\Users\kundai\AppData\Local\Programs\MiKTeX\tex/latex/refcount\refcount.sty
Package: refcount 2019/12/15 v3.6 Data extraction from label references (HO)
)
(C:\Users\kundai\AppData\Local\Programs\MiKTeX\tex/generic/gettitlestring\getti
tlestring.sty
Package: gettitlestring 2019/12/15 v1.6 Cleanup title references (HO)

(C:\Users\kundai\AppData\Local\Programs\MiKTeX\tex/latex/kvoptions\kvoptions.st
y
Package: kvoptions 2022-06-15 v3.15 Key value format for package options (HO)
))
\c@section@level=\count281
)
(C:\Users\kundai\AppData\Local\Programs\MiKTeX\tex/latex/etoolbox\etoolbox.sty
Package: etoolbox 2020/10/05 v2.5k e-TeX tools for LaTeX (JAW)
\etb@tempcnta=\count282
)
\@linkdim=\dimen175
\Hy@linkcounter=\count283
\Hy@pagecounter=\count284
(C:\Users\kundai\AppData\Local\Programs\MiKTeX\tex/latex/hyperref\pd1enc.def
File: pd1enc.def 2023-11-26 v7.01g Hyperref: PDFDocEncoding definition (HO)
Now handling font encoding PD1 ...
... no UTF-8 mapping file for font encoding PD1
)
(C:\Users\kundai\AppData\Local\Programs\MiKTeX\tex/generic/intcalc\intcalc.sty
Package: intcalc 2019/12/15 v1.3 Expandable calculations with integers (HO)
)
\Hy@SavedSpaceFactor=\count285
(C:\Users\kundai\AppData\Local\Programs\MiKTeX\tex/latex/hyperref\puenc.def
File: puenc.def 2023-11-26 v7.01g Hyperref: PDF Unicode definition (HO)
Now handling font encoding PU ...
... no UTF-8 mapping file for font encoding PU
)
Package hyperref Info: Hyper figures OFF on input line 4181.
Package hyperref Info: Link nesting OFF on input line 4186.
Package hyperref Info: Hyper index ON on input line 4189.
Package hyperref Info: Plain pages OFF on input line 4196.
Package hyperref Info: Backreferencing OFF on input line 4201.
Package hyperref Info: Implicit mode ON; LaTeX internals redefined.
Package hyperref Info: Bookmarks ON on input line 4448.
\c@Hy@tempcnt=\count286

(C:\Users\kundai\AppData\Local\Programs\MiKTeX\tex/latex/url\url.sty
\Urlmuskip=\muskip17
Package: url 2013/09/16  ver 3.4  Verb mode for urls, etc.
)
LaTeX Info: Redefining \url on input line 4786.
\XeTeXLinkMargin=\dimen176

(C:\Users\kundai\AppData\Local\Programs\MiKTeX\tex/generic/bitset\bitset.sty
Package: bitset 2019/12/09 v1.3 Handle bit-vector datatype (HO)

(C:\Users\kundai\AppData\Local\Programs\MiKTeX\tex/generic/bigintcalc\bigintcal
c.sty
Package: bigintcalc 2019/12/15 v1.5 Expandable calculations on big integers (HO
)
))
\Fld@menulength=\count287
\Field@Width=\dimen177
\Fld@charsize=\dimen178
Package hyperref Info: Hyper figures OFF on input line 6065.
Package hyperref Info: Link nesting OFF on input line 6070.
Package hyperref Info: Hyper index ON on input line 6073.
Package hyperref Info: backreferencing OFF on input line 6080.
Package hyperref Info: Link coloring OFF on input line 6085.
Package hyperref Info: Link coloring with OCG OFF on input line 6090.
Package hyperref Info: PDF/A mode OFF on input line 6095.

(C:\Users\kundai\AppData\Local\Programs\MiKTeX\tex/latex/base\atbegshi-ltx.sty
Package: atbegshi-ltx 2021/01/10 v1.0c Emulation of the original atbegshi
package with kernel methods
)
\Hy@abspage=\count288
\c@Item=\count289
\c@Hfootnote=\count290
)
Package hyperref Info: Driver (autodetected): hpdftex.
 (C:\Users\kundai\AppData\Local\Programs\MiKTeX\tex/latex/hyperref\hpdftex.def
File: hpdftex.def 2023-11-26 v7.01g Hyperref driver for pdfTeX

(C:\Users\kundai\AppData\Local\Programs\MiKTeX\tex/latex/base\atveryend-ltx.sty
Package: atveryend-ltx 2020/08/19 v1.0a Emulation of the original atveryend pac
kage
with kernel methods
)
\Fld@listcount=\count291
\c@bookmark@seq@number=\count292

(C:\Users\kundai\AppData\Local\Programs\MiKTeX\tex/latex/rerunfilecheck\rerunfi
lecheck.sty
Package: rerunfilecheck 2025-06-21 v1.11 Rerun checks for auxiliary files (HO)

(C:\Users\kundai\AppData\Local\Programs\MiKTeX\tex/generic/uniquecounter\unique
counter.sty
Package: uniquecounter 2019/12/15 v1.4 Provide unlimited unique counter (HO)
)
Package uniquecounter Info: New unique counter `rerunfilecheck' on input line 2
84.
)
\Hy@SectionHShift=\skip58
)
(C:\Users\kundai\AppData\Local\Programs\MiKTeX\tex/latex/mhchem\mhchem.sty
Package: mhchem 2024/01/29 v4.10 for typesetting chemical formulae

(C:\Users\kundai\AppData\Local\Programs\MiKTeX\tex/latex/l3kernel\expl3.sty
Package: expl3 2024-01-04 L3 programming layer (loader) 

(C:\Users\kundai\AppData\Local\Programs\MiKTeX\tex/latex/l3backend\l3backend-pd
ftex.def
File: l3backend-pdftex.def 2024-01-04 L3 backend support: PDF output (pdfTeX)
\l__color_backend_stack_int=\count293
\l__pdf_internal_box=\box57
))
(C:\Users\kundai\AppData\Local\Programs\MiKTeX\tex/latex/l3packages/l3keys2e\l3
keys2e.sty
Package: l3keys2e 2023-10-10 LaTeX2e option processing using LaTeX3 keys
)
(C:\Users\kundai\AppData\Local\Programs\MiKTeX\tex/latex/tools\calc.sty
Package: calc 2023/07/08 v4.3 Infix arithmetic (KKT,FJ)
\calc@Acount=\count294
\calc@Bcount=\count295
\calc@Adimen=\dimen179
\calc@Bdimen=\dimen180
\calc@Askip=\skip59
\calc@Bskip=\skip60
LaTeX Info: Redefining \setlength on input line 80.
LaTeX Info: Redefining \addtolength on input line 81.
\calc@Ccount=\count296
\calc@Cskip=\skip61
)
(C:\Users\kundai\AppData\Local\Programs\MiKTeX\tex/latex/chemgreek\chemgreek.st
y
(C:\Users\kundai\AppData\Local\Programs\MiKTeX\tex/latex/l3packages/xparse\xpar
se.sty
Package: xparse 2023-10-10 L3 Experimental document command parser
)
Package: chemgreek 2020/01/16 v1.1a interface for upright Greek letters for use
 in chemistry (CN)
\l__chemgreek_tmpa_int=\count297
\g__chemgreek_tmpa_int=\count298
)
\l__mhchem_ce_distanceFromLastComma_int=\count299
\__mhchem_arrow_extPgfLength_skip=\skip62
\mhchem@minispace@tmp=\skip63
\mhchem@minibackspace@tmp=\skip64
\mhchem@bondwidth=\skip65
\mhchem@bondheight=\skip66
\mhchem@smallbondwidth@tmpA=\skip67
\mhchem@smallbondwidth@tmpB=\skip68
\mhchem@smallbondwidth=\skip69
\mhchem@bondtmp@minussidebearingleft=\skip70
\mhchem@bondtmp@minussidebearingright=\skip71
\l__mhchem_option_version_int=\count300
\mhchem@option@minusmathsidebearingleft=\dimen181
\mhchem@option@minusmathsidebearingright=\dimen182
\mhchem@option@minustextsidebearingleft=\dimen183
\mhchem@option@minustextsidebearingright=\dimen184


Package mhchem Warning: You did not specify a 'version' option for the mhchem
(mhchem)                package. Please write \usepackage[version=4]{mhchem}
(mhchem)                in your preamble (or any lower number for
(mhchem)                compatibility mode), because you might get slightly
(mhchem)                different output with the same input in future versions
.

) (C:\Users\kundai\AppData\Local\Programs\MiKTeX\tex/latex/natbib\natbib.sty
Package: natbib 2010/09/13 8.31b (PWD, AO)
\bibhang=\skip72
\bibsep=\skip73
LaTeX Info: Redefining \cite on input line 694.
\c@NAT@ctr=\count301
)
(C:\Users\kundai\AppData\Local\Programs\MiKTeX\tex/latex/siunitx\siunitx.sty
Package: siunitx 2025-07-09 v3.4.14 A comprehensive (SI) units package
\l__siunitx_number_uncert_offset_int=\count302
\l__siunitx_number_exponent_fixed_int=\count303
\l__siunitx_number_min_decimal_int=\count304
\l__siunitx_number_min_integer_int=\count305
\l__siunitx_number_round_precision_int=\count306
\l__siunitx_number_lower_threshold_int=\count307
\l__siunitx_number_upper_threshold_int=\count308
\l__siunitx_number_group_first_int=\count309
\l__siunitx_number_group_size_int=\count310
\l__siunitx_number_group_minimum_int=\count311
\l__siunitx_angle_tmp_dim=\dimen185
\l__siunitx_angle_marker_box=\box58
\l__siunitx_angle_unit_box=\box59
\l__siunitx_compound_count_int=\count312

(C:\Users\kundai\AppData\Local\Programs\MiKTeX\tex/latex/translations\translati
ons.sty
Package: translations 2022/02/05 v1.12 internationalization of LaTeX2e packages
 (CN)
)
\l__siunitx_table_tmp_box=\box60
\l__siunitx_table_tmp_dim=\dimen186
\l__siunitx_table_column_width_dim=\dimen187
\l__siunitx_table_integer_box=\box61
\l__siunitx_table_decimal_box=\box62
\l__siunitx_table_uncert_box=\box63
\l__siunitx_table_before_box=\box64
\l__siunitx_table_after_box=\box65
\l__siunitx_table_before_dim=\dimen188
\l__siunitx_table_carry_dim=\dimen189
\l__siunitx_unit_tmp_int=\count313
\l__siunitx_unit_position_int=\count314
\l__siunitx_unit_total_int=\count315
)
(C:\Users\kundai\AppData\Local\Programs\MiKTeX\tex/latex/physics\physics.sty
Package: physics 
)
(C:\Users\kundai\AppData\Local\Programs\MiKTeX\tex/latex/algorithms\algorithm.s
ty
Package: algorithm 2009/08/24 v0.1 Document Style `algorithm' - floating enviro
nment
 (C:\Users\kundai\AppData\Local\Programs\MiKTeX\tex/latex/base\ifthen.sty
Package: ifthen 2022/04/13 v1.1d Standard LaTeX ifthen package (DPC)
)
\@float@every@algorithm=\toks35
\c@algorithm=\count316
)
(C:\Users\kundai\AppData\Local\Programs\MiKTeX\tex/latex/algorithmicx\algpseudo
code.sty
Package: algpseudocode 

(C:\Users\kundai\AppData\Local\Programs\MiKTeX\tex/latex/algorithmicx\algorithm
icx.sty
Package: algorithmicx 2005/04/27 v1.2 Algorithmicx

Document Style algorithmicx 1.2 - a greatly improved `algorithmic' style
\c@ALG@line=\count317
\c@ALG@rem=\count318
\c@ALG@nested=\count319
\ALG@tlm=\skip74
\ALG@thistlm=\skip75
\c@ALG@Lnr=\count320
\c@ALG@blocknr=\count321
\c@ALG@storecount=\count322
\c@ALG@tmpcounter=\count323
\ALG@tmplength=\skip76
)
Document Style - pseudocode environments for use with the `algorithmicx' style
)
(C:\Users\kundai\AppData\Local\Programs\MiKTeX\tex/latex/caption\subcaption.sty
Package: subcaption 2023/07/28 v1.6b Sub-captions (AR)
(C:\Users\kundai\AppData\Local\Programs\MiKTeX\tex/latex/caption\caption.sty
Package: caption 2023/08/05 v3.6o Customizing captions (AR)

(C:\Users\kundai\AppData\Local\Programs\MiKTeX\tex/latex/caption\caption3.sty
Package: caption3 2023/07/31 v2.4d caption3 kernel (AR)
\caption@tempdima=\dimen190
\captionmargin=\dimen191
\caption@leftmargin=\dimen192
\caption@rightmargin=\dimen193
\caption@width=\dimen194
\caption@indent=\dimen195
\caption@parindent=\dimen196
\caption@hangindent=\dimen197
Package caption Info: Standard document class detected.
)
\c@caption@flags=\count324
\c@continuedfloat=\count325
Package caption Info: float package is loaded.
Package caption Info: hyperref package is loaded.
)
Package caption Info: New subtype `subfigure' on input line 238.
\c@subfigure=\count326
Package caption Info: New subtype `subtable' on input line 238.
\c@subtable=\count327
)
(C:\Users\kundai\AppData\Local\Programs\MiKTeX\tex/latex/multirow\multirow.sty
Package: multirow 2024/11/12 v2.9 Span multiple rows of a table
\multirow@colwidth=\skip77
\multirow@cntb=\count328
\multirow@dima=\skip78
\bigstrutjot=\dimen198
) (C:\Users\kundai\AppData\Local\Programs\MiKTeX\tex/latex/tools\longtable.sty
Package: longtable 2023-11-01 v4.19 Multi-page Table package (DPC)
\LTleft=\skip79
\LTright=\skip80
\LTpre=\skip81
\LTpost=\skip82
\LTchunksize=\count329
\LTcapwidth=\dimen199
\LT@head=\box66
\LT@firsthead=\box67
\LT@foot=\box68
\LT@lastfoot=\box69
\LT@gbox=\box70
\LT@cols=\count330
\LT@rows=\count331
\c@LT@tables=\count332
\c@LT@chunks=\count333
\LT@p@ftn=\toks36
)
(C:\Users\kundai\AppData\Local\Programs\MiKTeX\tex/latex/xcolor\xcolor.sty
Package: xcolor 2023/11/15 v3.01 LaTeX color extensions (UK)

(C:\Users\kundai\AppData\Local\Programs\MiKTeX\tex/latex/graphics-cfg\color.cfg
File: color.cfg 2016/01/02 v1.6 sample color configuration
)
Package xcolor Info: Driver file: pdftex.def on input line 274.

(C:\Users\kundai\AppData\Local\Programs\MiKTeX\tex/latex/graphics\mathcolor.ltx
)
Package xcolor Info: Model `cmy' substituted by `cmy0' on input line 1350.
Package xcolor Info: Model `hsb' substituted by `rgb' on input line 1354.
Package xcolor Info: Model `RGB' extended on input line 1366.
Package xcolor Info: Model `HTML' substituted by `rgb' on input line 1368.
Package xcolor Info: Model `Hsb' substituted by `hsb' on input line 1369.
Package xcolor Info: Model `tHsb' substituted by `hsb' on input line 1370.
Package xcolor Info: Model `HSB' substituted by `hsb' on input line 1371.
Package xcolor Info: Model `Gray' substituted by `gray' on input line 1372.
Package xcolor Info: Model `wave' substituted by `hsb' on input line 1373.
)
(C:\Users\kundai\AppData\Local\Programs\MiKTeX\tex/latex/pgf/frontendlayer\tikz
.sty
(C:\Users\kundai\AppData\Local\Programs\MiKTeX\tex/latex/pgf/basiclayer\pgf.sty

(C:\Users\kundai\AppData\Local\Programs\MiKTeX\tex/latex/pgf/utilities\pgfrcs.s
ty
(C:\Users\kundai\AppData\Local\Programs\MiKTeX\tex/generic/pgf/utilities\pgfuti
l-common.tex
\pgfutil@everybye=\toks37
\pgfutil@tempdima=\dimen256
\pgfutil@tempdimb=\dimen257
)
(C:\Users\kundai\AppData\Local\Programs\MiKTeX\tex/generic/pgf/utilities\pgfuti
l-latex.def
\pgfutil@abb=\box71
)
(C:\Users\kundai\AppData\Local\Programs\MiKTeX\tex/generic/pgf/utilities\pgfrcs
.code.tex
(C:\Users\kundai\AppData\Local\Programs\MiKTeX\tex/generic/pgf\pgf.revision.tex
)
Package: pgfrcs 2023-01-15 v3.1.10 (3.1.10)
))
Package: pgf 2023-01-15 v3.1.10 (3.1.10)

(C:\Users\kundai\AppData\Local\Programs\MiKTeX\tex/latex/pgf/basiclayer\pgfcore
.sty
(C:\Users\kundai\AppData\Local\Programs\MiKTeX\tex/latex/pgf/systemlayer\pgfsys
.sty
(C:\Users\kundai\AppData\Local\Programs\MiKTeX\tex/generic/pgf/systemlayer\pgfs
ys.code.tex
Package: pgfsys 2023-01-15 v3.1.10 (3.1.10)

(C:\Users\kundai\AppData\Local\Programs\MiKTeX\tex/generic/pgf/utilities\pgfkey
s.code.tex
\pgfkeys@pathtoks=\toks38
\pgfkeys@temptoks=\toks39

(C:\Users\kundai\AppData\Local\Programs\MiKTeX\tex/generic/pgf/utilities\pgfkey
slibraryfiltered.code.tex
\pgfkeys@tmptoks=\toks40
))
\pgf@x=\dimen258
\pgf@y=\dimen259
\pgf@xa=\dimen260
\pgf@ya=\dimen261
\pgf@xb=\dimen262
\pgf@yb=\dimen263
\pgf@xc=\dimen264
\pgf@yc=\dimen265
\pgf@xd=\dimen266
\pgf@yd=\dimen267
\w@pgf@writea=\write3
\r@pgf@reada=\read2
\c@pgf@counta=\count334
\c@pgf@countb=\count335
\c@pgf@countc=\count336
\c@pgf@countd=\count337
\t@pgf@toka=\toks41
\t@pgf@tokb=\toks42
\t@pgf@tokc=\toks43
\pgf@sys@id@count=\count338

(C:\Users\kundai\AppData\Local\Programs\MiKTeX\tex/generic/pgf/systemlayer\pgf.
cfg
File: pgf.cfg 2023-01-15 v3.1.10 (3.1.10)
)
Driver file for pgf: pgfsys-pdftex.def

(C:\Users\kundai\AppData\Local\Programs\MiKTeX\tex/generic/pgf/systemlayer\pgfs
ys-pdftex.def
File: pgfsys-pdftex.def 2023-01-15 v3.1.10 (3.1.10)

(C:\Users\kundai\AppData\Local\Programs\MiKTeX\tex/generic/pgf/systemlayer\pgfs
ys-common-pdf.def
File: pgfsys-common-pdf.def 2023-01-15 v3.1.10 (3.1.10)
)))
(C:\Users\kundai\AppData\Local\Programs\MiKTeX\tex/generic/pgf/systemlayer\pgfs
yssoftpath.code.tex
File: pgfsyssoftpath.code.tex 2023-01-15 v3.1.10 (3.1.10)
\pgfsyssoftpath@smallbuffer@items=\count339
\pgfsyssoftpath@bigbuffer@items=\count340
)
(C:\Users\kundai\AppData\Local\Programs\MiKTeX\tex/generic/pgf/systemlayer\pgfs
ysprotocol.code.tex
File: pgfsysprotocol.code.tex 2023-01-15 v3.1.10 (3.1.10)
))
(C:\Users\kundai\AppData\Local\Programs\MiKTeX\tex/generic/pgf/basiclayer\pgfco
re.code.tex
Package: pgfcore 2023-01-15 v3.1.10 (3.1.10)

(C:\Users\kundai\AppData\Local\Programs\MiKTeX\tex/generic/pgf/math\pgfmath.cod
e.tex
(C:\Users\kundai\AppData\Local\Programs\MiKTeX\tex/generic/pgf/math\pgfmathutil
.code.tex)
(C:\Users\kundai\AppData\Local\Programs\MiKTeX\tex/generic/pgf/math\pgfmathpars
er.code.tex
\pgfmath@dimen=\dimen268
\pgfmath@count=\count341
\pgfmath@box=\box72
\pgfmath@toks=\toks44
\pgfmath@stack@operand=\toks45
\pgfmath@stack@operation=\toks46
)
(C:\Users\kundai\AppData\Local\Programs\MiKTeX\tex/generic/pgf/math\pgfmathfunc
tions.code.tex)
(C:\Users\kundai\AppData\Local\Programs\MiKTeX\tex/generic/pgf/math\pgfmathfunc
tions.basic.code.tex)
(C:\Users\kundai\AppData\Local\Programs\MiKTeX\tex/generic/pgf/math\pgfmathfunc
tions.trigonometric.code.tex)
(C:\Users\kundai\AppData\Local\Programs\MiKTeX\tex/generic/pgf/math\pgfmathfunc
tions.random.code.tex)
(C:\Users\kundai\AppData\Local\Programs\MiKTeX\tex/generic/pgf/math\pgfmathfunc
tions.comparison.code.tex)
(C:\Users\kundai\AppData\Local\Programs\MiKTeX\tex/generic/pgf/math\pgfmathfunc
tions.base.code.tex)
(C:\Users\kundai\AppData\Local\Programs\MiKTeX\tex/generic/pgf/math\pgfmathfunc
tions.round.code.tex)
(C:\Users\kundai\AppData\Local\Programs\MiKTeX\tex/generic/pgf/math\pgfmathfunc
tions.misc.code.tex)
(C:\Users\kundai\AppData\Local\Programs\MiKTeX\tex/generic/pgf/math\pgfmathfunc
tions.integerarithmetics.code.tex)
(C:\Users\kundai\AppData\Local\Programs\MiKTeX\tex/generic/pgf/math\pgfmathcalc
.code.tex)
(C:\Users\kundai\AppData\Local\Programs\MiKTeX\tex/generic/pgf/math\pgfmathfloa
t.code.tex
\c@pgfmathroundto@lastzeros=\count342
))
(C:\Users\kundai\AppData\Local\Programs\MiKTeX\tex/generic/pgf/math\pgfint.code
.tex)
(C:\Users\kundai\AppData\Local\Programs\MiKTeX\tex/generic/pgf/basiclayer\pgfco
repoints.code.tex
File: pgfcorepoints.code.tex 2023-01-15 v3.1.10 (3.1.10)
\pgf@picminx=\dimen269
\pgf@picmaxx=\dimen270
\pgf@picminy=\dimen271
\pgf@picmaxy=\dimen272
\pgf@pathminx=\dimen273
\pgf@pathmaxx=\dimen274
\pgf@pathminy=\dimen275
\pgf@pathmaxy=\dimen276
\pgf@xx=\dimen277
\pgf@xy=\dimen278
\pgf@yx=\dimen279
\pgf@yy=\dimen280
\pgf@zx=\dimen281
\pgf@zy=\dimen282
)
(C:\Users\kundai\AppData\Local\Programs\MiKTeX\tex/generic/pgf/basiclayer\pgfco
repathconstruct.code.tex
File: pgfcorepathconstruct.code.tex 2023-01-15 v3.1.10 (3.1.10)
\pgf@path@lastx=\dimen283
\pgf@path@lasty=\dimen284
)
(C:\Users\kundai\AppData\Local\Programs\MiKTeX\tex/generic/pgf/basiclayer\pgfco
repathusage.code.tex
File: pgfcorepathusage.code.tex 2023-01-15 v3.1.10 (3.1.10)
\pgf@shorten@end@additional=\dimen285
\pgf@shorten@start@additional=\dimen286
)
(C:\Users\kundai\AppData\Local\Programs\MiKTeX\tex/generic/pgf/basiclayer\pgfco
rescopes.code.tex
File: pgfcorescopes.code.tex 2023-01-15 v3.1.10 (3.1.10)
\pgfpic=\box73
\pgf@hbox=\box74
\pgf@layerbox@main=\box75
\pgf@picture@serial@count=\count343
)
(C:\Users\kundai\AppData\Local\Programs\MiKTeX\tex/generic/pgf/basiclayer\pgfco
regraphicstate.code.tex
File: pgfcoregraphicstate.code.tex 2023-01-15 v3.1.10 (3.1.10)
\pgflinewidth=\dimen287
)
(C:\Users\kundai\AppData\Local\Programs\MiKTeX\tex/generic/pgf/basiclayer\pgfco
retransformations.code.tex
File: pgfcoretransformations.code.tex 2023-01-15 v3.1.10 (3.1.10)
\pgf@pt@x=\dimen288
\pgf@pt@y=\dimen289
\pgf@pt@temp=\dimen290
)
(C:\Users\kundai\AppData\Local\Programs\MiKTeX\tex/generic/pgf/basiclayer\pgfco
requick.code.tex
File: pgfcorequick.code.tex 2023-01-15 v3.1.10 (3.1.10)
)
(C:\Users\kundai\AppData\Local\Programs\MiKTeX\tex/generic/pgf/basiclayer\pgfco
reobjects.code.tex
File: pgfcoreobjects.code.tex 2023-01-15 v3.1.10 (3.1.10)
)
(C:\Users\kundai\AppData\Local\Programs\MiKTeX\tex/generic/pgf/basiclayer\pgfco
repathprocessing.code.tex
File: pgfcorepathprocessing.code.tex 2023-01-15 v3.1.10 (3.1.10)
)
(C:\Users\kundai\AppData\Local\Programs\MiKTeX\tex/generic/pgf/basiclayer\pgfco
rearrows.code.tex
File: pgfcorearrows.code.tex 2023-01-15 v3.1.10 (3.1.10)
\pgfarrowsep=\dimen291
)
(C:\Users\kundai\AppData\Local\Programs\MiKTeX\tex/generic/pgf/basiclayer\pgfco
reshade.code.tex
File: pgfcoreshade.code.tex 2023-01-15 v3.1.10 (3.1.10)
\pgf@max=\dimen292
\pgf@sys@shading@range@num=\count344
\pgf@shadingcount=\count345
)
(C:\Users\kundai\AppData\Local\Programs\MiKTeX\tex/generic/pgf/basiclayer\pgfco
reimage.code.tex
File: pgfcoreimage.code.tex 2023-01-15 v3.1.10 (3.1.10)
)
(C:\Users\kundai\AppData\Local\Programs\MiKTeX\tex/generic/pgf/basiclayer\pgfco
reexternal.code.tex
File: pgfcoreexternal.code.tex 2023-01-15 v3.1.10 (3.1.10)
\pgfexternal@startupbox=\box76
)
(C:\Users\kundai\AppData\Local\Programs\MiKTeX\tex/generic/pgf/basiclayer\pgfco
relayers.code.tex
File: pgfcorelayers.code.tex 2023-01-15 v3.1.10 (3.1.10)
)
(C:\Users\kundai\AppData\Local\Programs\MiKTeX\tex/generic/pgf/basiclayer\pgfco
retransparency.code.tex
File: pgfcoretransparency.code.tex 2023-01-15 v3.1.10 (3.1.10)
)
(C:\Users\kundai\AppData\Local\Programs\MiKTeX\tex/generic/pgf/basiclayer\pgfco
repatterns.code.tex
File: pgfcorepatterns.code.tex 2023-01-15 v3.1.10 (3.1.10)
)
(C:\Users\kundai\AppData\Local\Programs\MiKTeX\tex/generic/pgf/basiclayer\pgfco
rerdf.code.tex
File: pgfcorerdf.code.tex 2023-01-15 v3.1.10 (3.1.10)
)))
(C:\Users\kundai\AppData\Local\Programs\MiKTeX\tex/generic/pgf/modules\pgfmodul
eshapes.code.tex
File: pgfmoduleshapes.code.tex 2023-01-15 v3.1.10 (3.1.10)
\pgfnodeparttextbox=\box77
)
(C:\Users\kundai\AppData\Local\Programs\MiKTeX\tex/generic/pgf/modules\pgfmodul
eplot.code.tex
File: pgfmoduleplot.code.tex 2023-01-15 v3.1.10 (3.1.10)
)
(C:\Users\kundai\AppData\Local\Programs\MiKTeX\tex/latex/pgf/compatibility\pgfc
omp-version-0-65.sty
Package: pgfcomp-version-0-65 2023-01-15 v3.1.10 (3.1.10)
\pgf@nodesepstart=\dimen293
\pgf@nodesepend=\dimen294
)
(C:\Users\kundai\AppData\Local\Programs\MiKTeX\tex/latex/pgf/compatibility\pgfc
omp-version-1-18.sty
Package: pgfcomp-version-1-18 2023-01-15 v3.1.10 (3.1.10)
))
(C:\Users\kundai\AppData\Local\Programs\MiKTeX\tex/latex/pgf/utilities\pgffor.s
ty
(C:\Users\kundai\AppData\Local\Programs\MiKTeX\tex/latex/pgf/utilities\pgfkeys.
sty
(C:\Users\kundai\AppData\Local\Programs\MiKTeX\tex/generic/pgf/utilities\pgfkey
s.code.tex))
(C:\Users\kundai\AppData\Local\Programs\MiKTeX\tex/latex/pgf/math\pgfmath.sty
(C:\Users\kundai\AppData\Local\Programs\MiKTeX\tex/generic/pgf/math\pgfmath.cod
e.tex))
(C:\Users\kundai\AppData\Local\Programs\MiKTeX\tex/generic/pgf/utilities\pgffor
.code.tex
Package: pgffor 2023-01-15 v3.1.10 (3.1.10)
\pgffor@iter=\dimen295
\pgffor@skip=\dimen296
\pgffor@stack=\toks47
\pgffor@toks=\toks48
))
(C:\Users\kundai\AppData\Local\Programs\MiKTeX\tex/generic/pgf/frontendlayer/ti
kz\tikz.code.tex
Package: tikz 2023-01-15 v3.1.10 (3.1.10)

(C:\Users\kundai\AppData\Local\Programs\MiKTeX\tex/generic/pgf/libraries\pgflib
raryplothandlers.code.tex
File: pgflibraryplothandlers.code.tex 2023-01-15 v3.1.10 (3.1.10)
\pgf@plot@mark@count=\count346
\pgfplotmarksize=\dimen297
)
\tikz@lastx=\dimen298
\tikz@lasty=\dimen299
\tikz@lastxsaved=\dimen300
\tikz@lastysaved=\dimen301
\tikz@lastmovetox=\dimen302
\tikz@lastmovetoy=\dimen303
\tikzleveldistance=\dimen304
\tikzsiblingdistance=\dimen305
\tikz@figbox=\box78
\tikz@figbox@bg=\box79
\tikz@tempbox=\box80
\tikz@tempbox@bg=\box81
\tikztreelevel=\count347
\tikznumberofchildren=\count348
\tikznumberofcurrentchild=\count349
\tikz@fig@count=\count350

(C:\Users\kundai\AppData\Local\Programs\MiKTeX\tex/generic/pgf/modules\pgfmodul
ematrix.code.tex
File: pgfmodulematrix.code.tex 2023-01-15 v3.1.10 (3.1.10)
\pgfmatrixcurrentrow=\count351
\pgfmatrixcurrentcolumn=\count352
\pgf@matrix@numberofcolumns=\count353
)
\tikz@expandcount=\count354

(C:\Users\kundai\AppData\Local\Programs\MiKTeX\tex/generic/pgf/frontendlayer/ti
kz/libraries\tikzlibrarytopaths.code.tex
File: tikzlibrarytopaths.code.tex 2023-01-15 v3.1.10 (3.1.10)
)))
(C:\Users\kundai\AppData\Local\Programs\MiKTeX\tex/latex/mathtools\mathtools.st
y
Package: mathtools 2024/10/04 v1.31 mathematical typesetting tools

(C:\Users\kundai\AppData\Local\Programs\MiKTeX\tex/latex/mathtools\mhsetup.sty
Package: mhsetup 2021/03/18 v1.4 programming setup (MH)
)
\g_MT_multlinerow_int=\count355
\l_MT_multwidth_dim=\dimen306
\origjot=\skip83
\l_MT_shortvdotswithinadjustabove_dim=\dimen307
\l_MT_shortvdotswithinadjustbelow_dim=\dimen308
\l_MT_above_intertext_sep=\dimen309
\l_MT_below_intertext_sep=\dimen310
\l_MT_above_shortintertext_sep=\dimen311
\l_MT_below_shortintertext_sep=\dimen312
\xmathstrut@box=\box82
\xmathstrut@dim=\dimen313
)
(C:\Users\kundai\AppData\Local\Programs\MiKTeX\tex/latex/thmtools\thmtools.sty
Package: thmtools 2023/05/04 v0.76
\thmt@toks=\toks49
\c@thmt@dummyctr=\count356

(C:\Users\kundai\AppData\Local\Programs\MiKTeX\tex/latex/thmtools\thm-patch.sty
Package: thm-patch 2023/05/04 v0.76

(C:\Users\kundai\AppData\Local\Programs\MiKTeX\tex/latex/thmtools\parseargs.sty
Package: parseargs 2023/05/04 v0.76
\@parsespec=\toks50
)) (C:\Users\kundai\AppData\Local\Programs\MiKTeX\tex/latex/thmtools\thm-kv.sty
Package: thm-kv 2023/05/04 v0.76
Package thm-kv Info: Theorem names will be uppercased on input line 42.
Package thm-kv Info: kvsetkeys patch (v1.16 or later) on input line 158.
)
(C:\Users\kundai\AppData\Local\Programs\MiKTeX\tex/latex/thmtools\thm-autoref.s
ty
Package: thm-autoref 2023/05/04 v0.76

(C:\Users\kundai\AppData\Local\Programs\MiKTeX\tex/latex/thmtools\aliasctr.sty
Package: aliasctr 2023/05/04 v0.76
))
(C:\Users\kundai\AppData\Local\Programs\MiKTeX\tex/latex/thmtools\thm-listof.st
y
Package: thm-listof 2023/05/04 v0.76
)
(C:\Users\kundai\AppData\Local\Programs\MiKTeX\tex/latex/thmtools\thm-restate.s
ty
Package: thm-restate 2023/05/04 v0.76
)
(C:\Users\kundai\AppData\Local\Programs\MiKTeX\tex/latex/thmtools\thm-amsthm.st
y
Package: thm-amsthm 2023/05/04 v0.76
\thmt@style@headstyle=\toks51
))
\c@theorem=\count357
Package translations Info: No language package found. I am going to use `englis
h' as default language. on input line 64.
 (variance-minimisation-during-performance.aux

LaTeX Warning: Label `fig:oscillatory_coupling' multiply defined.


! Package natbib Error: Bibliography not compatible with author-year citations.

(natbib)                Press <return> to continue in numerical citation style.


See the natbib package documentation for explanation.
Type  H <return>  for immediate help.
 ...                                              
                                                  
l.472 ...and\NAT@force@numbers{}\NAT@force@numbers
                                                  
Check the bibliography entries for non-compliant syntax,
or select author-year BibTeX style, e.g. plainnat

)
\openout1 = `variance-minimisation-during-performance.aux'.

LaTeX Font Info:    Checking defaults for OML/cmm/m/it on input line 64.
LaTeX Font Info:    ... okay on input line 64.
LaTeX Font Info:    Checking defaults for OMS/cmsy/m/n on input line 64.
LaTeX Font Info:    ... okay on input line 64.
LaTeX Font Info:    Checking defaults for OT1/cmr/m/n on input line 64.
LaTeX Font Info:    ... okay on input line 64.
LaTeX Font Info:    Checking defaults for T1/cmr/m/n on input line 64.
LaTeX Font Info:    ... okay on input line 64.
LaTeX Font Info:    Checking defaults for TS1/cmr/m/n on input line 64.
LaTeX Font Info:    ... okay on input line 64.
LaTeX Font Info:    Checking defaults for OMX/cmex/m/n on input line 64.
LaTeX Font Info:    ... okay on input line 64.
LaTeX Font Info:    Checking defaults for U/cmr/m/n on input line 64.
LaTeX Font Info:    ... okay on input line 64.
LaTeX Font Info:    Checking defaults for PD1/pdf/m/n on input line 64.
LaTeX Font Info:    ... okay on input line 64.
LaTeX Font Info:    Checking defaults for PU/pdf/m/n on input line 64.
LaTeX Font Info:    ... okay on input line 64.

*geometry* driver: auto-detecting
*geometry* detected driver: pdftex
*geometry* verbose mode - [ preamble ] result:
* driver: pdftex
* paper: <default>
* layout: <same size as paper>
* layoutoffset:(h,v)=(0.0pt,0.0pt)
* modes: 
* h-part:(L,W,R)=(72.26999pt, 469.75502pt, 72.26999pt)
* v-part:(T,H,B)=(72.26999pt, 650.43001pt, 72.26999pt)
* \paperwidth=614.295pt
* \paperheight=794.96999pt
* \textwidth=469.75502pt
* \textheight=650.43001pt
* \oddsidemargin=0.0pt
* \evensidemargin=0.0pt
* \topmargin=-37.0pt
* \headheight=12.0pt
* \headsep=25.0pt
* \topskip=11.0pt
* \footskip=30.0pt
* \marginparwidth=59.0pt
* \marginparsep=10.0pt
* \columnsep=10.0pt
* \skip\footins=10.0pt plus 4.0pt minus 2.0pt
* \hoffset=0.0pt
* \voffset=0.0pt
* \mag=1000
* \@twocolumnfalse
* \@twosidefalse
* \@mparswitchfalse
* \@reversemarginfalse
* (1in=72.27pt=25.4mm, 1cm=28.453pt)


(C:\Users\kundai\AppData\Local\Programs\MiKTeX\tex/context/base/mkii\supp-pdf.m
kii
[Loading MPS to PDF converter (version 2006.09.02).]
\scratchcounter=\count358
\scratchdimen=\dimen314
\scratchbox=\box83
\nofMPsegments=\count359
\nofMParguments=\count360
\everyMPshowfont=\toks52
\MPscratchCnt=\count361
\MPscratchDim=\dimen315
\MPnumerator=\count362
\makeMPintoPDFobject=\count363
\everyMPtoPDFconversion=\toks53
)
(C:\Users\kundai\AppData\Local\Programs\MiKTeX\tex/latex/epstopdf-pkg\epstopdf-
base.sty
Package: epstopdf-base 2020-01-24 v2.11 Base part for package epstopdf
Package epstopdf-base Info: Redefining graphics rule for `.eps' on input line 4
85.

(C:\Users\kundai\AppData\Local\Programs\MiKTeX\tex/latex/00miktex\epstopdf-sys.
cfg
File: epstopdf-sys.cfg 2021/03/18 v2.0 Configuration of epstopdf for MiKTeX
))
Package hyperref Info: Link coloring OFF on input line 64.
 (variance-minimisation-during-performance.out)
(variance-minimisation-during-performance.out)
\@outlinefile=\write4
\openout4 = `variance-minimisation-during-performance.out'.


Package chemgreek Info: Activating mapping `default' on line 64.



Package siunitx Warning: Detected the "physics" package:
(siunitx)                omitting definition of \qty.
(siunitx)                
(siunitx)                If you want to use \qty with the siunitx definition,
(siunitx)                add 
(siunitx)                
(siunitx)                    \AtBeginDocument{\RenewCommandCopy\qty\SI}
(siunitx)                
(siunitx)                to your preamble.


(C:\Users\kundai\AppData\Local\Programs\MiKTeX\tex/latex/translations/dicts\tra
nslations-basic-dictionary-english.trsl
File: translations-basic-dictionary-english.trsl (english translation file `tra
nslations-basic-dictionary')
)
Package translations Info: loading dictionary `translations-basic-dictionary' f
or `english'. on input line 64.
Package caption Info: Begin \AtBeginDocument code.
Package caption Info: longtable package is loaded.

(C:\Users\kundai\AppData\Local\Programs\MiKTeX\tex/latex/caption\ltcaption.sty
Package: ltcaption 2021/01/08 v1.4c longtable captions (AR)
)
Package caption Info: End \AtBeginDocument code.
LaTeX Font Info:    Trying to load font information for U+msa on input line 67.

(C:\Users\kundai\AppData\Local\Programs\MiKTeX\tex/latex/amsfonts\umsa.fd
File: umsa.fd 2013/01/14 v3.01 AMS symbols A
)
LaTeX Font Info:    Trying to load font information for U+msb on input line 67.


(C:\Users\kundai\AppData\Local\Programs\MiKTeX\tex/latex/amsfonts\umsb.fd
File: umsb.fd 2013/01/14 v3.01 AMS symbols B
)
LaTeX Font Info:    Trying to load font information for T1+cmtt on input line 6
7.

(C:\Users\kundai\AppData\Local\Programs\MiKTeX\tex/latex/base\t1cmtt.fd
File: t1cmtt.fd 2023/04/13 v2.5m Standard LaTeX font definitions
)
[1

{C:/Users/kundai/AppData/Local/MiKTeX/fonts/map/pdftex/pdftex.map}]
Overfull \hbox (0.97685pt too wide) in paragraph at lines 81--82
[]\T1/cmr/m/n/10 The frame-work re-solves why rapid vari-ance min-imi-sa-tion r
e-quires at-mo-spheric oxy-gen: anaer-
 []


Overfull \hbox (2.94998pt too wide) in paragraph at lines 87--88
[]\T1/cmr/bx/n/10 Keywords: \T1/cmr/m/n/10 vari-ance min-imi-sa-tion, con-sciou
s-ness, dreams, re-al-ity test-ing, Bi-o-log-i-cal Maxwell
 []

[2] (variance-minimisation-during-performance.toc [3

] [4] [5] [6] [7] [8]
[9])
\tf@toc=\write5
\openout5 = `variance-minimisation-during-performance.toc'.

 [10]
Overfull \hbox (26.23688pt too wide) in paragraph at lines 123--124
[]\T1/cmr/m/n/10.95 These prop-er-ties yield os-cil-la-tory in-for-ma-tion den-
sity OID$[] \OT1/cmr/m/n/10.95 = 3\OML/cmm/m/it/10.95 :\OT1/cmr/m/n/10.95 2 \OM
S/cmsy/m/n/10.95 ^^B \OT1/cmr/m/n/10.95 10[]$ \T1/cmr/m/n/10.95 bits/molecule/s
econd^^V290\TS1/cmr/m/n/10.95 Ö
 []

[11

] [12] (sections/molecular-gas-information-dynamics.tex [13

]
<figures/paramagnetic_oscillation_analysis.png, id=1753, 1149.093pt x 859.0494p
t>
File: figures/paramagnetic_oscillation_analysis.png Graphic file (type png)
<use figures/paramagnetic_oscillation_analysis.png>
Package pdftex.def Info: figures/paramagnetic_oscillation_analysis.png  used on
 input line 89.
(pdftex.def)             Requested size: 469.75502pt x 351.1901pt.
 [14] [15 <./figures/paramagnetic_oscillation_analysis.png>]
Package hyperref Info: bookmark level for unknown observation defaults to 0 on 
input line 186.
 [16] [17]
<figures/chartset3_mechanism.png, id=1804, 461.3235pt x 467.1051pt>
File: figures/chartset3_mechanism.png Graphic file (type png)
<use figures/chartset3_mechanism.png>
Package pdftex.def Info: figures/chartset3_mechanism.png  used on input line 27
4.
(pdftex.def)             Requested size: 469.75502pt x 475.64975pt.


LaTeX Warning: Float too large for page by 148.01987pt on input line 283.

Package hyperref Info: bookmark level for unknown theorem defaults to 0 on inpu
t line 332.
[18] [19 <./figures/chartset3_mechanism.png>] [20]
<figures/figure_garmin_atmospheric.png, id=1844, 1180.6509pt x 851.3406pt>
File: figures/figure_garmin_atmospheric.png Graphic file (type png)
<use figures/figure_garmin_atmospheric.png>
Package pdftex.def Info: figures/figure_garmin_atmospheric.png  used on input l
ine 412.
(pdftex.def)             Requested size: 469.75502pt x 338.72455pt.
<figures/oxygen_information_enhancement.png, id=1845, 1143.5523pt x 858.8085pt>

File: figures/oxygen_information_enhancement.png Graphic file (type png)
<use figures/oxygen_information_enhancement.png>
Package pdftex.def Info: figures/oxygen_information_enhancement.png  used on in
put line 447.
(pdftex.def)             Requested size: 469.75502pt x 352.78207pt.


LaTeX Warning: Command \textdegree invalid in math mode on input line 454.


LaTeX Warning: Command \textdegree invalid in math mode on input line 454.

Missing character: There is no ° in font cmr10!

LaTeX Warning: Command \textdegree invalid in math mode on input line 454.


LaTeX Warning: Command \textdegree invalid in math mode on input line 454.

Missing character: There is no ° in font cmr10!

LaTeX Warning: Command \textdegree invalid in math mode on input line 454.


LaTeX Warning: Command \textdegree invalid in math mode on input line 454.

Missing character: There is no ° in font cmr10!

LaTeX Warning: Command \textdegree invalid in math mode on input line 454.


LaTeX Warning: Command \textdegree invalid in math mode on input line 454.

Missing character: There is no ° in font cmr10!

LaTeX Warning: Command \textdegree invalid in math mode on input line 454.


LaTeX Warning: Command \textdegree invalid in math mode on input line 454.

Missing character: There is no ° in font cmr10!

LaTeX Warning: Command \textdegree invalid in math mode on input line 454.


LaTeX Warning: Command \textdegree invalid in math mode on input line 454.

Missing character: There is no ° in font cmr10!

LaTeX Warning: Command \textdegree invalid in math mode on input line 454.


LaTeX Warning: Command \textdegree invalid in math mode on input line 454.

Missing character: There is no ° in font cmr10!

LaTeX Warning: Command \textdegree invalid in math mode on input line 454.


LaTeX Warning: Command \textdegree invalid in math mode on input line 454.

Missing character: There is no ° in font cmr10!

LaTeX Warning: Command \textdegree invalid in math mode on input line 454.


LaTeX Warning: Command \textdegree invalid in math mode on input line 454.

Missing character: There is no ° in font cmr10!

LaTeX Warning: Command \textdegree invalid in math mode on input line 454.


LaTeX Warning: Command \textdegree invalid in math mode on input line 454.

Missing character: There is no ° in font cmr10!

LaTeX Warning: Float too large for page by 52.3522pt on input line 456.

[21] [22 <./figures/figure_garmin_atmospheric.png>] [23 <./figures/oxygen_infor
mation_enhancement.png>]
Package hyperref Info: bookmark level for unknown principle defaults to 0 on in
put line 505.
) (sections/variance-minimisation-framework.tex
[24]
<figures/figure_heartbeat_unified_framework.png, id=1884, 1286.6469pt x 939.51p
t>
File: figures/figure_heartbeat_unified_framework.png Graphic file (type png)
<use figures/figure_heartbeat_unified_framework.png>
Package pdftex.def Info: figures/figure_heartbeat_unified_framework.png  used o
n input line 63.
(pdftex.def)             Requested size: 469.75502pt x 343.01147pt.
 [25] [26 <./figures/figure_heartbeat_unified_framework.png>] [27] [28]

Package hyperref Warning: Token not allowed in a PDF string (Unicode):
(hyperref)                removing `math shift' on input line 280.


Package hyperref Warning: Token not allowed in a PDF string (Unicode):
(hyperref)                removing `subscript' on input line 280.


Package hyperref Warning: Token not allowed in a PDF string (Unicode):
(hyperref)                removing `math shift' on input line 280.

[29]
Package hyperref Info: bookmark level for unknown definition defaults to 0 on i
nput line 286.
<figures/figure_1_perception_rate_foundation.png, id=1941, 966.4908pt x 741.972
pt>
File: figures/figure_1_perception_rate_foundation.png Graphic file (type png)
<use figures/figure_1_perception_rate_foundation.png>
Package pdftex.def Info: figures/figure_1_perception_rate_foundation.png  used 
on input line 301.
(pdftex.def)             Requested size: 469.75502pt x 360.62585pt.


LaTeX Warning: Float too large for page by 46.59598pt on input line 310.

[30] [31 <./figures/figure_1_perception_rate_foundation.png>] [32] [33]

LaTeX Warning: Command \textdegree invalid in math mode on input line 525.


LaTeX Warning: Command \textdegree invalid in math mode on input line 525.

Missing character: There is no ° in font cmr10!
[34]
<figures/figure_neural_resonance_1_bands.png, id=1991, 1185.7098pt x 855.9177pt
>
File: figures/figure_neural_resonance_1_bands.png Graphic file (type png)
<use figures/figure_neural_resonance_1_bands.png>
Package pdftex.def Info: figures/figure_neural_resonance_1_bands.png  used on i
nput line 552.
(pdftex.def)             Requested size: 469.75502pt x 339.09595pt.


LaTeX Warning: Float too large for page by 133.86612pt on input line 561.

) (sections/biological-maxwell-demon.tex [35] [36 <./figures/figure_neural_reso
nance_1_bands.png>]
Overfull \hbox (4.2387pt too wide) in paragraph at lines 11--12
\T1/cmr/m/n/10.95 molecules right-to-left. Over time, the left cham-ber heats u
p and right cham-ber cools down^^Vapparent
 []

[37]
<figures/Figure20_Maxwell_Demon.png, id=2029, 995.8806pt x 755.7033pt>
File: figures/Figure20_Maxwell_Demon.png Graphic file (type png)
<use figures/Figure20_Maxwell_Demon.png>
Package pdftex.def Info: figures/Figure20_Maxwell_Demon.png  used on input line
 75.
(pdftex.def)             Requested size: 446.26582pt x 338.63348pt.
<figures/figure2_drug_hole_matching.png, id=2030, 1149.093pt x 353.6412pt>
File: figures/figure2_drug_hole_matching.png Graphic file (type png)
<use figures/figure2_drug_hole_matching.png>
Package pdftex.def Info: figures/figure2_drug_hole_matching.png  used on input 
line 100.
(pdftex.def)             Requested size: 469.75502pt x 144.57292pt.
 [38] [39 <./figures/Figure20_Maxwell_Demon.png>] [40 <./figures/figure2_drug_h
ole_matching.png>] [41] [42]
<figures/maxwell_demon_results.png, id=2083, 1004.553pt x 853.5087pt>
File: figures/maxwell_demon_results.png Graphic file (type png)
<use figures/maxwell_demon_results.png>
Package pdftex.def Info: figures/maxwell_demon_results.png  used on input line 
242.
(pdftex.def)             Requested size: 469.75502pt x 399.11748pt.


LaTeX Warning: Float too large for page by 112.28761pt on input line 253.

[43] [44 <./figures/maxwell_demon_results.png>] [45]
<figures/recursive_bmd_analysis.png, id=2112, 1004.553pt x 852.786pt>
File: figures/recursive_bmd_analysis.png Graphic file (type png)
<use figures/recursive_bmd_analysis.png>
Package pdftex.def Info: figures/recursive_bmd_analysis.png  used on input line
 394.
(pdftex.def)             Requested size: 446.26582pt x 378.84447pt.

Overfull \hbox (21.37407pt too wide) detected at line 418
[][][][] \OT1/cmr/m/n/10.95 + [] = []
 []

[46] [47 <./figures/recursive_bmd_analysis.png>])
(sections/hierarchical-oscillatory-architecture.tex [48] [49]
<figures/cardiac_master_clock_panel.png, id=2155, 951.0732pt x 962.6364pt>
File: figures/cardiac_master_clock_panel.png Graphic file (type png)
<use figures/cardiac_master_clock_panel.png>
Package pdftex.def Info: figures/cardiac_master_clock_panel.png  used on input 
line 69.
(pdftex.def)             Requested size: 469.75502pt x 475.45627pt.

! Dimension too large.
\caption@slc ...ke {#1}{#2}}\ifdim \wd \@tempboxa 
                                                  >\caption@width \endgroup ...
l.81     }
          
I can't work with sizes bigger than about 19 feet.
Continue and I'll use the largest value I can.


LaTeX Warning: Float too large for page by 406.2265pt on input line 83.

[50] [51 <./figures/cardiac_master_clock_panel.png>]
<figures/figure_muscle_timing.png, id=2168, 1302.3054pt x 939.7509pt>
File: figures/figure_muscle_timing.png Graphic file (type png)
<use figures/figure_muscle_timing.png>
Package pdftex.def Info: figures/figure_muscle_timing.png  used on input line 1
60.
(pdftex.def)             Requested size: 469.75502pt x 338.96968pt.
 [52] [53 <./figures/figure_muscle_timing.png>]
<figures/figure3_oscillatory_coupling.png, id=2185, 1110.549pt x 913.011pt>
File: figures/figure3_oscillatory_coupling.png Graphic file (type png)
<use figures/figure3_oscillatory_coupling.png>
Package pdftex.def Info: figures/figure3_oscillatory_coupling.png  used on inpu
t line 233.
(pdftex.def)             Requested size: 469.75502pt x 386.19257pt.


LaTeX Warning: Command \textdegree invalid in math mode on input line 255.


LaTeX Warning: Command \textdegree invalid in math mode on input line 255.

Missing character: There is no ° in font cmr10!

LaTeX Warning: Command \textdegree invalid in math mode on input line 256.


LaTeX Warning: Command \textdegree invalid in math mode on input line 256.

Missing character: There is no ° in font cmr10!

LaTeX Warning: Command \textdegree invalid in math mode on input line 257.


LaTeX Warning: Command \textdegree invalid in math mode on input line 257.

Missing character: There is no ° in font cmr10!

LaTeX Warning: Command \textdegree invalid in math mode on input line 258.


LaTeX Warning: Command \textdegree invalid in math mode on input line 258.

Missing character: There is no ° in font cmr10!
[54] [55 <./figures/figure3_oscillatory_coupling.png>]

LaTeX Warning: Command \textdegree invalid in math mode on input line 287.


LaTeX Warning: Command \textdegree invalid in math mode on input line 287.


LaTeX Warning: Command \textdegree invalid in math mode on input line 287.


LaTeX Warning: Command \textdegree invalid in math mode on input line 287.

Missing character: There is no ° in font cmr10!
Missing character: There is no ° in font cmr10!

Package hyperref Warning: Token not allowed in a PDF string (Unicode):
(hyperref)                removing `math shift' on input line 307.


Package hyperref Warning: Token not allowed in a PDF string (Unicode):
(hyperref)                removing `\sim' on input line 307.


Package hyperref Warning: Token not allowed in a PDF string (Unicode):
(hyperref)                removing `superscript' on input line 307.


Package hyperref Warning: Token not allowed in a PDF string (Unicode):
(hyperref)                removing `math shift' on input line 307.


Package hyperref Warning: Token not allowed in a PDF string (Unicode):
(hyperref)                removing `math shift' on input line 311.


Package hyperref Warning: Token not allowed in a PDF string (Unicode):
(hyperref)                removing `\sim' on input line 311.


Package hyperref Warning: Token not allowed in a PDF string (Unicode):
(hyperref)                removing `superscript' on input line 311.


Package hyperref Warning: Token not allowed in a PDF string (Unicode):
(hyperref)                removing `math shift' on input line 311.


Package hyperref Warning: Token not allowed in a PDF string (Unicode):
(hyperref)                removing `math shift' on input line 319.


Package hyperref Warning: Token not allowed in a PDF string (Unicode):
(hyperref)                removing `\sim' on input line 319.


Package hyperref Warning: Token not allowed in a PDF string (Unicode):
(hyperref)                removing `superscript' on input line 319.


Package hyperref Warning: Token not allowed in a PDF string (Unicode):
(hyperref)                removing `math shift' on input line 319.


Package hyperref Warning: Token not allowed in a PDF string (Unicode):
(hyperref)                removing `math shift' on input line 327.


Package hyperref Warning: Token not allowed in a PDF string (Unicode):
(hyperref)                removing `\sim' on input line 327.


Package hyperref Warning: Token not allowed in a PDF string (Unicode):
(hyperref)                removing `math shift' on input line 327.


Package hyperref Warning: Token not allowed in a PDF string (Unicode):
(hyperref)                removing `math shift' on input line 335.


Package hyperref Warning: Token not allowed in a PDF string (Unicode):
(hyperref)                removing `\sim' on input line 335.


Package hyperref Warning: Token not allowed in a PDF string (Unicode):
(hyperref)                removing `math shift' on input line 335.

[56]
Overfull \hbox (5.11792pt too wide) in paragraph at lines 339--340
[]\T1/cmr/m/n/10.95 Phase-locking mech-a-nism: Biome-chan-i-cal os-cil-la-tions
 nat-u-rally en-train to car-diac rhythm through
 []

<figures/figure_joint_kinematics.png, id=2211, 1290.0195pt x 939.7509pt>
File: figures/figure_joint_kinematics.png Graphic file (type png)
<use figures/figure_joint_kinematics.png>
Package pdftex.def Info: figures/figure_joint_kinematics.png  used on input lin
e 343.
(pdftex.def)             Requested size: 469.75502pt x 342.21039pt.

Package hyperref Warning: Token not allowed in a PDF string (Unicode):
(hyperref)                removing `math shift' on input line 354.


Package hyperref Warning: Token not allowed in a PDF string (Unicode):
(hyperref)                removing `\sim' on input line 354.


Package hyperref Warning: Token not allowed in a PDF string (Unicode):
(hyperref)                removing `math shift' on input line 354.

[57 <./figures/figure_joint_kinematics.png>] [58]
<figures/figure_dual_watch_comparison.png, id=2227, 1169.0877pt x 845.3181pt>
File: figures/figure_dual_watch_comparison.png Graphic file (type png)
<use figures/figure_dual_watch_comparison.png>
Package pdftex.def Info: figures/figure_dual_watch_comparison.png  used on inpu
t line 447.
(pdftex.def)             Requested size: 469.75502pt x 339.65617pt.


LaTeX Warning: Float too large for page by 161.62636pt on input line 456.


LaTeX Warning: Command \textdegree invalid in math mode on input line 495.


LaTeX Warning: Command \textdegree invalid in math mode on input line 495.

Missing character: There is no ° in font cmr10!
[59] [60 <./figures/figure_dual_watch_comparison.png>] [61])
(sections/oscillatory-coupling.tex [62]

Package hyperref Warning: Token not allowed in a PDF string (Unicode):
(hyperref)                removing `math shift' on input line 15.


Package hyperref Warning: Token not allowed in a PDF string (Unicode):
(hyperref)                removing `subscript' on input line 15.


Package hyperref Warning: Token not allowed in a PDF string (Unicode):
(hyperref)                removing `math shift' on input line 15.

[63]
File: figures/figure3_oscillatory_coupling.png Graphic file (type png)
<use figures/figure3_oscillatory_coupling.png>
Package pdftex.def Info: figures/figure3_oscillatory_coupling.png  used on inpu
t line 121.
(pdftex.def)             Requested size: 469.75502pt x 386.19257pt.
 [64] [65]

Package hyperref Warning: Token not allowed in a PDF string (Unicode):
(hyperref)                removing `math shift' on input line 172.


Package hyperref Warning: Token not allowed in a PDF string (Unicode):
(hyperref)                removing `subscript' on input line 172.


Package hyperref Warning: Token not allowed in a PDF string (Unicode):
(hyperref)                removing `math shift' on input line 172.


Package hyperref Warning: Token not allowed in a PDF string (Unicode):
(hyperref)                removing `math shift' on input line 174.


Package hyperref Warning: Token not allowed in a PDF string (Unicode):
(hyperref)                removing `subscript' on input line 174.


Package hyperref Warning: Token not allowed in a PDF string (Unicode):
(hyperref)                removing `math shift' on input line 174.


Package hyperref Warning: Token not allowed in a PDF string (Unicode):
(hyperref)                removing `math shift' on input line 212.


Package hyperref Warning: Token not allowed in a PDF string (Unicode):
(hyperref)                removing `subscript' on input line 212.


Package hyperref Warning: Token not allowed in a PDF string (Unicode):
(hyperref)                removing `math shift' on input line 212.

[66]

LaTeX Warning: Command \textdegree invalid in math mode on input line 249.


LaTeX Warning: Command \textdegree invalid in math mode on input line 249.

Missing character: There is no ° in font cmr10!

Overfull \hbox (11.0433pt too wide) in paragraph at lines 256--257
[]\T1/cmr/bx/n/10.95 Functional con-se-quence\T1/cmr/m/n/10.95 : Vari-ance rest
ora-tion is 4\TS1/cmr/m/n/10.95 Ö \T1/cmr/m/n/10.95 faster dur-ing sys-tole tha
n di-as-tole^^Vcreating
 []

[67]

Package hyperref Warning: Token not allowed in a PDF string (Unicode):
(hyperref)                removing `math shift' on input line 314.


Package hyperref Warning: Token not allowed in a PDF string (Unicode):
(hyperref)                removing `subscript' on input line 314.


Package hyperref Warning: Token not allowed in a PDF string (Unicode):
(hyperref)                removing `math shift' on input line 314.

[68]
<figures/oscillatory_muscle_simulation.png, id=2329, 867.24pt x 722.7pt>
File: figures/oscillatory_muscle_simulation.png Graphic file (type png)
<use figures/oscillatory_muscle_simulation.png>
Package pdftex.def Info: figures/oscillatory_muscle_simulation.png  used on inp
ut line 372.
(pdftex.def)             Requested size: 469.75502pt x 391.46521pt.


LaTeX Warning: Float too large for page by 145.43536pt on input line 383.

[69] [70 <./figures/oscillatory_muscle_simulation.png>]
<figures/chartset1_universal_law.png, id=2344, 519.6213pt x 494.0859pt>
File: figures/chartset1_universal_law.png Graphic file (type png)
<use figures/chartset1_universal_law.png>
Package pdftex.def Info: figures/chartset1_universal_law.png  used on input lin
e 469.
(pdftex.def)             Requested size: 469.75502pt x 446.68614pt.


LaTeX Warning: Float too large for page by 119.05626pt on input line 478.

[71] [72 <./figures/chartset1_universal_law.png>])
(sections/dream-continuum.tex [73] [74] [75] [76]
Overfull \hbox (2.44536pt too wide) in paragraph at lines 188--189
[]\T1/cmr/bx/n/10.95 Internal chan-nel\T1/cmr/m/n/10.95 : Thoughts about strat-
egy, per-for-mance, dis-com-fort, mo-ti-va-tion (prediction-
 []


Overfull \hbox (3.93503pt too wide) in paragraph at lines 189--190
[]\T1/cmr/bx/n/10.95 External chan-nel\T1/cmr/m/n/10.95 : Ac-tual biome-chan-i-
cal state, ground re-ac-tion forces, mus-cle fa-tigue (reality-
 []

<figures/brain_wave_oscillatory_analysis.png, id=2408, 1438.173pt x 1148.1294pt
>
File: figures/brain_wave_oscillatory_analysis.png Graphic file (type png)
<use figures/brain_wave_oscillatory_analysis.png>
Package pdftex.def Info: figures/brain_wave_oscillatory_analysis.png  used on i
nput line 232.
(pdftex.def)             Requested size: 469.75502pt x 375.01218pt.

LaTeX Warning: Float too large for page by 60.9823pt on input line 246.

[77] [78 <./figures/brain_wave_oscillatory_analysis.png>] [79] [80] [81]
[82] [83]
Overfull \hbox (13.01392pt too wide) in paragraph at lines 537--538
[]\T1/cmr/bx/n/10.95 Trade-off\T1/cmr/m/n/10.95 : Test dis-abled dur-ing sleep 
(en-ergy con-ser-va-tion) at cost of dream ab-sur-dity^^Vacceptable
 []


Overfull \hbox (16.9779pt too wide) detected at line 555
[][][][] \OT1/cmr/m/n/10.95 = []
 []

[84] [85] [86]
<figures/cognitive_processing_analysis.png, id=2517, 1250.9937pt x 979.2585pt>
File: figures/cognitive_processing_analysis.png Graphic file (type png)
<use figures/cognitive_processing_analysis.png>
Package pdftex.def Info: figures/cognitive_processing_analysis.png  used on inp
ut line 690.
(pdftex.def)             Requested size: 469.75502pt x 367.71413pt.

! Dimension too large.
\caption@slc ...ke {#1}{#2}}\ifdim \wd \@tempboxa 
                                                  >\caption@width \endgroup ...
l.702     }
           
I can't work with sizes bigger than about 19 feet.
Continue and I'll use the largest value I can.


LaTeX Warning: Float too large for page by 366.48439pt on input line 704.

[87] [88 <./figures/cognitive_processing_analysis.png>] [89] [90]
Overfull \hbox (3.94768pt too wide) in paragraph at lines 917--917
[]|\T1/cmr/bx/n/10.95 Absurdity?| 
 []


Underfull \hbox (badness 10000) in paragraph at lines 921--921
[]|\T1/cmr/m/n/10.95 "Person speak-ing to
 []


Underfull \hbox (badness 2837) in paragraph at lines 922--922
[]|\T1/cmr/m/n/10.95 "Dead rel-a-tive speak-
 []

[91] [92] [93] [94]) (sections/multiscale-validation.tex [95]
<figures/figure_gps_precision_cascade_1.png, id=2602, 1357.9533pt x 893.4981pt>

File: figures/figure_gps_precision_cascade_1.png Graphic file (type png)
<use figures/figure_gps_precision_cascade_1.png>
Package pdftex.def Info: figures/figure_gps_precision_cascade_1.png  used on in
put line 47.
(pdftex.def)             Requested size: 469.75502pt x 309.08882pt.
 [96] [97 <./figures/figure_gps_precision_cascade_1.png>]
<figures/figure_gps_precision_cascade_2.png, id=2615, 1217.7495pt x 938.7873pt>

File: figures/figure_gps_precision_cascade_2.png Graphic file (type png)
<use figures/figure_gps_precision_cascade_2.png>
Package pdftex.def Info: figures/figure_gps_precision_cascade_2.png  used on in
put line 119.
(pdftex.def)             Requested size: 469.75502pt x 362.1433pt.


LaTeX Warning: Command \textdegree invalid in math mode on input line 126.


LaTeX Warning: Command \textdegree invalid in math mode on input line 126.

Missing character: There is no ° in font cmr10!

LaTeX Warning: Command \textdegree invalid in math mode on input line 126.


LaTeX Warning: Command \textdegree invalid in math mode on input line 126.

Missing character: There is no ° in font cmr10!

LaTeX Warning: Command \textdegree invalid in math mode on input line 126.


LaTeX Warning: Command \textdegree invalid in math mode on input line 126.

Missing character: There is no ° in font cmr10!

LaTeX Warning: Command \textdegree invalid in math mode on input line 126.


LaTeX Warning: Command \textdegree invalid in math mode on input line 126.

Missing character: There is no ° in font cmr10!

LaTeX Warning: Command \textdegree invalid in math mode on input line 126.


LaTeX Warning: Command \textdegree invalid in math mode on input line 126.

Missing character: There is no ° in font cmr10!

LaTeX Warning: Command \textdegree invalid in math mode on input line 126.


LaTeX Warning: Command \textdegree invalid in math mode on input line 126.

Missing character: There is no ° in font cmr10!

LaTeX Warning: Command \textdegree invalid in math mode on input line 126.


LaTeX Warning: Command \textdegree invalid in math mode on input line 126.

Missing character: There is no ° in font cmr10!

LaTeX Warning: Command \textdegree invalid in math mode on input line 126.


LaTeX Warning: Command \textdegree invalid in math mode on input line 126.

Missing character: There is no ° in font cmr10!

LaTeX Warning: Command \textdegree invalid in math mode on input line 126.


LaTeX Warning: Command \textdegree invalid in math mode on input line 126.

Missing character: There is no ° in font cmr10!

LaTeX Warning: Command \textdegree invalid in math mode on input line 126.


LaTeX Warning: Command \textdegree invalid in math mode on input line 126.

Missing character: There is no ° in font cmr10!

LaTeX Warning: Command \textdegree invalid in math mode on input line 126.


LaTeX Warning: Command \textdegree invalid in math mode on input line 126.

Missing character: There is no ° in font cmr10!

LaTeX Warning: Command \textdegree invalid in math mode on input line 126.


LaTeX Warning: Command \textdegree invalid in math mode on input line 126.

Missing character: There is no ° in font cmr10!

LaTeX Warning: Command \textdegree invalid in math mode on input line 126.


LaTeX Warning: Command \textdegree invalid in math mode on input line 126.

Missing character: There is no ° in font cmr10!

LaTeX Warning: Command \textdegree invalid in math mode on input line 126.


LaTeX Warning: Command \textdegree invalid in math mode on input line 126.

Missing character: There is no ° in font cmr10!

LaTeX Warning: Command \textdegree invalid in math mode on input line 126.


LaTeX Warning: Command \textdegree invalid in math mode on input line 126.

Missing character: There is no ° in font cmr10!

LaTeX Warning: Command \textdegree invalid in math mode on input line 126.


LaTeX Warning: Command \textdegree invalid in math mode on input line 126.

Missing character: There is no ° in font cmr10!

LaTeX Warning: Command \textdegree invalid in math mode on input line 126.


LaTeX Warning: Command \textdegree invalid in math mode on input line 126.

Missing character: There is no ° in font cmr10!

LaTeX Warning: Command \textdegree invalid in math mode on input line 126.


LaTeX Warning: Command \textdegree invalid in math mode on input line 126.

Missing character: There is no ° in font cmr10!

LaTeX Warning: Command \textdegree invalid in math mode on input line 126.


LaTeX Warning: Command \textdegree invalid in math mode on input line 126.

Missing character: There is no ° in font cmr10!

LaTeX Warning: Command \textdegree invalid in math mode on input line 126.


LaTeX Warning: Command \textdegree invalid in math mode on input line 126.

Missing character: There is no ° in font cmr10!

LaTeX Warning: Float too large for page by 34.51341pt on input line 128.

[98] [99 <./figures/figure_gps_precision_cascade_2.png>]

LaTeX Warning: Command \textdegree invalid in math mode on input line 182.


LaTeX Warning: Command \textdegree invalid in math mode on input line 182.


LaTeX Warning: Command \textdegree invalid in math mode on input line 182.


LaTeX Warning: Command \textdegree invalid in math mode on input line 182.

Missing character: There is no ° in font cmr10!
Missing character: There is no ° in font cmr10!
[100]

LaTeX Warning: Command \textdegree invalid in math mode on input line 206.


LaTeX Warning: Command \textdegree invalid in math mode on input line 206.


LaTeX Warning: Command \textdegree invalid in math mode on input line 206.


LaTeX Warning: Command \textdegree invalid in math mode on input line 206.

Missing character: There is no ° in font cmr10!
Missing character: There is no ° in font cmr10!

LaTeX Warning: Command \textdegree invalid in math mode on input line 207.


LaTeX Warning: Command \textdegree invalid in math mode on input line 207.


LaTeX Warning: Command \textdegree invalid in math mode on input line 207.


LaTeX Warning: Command \textdegree invalid in math mode on input line 207.

Missing character: There is no ° in font cmr10!
Missing character: There is no ° in font cmr10!

LaTeX Warning: Command \textdegree invalid in math mode on input line 208.


LaTeX Warning: Command \textdegree invalid in math mode on input line 208.

Missing character: There is no ° in font cmr10!
<figures/figure_joint_angles_3_frequency.png, id=2640, 1181.3736pt x 865.3128pt
>
File: figures/figure_joint_angles_3_frequency.png Graphic file (type png)
<use figures/figure_joint_angles_3_frequency.png>
Package pdftex.def Info: figures/figure_joint_angles_3_frequency.png  used on i
nput line 215.
(pdftex.def)             Requested size: 469.75502pt x 344.08563pt.
[101] [102 <./figures/figure_joint_angles_3_frequency.png>] [103]
<figures/demo1_muscle_comparison.png, id=2671, 1004.0712pt x 713.5458pt>
File: figures/demo1_muscle_comparison.png Graphic file (type png)
<use figures/demo1_muscle_comparison.png>
Package pdftex.def Info: figures/demo1_muscle_comparison.png  used on input lin
e 349.
(pdftex.def)             Requested size: 469.75502pt x 333.83139pt.


Package hyperref Warning: Token not allowed in a PDF string (Unicode):
(hyperref)                removing `math shift' on input line 362.


Package hyperref Warning: Token not allowed in a PDF string (Unicode):
(hyperref)                removing `\mu' on input line 362.


Package hyperref Warning: Token not allowed in a PDF string (Unicode):
(hyperref)                removing `math shift' on input line 362.

[104] [105 <./figures/demo1_muscle_comparison.png>]

Package hyperref Warning: Token not allowed in a PDF string (Unicode):
(hyperref)                removing `math shift' on input line 414.


Package hyperref Warning: Token not allowed in a PDF string (Unicode):
(hyperref)                removing `subscript' on input line 414.


Package hyperref Warning: Token not allowed in a PDF string (Unicode):
(hyperref)                removing `math shift' on input line 414.

<figures/cardiac_master_comprehensive.png, id=2689, 1143.7932pt x 890.8482pt>
File: figures/cardiac_master_comprehensive.png Graphic file (type png)
<use figures/cardiac_master_comprehensive.png>
Package pdftex.def Info: figures/cardiac_master_comprehensive.png  used on inpu
t line 431.
(pdftex.def)             Requested size: 469.75502pt x 365.86183pt.

LaTeX Warning: Command \textdegree invalid in math mode on input line 440.


LaTeX Warning: Command \textdegree invalid in math mode on input line 440.

Missing character: There is no ° in font cmr10!

LaTeX Warning: Command \textdegree invalid in math mode on input line 440.


LaTeX Warning: Command \textdegree invalid in math mode on input line 440.

Missing character: There is no ° in font cmr10!

LaTeX Warning: Command \textdegree invalid in math mode on input line 440.


LaTeX Warning: Command \textdegree invalid in math mode on input line 440.

Missing character: There is no ° in font cmr10!

LaTeX Warning: Command \textdegree invalid in math mode on input line 440.


LaTeX Warning: Command \textdegree invalid in math mode on input line 440.

Missing character: There is no ° in font cmr10!

LaTeX Warning: Command \textdegree invalid in math mode on input line 440.


LaTeX Warning: Command \textdegree invalid in math mode on input line 440.

Missing character: There is no ° in font cmr10!

LaTeX Warning: Command \textdegree invalid in math mode on input line 440.


LaTeX Warning: Command \textdegree invalid in math mode on input line 440.

Missing character: There is no ° in font cmr10!

LaTeX Warning: Command \textdegree invalid in math mode on input line 440.


LaTeX Warning: Command \textdegree invalid in math mode on input line 440.

Missing character: There is no ° in font cmr10!

LaTeX Warning: Command \textdegree invalid in math mode on input line 440.


LaTeX Warning: Command \textdegree invalid in math mode on input line 440.

Missing character: There is no ° in font cmr10!

LaTeX Warning: Command \textdegree invalid in math mode on input line 440.


LaTeX Warning: Command \textdegree invalid in math mode on input line 440.

Missing character: There is no ° in font cmr10!

LaTeX Warning: Command \textdegree invalid in math mode on input line 440.


LaTeX Warning: Command \textdegree invalid in math mode on input line 440.

Missing character: There is no ° in font cmr10!

LaTeX Warning: Command \textdegree invalid in math mode on input line 440.


LaTeX Warning: Command \textdegree invalid in math mode on input line 440.

Missing character: There is no ° in font cmr10!

LaTeX Warning: Command \textdegree invalid in math mode on input line 440.


LaTeX Warning: Command \textdegree invalid in math mode on input line 440.

Missing character: There is no ° in font cmr10!

LaTeX Warning: Command \textdegree invalid in math mode on input line 440.


LaTeX Warning: Command \textdegree invalid in math mode on input line 440.

Missing character: There is no ° in font cmr10!

LaTeX Warning: Command \textdegree invalid in math mode on input line 440.


LaTeX Warning: Command \textdegree invalid in math mode on input line 440.

Missing character: There is no ° in font cmr10!

LaTeX Warning: Command \textdegree invalid in math mode on input line 440.


LaTeX Warning: Command \textdegree invalid in math mode on input line 440.

Missing character: There is no ° in font cmr10!

LaTeX Warning: Command \textdegree invalid in math mode on input line 440.


LaTeX Warning: Command \textdegree invalid in math mode on input line 440.

Missing character: There is no ° in font cmr10!
! Dimension too large.
\caption@slc ...ke {#1}{#2}}\ifdim \wd \@tempboxa 
                                                  >\caption@width \endgroup ...
l.440     }
           
I can't work with sizes bigger than about 19 feet.
Continue and I'll use the largest value I can.


LaTeX Warning: Command \textdegree invalid in math mode on input line 440.


LaTeX Warning: Command \textdegree invalid in math mode on input line 440.

Missing character: There is no ° in font cmr10!

LaTeX Warning: Command \textdegree invalid in math mode on input line 440.


LaTeX Warning: Command \textdegree invalid in math mode on input line 440.

Missing character: There is no ° in font cmr10!

LaTeX Warning: Command \textdegree invalid in math mode on input line 440.


LaTeX Warning: Command \textdegree invalid in math mode on input line 440.

Missing character: There is no ° in font cmr10!

LaTeX Warning: Command \textdegree invalid in math mode on input line 440.


LaTeX Warning: Command \textdegree invalid in math mode on input line 440.

Missing character: There is no ° in font cmr10!

LaTeX Warning: Command \textdegree invalid in math mode on input line 440.


LaTeX Warning: Command \textdegree invalid in math mode on input line 440.

Missing character: There is no ° in font cmr10!

LaTeX Warning: Command \textdegree invalid in math mode on input line 440.


LaTeX Warning: Command \textdegree invalid in math mode on input line 440.

Missing character: There is no ° in font cmr10!

LaTeX Warning: Command \textdegree invalid in math mode on input line 440.


LaTeX Warning: Command \textdegree invalid in math mode on input line 440.

Missing character: There is no ° in font cmr10!

LaTeX Warning: Command \textdegree invalid in math mode on input line 440.


LaTeX Warning: Command \textdegree invalid in math mode on input line 440.

Missing character: There is no ° in font cmr10!

LaTeX Warning: Command \textdegree invalid in math mode on input line 440.


LaTeX Warning: Command \textdegree invalid in math mode on input line 440.

Missing character: There is no ° in font cmr10!

LaTeX Warning: Command \textdegree invalid in math mode on input line 440.


LaTeX Warning: Command \textdegree invalid in math mode on input line 440.

Missing character: There is no ° in font cmr10!

LaTeX Warning: Command \textdegree invalid in math mode on input line 440.


LaTeX Warning: Command \textdegree invalid in math mode on input line 440.

Missing character: There is no ° in font cmr10!

LaTeX Warning: Command \textdegree invalid in math mode on input line 440.


LaTeX Warning: Command \textdegree invalid in math mode on input line 440.

Missing character: There is no ° in font cmr10!

LaTeX Warning: Command \textdegree invalid in math mode on input line 440.


LaTeX Warning: Command \textdegree invalid in math mode on input line 440.

Missing character: There is no ° in font cmr10!

LaTeX Warning: Command \textdegree invalid in math mode on input line 440.


LaTeX Warning: Command \textdegree invalid in math mode on input line 440.

Missing character: There is no ° in font cmr10!

LaTeX Warning: Command \textdegree invalid in math mode on input line 440.


LaTeX Warning: Command \textdegree invalid in math mode on input line 440.

Missing character: There is no ° in font cmr10!

LaTeX Warning: Command \textdegree invalid in math mode on input line 440.


LaTeX Warning: Command \textdegree invalid in math mode on input line 440.

Missing character: There is no ° in font cmr10!

LaTeX Warning: Float too large for page by 215.03203pt on input line 442.


Package hyperref Warning: Token not allowed in a PDF string (Unicode):
(hyperref)                removing `math shift' on input line 470.


Package hyperref Warning: Token not allowed in a PDF string (Unicode):
(hyperref)                removing `subscript' on input line 470.


Package hyperref Warning: Token not allowed in a PDF string (Unicode):
(hyperref)                removing `math shift' on input line 470.

[106] [107 <./figures/cardiac_master_comprehensive.png>]
<figures/master_figure_3_empirical_validation.png, id=2708, 1391.6793pt x 1078.
2684pt>
File: figures/master_figure_3_empirical_validation.png Graphic file (type png)
<use figures/master_figure_3_empirical_validation.png>
Package pdftex.def Info: figures/master_figure_3_empirical_validation.png  used
 on input line 540.
(pdftex.def)             Requested size: 469.75502pt x 363.95747pt.

! Dimension too large.
\caption@slc ...ke {#1}{#2}}\ifdim \wd \@tempboxa 
                                                  >\caption@width \endgroup ...
l.547     }
           
I can't work with sizes bigger than about 19 feet.
Continue and I'll use the largest value I can.


LaTeX Warning: Float too large for page by 267.5277pt on input line 549.

[108] [109 <./figures/master_figure_3_empirical_validation.png>] [110]
<figures/master_figure_4_multiscale_atlas.png, id=2738, 1453.5906pt x 1198.2366
pt>
File: figures/master_figure_4_multiscale_atlas.png Graphic file (type png)
<use figures/master_figure_4_multiscale_atlas.png>
Package pdftex.def Info: figures/master_figure_4_multiscale_atlas.png  used on 
input line 645.
(pdftex.def)             Requested size: 469.75502pt x 387.22826pt.

! Dimension too large.
\caption@slc ...ke {#1}{#2}}\ifdim \wd \@tempboxa 
                                                  >\caption@width \endgroup ...
l.654     }
           
I can't work with sizes bigger than about 19 feet.
Continue and I'll use the largest value I can.


LaTeX Warning: Float too large for page by 292.81606pt on input line 656.

[111] [112 <./figures/master_figure_4_multiscale_atlas.png>] [113])
(sections/systemic-identification.tex [114]

LaTeX Warning: Command \textdegree invalid in math mode on input line 59.


LaTeX Warning: Command \textdegree invalid in math mode on input line 59.

Missing character: There is no ° in font cmr10!
<figures/figure_gait_cycle_analysis.png, id=2781, 1284.2379pt x 939.7509pt>
File: figures/figure_gait_cycle_analysis.png Graphic file (type png)
<use figures/figure_gait_cycle_analysis.png>
Package pdftex.def Info: figures/figure_gait_cycle_analysis.png  used on input 
line 66.
(pdftex.def)             Requested size: 469.75502pt x 343.7447pt.

Package hyperref Warning: Token not allowed in a PDF string (Unicode):
(hyperref)                removing `math shift' on input line 77.


Package hyperref Warning: Token not allowed in a PDF string (Unicode):
(hyperref)                removing `subscript' on input line 77.


Package hyperref Warning: Token not allowed in a PDF string (Unicode):
(hyperref)                removing `math shift' on input line 77.

[115] [116 <./figures/figure_gait_cycle_analysis.png>]
<figures/figure_resonance_quality_analysis.png, id=2804, 1281.3471pt x 939.7509
pt>
File: figures/figure_resonance_quality_analysis.png Graphic file (type png)
<use figures/figure_resonance_quality_analysis.png>
Package pdftex.def Info: figures/figure_resonance_quality_analysis.png  used on
 input line 187.
(pdftex.def)             Requested size: 469.75502pt x 344.51904pt.
 [117] [118 <./figures/figure_resonance_quality_analysis.png>] [119]
<figures/figure_neural_resonance_2_integration.png, id=2833, 1172.2194pt x 851.
3406pt>
File: figures/figure_neural_resonance_2_integration.png Graphic file (type png)

<use figures/figure_neural_resonance_2_integration.png>
Package pdftex.def Info: figures/figure_neural_resonance_2_integration.png  use
d on input line 309.
(pdftex.def)             Requested size: 469.75502pt x 341.16673pt.


LaTeX Warning: Float too large for page by 122.3369pt on input line 318.

[120] [121 <./figures/figure_neural_resonance_2_integration.png>]
<figures/figure_muscle_activation.png, id=2854, 1317.4821pt x 967.4544pt>
File: figures/figure_muscle_activation.png Graphic file (type png)
<use figures/figure_muscle_activation.png>
Package pdftex.def Info: figures/figure_muscle_activation.png  used on input li
ne 375.
(pdftex.def)             Requested size: 469.75502pt x 344.94707pt.
 [122]
[123 <./figures/figure_muscle_activation.png>]
<figures/figure_gps_thought_geometry.png, id=2874, 1315.0731pt x 949.3869pt>
File: figures/figure_gps_thought_geometry.png Graphic file (type png)
<use figures/figure_gps_thought_geometry.png>
Package pdftex.def Info: figures/figure_gps_thought_geometry.png  used on input
 line 482.
(pdftex.def)             Requested size: 469.75502pt x 339.128pt.
 [124] [125 <./figures/figure_gps_thought_geometry.png>]

LaTeX Warning: Command \textdegree invalid in math mode on input line 515.


LaTeX Warning: Command \textdegree invalid in math mode on input line 515.

Missing character: There is no ° in font cmr10!

LaTeX Warning: Command \textdegree invalid in math mode on input line 515.


LaTeX Warning: Command \textdegree invalid in math mode on input line 515.

Missing character: There is no ° in font cmr10!

LaTeX Warning: Command \textdegree invalid in math mode on input line 515.


LaTeX Warning: Command \textdegree invalid in math mode on input line 515.

Missing character: There is no ° in font cmr10!

LaTeX Warning: Command \textdegree invalid in math mode on input line 515.


LaTeX Warning: Command \textdegree invalid in math mode on input line 515.

Missing character: There is no ° in font cmr10!

LaTeX Warning: Command \textdegree invalid in math mode on input line 515.


LaTeX Warning: Command \textdegree invalid in math mode on input line 515.

Missing character: There is no ° in font cmr10!

LaTeX Warning: Command \textdegree invalid in math mode on input line 515.


LaTeX Warning: Command \textdegree invalid in math mode on input line 515.

Missing character: There is no ° in font cmr10!
[126]
<figures/figure_gps_consciousness_geometry.png, id=2902, 1314.8322pt x 952.2777
pt>
File: figures/figure_gps_consciousness_geometry.png Graphic file (type png)
<use figures/figure_gps_consciousness_geometry.png>
Package pdftex.def Info: figures/figure_gps_consciousness_geometry.png  used on
 input line 567.
(pdftex.def)             Requested size: 469.75502pt x 340.21873pt.


LaTeX Warning: Float too large for page by 134.9889pt on input line 576.


LaTeX Warning: Command \textdegree invalid in math mode on input line 592.


LaTeX Warning: Command \textdegree invalid in math mode on input line 592.

Missing character: There is no ° in font cmr10!
[127] [128 <./figures/figure_gps_consciousness_geometry.png>]
<figures/figure_gps_precision_cascade_3.png, id=2921, 1309.2915pt x 899.2797pt>

File: figures/figure_gps_precision_cascade_3.png Graphic file (type png)
<use figures/figure_gps_precision_cascade_3.png>
Package pdftex.def Info: figures/figure_gps_precision_cascade_3.png  used on in
put line 665.
(pdftex.def)             Requested size: 469.75502pt x 322.64268pt.


LaTeX Warning: Command \textdegree invalid in math mode on input line 672.


LaTeX Warning: Command \textdegree invalid in math mode on input line 672.

Missing character: There is no ° in font cmr10!

LaTeX Warning: Command \textdegree invalid in math mode on input line 672.


LaTeX Warning: Command \textdegree invalid in math mode on input line 672.

Missing character: There is no ° in font cmr10!

LaTeX Warning: Command \textdegree invalid in math mode on input line 672.


LaTeX Warning: Command \textdegree invalid in math mode on input line 672.

Missing character: There is no ° in font cmr10!

LaTeX Warning: Command \textdegree invalid in math mode on input line 672.


LaTeX Warning: Command \textdegree invalid in math mode on input line 672.

Missing character: There is no ° in font cmr10!

LaTeX Warning: Command \textdegree invalid in math mode on input line 672.


LaTeX Warning: Command \textdegree invalid in math mode on input line 672.

Missing character: There is no ° in font cmr10!

LaTeX Warning: Command \textdegree invalid in math mode on input line 672.


LaTeX Warning: Command \textdegree invalid in math mode on input line 672.

Missing character: There is no ° in font cmr10!

LaTeX Warning: Command \textdegree invalid in math mode on input line 672.


LaTeX Warning: Command \textdegree invalid in math mode on input line 672.

Missing character: There is no ° in font cmr10!

LaTeX Warning: Command \textdegree invalid in math mode on input line 672.


LaTeX Warning: Command \textdegree invalid in math mode on input line 672.

Missing character: There is no ° in font cmr10!

LaTeX Warning: Float too large for page by 49.41283pt on input line 674.

[129] [130 <./figures/figure_gps_precision_cascade_3.png>])
(sections/discussion.tex [131]) [132]
(variance-minimisation-during-performance.bbl [133

]) [134]
(variance-minimisation-during-performance.aux)
 ***********
LaTeX2e <2023-11-01> patch level 1
L3 programming layer <2024-01-04>
 ***********


LaTeX Warning: There were multiply-defined labels.

Package rerunfilecheck Info: File `variance-minimisation-during-performance.out
' has not changed.
(rerunfilecheck)             Checksum: 63037E6902B6E62716C08A43D5FD9B71;70292.
 ) 
Here is how much of TeX's memory you used:
 32224 strings out of 474486
 653690 string characters out of 5743283
 1949542 words of memory out of 5000000
 52886 multiletter control sequences out of 15000+600000
 586802 words of font info for 106 fonts, out of 8000000 for 9000
 1141 hyphenation exceptions out of 8191
 84i,17n,87p,5046b,1283s stack positions out of 10000i,1000n,20000p,200000b,200000s
 <C:\Users\kundai\AppData\Local\MiKTeX\fonts/pk/ljfour/jknappen/ec/dpi600\tcr
m0800.pk> <C:\Users\kundai\AppData\Local\MiKTeX\fonts/pk/ljfour/jknappen/ec/dpi
600\ecbi1095.pk> <C:\Users\kundai\AppData\Local\MiKTeX\fonts/pk/ljfour/jknappen
/ec/dpi600\tcbx1200.pk> <C:\Users\kundai\AppData\Local\MiKTeX\fonts/pk/ljfour/j
knappen/ec/dpi600\ecti0800.pk> <C:\Users\kundai\AppData\Local\MiKTeX\fonts/pk/l
jfour/jknappen/ec/dpi600\ecrm0600.pk> <C:\Users\kundai\AppData\Local\MiKTeX\fon
ts/pk/ljfour/jknappen/ec/dpi600\tcbx1095.pk> <C:\Users\kundai\AppData\Local\MiK
TeX\fonts/pk/ljfour/jknappen/ec/dpi600\ecti1095.pk> <C:\Users\kundai\AppData\Lo
cal\MiKTeX\fonts/pk/ljfour/jknappen/ec/dpi600\ecbx0800.pk> <C:\Users\kundai\App
Data\Local\MiKTeX\fonts/pk/ljfour/jknappen/ec/dpi600\ecrm0800.pk> <C:\Users\kun
dai\AppData\Local\MiKTeX\fonts/pk/ljfour/jknappen/ec/dpi600\ecbx1200.pk> <C:\Us
ers\kundai\AppData\Local\MiKTeX\fonts/pk/ljfour/jknappen/ec/dpi600\tcrm1095.pk>
 <C:\Users\kundai\AppData\Local\MiKTeX\fonts/pk/ljfour/jknappen/ec/dpi600\ecbx1
095.pk> <C:\Users\kundai\AppData\Local\MiKTeX\fonts/pk/ljfour/jknappen/ec/dpi60
0\ecbx1440.pk> <C:\Users\kundai\AppData\Local\MiKTeX\fonts/pk/ljfour/jknappen/e
c/dpi600\tcrm1000.pk> <C:\Users\kundai\AppData\Local\MiKTeX\fonts/pk/ljfour/jkn
appen/ec/dpi600\ecrm1095.pk> <C:\Users\kundai\AppData\Local\MiKTeX\fonts/pk/ljf
our/jknappen/ec/dpi600\ecrm0700.pk> <C:\Users\kundai\AppData\Local\MiKTeX\fonts
/pk/ljfour/jknappen/ec/dpi600\ecrm1000.pk> <C:\Users\kundai\AppData\Local\MiKTe
X\fonts/pk/ljfour/jknappen/ec/dpi600\ecbx1000.pk> <C:\Users\kundai\AppData\Loca
l\MiKTeX\fonts/pk/ljfour/jknappen/ec/dpi600\ectt1200.pk> <C:\Users\kundai\AppDa
ta\Local\MiKTeX\fonts/pk/ljfour/jknappen/ec/dpi600\ecrm1200.pk> <C:\Users\kunda
i\AppData\Local\MiKTeX\fonts/pk/ljfour/jknappen/ec/dpi600\ecbx1728.pk><C:/Users
/kundai/AppData/Local/Programs/MiKTeX/fonts/type1/public/amsfonts/cm/cmbx10.pfb
><C:/Users/kundai/AppData/Local/Programs/MiKTeX/fonts/type1/public/amsfonts/cm/
cmbx8.pfb><C:/Users/kundai/AppData/Local/Programs/MiKTeX/fonts/type1/public/ams
fonts/cm/cmex10.pfb><C:/Users/kundai/AppData/Local/Programs/MiKTeX/fonts/type1/
public/amsfonts/cm/cmmi10.pfb><C:/Users/kundai/AppData/Local/Programs/MiKTeX/fo
nts/type1/public/amsfonts/cm/cmmi12.pfb><C:/Users/kundai/AppData/Local/Programs
/MiKTeX/fonts/type1/public/amsfonts/cm/cmmi6.pfb><C:/Users/kundai/AppData/Local
/Programs/MiKTeX/fonts/type1/public/amsfonts/cm/cmmi8.pfb><C:/Users/kundai/AppD
ata/Local/Programs/MiKTeX/fonts/type1/public/amsfonts/cm/cmmib10.pfb><C:/Users/
kundai/AppData/Local/Programs/MiKTeX/fonts/type1/public/amsfonts/cm/cmr10.pfb><
C:/Users/kundai/AppData/Local/Programs/MiKTeX/fonts/type1/public/amsfonts/cm/cm
r5.pfb><C:/Users/kundai/AppData/Local/Programs/MiKTeX/fonts/type1/public/amsfon
ts/cm/cmr6.pfb><C:/Users/kundai/AppData/Local/Programs/MiKTeX/fonts/type1/publi
c/amsfonts/cm/cmr7.pfb><C:/Users/kundai/AppData/Local/Programs/MiKTeX/fonts/typ
e1/public/amsfonts/cm/cmr8.pfb><C:/Users/kundai/AppData/Local/Programs/MiKTeX/f
onts/type1/public/amsfonts/cm/cmsy10.pfb><C:/Users/kundai/AppData/Local/Program
s/MiKTeX/fonts/type1/public/amsfonts/cm/cmsy7.pfb><C:/Users/kundai/AppData/Loca
l/Programs/MiKTeX/fonts/type1/public/amsfonts/cm/cmsy8.pfb><C:/Users/kundai/App
Data/Local/Programs/MiKTeX/fonts/type1/public/amsfonts/symbols/msam10.pfb><C:/U
sers/kundai/AppData/Local/Programs/MiKTeX/fonts/type1/public/amsfonts/symbols/m
sbm10.pfb>
Output written on variance-minimisation-during-performance.pdf (134 pages, 3717
1719 bytes).
PDF statistics:
 4006 PDF objects out of 4296 (max. 8388607)
 1093 named destinations out of 1200 (max. 500000)
 2831 words of extra memory for PDF output out of 10000 (max. 10000000)

