This is pdfTeX, Version 3.141592653-2.6-1.40.29 (MiKTeX 26.2) (preloaded format=pdflatex 2026.3.20)  23 JUN 2026 06:21
entering extended mode
 restricted \write18 enabled.
 %&-line parsing enabled.
**./contact-map-propagation.tex
(contact-map-propagation.tex
LaTeX2e <2025-11-01>
L3 programming layer <2026-01-19>
(C:\Users\kunda\AppData\Local\Programs\MiKTeX\tex/latex/base\article.cls
Document Class: article 2025/01/22 v1.4n Standard LaTeX document class
(C:\Users\kunda\AppData\Local\Programs\MiKTeX\tex/latex/base\size11.clo
File: size11.clo 2025/01/22 v1.4n Standard LaTeX file (size option)
)
\c@part=\count275
\c@section=\count276
\c@subsection=\count277
\c@subsubsection=\count278
\c@paragraph=\count279
\c@subparagraph=\count280
\c@figure=\count281
\c@table=\count282
\abovecaptionskip=\skip49
\belowcaptionskip=\skip50
\bibindent=\dimen148
)
(C:\Users\kunda\AppData\Local\Programs\MiKTeX\tex/latex/geometry\geometry.sty
Package: geometry 2026/03/07 v6.0 Page Geometry

(C:\Users\kunda\AppData\Local\Programs\MiKTeX\tex/latex/graphics\keyval.sty
Package: keyval 2022/05/29 v1.15 key=value parser (DPC)
\KV@toks@=\toks17
)
(C:\Users\kunda\AppData\Local\Programs\MiKTeX\tex/generic/iftex\ifvtex.sty
Package: ifvtex 2019/10/25 v1.7 ifvtex legacy package. Use iftex instead.

(C:\Users\kunda\AppData\Local\Programs\MiKTeX\tex/generic/iftex\iftex.sty
Package: iftex 2024/12/12 v1.0g TeX engine tests
))
\Gm@cnth=\count283
\Gm@cntv=\count284
\c@Gm@tempcnt=\count285
\Gm@bindingoffset=\dimen149
\Gm@wd@mp=\dimen150
\Gm@odd@mp=\dimen151
\Gm@even@mp=\dimen152
\Gm@layoutwidth=\dimen153
\Gm@layoutheight=\dimen154
\Gm@layouthoffset=\dimen155
\Gm@layoutvoffset=\dimen156
\Gm@dimlist=\toks18

(C:\Users\kunda\AppData\Local\Programs\MiKTeX\tex/latex/geometry\geometry.cfg))
(C:\Users\kunda\AppData\Local\Programs\MiKTeX\tex/latex/amsmath\amsmath.sty
Package: amsmath 2025/07/09 v2.17z AMS math features
\@mathmargin=\skip51

For additional information on amsmath, use the `?' option.
(C:\Users\kunda\AppData\Local\Programs\MiKTeX\tex/latex/amsmath\amstext.sty
Package: amstext 2024/11/17 v2.01 AMS text

(C:\Users\kunda\AppData\Local\Programs\MiKTeX\tex/latex/amsmath\amsgen.sty
File: amsgen.sty 1999/11/30 v2.0 generic functions
\@emptytoks=\toks19
\ex@=\dimen157
))
(C:\Users\kunda\AppData\Local\Programs\MiKTeX\tex/latex/amsmath\amsbsy.sty
Package: amsbsy 1999/11/29 v1.2d Bold Symbols
\pmbraise@=\dimen158
)
(C:\Users\kunda\AppData\Local\Programs\MiKTeX\tex/latex/amsmath\amsopn.sty
Package: amsopn 2022/04/08 v2.04 operator names
)
\inf@bad=\count286
LaTeX Info: Redefining \frac on input line 233.
\uproot@=\count287
\leftroot@=\count288
LaTeX Info: Redefining \overline on input line 398.
LaTeX Info: Redefining \colon on input line 409.
\classnum@=\count289
\DOTSCASE@=\count290
LaTeX Info: Redefining \ldots on input line 495.
LaTeX Info: Redefining \dots on input line 498.
LaTeX Info: Redefining \cdots on input line 619.
\Mathstrutbox@=\box53
\strutbox@=\box54
LaTeX Info: Redefining \big on input line 721.
LaTeX Info: Redefining \Big on input line 722.
LaTeX Info: Redefining \bigg on input line 723.
LaTeX Info: Redefining \Bigg on input line 724.
\big@size=\dimen159
LaTeX Font Info:    Redeclaring font encoding OML on input line 742.
LaTeX Font Info:    Redeclaring font encoding OMS on input line 743.
\macc@depth=\count291
LaTeX Info: Redefining \bmod on input line 904.
LaTeX Info: Redefining \pmod on input line 909.
LaTeX Info: Redefining \smash on input line 939.
LaTeX Info: Redefining \relbar on input line 969.
LaTeX Info: Redefining \Relbar on input line 970.
\c@MaxMatrixCols=\count292
\dotsspace@=\muskip17
\c@parentequation=\count293
\dspbrk@lvl=\count294
\tag@help=\toks20
\row@=\count295
\column@=\count296
\maxfields@=\count297
\andhelp@=\toks21
\eqnshift@=\dimen160
\alignsep@=\dimen161
\tagshift@=\dimen162
\tagwidth@=\dimen163
\totwidth@=\dimen164
\lineht@=\dimen165
\@envbody=\toks22
\multlinegap=\skip52
\multlinetaggap=\skip53
\mathdisplay@stack=\toks23
LaTeX Info: Redefining \[ on input line 2950.
LaTeX Info: Redefining \] on input line 2951.
)
(C:\Users\kunda\AppData\Local\Programs\MiKTeX\tex/latex/amscls\amsthm.sty
Package: amsthm 2020/05/29 v2.20.6
\thm@style=\toks24
\thm@bodyfont=\toks25
\thm@headfont=\toks26
\thm@notefont=\toks27
\thm@headpunct=\toks28
\thm@preskip=\skip54
\thm@postskip=\skip55
\thm@headsep=\skip56
\dth@everypar=\toks29
)
(C:\Users\kunda\AppData\Local\Programs\MiKTeX\tex/latex/amsfonts\amssymb.sty
Package: amssymb 2013/01/14 v3.01 AMS font symbols

(C:\Users\kunda\AppData\Local\Programs\MiKTeX\tex/latex/amsfonts\amsfonts.sty
Package: amsfonts 2013/01/14 v3.01 Basic AMSFonts support
\symAMSa=\mathgroup4
\symAMSb=\mathgroup5
LaTeX Font Info:    Redeclaring math symbol \hbar on input line 98.
LaTeX Font Info:    Overwriting math alphabet `\mathfrak' in version `bold'
(Font)                  U/euf/m/n --> U/euf/b/n on input line 106.
))
(C:\Users\kunda\AppData\Local\Programs\MiKTeX\tex/latex/mathtools\mathtools.sty
Package: mathtools 2024/10/04 v1.31 mathematical typesetting tools
(C:\Users\kunda\AppData\Local\Programs\MiKTeX\tex/latex/tools\calc.sty
Package: calc 2025/03/01 v4.3b Infix arithmetic (KKT,FJ)
\calc@Acount=\count298
\calc@Bcount=\count299
\calc@Adimen=\dimen166
\calc@Bdimen=\dimen167
\calc@Askip=\skip57
\calc@Bskip=\skip58
LaTeX Info: Redefining \setlength on input line 86.
LaTeX Info: Redefining \addtolength on input line 87.
\calc@Ccount=\count300
\calc@Cskip=\skip59
)
(C:\Users\kunda\AppData\Local\Programs\MiKTeX\tex/latex/mathtools\mhsetup.sty
Package: mhsetup 2021/03/18 v1.4 programming setup (MH)
)
\g_MT_multlinerow_int=\count301
\l_MT_multwidth_dim=\dimen168
\origjot=\skip60
\l_MT_shortvdotswithinadjustabove_dim=\dimen169
\l_MT_shortvdotswithinadjustbelow_dim=\dimen170
\l_MT_above_intertext_sep=\dimen171
\l_MT_below_intertext_sep=\dimen172
\l_MT_above_shortintertext_sep=\dimen173
\l_MT_below_shortintertext_sep=\dimen174
\xmathstrut@box=\box55
\xmathstrut@dim=\dimen175
)
(C:\Users\kunda\AppData\Local\Programs\MiKTeX\tex/latex/algorithm2e\algorithm2e
.sty
Package: algorithm2e 2017/07/18 v5.2 algorithms environments
\c@AlgoLine=\count302
 (C:\Users\kunda\AppData\Local\Programs\MiKTeX\tex/latex/base\ifthen.sty
Package: ifthen 2024/03/16 v1.1e Standard LaTeX ifthen package (DPC)
)
\algocf@hangindent=\skip61

(C:\Users\kunda\AppData\Local\Programs\MiKTeX\tex/latex/ifoddpage\ifoddpage.sty
Package: ifoddpage 2022/10/18 v1.2 Conditionals for odd/even page detection
\c@checkoddpage=\count303
) (C:\Users\kunda\AppData\Local\Programs\MiKTeX\tex/latex/tools\xspace.sty
Package: xspace 2014/10/28 v1.13 Space after command names (DPC,MH)
)
(C:\Users\kunda\AppData\Local\Programs\MiKTeX\tex/latex/relsize\relsize.sty
Package: relsize 2013/03/29 ver 4.1
)
\skiptotal=\skip62
\skiplinenumber=\skip63
\skiprule=\skip64
\skiphlne=\skip65
\skiptext=\skip66
\skiplength=\skip67
\algomargin=\skip68
\skipalgocfslide=\skip69
\algowidth=\dimen176
\inoutsize=\dimen177
\inoutindent=\dimen178
\interspacetitleruled=\dimen179
\interspacealgoruled=\dimen180
\interspacetitleboxruled=\dimen181
\algocf@ruledwidth=\skip70
\algocf@inoutbox=\box56
\algocf@inputbox=\box57
\AlCapSkip=\skip71
\AlCapHSkip=\skip72
\algoskipindent=\skip73
\algocf@nlbox=\box58
\algocf@hangingbox=\box59
\algocf@untilbox=\box60
\algocf@skipuntil=\skip74
\algocf@capbox=\box61
\algocf@lcaptionbox=\skip75
\algoheightruledefault=\skip76
\algoheightrule=\skip77
\algotitleheightruledefault=\skip78
\algotitleheightrule=\skip79
\c@algocfline=\count304
\c@algocfproc=\count305
\c@algocf=\count306
\algocf@algoframe=\box62
\algocf@algobox=\box63
)
(C:\Users\kunda\AppData\Local\Programs\MiKTeX\tex/latex/hyperref\hyperref.sty
Package: hyperref 2026-01-29 v7.01p Hypertext links for LaTeX

(C:\Users\kunda\AppData\Local\Programs\MiKTeX\tex/latex/kvsetkeys\kvsetkeys.sty
Package: kvsetkeys 2022-10-05 v1.19 Key value parser (HO)
)
(C:\Users\kunda\AppData\Local\Programs\MiKTeX\tex/generic/kvdefinekeys\kvdefine
keys.sty
Package: kvdefinekeys 2019-12-19 v1.6 Define keys (HO)
)
(C:\Users\kunda\AppData\Local\Programs\MiKTeX\tex/generic/pdfescape\pdfescape.s
ty
Package: pdfescape 2019/12/09 v1.15 Implements pdfTeX's escape features (HO)

(C:\Users\kunda\AppData\Local\Programs\MiKTeX\tex/generic/ltxcmds\ltxcmds.sty
Package: ltxcmds 2023-12-04 v1.26 LaTeX kernel commands for general use (HO)
)
(C:\Users\kunda\AppData\Local\Programs\MiKTeX\tex/generic/pdftexcmds\pdftexcmds
.sty
Package: pdftexcmds 2020-06-27 v0.33 Utility functions of pdfTeX for LuaTeX (HO
)

(C:\Users\kunda\AppData\Local\Programs\MiKTeX\tex/generic/infwarerr\infwarerr.s
ty
Package: infwarerr 2019/12/03 v1.5 Providing info/warning/error messages (HO)
)
Package pdftexcmds Info: \pdf@primitive is available.
Package pdftexcmds Info: \pdf@ifprimitive is available.
Package pdftexcmds Info: \pdfdraftmode found.
))
(C:\Users\kunda\AppData\Local\Programs\MiKTeX\tex/latex/hycolor\hycolor.sty
Package: hycolor 2020-01-27 v1.10 Color options for hyperref/bookmark (HO)
)
(C:\Users\kunda\AppData\Local\Programs\MiKTeX\tex/latex/hyperref\nameref.sty
Package: nameref 2026-01-29 v2.58 Cross-referencing by name of section

(C:\Users\kunda\AppData\Local\Programs\MiKTeX\tex/latex/refcount\refcount.sty
Package: refcount 2019/12/15 v3.6 Data extraction from label references (HO)
)
(C:\Users\kunda\AppData\Local\Programs\MiKTeX\tex/generic/gettitlestring\gettit
lestring.sty
Package: gettitlestring 2019/12/15 v1.6 Cleanup title references (HO)

(C:\Users\kunda\AppData\Local\Programs\MiKTeX\tex/latex/kvoptions\kvoptions.sty
Package: kvoptions 2022-06-15 v3.15 Key value format for package options (HO)
))
\c@section@level=\count307
)
(C:\Users\kunda\AppData\Local\Programs\MiKTeX\tex/latex/etoolbox\etoolbox.sty
Package: etoolbox 2025/10/02 v2.5m e-TeX tools for LaTeX (JAW)
\etb@tempcnta=\count308
)
(C:\Users\kunda\AppData\Local\Programs\MiKTeX\tex/generic/stringenc\stringenc.s
ty
Package: stringenc 2019/11/29 v1.12 Convert strings between diff. encodings (HO
)
)
\@linkdim=\dimen182
\Hy@linkcounter=\count309
\Hy@pagecounter=\count310
 (C:\Users\kunda\AppData\Local\Programs\MiKTeX\tex/latex/hyperref\pd1enc.def
File: pd1enc.def 2026-01-29 v7.01p Hyperref: PDFDocEncoding definition (HO)
Now handling font encoding PD1 ...
... no UTF-8 mapping file for font encoding PD1
) (C:\Users\kunda\AppData\Local\Programs\MiKTeX\tex/generic/intcalc\intcalc.sty
Package: intcalc 2019/12/15 v1.3 Expandable calculations with integers (HO)
)
\Hy@SavedSpaceFactor=\count311
 (C:\Users\kunda\AppData\Local\Programs\MiKTeX\tex/latex/hyperref\puenc.def
File: puenc.def 2026-01-29 v7.01p Hyperref: PDF Unicode definition (HO)
Now handling font encoding PU ...
... no UTF-8 mapping file for font encoding PU
)
Package hyperref Info: Option `colorlinks' set `true' on input line 4072.
Package hyperref Info: Hyper figures OFF on input line 4201.
Package hyperref Info: Link nesting OFF on input line 4206.
Package hyperref Info: Hyper index ON on input line 4209.
Package hyperref Info: Plain pages OFF on input line 4216.
Package hyperref Info: Backreferencing OFF on input line 4221.
Package hyperref Info: Implicit mode ON; LaTeX internals redefined.
Package hyperref Info: Bookmarks ON on input line 4468.
\c@Hy@tempcnt=\count312

(C:\Users\kunda\AppData\Local\Programs\MiKTeX\tex/latex/url\url.sty
\Urlmuskip=\muskip18
Package: url 2013/09/16  ver 3.4  Verb mode for urls, etc.
)
LaTeX Info: Redefining \url on input line 4807.
\XeTeXLinkMargin=\dimen183

(C:\Users\kunda\AppData\Local\Programs\MiKTeX\tex/generic/bitset\bitset.sty
Package: bitset 2019/12/09 v1.3 Handle bit-vector datatype (HO)

(C:\Users\kunda\AppData\Local\Programs\MiKTeX\tex/generic/bigintcalc\bigintcalc
.sty
Package: bigintcalc 2019/12/15 v1.5 Expandable calculations on big integers (HO
)
))
\Fld@menulength=\count313
\Field@Width=\dimen184
\Fld@charsize=\dimen185
Package hyperref Info: Hyper figures OFF on input line 6084.
Package hyperref Info: Link nesting OFF on input line 6089.
Package hyperref Info: Hyper index ON on input line 6092.
Package hyperref Info: backreferencing OFF on input line 6099.
Package hyperref Info: Link coloring ON on input line 6102.
Package hyperref Info: Link coloring with OCG OFF on input line 6109.
Package hyperref Info: PDF/A mode OFF on input line 6114.
\Hy@abspage=\count314
\c@Item=\count315
\c@Hfootnote=\count316
)
Package hyperref Info: Driver (autodetected): hpdftex.

(C:\Users\kunda\AppData\Local\Programs\MiKTeX\tex/latex/hyperref\hpdftex.def
File: hpdftex.def 2026-01-29 v7.01p Hyperref driver for pdfTeX
\Fld@listcount=\count317
\c@bookmark@seq@number=\count318

(C:\Users\kunda\AppData\Local\Programs\MiKTeX\tex/latex/rerunfilecheck\rerunfil
echeck.sty
Package: rerunfilecheck 2025-06-21 v1.11 Rerun checks for auxiliary files (HO)

(C:\Users\kunda\AppData\Local\Programs\MiKTeX\tex/generic/uniquecounter\uniquec
ounter.sty
Package: uniquecounter 2019/12/15 v1.4 Provide unlimited unique counter (HO)
)
Package uniquecounter Info: New unique counter `rerunfilecheck' on input line 2
84.
)
\Hy@SectionHShift=\skip80
)
(C:\Users\kunda\AppData\Local\Programs\MiKTeX\tex/latex/biblatex\biblatex.sty
Package: biblatex 2025/07/10 v3.21 programmable bibliographies (PK/MW)

(C:\Users\kunda\AppData\Local\Programs\MiKTeX\tex/latex/logreq\logreq.sty
Package: logreq 2010/08/04 v1.0 xml request logger
\lrq@indent=\count319

(C:\Users\kunda\AppData\Local\Programs\MiKTeX\tex/latex/logreq\logreq.def
File: logreq.def 2010/08/04 v1.0 logreq spec v1.0
))
\c@tabx@nest=\count320
\c@listtotal=\count321
\c@listcount=\count322
\c@liststart=\count323
\c@liststop=\count324
\c@citecount=\count325
\c@citetotal=\count326
\c@multicitecount=\count327
\c@multicitetotal=\count328
\c@instcount=\count329
\c@maxnames=\count330
\c@minnames=\count331
\c@maxitems=\count332
\c@minitems=\count333
\c@citecounter=\count334
\c@maxcitecounter=\count335
\c@savedcitecounter=\count336
\c@uniquelist=\count337
\c@uniquename=\count338
\c@refsection=\count339
\c@refsegment=\count340
\c@maxextratitle=\count341
\c@maxextratitleyear=\count342
\c@maxextraname=\count343
\c@maxextradate=\count344
\c@maxextraalpha=\count345
\c@abbrvpenalty=\count346
\c@highnamepenalty=\count347
\c@lownamepenalty=\count348
\c@maxparens=\count349
\c@parenlevel=\count350
\blx@tempcnta=\count351
\blx@tempcntb=\count352
\blx@tempcntc=\count353
\c@blx@maxsection=\count354
\blx@maxsegment@0=\count355
\blx@notetype=\count356
\blx@parenlevel@text=\count357
\blx@parenlevel@foot=\count358
\blx@sectionciteorder@0=\count359
\blx@sectionciteorderinternal@0=\count360
\blx@entrysetcounter=\count361
\blx@biblioinstance=\count362
\labelnumberwidth=\skip81
\labelalphawidth=\skip82
\biblabelsep=\skip83
\bibitemsep=\skip84
\bibnamesep=\skip85
\bibinitsep=\skip86
\bibparsep=\skip87
\bibhang=\skip88
\blx@bcfin=\read2
\blx@bcfout=\write3
\blx@langwohyphens=\language79
\c@mincomprange=\count363
\c@maxcomprange=\count364
\c@mincompwidth=\count365
Package biblatex Info: Trying to load biblatex default data model...
Package biblatex Info: ... file 'blx-dm.def' found.

(C:\Users\kunda\AppData\Local\Programs\MiKTeX\tex/latex/biblatex\blx-dm.def
File: blx-dm.def 2025/07/10 v3.21 biblatex datamodel (PK/MW)
)
Package biblatex Info: Trying to load biblatex style data model...
Package biblatex Info: ... file 'numeric.dbx' not found.
Package biblatex Info: Trying to load biblatex custom data model...
Package biblatex Info: ... file 'biblatex-dm.cfg' not found.
\c@afterword=\count366
\c@savedafterword=\count367
\c@annotator=\count368
\c@savedannotator=\count369
\c@author=\count370
\c@savedauthor=\count371
\c@bookauthor=\count372
\c@savedbookauthor=\count373
\c@commentator=\count374
\c@savedcommentator=\count375
\c@editor=\count376
\c@savededitor=\count377
\c@editora=\count378
\c@savededitora=\count379
\c@editorb=\count380
\c@savededitorb=\count381
\c@editorc=\count382
\c@savededitorc=\count383
\c@foreword=\count384
\c@savedforeword=\count385
\c@holder=\count386
\c@savedholder=\count387
\c@introduction=\count388
\c@savedintroduction=\count389
\c@namea=\count390
\c@savednamea=\count391
\c@nameb=\count392
\c@savednameb=\count393
\c@namec=\count394
\c@savednamec=\count395
\c@translator=\count396
\c@savedtranslator=\count397
\c@shortauthor=\count398
\c@savedshortauthor=\count399
\c@shorteditor=\count400
\c@savedshorteditor=\count401
\c@labelname=\count402
\c@savedlabelname=\count403
\c@institution=\count404
\c@savedinstitution=\count405
\c@lista=\count406
\c@savedlista=\count407
\c@listb=\count408
\c@savedlistb=\count409
\c@listc=\count410
\c@savedlistc=\count411
\c@listd=\count412
\c@savedlistd=\count413
\c@liste=\count414
\c@savedliste=\count415
\c@listf=\count416
\c@savedlistf=\count417
\c@location=\count418
\c@savedlocation=\count419
\c@organization=\count420
\c@savedorganization=\count421
\c@origlocation=\count422
\c@savedoriglocation=\count423
\c@origpublisher=\count424
\c@savedorigpublisher=\count425
\c@publisher=\count426
\c@savedpublisher=\count427
\c@language=\count428
\c@savedlanguage=\count429
\c@origlanguage=\count430
\c@savedoriglanguage=\count431
\c@pageref=\count432
\c@savedpageref=\count433
\shorthandwidth=\skip89
\shortjournalwidth=\skip90
\shortserieswidth=\skip91
\shorttitlewidth=\skip92
\shortauthorwidth=\skip93
\shorteditorwidth=\skip94
\locallabelnumberwidth=\skip95
\locallabelalphawidth=\skip96
\localshorthandwidth=\skip97
\localshortjournalwidth=\skip98
\localshortserieswidth=\skip99
\localshorttitlewidth=\skip100
\localshortauthorwidth=\skip101
\localshorteditorwidth=\skip102
Package biblatex Info: Trying to load compatibility code...
Package biblatex Info: ... file 'blx-compat.def' found.

(C:\Users\kunda\AppData\Local\Programs\MiKTeX\tex/latex/biblatex\blx-compat.def
File: blx-compat.def 2025/07/10 v3.21 biblatex compatibility (PK/MW)
)
Package biblatex Info: Trying to load BibTeX backend compatibility...
Package biblatex Info: ... file 'blx-bibtex.def' found.

(C:\Users\kunda\AppData\Local\Programs\MiKTeX\tex/latex/biblatex\blx-bibtex.def
File: blx-bibtex.def 2025/07/10 v3.21 biblatex compatibility (PK/MW)

Package biblatex Warning: Using fall-back bibtex backend:
(biblatex)                functionality may be reduced/unavailable.

)
Package biblatex Info: Trying to load generic definitions...
Package biblatex Info: ... file 'biblatex.def' found.
 (C:\Users\kunda\AppData\Local\Programs\MiKTeX\tex/latex/biblatex\biblatex.def
File: biblatex.def 2025/07/10 v3.21 biblatex compatibility (PK/MW)
\c@textcitecount=\count434
\c@textcitetotal=\count435
\c@textcitemaxnames=\count436
\c@biburlbigbreakpenalty=\count437
\c@biburlbreakpenalty=\count438
\c@biburlnumpenalty=\count439
\c@biburlucpenalty=\count440
\c@biburllcpenalty=\count441
\biburlbigskip=\muskip19
\biburlnumskip=\muskip20
\biburlucskip=\muskip21
\biburllcskip=\muskip22
\c@smartand=\count442
)
Package biblatex Info: Trying to load bibliography style 'numeric'...
Package biblatex Info: ... file 'numeric.bbx' found.

(C:\Users\kunda\AppData\Local\Programs\MiKTeX\tex/latex/biblatex/bbx\numeric.bb
x
File: numeric.bbx 2025/07/10 v3.21 biblatex bibliography style (PK/MW)
Package biblatex Info: Trying to load bibliography style 'standard'...
Package biblatex Info: ... file 'standard.bbx' found.

(C:\Users\kunda\AppData\Local\Programs\MiKTeX\tex/latex/biblatex/bbx\standard.b
bx
File: standard.bbx 2025/07/10 v3.21 biblatex bibliography style (PK/MW)
\c@bbx:relatedcount=\count443
\c@bbx:relatedtotal=\count444
))
Package biblatex Info: Trying to load citation style 'numeric'...
Package biblatex Info: ... file 'numeric.cbx' found.

(C:\Users\kunda\AppData\Local\Programs\MiKTeX\tex/latex/biblatex/cbx\numeric.cb
x
File: numeric.cbx 2025/07/10 v3.21 biblatex citation style (PK/MW)
Package biblatex Info: Redefining '\cite'.
Package biblatex Info: Redefining '\parencite'.
Package biblatex Info: Redefining '\footcite'.
Package biblatex Info: Redefining '\footcitetext'.
Package biblatex Info: Redefining '\smartcite'.
Package biblatex Info: Redefining '\supercite'.
Package biblatex Info: Redefining '\textcite'.
Package biblatex Info: Redefining '\textcites'.
Package biblatex Info: Redefining '\cites'.
Package biblatex Info: Redefining '\parencites'.
Package biblatex Info: Redefining '\smartcites'.
)
Package biblatex Info: Trying to load configuration file...
Package biblatex Info: ... file 'biblatex.cfg' found.

(C:\Users\kunda\AppData\Local\Programs\MiKTeX\tex/latex/biblatex\biblatex.cfg
File: biblatex.cfg 
)
Package biblatex Info: Input encoding 'utf8' detected.
Package biblatex Info: Document encoding is UTF8 ....

(C:\Users\kunda\AppData\Local\Programs\MiKTeX\tex/latex/l3kernel\expl3.sty
Package: expl3 2026-01-19 L3 programming layer (loader) 

(C:\Users\kunda\AppData\Local\Programs\MiKTeX\tex/latex/l3backend\l3backend-pdf
tex.def
File: l3backend-pdftex.def 2025-10-09 L3 backend support: PDF output (pdfTeX)
\l__color_backend_stack_int=\count445
))
Package biblatex Info: ... and expl3
(biblatex)             2026-01-19 L3 programming layer (loader) 
(biblatex)             is new enough (at least 2020/04/06),
(biblatex)             setting 'casechanger=expl3'.

(C:\Users\kunda\AppData\Local\Programs\MiKTeX\tex/latex/biblatex\blx-case-expl3
.sty
(C:\Users\kunda\AppData\Local\Programs\MiKTeX\tex/latex/l3packages/xparse\xpars
e.sty
Package: xparse 2025-10-09 L3 Experimental document command parser
)
Package: blx-case-expl3 2025/07/10 v3.21 expl3 case changing code for biblatex
))
(C:\Users\kunda\AppData\Local\Programs\MiKTeX\tex/latex/microtype\microtype.sty
Package: microtype 2026/03/01 v3.2d Micro-typographical refinements (RS)
\MT@toks=\toks30
\MT@tempbox=\box64
\MT@count=\count446
LaTeX Info: Redefining \noprotrusionifhmode on input line 1084.
LaTeX Info: Redefining \leftprotrusion on input line 1085.
\MT@prot@toks=\toks31
LaTeX Info: Redefining \rightprotrusion on input line 1104.
LaTeX Info: Redefining \textls on input line 1449.
\MT@outer@kern=\dimen186
LaTeX Info: Redefining \microtypecontext on input line 2053.
LaTeX Info: Redefining \textmicrotypecontext on input line 2070.
\MT@listname@count=\count447

(C:\Users\kunda\AppData\Local\Programs\MiKTeX\tex/latex/microtype\microtype-pdf
tex.def
File: microtype-pdftex.def 2026/03/01 v3.2d Definitions specific to pdftex (RS)

LaTeX Info: Redefining \lsstyle on input line 944.
LaTeX Info: Redefining \lslig on input line 944.
\MT@outer@space=\skip103
)
Package microtype Info: Loading configuration file microtype.cfg.

(C:\Users\kunda\AppData\Local\Programs\MiKTeX\tex/latex/microtype\microtype.cfg
File: microtype.cfg 2026/03/01 v3.2d microtype main configuration file (RS)
)
LaTeX Info: Redefining \microtypesetup on input line 3065.
)
(C:\Users\kunda\AppData\Local\Programs\MiKTeX\tex/latex/graphics\graphicx.sty
Package: graphicx 2024/12/31 v1.2e Enhanced LaTeX Graphics (DPC,SPQR)

(C:\Users\kunda\AppData\Local\Programs\MiKTeX\tex/latex/graphics\graphics.sty
Package: graphics 2024/08/06 v1.4g Standard LaTeX Graphics (DPC,SPQR)

(C:\Users\kunda\AppData\Local\Programs\MiKTeX\tex/latex/graphics\trig.sty
Package: trig 2023/12/02 v1.11 sin cos tan (DPC)
)
(C:\Users\kunda\AppData\Local\Programs\MiKTeX\tex/latex/graphics-cfg\graphics.c
fg
File: graphics.cfg 2016/06/04 v1.11 sample graphics configuration
)
Package graphics Info: Driver file: pdftex.def on input line 106.

(C:\Users\kunda\AppData\Local\Programs\MiKTeX\tex/latex/graphics-def\pdftex.def
File: pdftex.def 2025/09/29 v1.2d Graphics/color driver for pdftex
))
\Gin@req@height=\dimen187
\Gin@req@width=\dimen188
)
(C:\Users\kunda\AppData\Local\Programs\MiKTeX\tex/latex/booktabs\booktabs.sty
Package: booktabs 2020/01/12 v1.61803398 Publication quality tables
\heavyrulewidth=\dimen189
\lightrulewidth=\dimen190
\cmidrulewidth=\dimen191
\belowrulesep=\dimen192
\belowbottomsep=\dimen193
\aboverulesep=\dimen194
\abovetopsep=\dimen195
\cmidrulesep=\dimen196
\cmidrulekern=\dimen197
\defaultaddspace=\dimen198
\@cmidla=\count448
\@cmidlb=\count449
\@aboverulesep=\dimen199
\@belowrulesep=\dimen256
\@thisruleclass=\count450
\@lastruleclass=\count451
\@thisrulewidth=\dimen257
)
(C:\Users\kunda\AppData\Local\Programs\MiKTeX\tex/latex/enumitem\enumitem.sty
Package: enumitem 2025/02/06 v3.11 Customized lists
\labelindent=\skip104
\enit@outerparindent=\dimen258
\enit@toks=\toks32
\enit@inbox=\box65
\enit@count@id=\count452
\enitdp@description=\count453
)
(C:\Users\kunda\AppData\Local\Programs\MiKTeX\tex/latex/xcolor\xcolor.sty
Package: xcolor 2024/09/29 v3.02 LaTeX color extensions (UK)

(C:\Users\kunda\AppData\Local\Programs\MiKTeX\tex/latex/graphics-cfg\color.cfg
File: color.cfg 2016/01/02 v1.6 sample color configuration
)
Package xcolor Info: Driver file: pdftex.def on input line 274.
(C:\Users\kunda\AppData\Local\Programs\MiKTeX\tex/latex/graphics\mathcolor.ltx)
Package xcolor Info: Model `cmy' substituted by `cmy0' on input line 1349.
Package xcolor Info: Model `hsb' substituted by `rgb' on input line 1353.
Package xcolor Info: Model `RGB' extended on input line 1365.
Package xcolor Info: Model `HTML' substituted by `rgb' on input line 1367.
Package xcolor Info: Model `Hsb' substituted by `hsb' on input line 1368.
Package xcolor Info: Model `tHsb' substituted by `hsb' on input line 1369.
Package xcolor Info: Model `HSB' substituted by `hsb' on input line 1370.
Package xcolor Info: Model `Gray' substituted by `gray' on input line 1371.
Package xcolor Info: Model `wave' substituted by `hsb' on input line 1372.
) (C:\Users\kunda\AppData\Local\Programs\MiKTeX\tex/latex/thmtools\thmtools.sty
Package: thmtools 2023/05/04 v0.76
\thmt@toks=\toks33
\c@thmt@dummyctr=\count454
(C:\Users\kunda\AppData\Local\Programs\MiKTeX\tex/latex/thmtools\thm-patch.sty
Package: thm-patch 2023/05/04 v0.76

(C:\Users\kunda\AppData\Local\Programs\MiKTeX\tex/latex/thmtools\parseargs.sty
Package: parseargs 2023/05/04 v0.76
\@parsespec=\toks34
)) (C:\Users\kunda\AppData\Local\Programs\MiKTeX\tex/latex/thmtools\thm-kv.sty
Package: thm-kv 2023/05/04 v0.76
Package thm-kv Info: Theorem names will be uppercased on input line 42.
Package thm-kv Info: kvsetkeys patch (v1.16 or later) on input line 158.
)
(C:\Users\kunda\AppData\Local\Programs\MiKTeX\tex/latex/thmtools\thm-autoref.st
y
Package: thm-autoref 2023/05/04 v0.76
 (C:\Users\kunda\AppData\Local\Programs\MiKTeX\tex/latex/thmtools\aliasctr.sty
Package: aliasctr 2023/05/04 v0.76
))
(C:\Users\kunda\AppData\Local\Programs\MiKTeX\tex/latex/thmtools\thm-listof.sty
Package: thm-listof 2023/05/04 v0.76
)
(C:\Users\kunda\AppData\Local\Programs\MiKTeX\tex/latex/thmtools\thm-restate.st
y
Package: thm-restate 2023/05/04 v0.76
)
(C:\Users\kunda\AppData\Local\Programs\MiKTeX\tex/latex/thmtools\thm-amsthm.sty
Package: thm-amsthm 2023/05/04 v0.76
\thmt@style@headstyle=\toks35
))
\c@theorem=\count455
\c@axiom=\count456
\c@postulate=\count457
\@quotelevel=\count458
\@quotereset=\count459
 (contact-map-propagation.aux)
\openout1 = `contact-map-propagation.aux'.

LaTeX Font Info:    Checking defaults for OML/cmm/m/it on input line 76.
LaTeX Font Info:    ... okay on input line 76.
LaTeX Font Info:    Checking defaults for OMS/cmsy/m/n on input line 76.
LaTeX Font Info:    ... okay on input line 76.
LaTeX Font Info:    Checking defaults for OT1/cmr/m/n on input line 76.
LaTeX Font Info:    ... okay on input line 76.
LaTeX Font Info:    Checking defaults for T1/cmr/m/n on input line 76.
LaTeX Font Info:    ... okay on input line 76.
LaTeX Font Info:    Checking defaults for TS1/cmr/m/n on input line 76.
LaTeX Font Info:    ... okay on input line 76.
LaTeX Font Info:    Checking defaults for OMX/cmex/m/n on input line 76.
LaTeX Font Info:    ... okay on input line 76.
LaTeX Font Info:    Checking defaults for U/cmr/m/n on input line 76.
LaTeX Font Info:    ... okay on input line 76.
LaTeX Font Info:    Checking defaults for PD1/pdf/m/n on input line 76.
LaTeX Font Info:    ... okay on input line 76.
LaTeX Font Info:    Checking defaults for PU/pdf/m/n on input line 76.
LaTeX Font Info:    ... okay on input line 76.

*geometry* driver: auto-detecting
*geometry* detected driver: pdftex
*geometry* verbose mode - [ preamble ] result:
* driver: pdftex
* paper: a4paper
* layout: <same size as paper>
* layoutoffset:(h,v)=(0.0pt,0.0pt)
* modes: 
* h-part:(L,W,R)=(56.9055pt, 483.69687pt, 56.9055pt)
* v-part:(T,H,B)=(71.13188pt, 702.78308pt, 71.13188pt)
* \paperwidth=597.50787pt
* \paperheight=845.04684pt
* \textwidth=483.69687pt
* \textheight=702.78308pt
* \oddsidemargin=-15.36449pt
* \evensidemargin=-15.36449pt
* \topmargin=-38.1381pt
* \headheight=12.0pt
* \headsep=25.0pt
* \topskip=11.0pt
* \footskip=30.0pt
* \marginparwidth=4.0pt
* \marginparsep=10.0pt
* \columnsep=22.76228pt
* \skip\footins=10.0pt plus 4.0pt minus 2.0pt
* \hoffset=0.0pt
* \voffset=0.0pt
* \mag=1000
* \@twocolumntrue
* \@twosidefalse
* \@mparswitchfalse
* \@reversemarginfalse
* (1in=72.27pt=25.4mm, 1cm=28.453pt)

Package hyperref Info: Link coloring ON on input line 76.
(contact-map-propagation.out) (contact-map-propagation.out)
\@outlinefile=\write4
\openout4 = `contact-map-propagation.out'.

Package biblatex Info: Trying to load language 'english'...
Package biblatex Info: ... file 'english.lbx' found.

(C:\Users\kunda\AppData\Local\Programs\MiKTeX\tex/latex/biblatex/lbx\english.lb
x
File: english.lbx 2025/07/10 v3.21 biblatex localization (PK/MW)
)
Package biblatex Info: Input encoding 'utf8' detected.
Package biblatex Info: Automatic encoding selection.
(biblatex)             Assuming data encoding 'utf8'.
Package biblatex Info: Input encoding 'utf8' detected.
Package biblatex Info: Data encoding 'utf8' specified.
(biblatex)             No need to reencode data.
\openout3 = `contact-map-propagation-blx.bib'.

Package biblatex Info: Trying to load bibliographic data...
Package biblatex Info: ... file 'contact-map-propagation.bbl' found.
 (contact-map-propagation.bbl)
Package biblatex Info: Reference section=0 on input line 76.
Package biblatex Info: Reference segment=0 on input line 76.
LaTeX Info: Redefining \microtypecontext on input line 76.
Package microtype Info: Applying patch `item' on input line 76.
Package microtype Info: Applying patch `toc' on input line 76.
Package microtype Info: Applying patch `eqnum' on input line 76.
Package microtype Info: Applying patch `footnote' on input line 76.
Package microtype Info: Applying patch `verbatim' on input line 76.
LaTeX Info: Redefining \microtypesetup on input line 76.
Package microtype Info: Generating PDF output.
Package microtype Info: Character protrusion enabled (level 2).
Package microtype Info: Using default protrusion set `alltext'.
Package microtype Info: Automatic font expansion enabled (level 2),
(microtype)             stretch: 20, shrink: 20, step: 1, non-selected.
Package microtype Info: Using default expansion set `alltext-nott'.
Package microtype Info: Patching command `\showhyphens'.
Package microtype Info: No adjustment of tracking.
Package microtype Info: No adjustment of interword spacing.
Package microtype Info: No adjustment of character kerning.

(C:\Users\kunda\AppData\Local\Programs\MiKTeX\tex/latex/microtype\mt-cmr.cfg
File: mt-cmr.cfg 2013/05/19 v2.2 microtype config. file: Computer Modern Roman 
(RS)
)
(C:\Users\kunda\AppData\Local\Programs\MiKTeX\tex/context/base/mkii\supp-pdf.mk
ii
[Loading MPS to PDF converter (version 2006.09.02).]
\scratchcounter=\count460
\scratchdimen=\dimen259
\scratchbox=\box66
\nofMPsegments=\count461
\nofMParguments=\count462
\everyMPshowfont=\toks36
\MPscratchCnt=\count463
\MPscratchDim=\dimen260
\MPnumerator=\count464
\makeMPintoPDFobject=\count465
\everyMPtoPDFconversion=\toks37
)
(C:\Users\kunda\AppData\Local\Programs\MiKTeX\tex/latex/epstopdf-pkg\epstopdf-b
ase.sty
Package: epstopdf-base 2020-01-24 v2.11 Base part for package epstopdf
Package epstopdf-base Info: Redefining graphics rule for `.eps' on input line 4
85.

(C:\Users\kunda\AppData\Local\Programs\MiKTeX\tex/latex/00miktex\epstopdf-sys.c
fg
File: epstopdf-sys.cfg 2021/03/18 v2.0 Configuration of epstopdf for MiKTeX
))
LaTeX Font Info:    Trying to load font information for U+msa on input line 79.

 (C:\Users\kunda\AppData\Local\Programs\MiKTeX\tex/latex/amsfonts\umsa.fd
File: umsa.fd 2013/01/14 v3.01 AMS symbols A
)
(C:\Users\kunda\AppData\Local\Programs\MiKTeX\tex/latex/microtype\mt-msa.cfg
File: mt-msa.cfg 2006/02/04 v1.1 microtype config. file: AMS symbols (a) (RS)
)
LaTeX Font Info:    Trying to load font information for U+msb on input line 79.


(C:\Users\kunda\AppData\Local\Programs\MiKTeX\tex/latex/amsfonts\umsb.fd
File: umsb.fd 2013/01/14 v3.01 AMS symbols B
)
(C:\Users\kunda\AppData\Local\Programs\MiKTeX\tex/latex/microtype\mt-msb.cfg
File: mt-msb.cfg 2005/06/01 v1.0 microtype config. file: AMS symbols (b) (RS)
)
Underfull \vbox (badness 1226) has occurred while \output is active []


Underfull \hbox (badness 1596) in paragraph at lines 135--145
\OT1/cmr/m/n/10.95 (+20) equilibrium sys-tem [[][]1[][], [][]2[][]]. The dom-i-
nant
 []

[1{C:/Users/kunda/AppData/Local/MiKTeX/fonts/map/pdftex/pdftex.map}


] [2]
Package hyperref Info: bookmark level for unknown postulate defaults to 0 on in
put line 270.
Package hyperref Info: bookmark level for unknown remark defaults to 0 on input
 line 288.

[3]
Package hyperref Info: bookmark level for unknown definition defaults to 0 on i
nput line 349.
Package hyperref Info: bookmark level for unknown theorem defaults to 0 on inpu
t line 364.

Underfull \hbox (badness 1874) in paragraph at lines 366--369
\OT1/cmr/m/n/10.95 (+20) u-a-tion)\OT1/cmr/bx/n/10.95 (+20) . []\OT1/cmr/m/it/1
0.95 (+20) In any bio-chem-i-cal par-ti-tion space
 []

Package hyperref Info: bookmark level for unknown proposition defaults to 0 on 
input line 402.
Package hyperref Info: bookmark level for unknown corollary defaults to 0 on in
put line 432.
[4]
Underfull \hbox (badness 3019) in paragraph at lines 465--468
[][]\OT1/cmr/bx/n/10.95 (+20) Definition 3.1 \OT1/cmr/m/n/10.95 (+20) (Con-tact
)\OT1/cmr/bx/n/10.95 (+20) . []\OT1/cmr/m/n/10.95 (+20) Two molec-u-lar
 []


pdfTeX warning (ext4): destination with the same identifier (name{remark.2}) ha
s been already used, duplicate ignored
<to be read again> 
                   \relax 
l.478 C
       ontact is not the same as adjacency. Two species can be adjacent in the
pdfTeX warning (ext4): destination with the same identifier (name{definition.4}
) has been already used, duplicate ignored
<to be read again> 
                   \relax 
l.501 T
       he \emph{contact map} of the biochemical partition space is the function

pdfTeX warning (ext4): destination with the same identifier (name{definition.6}
) has been already used, duplicate ignored
<to be read again> 
                   \relax 
l.524 T
       he \emph{contact topology} $\mathcal{T}_C$ on $V$ is the topology gen...

Underfull \hbox (badness 10000) in paragraph at lines 535--540
[][]\OT1/cmr/bx/n/10.95 (+20) Theorem 3.7 \OT1/cmr/m/n/10.95 (+20) (Con-tact In
-vari-ance)\OT1/cmr/bx/n/10.95 (+20) . []\OT1/cmr/m/it/10.95 (+20) Let
 []


Underfull \hbox (badness 5592) in paragraph at lines 547--556
[]\OT1/cmr/bx/n/10.95 (+20) (a) \OT1/cmr/m/n/10.95 (+20) Sup-pose $\OML/cmm/m/i
t/10.95 C\OT1/cmr/m/n/10.95 (+20) (\OMS/cmsy/m/n/10.95 I[]\OML/cmm/m/it/10.95 ;
 \OMS/cmsy/m/n/10.95 I[]\OT1/cmr/m/n/10.95 (+20) ) = 1$, mean-ing
 []

[5] [6]
<figures/panel_7_residue_compartments.png, id=338, 1171.4967pt x 337.7418pt>
File: figures/panel_7_residue_compartments.png Graphic file (type png)
<use figures/panel_7_residue_compartments.png>
Package pdftex.def Info: figures/panel_7_residue_compartments.png  used on inpu
t line 659.
(pdftex.def)             Requested size: 483.69687pt x 139.44905pt.

pdfTeX warning (ext4): destination with the same identifier (name{definition.1}
) has been already used, duplicate ignored
<to be read again> 
                   \relax 
l.682 L
       et $\mathcal{I}_i$ be a molecular species in a biochemical partition ...

Underfull \hbox (badness 10000) in paragraph at lines 700--701
 []\OT1/cmr/bx/n/10.95 (+20) Topological en-tropy $\OML/cmm/m/it/10.95 S[]\OT1/
cmr/m/n/10.95 (+20) (\OMS/cmsy/m/n/10.95 I[]\OT1/cmr/m/n/10.95 (+20) )$[] (nor-
malised
 []


pdfTeX warning (ext4): destination with the same identifier (name{remark.2}) ha
s been already used, duplicate ignored
<to be read again> 
                   \relax 
l.729 T
       he three S-entropy coordinates capture genuinely independent aspects ...

pdfTeX warning (ext4): destination with the same identifier (name{definition.3}
) has been already used, duplicate ignored
<to be read again> 
                   \relax 
l.752 T
       he \emph{S-entropy state space} is $\mathcal{S} = [0,1]^3$ equipped w...

Overfull \hbox (65.89009pt too wide) detected at line 759
[][][]\OML/cmm/m/it/10.95 d[]\OT1/cmr/m/n/10.95 (\OT1/cmr/bx/n/10.95 S[]\OML/cm
m/m/it/10.95 ; \OT1/cmr/bx/n/10.95 S[]\OT1/cmr/m/n/10.95 ) = []\OML/cmm/m/it/10
.95 :
 []


pdfTeX warning (ext4): destination with the same identifier (name{definition.4}
) has been already used, duplicate ignored
<to be read again> 
                   \relax 
l.766 T
       he \emph{S-entropy contact map} is the function
Package hyperref Info: bookmark level for unknown lemma defaults to 0 on input 
line 776.
 [7] [8 <./figures/panel_7_residue_compartments.png>]
Underfull \hbox (badness 2245) in paragraph at lines 796--800
[]\OT1/cmr/bx/n/10.95 (+20) Topological en-tropy $\OML/cmm/m/it/10.95 S[]$\OT1/
cmr/m/n/10.95 (+20) : The con-duc-
 []

<figures/panel_1_sentropy_embeddings.png, id=373, 1390.7157pt x 337.5009pt>
File: figures/panel_1_sentropy_embeddings.png Graphic file (type png)
<use figures/panel_1_sentropy_embeddings.png>
Package pdftex.def Info: figures/panel_1_sentropy_embeddings.png  used on input
 line 811.
(pdftex.def)             Requested size: 483.69687pt x 117.3855pt.

Underfull \hbox (badness 10000) in paragraph at lines 834--836
[]\OT1/cmr/m/it/10.95 (+20) Triangle in-equal-ity\OT1/cmr/m/n/10.95 (+20) : $\O
ML/cmm/m/it/10.95 d[]\OT1/cmr/m/n/10.95 (+20) (\OT1/cmr/bx/n/10.95 (+20) S[]\OM
L/cmm/m/it/10.95 ; \OT1/cmr/bx/n/10.95 (+20) S[]\OT1/cmr/m/n/10.95 (+20) ) \OMS
/cmsy/m/n/10.95 ^^T
 []


pdfTeX warning (ext4): destination with the same identifier (name{theorem.8}) h
as been already used, duplicate ignored
<to be read again> 
                   \relax 
l.855 T
       he S-entropy vector $\bS(\mathcal{I}_i) = (\Sk, \St, \Se)$ measures the
[9] [10 <./figures/panel_1_sentropy_embeddings.png>]
Underfull \hbox (badness 2426) in paragraph at lines 983--985
\OMS/cmsy/m/n/10.95 C\OT1/cmr/m/n/10.95 (+20) (\OMS/cmsy/m/n/10.95 I[]\OML/cmm/
m/it/10.95 ; \OMS/cmsy/m/n/10.95 I[]\OT1/cmr/m/n/10.95 (+20) ) = \OML/cmm/m/it/
10.95 d[]\OT1/cmr/m/n/10.95 (+20) (\OT1/cmr/bx/n/10.95 (+20) S\OT1/cmr/m/n/10.9
5 (+20) (\OMS/cmsy/m/n/10.95 I[]\OT1/cmr/m/n/10.95 (+20) )\OML/cmm/m/it/10.95 ;
 \OT1/cmr/bx/n/10.95 (+20) S\OT1/cmr/m/n/10.95 (+20) (\OMS/cmsy/m/n/10.95 I[]\O
T1/cmr/m/n/10.95 (+20) ))$ via Equa-
 []

<figures/panel_2_contact_graphs.png, id=430, 1442.5092pt x 337.5009pt>
File: figures/panel_2_contact_graphs.png Graphic file (type png)
<use figures/panel_2_contact_graphs.png>
Package pdftex.def Info: figures/panel_2_contact_graphs.png  used on input line
 1050.
(pdftex.def)             Requested size: 483.69687pt x 113.16779pt.

pdfTeX warning (ext4): destination with the same identifier (name{definition.1}
) has been already used, duplicate ignored
<to be read again> 
                   \relax 
l.1073 A
         \emph{perturbation} of a biochemical contact map $\CC$ is a function
[11]
Overfull \hbox (46.9022pt too wide) detected at line 1088
[][][]\OT1/cmr/m/n/10.95 ^^A\OML/cmm/m/it/10.95 D[] \OT1/cmr/m/n/10.95 = \OMS/c
msy/m/n/10.95 j\OML/cmm/m/it/10.95 D[] \OMS/cmsy/m/n/10.95 ^^@ \OML/cmm/m/it/10
.95 D[]\OMS/cmsy/m/n/10.95 j \OT1/cmr/m/n/10.95 = \OMS/cmsy/m/n/10.95 j\OML/cmm
/m/it/10.95 d[]\OT1/cmr/m/n/10.95 (\OT1/cmr/bx/n/10.95 S[]\OT1/cmr/m/n/10.95 (\
OMS/cmsy/m/n/10.95 I[]\OT1/cmr/m/n/10.95 )\OML/cmm/m/it/10.95 ; \OT1/cmr/bx/n/1
0.95 S[]\OT1/cmr/m/n/10.95 (\OMS/cmsy/m/n/10.95 I[]\OT1/cmr/m/n/10.95 )) \OMS/c
msy/m/n/10.95 ^^@ \OML/cmm/m/it/10.95 d[]\OT1/cmr/m/n/10.95 (\OT1/cmr/bx/n/10.9
5 S\OT1/cmr/m/n/10.95 (\OMS/cmsy/m/n/10.95 I[]\OT1/cmr/m/n/10.95 )\OML/cmm/m/it
/10.95 ; \OT1/cmr/bx/n/10.95 S\OT1/cmr/m/n/10.95 (\OMS/cmsy/m/n/10.95 I[]\OT1/c
mr/m/n/10.95 ))\OMS/cmsy/m/n/10.95 j\OML/cmm/m/it/10.95 :
 []


pdfTeX warning (ext4): destination with the same identifier (name{remark.2}) ha
s been already used, duplicate ignored
<to be read again> 
                   \relax 
l.1092 B
        oth inhibitions and activations increase partition depth relative to...

pdfTeX warning (ext4): destination with the same identifier (name{definition.3}
) has been already used, duplicate ignored
<to be read again> 
                   \relax 
l.1101 T
        he \emph{flux visibility} $V$ of a perturbed contact map relative to...

pdfTeX warning (ext4): destination with the same identifier (name{definition.5}
) has been already used, duplicate ignored
<to be read again> 
                   \relax 
l.1132 G
        iven a perturbed contact map with a designated \emph{target species}
[12 <./figures/panel_2_contact_graphs.png>]

Package hyperref Warning: Token not allowed in a PDF string (Unicode):
(hyperref)                removing `math shift' on input line 1160.


Package hyperref Warning: Token not allowed in a PDF string (Unicode):
(hyperref)                removing `\ell' on input line 1160.


Package hyperref Warning: Token not allowed in a PDF string (Unicode):
(hyperref)                removing `superscript' on input line 1160.


Package hyperref Warning: Token not allowed in a PDF string (Unicode):
(hyperref)                removing `math shift' on input line 1160.


pdfTeX warning (ext4): destination with the same identifier (name{definition.7}
) has been already used, duplicate ignored
<to be read again> 
                   \relax 
l.1164 G
        iven a perturbed contact map with perturbation $\alpha$, the
<figures/panel_3_flux_visibility.png, id=491, 1167.4014pt x 342.8007pt>
File: figures/panel_3_flux_visibility.png Graphic file (type png)
<use figures/panel_3_flux_visibility.png>
Package pdftex.def Info: figures/panel_3_flux_visibility.png  used on input lin
e 1203.
(pdftex.def)             Requested size: 483.69687pt x 142.03471pt.


Package hyperref Warning: Token not allowed in a PDF string (Unicode):
(hyperref)                removing `math shift' on input line 1249.


Package hyperref Warning: Token not allowed in a PDF string (Unicode):
(hyperref)                removing `subscript' on input line 1249.


Package hyperref Warning: Token not allowed in a PDF string (Unicode):
(hyperref)                removing `math shift' on input line 1249.


Underfull \hbox (badness 1789) in paragraph at lines 1256--1257
 []\OT1/cmr/bx/n/10.95 (+20) Validated S-entropy co-or-di-nates.[] \OT1/cmr/m/n
/10.95 (+20) Al-go-
 []


Overfull \hbox (2.58191pt too wide) in paragraph at lines 1258--1274
 [] 
 []

[13] [14 <./figures/panel_3_flux_visibility.png>]
Overfull \hbox (5.49217pt too wide) in paragraph at lines 1280--1295
 [] 
 []

<figures/panel_4_contact_filtration.png, id=523, 1182.5781pt x 337.5009pt>
File: figures/panel_4_contact_filtration.png Graphic file (type png)
<use figures/panel_4_contact_filtration.png>
Package pdftex.def Info: figures/panel_4_contact_filtration.png  used on input 
line 1303.
(pdftex.def)             Requested size: 483.69687pt x 138.04152pt.

Overfull \hbox (186.06192pt too wide) detected at line 1318
\OML/cmm/m/it/10.95 V[] \OT1/cmr/m/n/10.95 = \OMS/cmsy/m/n/10.95 f[]g\OML/cmm/m
/it/10.95 ;  V[] \OT1/cmr/m/n/10.95 = \OMS/cmsy/m/n/10.95 f[][]\OML/cmm/m/it/10
.95 ; []\OMS/cmsy/m/n/10.95 g\OML/cmm/m/it/10.95 ;
 []


Package hyperref Warning: Token not allowed in a PDF string (Unicode):
(hyperref)                removing `math shift' on input line 1340.


Package hyperref Warning: Token not allowed in a PDF string (Unicode):
(hyperref)                removing `subscript' on input line 1340.


Package hyperref Warning: Token not allowed in a PDF string (Unicode):
(hyperref)                removing `math shift' on input line 1340.


Underfull \hbox (badness 2119) in paragraph at lines 1360--1360
[]\OT1/cmr/bx/n/12 (+20) Oxidative Phos-pho-ry-la-tion: A
 []


Package hyperref Warning: Token not allowed in a PDF string (Unicode):
(hyperref)                removing `math shift' on input line 1360.


Package hyperref Warning: Token not allowed in a PDF string (Unicode):
(hyperref)                removing `subscript' on input line 1360.


Package hyperref Warning: Token not allowed in a PDF string (Unicode):
(hyperref)                removing `math shift' on input line 1360.


Overfull \hbox (79.98044pt too wide) detected at line 1372
\OML/cmm/m/it/10.95 V[] \OT1/cmr/m/n/10.95 = \OMS/cmsy/m/n/10.95 f[][]\OML/cmm/
m/it/10.95 ; []\OMS/cmsy/m/n/10.95 g\OML/cmm/m/it/10.95 ;  V[] \OT1/cmr/m/n/10.
95 = \OMS/cmsy/m/n/10.95 f[][]\OML/cmm/m/it/10.95 ; [][][]\OMS/cmsy/m/n/10.95 g
\OML/cmm/m/it/10.95 ;
 []

[15]
Underfull \hbox (badness 10000) in paragraph at lines 1372--1376
\OT1/cmr/m/n/10.95 (+20) which cor-re-sponds ex-actly to the sub-
 []


Underfull \hbox (badness 3769) in paragraph at lines 1372--1376
\OT1/cmr/m/n/10.95 (+20) strate/product di-vi-sion: $\OML/cmm/m/it/10.95 V[]$ \
OT1/cmr/m/n/10.95 (+20) con-tains the
 []


Underfull \hbox (badness 5274) in paragraph at lines 1378--1382
 []\OT1/cmr/bx/n/10.95 (+20) Perturbation: Com-plex I in-hi-bi-tion
 []


Package hyperref Warning: Token not allowed in a PDF string (Unicode):
(hyperref)                removing `math shift' on input line 1383.


Package hyperref Warning: Token not allowed in a PDF string (Unicode):
(hyperref)                removing `subscript' on input line 1383.


Package hyperref Warning: Token not allowed in a PDF string (Unicode):
(hyperref)                removing `math shift' on input line 1383.


Underfull \hbox (badness 2088) in paragraph at lines 1392--1397
 []\OT1/cmr/bx/n/10.95 (+20) Compartmental fac-tori-sa-tion.[] \OT1/cmr/m/n/10.
95 (+20) Val-i-dated:
 []


Overfull \hbox (98.09772pt too wide) in paragraph at lines 1412--1422
 [] 
 []


Underfull \vbox (badness 1558) has occurred while \output is active []

 [16 <./figures/panel_4_contact_filtration.png>]
Overfull \hbox (63.55891pt too wide) in paragraph at lines 1425--1435
 [] 
 []

<figures/panel_6_disease_profiles.png, id=554, 1406.6151pt x 338.7054pt>
File: figures/panel_6_disease_profiles.png Graphic file (type png)
<use figures/panel_6_disease_profiles.png>
Package pdftex.def Info: figures/panel_6_disease_profiles.png  used on input li
ne 1446.
(pdftex.def)             Requested size: 483.69687pt x 116.47104pt.

pdfTeX warning (ext4): destination with the same identifier (name{proposition.1
}) has been already used, duplicate ignored
<to be read again> 
                   \relax 
l.1465 L
        et $[\mathcal{I}]$ and $[\mathcal{I}] + \eps \xi$ be two concentrati...

pdfTeX warning (ext4): destination with the same identifier (name{definition.4}
) has been already used, duplicate ignored
<to be read again> 
                   \relax 
l.1526 T
        he \emph{contact resolution ordering} is the sequence of edges
pdfTeX warning (ext4): destination with the same identifier (name{theorem.5}) h
as been already used, duplicate ignored
<to be read again> 
                   \relax 
l.1535 T
        he contact resolution ordering defines a nested sequence of subgraphs
[17]
pdfTeX warning (ext4): destination with the same identifier (name{definition.7}
) has been already used, duplicate ignored
<to be read again> 
                   \relax 
l.1574 T
        he \emph{contact Laplacian} is the matrix $L_C \in \reals^{N \times N}$
[18 <./figures/panel_6_disease_profiles.png>]
<figures/panel_5_spectral_properties.png, id=599, 1440.1002pt x 338.7054pt>
File: figures/panel_5_spectral_properties.png Graphic file (type png)
<use figures/panel_5_spectral_properties.png>
Package pdftex.def Info: figures/panel_5_spectral_properties.png  used on input
 line 1614.
(pdftex.def)             Requested size: 483.69687pt x 113.7629pt.
 [19]
Underfull \vbox (badness 1360) has occurred while \output is active []

 [20 <./figures/panel_5_spectral_properties.png>]
Underfull \hbox (badness 1946) in paragraph at lines 1769--1772
\OT1/cmr/m/n/10.95 (+20) restora-tion tar-gets for gly-col-y-sis, TCA
 []


Underfull \hbox (badness 7433) in paragraph at lines 1769--1772
\OT1/cmr/m/n/10.95 (+20) cy-cle, ox-ida-tive phos-pho-ry-la-tion, and
 []


Underfull \hbox (badness 1389) in paragraph at lines 1796--1796
\OT1/cmr/m/n/10.95 (+20) pp. 221{231. \OT1/cmr/m/sc/10.95 (+20) doi\OT1/cmr/m/n
/10.95 (+20) : [][]$\OT1/cmtt/m/n/10.95 10 . 1016 / S0955 -[]
 []

[21]
Underfull \hbox (badness 1107) in paragraph at lines 1796--1796
\OT1/cmr/m/n/10.95 (+20) ga-ni-za-tion of Mod-u-lar-ity in Metabolic
 []


Underfull \hbox (badness 1406) in paragraph at lines 1796--1796
\OT1/cmr/m/n/10.95 (+20) sure-ment of As-so-ci-a-tion be-tween Two
 []


Underfull \hbox (badness 4492) in paragraph at lines 1796--1796
[]\OT1/cmr/m/n/10.95 (+20) Minoru Kane-hisa and Susumu Goto.
 []


Underfull \hbox (badness 1546) in paragraph at lines 1796--1796
\OT1/cmr/m/n/10.95 (+20) (2008), pp. 682{690. \OT1/cmr/m/sc/10.95 (+20) doi\OT1
/cmr/m/n/10.95 (+20) : [][]$\OT1/cmtt/m/n/10.95 10 . 1038 /
 []

[22]
Underfull \hbox (badness 1546) in paragraph at lines 1796--1796
\OT1/cmr/m/n/10.95 (+20) (2013), pp. 319{331. \OT1/cmr/m/sc/10.95 (+20) doi\OT1
/cmr/m/n/10.95 (+20) : [][]$\OT1/cmtt/m/n/10.95 10 . 1042 /
 []


Underfull \hbox (badness 1009) in paragraph at lines 1796--1796
\OT1/cmr/m/it/10.95 (+20) Con-tem-po-rary Math-e-mat-ics \OT1/cmr/m/n/10.95 (+2
0) 453 (2008),
 []


Underfull \hbox (badness 1783) in paragraph at lines 1796--1796
[]\OT1/cmr/m/n/10.95 (+20) Ra^^Sul Rabad^^San and An-drew J. Blum-
 []

[23] (contact-map-propagation.aux)
 ***********
LaTeX2e <2025-11-01>
L3 programming layer <2026-01-19>
 ***********


LaTeX Warning: There were undefined references.

Package rerunfilecheck Info: File `contact-map-propagation.out' has not changed
.
(rerunfilecheck)             Checksum: 86534EB46BF391961227D55FC6D43041;8108.

Package biblatex Warning: Please (re)run BibTeX on the file(s):
(biblatex)                contact-map-propagation
(biblatex)                and rerun LaTeX afterwards.

Package logreq Info: Writing requests to 'contact-map-propagation.run.xml'.
\openout1 = `contact-map-propagation.run.xml'.

 ) 
Here is how much of TeX's memory you used:
 23711 strings out of 467867
 419124 string characters out of 5418334
 1104575 words of memory out of 5000000
 51757 multiletter control sequences out of 15000+600000
 647047 words of font info for 218 fonts, out of 8000000 for 9000
 1141 hyphenation exceptions out of 8191
 75i,14n,79p,2408b,1494s stack positions out of 10000i,1000n,20000p,200000b,200000s
 <C:\Users\kunda\AppData\Local\MiKTeX\fonts/pk/ljfour/jknappen/ec/dpi600\tcrm
1095.pk><C:/Users/kunda/AppData/Local/Programs/MiKTeX/fonts/type1/public/amsfon
ts/cm/cmbx10.pfb><C:/Users/kunda/AppData/Local/Programs/MiKTeX/fonts/type1/publ
ic/amsfonts/cm/cmbx12.pfb><C:/Users/kunda/AppData/Local/Programs/MiKTeX/fonts/t
ype1/public/amsfonts/cm/cmbx8.pfb><C:/Users/kunda/AppData/Local/Programs/MiKTeX
/fonts/type1/public/amsfonts/cm/cmcsc10.pfb><C:/Users/kunda/AppData/Local/Progr
ams/MiKTeX/fonts/type1/public/amsfonts/cm/cmex10.pfb><C:/Users/kunda/AppData/Lo
cal/Programs/MiKTeX/fonts/type1/public/amsfonts/cm/cmmi10.pfb><C:/Users/kunda/A
ppData/Local/Programs/MiKTeX/fonts/type1/public/amsfonts/cm/cmmi12.pfb><C:/User
s/kunda/AppData/Local/Programs/MiKTeX/fonts/type1/public/amsfonts/cm/cmmi6.pfb>
<C:/Users/kunda/AppData/Local/Programs/MiKTeX/fonts/type1/public/amsfonts/cm/cm
mi8.pfb><C:/Users/kunda/AppData/Local/Programs/MiKTeX/fonts/type1/public/amsfon
ts/cm/cmr10.pfb><C:/Users/kunda/AppData/Local/Programs/MiKTeX/fonts/type1/publi
c/amsfonts/cm/cmr12.pfb><C:/Users/kunda/AppData/Local/Programs/MiKTeX/fonts/typ
e1/public/amsfonts/cm/cmr17.pfb><C:/Users/kunda/AppData/Local/Programs/MiKTeX/f
onts/type1/public/amsfonts/cm/cmr6.pfb><C:/Users/kunda/AppData/Local/Programs/M
iKTeX/fonts/type1/public/amsfonts/cm/cmr8.pfb><C:/Users/kunda/AppData/Local/Pro
grams/MiKTeX/fonts/type1/public/amsfonts/cm/cmsy10.pfb><C:/Users/kunda/AppData/
Local/Programs/MiKTeX/fonts/type1/public/amsfonts/cm/cmsy6.pfb><C:/Users/kunda/
AppData/Local/Programs/MiKTeX/fonts/type1/public/amsfonts/cm/cmsy8.pfb><C:/User
s/kunda/AppData/Local/Programs/MiKTeX/fonts/type1/public/amsfonts/cm/cmti10.pfb
><C:/Users/kunda/AppData/Local/Programs/MiKTeX/fonts/type1/public/amsfonts/cm/c
mtt10.pfb><C:/Users/kunda/AppData/Local/Programs/MiKTeX/fonts/type1/public/amsf
onts/symbols/msbm10.pfb>
Output written on contact-map-propagation.pdf (23 pages, 3481622 bytes).
PDF statistics:
 886 PDF objects out of 1000 (max. 8388607)
 292 named destinations out of 1000 (max. 500000)
 32132 words of extra memory for PDF output out of 35830 (max. 10000000)

